. /home/elco/repos/firmware/app/brewblox/proto/cpp/ActuatorDigital.pb.h
.. ../nanopb/nanopb/pb.h
Multiple include guards may be useful for:
. /home/elco/repos/firmware/app/brewblox/proto/cpp/WiFiSettings.pb.h
.. ../nanopb/nanopb/pb.h
.. /home/elco/repos/firmware/app/brewblox/proto/cpp/brewblox.pb.h
Multiple include guards may be useful for:
. /home/elco/repos/firmware/app/brewblox/proto/cpp/DigitalConstraints.pb.h
.. ../nanopb/nanopb/pb.h
.. /home/elco/repos/firmware/app/brewblox/proto/cpp/brewblox.pb.h
.. /home/elco/repos/firmware/app/brewblox/proto/cpp/ActuatorDigital.pb.h
Multiple include guards may be useful for:
. /home/elco/repos/firmware/app/brewblox/proto/cpp/brewblox.pb.h
.. ../nanopb/nanopb/pb.h
Multiple include guards may be useful for:
. /home/elco/repos/firmware/app/brewblox/proto/cpp/OneWireBus.pb.h
.. ../nanopb/nanopb/pb.h
.. /home/elco/repos/firmware/app/brewblox/proto/cpp/brewblox.pb.h
Multiple include guards may be useful for:
. /home/elco/repos/firmware/app/brewblox/proto/cpp/TempSensorOneWire.pb.h
.. ../nanopb/nanopb/pb.h
.. /home/elco/repos/firmware/app/brewblox/proto/cpp/brewblox.pb.h
Multiple include guards may be useful for:
. /home/elco/repos/firmware/app/brewblox/proto/cpp/ActuatorAnalogMock.pb.h
.. ../nanopb/nanopb/pb.h
.. /home/elco/repos/firmware/app/brewblox/proto/cpp/brewblox.pb.h
Multiple include guards may be useful for:
. /home/elco/repos/firmware/app/brewblox/proto/cpp/SetpointSimple.pb.h
.. ../nanopb/nanopb/pb.h
.. /home/elco/repos/firmware/app/brewblox/proto/cpp/brewblox.pb.h
Multiple include guards may be useful for:
. /home/elco/repos/firmware/app/brewblox/proto/cpp/Pid.pb.h
.. ../nanopb/nanopb/pb.h
.. /home/elco/repos/firmware/app/brewblox/proto/cpp/brewblox.pb.h
Multiple include guards may be useful for:
. /home/elco/repos/firmware/app/brewblox/proto/cpp/ActuatorOffset.pb.h
.. ../nanopb/nanopb/pb.h
.. /home/elco/repos/firmware/app/brewblox/proto/cpp/brewblox.pb.h
.. /home/elco/repos/firmware/app/brewblox/proto/cpp/AnalogConstraints.pb.h
Multiple include guards may be useful for:
. /home/elco/repos/firmware/app/brewblox/proto/cpp/Mutex.pb.h
.. ../nanopb/nanopb/pb.h
.. /home/elco/repos/firmware/app/brewblox/proto/cpp/brewblox.pb.h
Multiple include guards may be useful for:
. /home/elco/repos/firmware/app/brewblox/proto/cpp/DisplaySettings.pb.h
.. ../nanopb/nanopb/pb.h
.. /home/elco/repos/firmware/app/brewblox/proto/cpp/brewblox.pb.h
Multiple include guards may be useful for:
. /home/elco/repos/firmware/app/brewblox/proto/cpp/Ticks.pb.h
.. ../nanopb/nanopb/pb.h
.. /home/elco/repos/firmware/app/brewblox/proto/cpp/brewblox.pb.h
Multiple include guards may be useful for:
. /home/elco/repos/firmware/app/brewblox/proto/cpp/SetpointProfile.pb.h
.. ../nanopb/nanopb/pb.h
.. /home/elco/repos/firmware/app/brewblox/proto/cpp/brewblox.pb.h
Multiple include guards may be useful for:
. /home/elco/repos/firmware/app/brewblox/proto/cpp/TempSensorMock.pb.h
.. ../nanopb/nanopb/pb.h
.. /home/elco/repos/firmware/app/brewblox/proto/cpp/brewblox.pb.h
Multiple include guards may be useful for:
. /home/elco/repos/firmware/app/brewblox/proto/cpp/TouchSettings.pb.h
.. ../nanopb/nanopb/pb.h
.. /home/elco/repos/firmware/app/brewblox/proto/cpp/brewblox.pb.h
Multiple include guards may be useful for:
. /home/elco/repos/firmware/app/brewblox/proto/cpp/AnalogConstraints.pb.h
.. ../nanopb/nanopb/pb.h
.. /home/elco/repos/firmware/app/brewblox/proto/cpp/brewblox.pb.h
Multiple include guards may be useful for:
. /home/elco/repos/firmware/app/brewblox/proto/cpp/SetpointSensorPair.pb.h
.. ../nanopb/nanopb/pb.h
.. /home/elco/repos/firmware/app/brewblox/proto/cpp/brewblox.pb.h
Multiple include guards may be useful for:
. /home/elco/repos/firmware/app/brewblox/proto/cpp/ActuatorPin.pb.h
.. ../nanopb/nanopb/pb.h
.. /home/elco/repos/firmware/app/brewblox/proto/cpp/brewblox.pb.h
.. /home/elco/repos/firmware/app/brewblox/proto/cpp/ActuatorDigital.pb.h
.. /home/elco/repos/firmware/app/brewblox/proto/cpp/DigitalConstraints.pb.h
Multiple include guards may be useful for:
. /home/elco/repos/firmware/app/brewblox/proto/cpp/ActuatorPwm.pb.h
.. ../nanopb/nanopb/pb.h
.. /home/elco/repos/firmware/app/brewblox/proto/cpp/brewblox.pb.h
.. /home/elco/repos/firmware/app/brewblox/proto/cpp/AnalogConstraints.pb.h
Multiple include guards may be useful for:
. /home/elco/repos/firmware/app/brewblox/proto/cpp/SysInfo.pb.h
.. ../nanopb/nanopb/pb.h
.. /home/elco/repos/firmware/app/brewblox/proto/cpp/brewblox.pb.h
Multiple include guards may be useful for:
. /home/elco/repos/firmware/app/brewblox/proto/cpp/Balancer.pb.h
.. ../nanopb/nanopb/pb.h
.. /home/elco/repos/firmware/app/brewblox/proto/cpp/brewblox.pb.h
Multiple include guards may be useful for:
. /home/elco/repos/firmware/app/brewblox/display/fonts/font04b03.h
.. /home/elco/repos/firmware/app/brewblox/display/d4d.hpp
... /home/elco/repos/firmware/platform/spark/modules/eGUI/D4D/d4d.h
.... /home/elco/repos/firmware/platform/spark/modules/eGUI/D4D/d4d_user_cfg.h
..... /home/elco/repos/firmware/platform/spark/modules/eGUI/D4D/d4d_id.h
..... /home/elco/repos/firmware/app/brewblox/display/d4d_user_cfg_app.h
.... /home/elco/repos/firmware/platform/spark/modules/eGUI/D4D/common_files/d4d_types.h
..... /home/elco/repos/firmware/platform/spark/modules/eGUI/D4D/common_files/d4d_scheme.h
.... /home/elco/repos/firmware/platform/spark/modules/eGUI/D4D/common_files/d4d_base.h
.... /home/elco/repos/firmware/platform/spark/modules/eGUI/D4D/common_files/d4d_string.h
..... /home/elco/repos/firmware/platform/spark/modules/eGUI/D4D/common_files/d4d_font.h
.... /home/elco/repos/firmware/platform/spark/modules/eGUI/D4D/common_files/d4d_basic_draw.h
.... /home/elco/repos/firmware/platform/spark/modules/eGUI/D4D/common_files/d4d_object.h
.... /home/elco/repos/firmware/platform/spark/modules/eGUI/D4D/common_files/d4d_low.h
.... /home/elco/repos/firmware/platform/spark/modules/eGUI/D4D/common_files/d4d_bmp.h
..... /home/elco/repos/firmware/platform/spark/modules/eGUI/D4D/common_files/d4d_imgdec_d4dint.h
..... /home/elco/repos/firmware/platform/spark/modules/eGUI/D4D/common_files/d4d_imgdec_d4d.h
..... /home/elco/repos/firmware/platform/spark/modules/eGUI/D4D/common_files/d4d_imgdec_bmp.h
.... /home/elco/repos/firmware/platform/spark/modules/eGUI/D4D/common_files/d4d_extsrc.h
.... /home/elco/repos/firmware/platform/spark/modules/eGUI/D4D/common_files/d4d_font.h
.... /home/elco/repos/firmware/platform/spark/modules/eGUI/D4D/common_files/d4d_math.h
.... /home/elco/repos/firmware/platform/spark/modules/eGUI/D4D/common_files/d4d_scheme.h
.... /home/elco/repos/firmware/platform/spark/modules/eGUI/D4D/common_files/d4d_screen.h
.... /home/elco/repos/firmware/platform/spark/modules/eGUI/D4D/common_files/d4d_mouse.h
.... /home/elco/repos/firmware/platform/spark/modules/eGUI/D4D/graphic_objects/d4d_picture.h
.... /home/elco/repos/firmware/platform/spark/modules/eGUI/D4D/graphic_objects/d4d_button.h
.... /home/elco/repos/firmware/platform/spark/modules/eGUI/D4D/graphic_objects/d4d_check_box.h
.... /home/elco/repos/firmware/platform/spark/modules/eGUI/D4D/graphic_objects/d4d_gauge.h
.... /home/elco/repos/firmware/platform/spark/modules/eGUI/D4D/graphic_objects/d4d_slider.h
.... /home/elco/repos/firmware/platform/spark/modules/eGUI/D4D/graphic_objects/d4d_label.h
.... /home/elco/repos/firmware/platform/spark/modules/eGUI/D4D/graphic_objects/d4d_icon.h
.... /home/elco/repos/firmware/platform/spark/modules/eGUI/D4D/graphic_objects/d4d_menu.h
.... /home/elco/repos/firmware/platform/spark/modules/eGUI/D4D/graphic_objects/d4d_graph.h
.... /home/elco/repos/firmware/platform/spark/modules/eGUI/D4D/graphic_objects/d4d_scroll_bar.h
.... /home/elco/repos/firmware/platform/spark/modules/eGUI/D4D/graphic_objects/d4d_console.h
.... /home/elco/repos/firmware/platform/spark/modules/eGUI/D4D/graphic_objects/d4d_text_box.h
.... /home/elco/repos/firmware/platform/spark/modules/eGUI/D4D/graphic_objects/d4d_progress_bar.h
.... /home/elco/repos/firmware/platform/spark/modules/eGUI/D4D/graphic_objects/d4d_radio_button.h
.... /home/elco/repos/firmware/platform/spark/modules/eGUI/D4D/graphic_objects/d4d_group_box.h
.... /home/elco/repos/firmware/platform/spark/modules/eGUI/D4D/graphic_objects/d4d_list_box.h
.... /home/elco/repos/firmware/platform/spark/modules/eGUI/D4D/graphic_objects/d4d_edit_box.h
.... /home/elco/repos/firmware/platform/spark/modules/eGUI/D4D/graphic_objects/d4d_combo_box.h
Multiple include guards may be useful for:
/home/elco/repos/firmware/app/brewblox/display/d4d.hpp
/home/elco/repos/firmware/platform/spark/modules/eGUI/D4D/d4d_id.h
. /home/elco/repos/firmware/app/brewblox/display/fonts/tewi.h
.. /home/elco/repos/firmware/app/brewblox/display/d4d.hpp
... /home/elco/repos/firmware/platform/spark/modules/eGUI/D4D/d4d.h
.... /home/elco/repos/firmware/platform/spark/modules/eGUI/D4D/d4d_user_cfg.h
..... /home/elco/repos/firmware/platform/spark/modules/eGUI/D4D/d4d_id.h
..... /home/elco/repos/firmware/app/brewblox/display/d4d_user_cfg_app.h
.... /home/elco/repos/firmware/platform/spark/modules/eGUI/D4D/common_files/d4d_types.h
..... /home/elco/repos/firmware/platform/spark/modules/eGUI/D4D/common_files/d4d_scheme.h
.... /home/elco/repos/firmware/platform/spark/modules/eGUI/D4D/common_files/d4d_base.h
.... /home/elco/repos/firmware/platform/spark/modules/eGUI/D4D/common_files/d4d_string.h
..... /home/elco/repos/firmware/platform/spark/modules/eGUI/D4D/common_files/d4d_font.h
.... /home/elco/repos/firmware/platform/spark/modules/eGUI/D4D/common_files/d4d_basic_draw.h
.... /home/elco/repos/firmware/platform/spark/modules/eGUI/D4D/common_files/d4d_object.h
.... /home/elco/repos/firmware/platform/spark/modules/eGUI/D4D/common_files/d4d_low.h
.... /home/elco/repos/firmware/platform/spark/modules/eGUI/D4D/common_files/d4d_bmp.h
..... /home/elco/repos/firmware/platform/spark/modules/eGUI/D4D/common_files/d4d_imgdec_d4dint.h
..... /home/elco/repos/firmware/platform/spark/modules/eGUI/D4D/common_files/d4d_imgdec_d4d.h
..... /home/elco/repos/firmware/platform/spark/modules/eGUI/D4D/common_files/d4d_imgdec_bmp.h
.... /home/elco/repos/firmware/platform/spark/modules/eGUI/D4D/common_files/d4d_extsrc.h
.... /home/elco/repos/firmware/platform/spark/modules/eGUI/D4D/common_files/d4d_font.h
.... /home/elco/repos/firmware/platform/spark/modules/eGUI/D4D/common_files/d4d_math.h
.... /home/elco/repos/firmware/platform/spark/modules/eGUI/D4D/common_files/d4d_scheme.h
.... /home/elco/repos/firmware/platform/spark/modules/eGUI/D4D/common_files/d4d_screen.h
.... /home/elco/repos/firmware/platform/spark/modules/eGUI/D4D/common_files/d4d_mouse.h
.... /home/elco/repos/firmware/platform/spark/modules/eGUI/D4D/graphic_objects/d4d_picture.h
.... /home/elco/repos/firmware/platform/spark/modules/eGUI/D4D/graphic_objects/d4d_button.h
.... /home/elco/repos/firmware/platform/spark/modules/eGUI/D4D/graphic_objects/d4d_check_box.h
.... /home/elco/repos/firmware/platform/spark/modules/eGUI/D4D/graphic_objects/d4d_gauge.h
.... /home/elco/repos/firmware/platform/spark/modules/eGUI/D4D/graphic_objects/d4d_slider.h
.... /home/elco/repos/firmware/platform/spark/modules/eGUI/D4D/graphic_objects/d4d_label.h
.... /home/elco/repos/firmware/platform/spark/modules/eGUI/D4D/graphic_objects/d4d_icon.h
.... /home/elco/repos/firmware/platform/spark/modules/eGUI/D4D/graphic_objects/d4d_menu.h
.... /home/elco/repos/firmware/platform/spark/modules/eGUI/D4D/graphic_objects/d4d_graph.h
.... /home/elco/repos/firmware/platform/spark/modules/eGUI/D4D/graphic_objects/d4d_scroll_bar.h
.... /home/elco/repos/firmware/platform/spark/modules/eGUI/D4D/graphic_objects/d4d_console.h
.... /home/elco/repos/firmware/platform/spark/modules/eGUI/D4D/graphic_objects/d4d_text_box.h
.... /home/elco/repos/firmware/platform/spark/modules/eGUI/D4D/graphic_objects/d4d_progress_bar.h
.... /home/elco/repos/firmware/platform/spark/modules/eGUI/D4D/graphic_objects/d4d_radio_button.h
.... /home/elco/repos/firmware/platform/spark/modules/eGUI/D4D/graphic_objects/d4d_group_box.h
.... /home/elco/repos/firmware/platform/spark/modules/eGUI/D4D/graphic_objects/d4d_list_box.h
.... /home/elco/repos/firmware/platform/spark/modules/eGUI/D4D/graphic_objects/d4d_edit_box.h
.... /home/elco/repos/firmware/platform/spark/modules/eGUI/D4D/graphic_objects/d4d_combo_box.h
Multiple include guards may be useful for:
/home/elco/repos/firmware/app/brewblox/display/d4d.hpp
/home/elco/repos/firmware/platform/spark/modules/eGUI/D4D/d4d_id.h
. /home/elco/repos/firmware/platform/spark/modules/eGUI/D4D/d4d.h
.. /home/elco/repos/firmware/platform/spark/modules/eGUI/D4D/d4d_user_cfg.h
... /home/elco/repos/firmware/platform/spark/modules/eGUI/D4D/d4d_id.h
... /home/elco/repos/firmware/app/brewblox/display/d4d_user_cfg_app.h
.. /home/elco/repos/firmware/platform/spark/modules/eGUI/D4D/common_files/d4d_types.h
... /home/elco/repos/firmware/platform/spark/modules/eGUI/D4D/common_files/d4d_scheme.h
.. /home/elco/repos/firmware/platform/spark/modules/eGUI/D4D/common_files/d4d_base.h
.. /home/elco/repos/firmware/platform/spark/modules/eGUI/D4D/common_files/d4d_string.h
... /home/elco/repos/firmware/platform/spark/modules/eGUI/D4D/common_files/d4d_font.h
.. /home/elco/repos/firmware/platform/spark/modules/eGUI/D4D/common_files/d4d_basic_draw.h
.. /home/elco/repos/firmware/platform/spark/modules/eGUI/D4D/common_files/d4d_object.h
.. /home/elco/repos/firmware/platform/spark/modules/eGUI/D4D/common_files/d4d_low.h
.. /home/elco/repos/firmware/platform/spark/modules/eGUI/D4D/common_files/d4d_bmp.h
... /home/elco/repos/firmware/platform/spark/modules/eGUI/D4D/common_files/d4d_imgdec_d4dint.h
... /home/elco/repos/firmware/platform/spark/modules/eGUI/D4D/common_files/d4d_imgdec_d4d.h
... /home/elco/repos/firmware/platform/spark/modules/eGUI/D4D/common_files/d4d_imgdec_bmp.h
.. /home/elco/repos/firmware/platform/spark/modules/eGUI/D4D/common_files/d4d_extsrc.h
.. /home/elco/repos/firmware/platform/spark/modules/eGUI/D4D/common_files/d4d_font.h
.. /home/elco/repos/firmware/platform/spark/modules/eGUI/D4D/common_files/d4d_math.h
.. /home/elco/repos/firmware/platform/spark/modules/eGUI/D4D/common_files/d4d_scheme.h
.. /home/elco/repos/firmware/platform/spark/modules/eGUI/D4D/common_files/d4d_screen.h
.. /home/elco/repos/firmware/platform/spark/modules/eGUI/D4D/common_files/d4d_mouse.h
.. /home/elco/repos/firmware/platform/spark/modules/eGUI/D4D/graphic_objects/d4d_picture.h
.. /home/elco/repos/firmware/platform/spark/modules/eGUI/D4D/graphic_objects/d4d_button.h
.. /home/elco/repos/firmware/platform/spark/modules/eGUI/D4D/graphic_objects/d4d_check_box.h
.. /home/elco/repos/firmware/platform/spark/modules/eGUI/D4D/graphic_objects/d4d_gauge.h
.. /home/elco/repos/firmware/platform/spark/modules/eGUI/D4D/graphic_objects/d4d_slider.h
.. /home/elco/repos/firmware/platform/spark/modules/eGUI/D4D/graphic_objects/d4d_label.h
.. /home/elco/repos/firmware/platform/spark/modules/eGUI/D4D/graphic_objects/d4d_icon.h
.. /home/elco/repos/firmware/platform/spark/modules/eGUI/D4D/graphic_objects/d4d_menu.h
.. /home/elco/repos/firmware/platform/spark/modules/eGUI/D4D/graphic_objects/d4d_graph.h
.. /home/elco/repos/firmware/platform/spark/modules/eGUI/D4D/graphic_objects/d4d_scroll_bar.h
.. /home/elco/repos/firmware/platform/spark/modules/eGUI/D4D/graphic_objects/d4d_console.h
.. /home/elco/repos/firmware/platform/spark/modules/eGUI/D4D/graphic_objects/d4d_text_box.h
.. /home/elco/repos/firmware/platform/spark/modules/eGUI/D4D/graphic_objects/d4d_progress_bar.h
.. /home/elco/repos/firmware/platform/spark/modules/eGUI/D4D/graphic_objects/d4d_radio_button.h
.. /home/elco/repos/firmware/platform/spark/modules/eGUI/D4D/graphic_objects/d4d_group_box.h
.. /home/elco/repos/firmware/platform/spark/modules/eGUI/D4D/graphic_objects/d4d_list_box.h
.. /home/elco/repos/firmware/platform/spark/modules/eGUI/D4D/graphic_objects/d4d_edit_box.h
.. /home/elco/repos/firmware/platform/spark/modules/eGUI/D4D/graphic_objects/d4d_combo_box.h
. /home/elco/repos/firmware/app/brewblox/display/fonts/font04b03.h
.. /home/elco/repos/firmware/app/brewblox/display/d4d.hpp
. /home/elco/repos/firmware/app/brewblox/display/fonts/fonts.h
. /home/elco/repos/firmware/app/brewblox/display/fonts/icons.h
. /home/elco/repos/firmware/app/brewblox/display/fonts/kakwa.h
.. /home/elco/repos/firmware/app/brewblox/display/d4d.hpp
. /home/elco/repos/firmware/app/brewblox/display/fonts/tewi.h
.. /home/elco/repos/firmware/app/brewblox/display/d4d.hpp
Multiple include guards may be useful for:
/home/elco/repos/firmware/platform/spark/modules/eGUI/D4D/d4d_id.h
. /home/elco/repos/firmware/app/brewblox/display/fonts/kakwa.h
.. /home/elco/repos/firmware/app/brewblox/display/d4d.hpp
... /home/elco/repos/firmware/platform/spark/modules/eGUI/D4D/d4d.h
.... /home/elco/repos/firmware/platform/spark/modules/eGUI/D4D/d4d_user_cfg.h
..... /home/elco/repos/firmware/platform/spark/modules/eGUI/D4D/d4d_id.h
..... /home/elco/repos/firmware/app/brewblox/display/d4d_user_cfg_app.h
.... /home/elco/repos/firmware/platform/spark/modules/eGUI/D4D/common_files/d4d_types.h
..... /home/elco/repos/firmware/platform/spark/modules/eGUI/D4D/common_files/d4d_scheme.h
.... /home/elco/repos/firmware/platform/spark/modules/eGUI/D4D/common_files/d4d_base.h
.... /home/elco/repos/firmware/platform/spark/modules/eGUI/D4D/common_files/d4d_string.h
..... /home/elco/repos/firmware/platform/spark/modules/eGUI/D4D/common_files/d4d_font.h
.... /home/elco/repos/firmware/platform/spark/modules/eGUI/D4D/common_files/d4d_basic_draw.h
.... /home/elco/repos/firmware/platform/spark/modules/eGUI/D4D/common_files/d4d_object.h
.... /home/elco/repos/firmware/platform/spark/modules/eGUI/D4D/common_files/d4d_low.h
.... /home/elco/repos/firmware/platform/spark/modules/eGUI/D4D/common_files/d4d_bmp.h
..... /home/elco/repos/firmware/platform/spark/modules/eGUI/D4D/common_files/d4d_imgdec_d4dint.h
..... /home/elco/repos/firmware/platform/spark/modules/eGUI/D4D/common_files/d4d_imgdec_d4d.h
..... /home/elco/repos/firmware/platform/spark/modules/eGUI/D4D/common_files/d4d_imgdec_bmp.h
.... /home/elco/repos/firmware/platform/spark/modules/eGUI/D4D/common_files/d4d_extsrc.h
.... /home/elco/repos/firmware/platform/spark/modules/eGUI/D4D/common_files/d4d_font.h
.... /home/elco/repos/firmware/platform/spark/modules/eGUI/D4D/common_files/d4d_math.h
.... /home/elco/repos/firmware/platform/spark/modules/eGUI/D4D/common_files/d4d_scheme.h
.... /home/elco/repos/firmware/platform/spark/modules/eGUI/D4D/common_files/d4d_screen.h
.... /home/elco/repos/firmware/platform/spark/modules/eGUI/D4D/common_files/d4d_mouse.h
.... /home/elco/repos/firmware/platform/spark/modules/eGUI/D4D/graphic_objects/d4d_picture.h
.... /home/elco/repos/firmware/platform/spark/modules/eGUI/D4D/graphic_objects/d4d_button.h
.... /home/elco/repos/firmware/platform/spark/modules/eGUI/D4D/graphic_objects/d4d_check_box.h
.... /home/elco/repos/firmware/platform/spark/modules/eGUI/D4D/graphic_objects/d4d_gauge.h
.... /home/elco/repos/firmware/platform/spark/modules/eGUI/D4D/graphic_objects/d4d_slider.h
.... /home/elco/repos/firmware/platform/spark/modules/eGUI/D4D/graphic_objects/d4d_label.h
.... /home/elco/repos/firmware/platform/spark/modules/eGUI/D4D/graphic_objects/d4d_icon.h
.... /home/elco/repos/firmware/platform/spark/modules/eGUI/D4D/graphic_objects/d4d_menu.h
.... /home/elco/repos/firmware/platform/spark/modules/eGUI/D4D/graphic_objects/d4d_graph.h
.... /home/elco/repos/firmware/platform/spark/modules/eGUI/D4D/graphic_objects/d4d_scroll_bar.h
.... /home/elco/repos/firmware/platform/spark/modules/eGUI/D4D/graphic_objects/d4d_console.h
.... /home/elco/repos/firmware/platform/spark/modules/eGUI/D4D/graphic_objects/d4d_text_box.h
.... /home/elco/repos/firmware/platform/spark/modules/eGUI/D4D/graphic_objects/d4d_progress_bar.h
.... /home/elco/repos/firmware/platform/spark/modules/eGUI/D4D/graphic_objects/d4d_radio_button.h
.... /home/elco/repos/firmware/platform/spark/modules/eGUI/D4D/graphic_objects/d4d_group_box.h
.... /home/elco/repos/firmware/platform/spark/modules/eGUI/D4D/graphic_objects/d4d_list_box.h
.... /home/elco/repos/firmware/platform/spark/modules/eGUI/D4D/graphic_objects/d4d_edit_box.h
.... /home/elco/repos/firmware/platform/spark/modules/eGUI/D4D/graphic_objects/d4d_combo_box.h
Multiple include guards may be useful for:
/home/elco/repos/firmware/app/brewblox/display/d4d.hpp
/home/elco/repos/firmware/platform/spark/modules/eGUI/D4D/d4d_id.h
. /home/elco/repos/firmware/platform/spark/modules/eGUI/D4D/d4d.h
.. /home/elco/repos/firmware/platform/spark/modules/eGUI/D4D/d4d_user_cfg.h
... /home/elco/repos/firmware/platform/spark/modules/eGUI/D4D/d4d_id.h
... /home/elco/repos/firmware/app/brewblox/display/d4d_user_cfg_app.h
.. /home/elco/repos/firmware/platform/spark/modules/eGUI/D4D/common_files/d4d_types.h
... /home/elco/repos/firmware/platform/spark/modules/eGUI/D4D/common_files/d4d_scheme.h
.. /home/elco/repos/firmware/platform/spark/modules/eGUI/D4D/common_files/d4d_base.h
.. /home/elco/repos/firmware/platform/spark/modules/eGUI/D4D/common_files/d4d_string.h
... /home/elco/repos/firmware/platform/spark/modules/eGUI/D4D/common_files/d4d_font.h
.. /home/elco/repos/firmware/platform/spark/modules/eGUI/D4D/common_files/d4d_basic_draw.h
.. /home/elco/repos/firmware/platform/spark/modules/eGUI/D4D/common_files/d4d_object.h
.. /home/elco/repos/firmware/platform/spark/modules/eGUI/D4D/common_files/d4d_low.h
.. /home/elco/repos/firmware/platform/spark/modules/eGUI/D4D/common_files/d4d_bmp.h
... /home/elco/repos/firmware/platform/spark/modules/eGUI/D4D/common_files/d4d_imgdec_d4dint.h
... /home/elco/repos/firmware/platform/spark/modules/eGUI/D4D/common_files/d4d_imgdec_d4d.h
... /home/elco/repos/firmware/platform/spark/modules/eGUI/D4D/common_files/d4d_imgdec_bmp.h
.. /home/elco/repos/firmware/platform/spark/modules/eGUI/D4D/common_files/d4d_extsrc.h
.. /home/elco/repos/firmware/platform/spark/modules/eGUI/D4D/common_files/d4d_font.h
.. /home/elco/repos/firmware/platform/spark/modules/eGUI/D4D/common_files/d4d_math.h
.. /home/elco/repos/firmware/platform/spark/modules/eGUI/D4D/common_files/d4d_scheme.h
.. /home/elco/repos/firmware/platform/spark/modules/eGUI/D4D/common_files/d4d_screen.h
.. /home/elco/repos/firmware/platform/spark/modules/eGUI/D4D/common_files/d4d_mouse.h
.. /home/elco/repos/firmware/platform/spark/modules/eGUI/D4D/graphic_objects/d4d_picture.h
.. /home/elco/repos/firmware/platform/spark/modules/eGUI/D4D/graphic_objects/d4d_button.h
.. /home/elco/repos/firmware/platform/spark/modules/eGUI/D4D/graphic_objects/d4d_check_box.h
.. /home/elco/repos/firmware/platform/spark/modules/eGUI/D4D/graphic_objects/d4d_gauge.h
.. /home/elco/repos/firmware/platform/spark/modules/eGUI/D4D/graphic_objects/d4d_slider.h
.. /home/elco/repos/firmware/platform/spark/modules/eGUI/D4D/graphic_objects/d4d_label.h
.. /home/elco/repos/firmware/platform/spark/modules/eGUI/D4D/graphic_objects/d4d_icon.h
.. /home/elco/repos/firmware/platform/spark/modules/eGUI/D4D/graphic_objects/d4d_menu.h
.. /home/elco/repos/firmware/platform/spark/modules/eGUI/D4D/graphic_objects/d4d_graph.h
.. /home/elco/repos/firmware/platform/spark/modules/eGUI/D4D/graphic_objects/d4d_scroll_bar.h
.. /home/elco/repos/firmware/platform/spark/modules/eGUI/D4D/graphic_objects/d4d_console.h
.. /home/elco/repos/firmware/platform/spark/modules/eGUI/D4D/graphic_objects/d4d_text_box.h
.. /home/elco/repos/firmware/platform/spark/modules/eGUI/D4D/graphic_objects/d4d_progress_bar.h
.. /home/elco/repos/firmware/platform/spark/modules/eGUI/D4D/graphic_objects/d4d_radio_button.h
.. /home/elco/repos/firmware/platform/spark/modules/eGUI/D4D/graphic_objects/d4d_group_box.h
.. /home/elco/repos/firmware/platform/spark/modules/eGUI/D4D/graphic_objects/d4d_list_box.h
.. /home/elco/repos/firmware/platform/spark/modules/eGUI/D4D/graphic_objects/d4d_edit_box.h
.. /home/elco/repos/firmware/platform/spark/modules/eGUI/D4D/graphic_objects/d4d_combo_box.h
. /home/elco/repos/firmware/platform/spark/modules/eGUI/D4D/common_files/d4d_private.h
. /home/elco/repos/firmware/platform/spark/modules/eGUI/D4D/common_files/d4d_lldapi.h
.. /home/elco/repos/firmware/platform/spark/modules/eGUI/D4D/d4d_user_cfg.h
.. /home/elco/repos/firmware/platform/spark/modules/eGUI/D4D/common_files/d4d_types.h
Multiple include guards may be useful for:
/home/elco/repos/firmware/platform/spark/modules/eGUI/D4D/d4d_id.h
. /home/elco/repos/firmware/platform/spark/modules/eGUI/D4D/d4d.h
.. /home/elco/repos/firmware/platform/spark/modules/eGUI/D4D/d4d_user_cfg.h
... /home/elco/repos/firmware/platform/spark/modules/eGUI/D4D/d4d_id.h
... /home/elco/repos/firmware/app/brewblox/display/d4d_user_cfg_app.h
.. /home/elco/repos/firmware/platform/spark/modules/eGUI/D4D/common_files/d4d_types.h
... /home/elco/repos/firmware/platform/spark/modules/eGUI/D4D/common_files/d4d_scheme.h
.. /home/elco/repos/firmware/platform/spark/modules/eGUI/D4D/common_files/d4d_base.h
.. /home/elco/repos/firmware/platform/spark/modules/eGUI/D4D/common_files/d4d_string.h
... /home/elco/repos/firmware/platform/spark/modules/eGUI/D4D/common_files/d4d_font.h
.. /home/elco/repos/firmware/platform/spark/modules/eGUI/D4D/common_files/d4d_basic_draw.h
.. /home/elco/repos/firmware/platform/spark/modules/eGUI/D4D/common_files/d4d_object.h
.. /home/elco/repos/firmware/platform/spark/modules/eGUI/D4D/common_files/d4d_low.h
.. /home/elco/repos/firmware/platform/spark/modules/eGUI/D4D/common_files/d4d_bmp.h
... /home/elco/repos/firmware/platform/spark/modules/eGUI/D4D/common_files/d4d_imgdec_d4dint.h
... /home/elco/repos/firmware/platform/spark/modules/eGUI/D4D/common_files/d4d_imgdec_d4d.h
... /home/elco/repos/firmware/platform/spark/modules/eGUI/D4D/common_files/d4d_imgdec_bmp.h
.. /home/elco/repos/firmware/platform/spark/modules/eGUI/D4D/common_files/d4d_extsrc.h
.. /home/elco/repos/firmware/platform/spark/modules/eGUI/D4D/common_files/d4d_font.h
.. /home/elco/repos/firmware/platform/spark/modules/eGUI/D4D/common_files/d4d_math.h
.. /home/elco/repos/firmware/platform/spark/modules/eGUI/D4D/common_files/d4d_scheme.h
.. /home/elco/repos/firmware/platform/spark/modules/eGUI/D4D/common_files/d4d_screen.h
.. /home/elco/repos/firmware/platform/spark/modules/eGUI/D4D/common_files/d4d_mouse.h
.. /home/elco/repos/firmware/platform/spark/modules/eGUI/D4D/graphic_objects/d4d_picture.h
.. /home/elco/repos/firmware/platform/spark/modules/eGUI/D4D/graphic_objects/d4d_button.h
.. /home/elco/repos/firmware/platform/spark/modules/eGUI/D4D/graphic_objects/d4d_check_box.h
.. /home/elco/repos/firmware/platform/spark/modules/eGUI/D4D/graphic_objects/d4d_gauge.h
.. /home/elco/repos/firmware/platform/spark/modules/eGUI/D4D/graphic_objects/d4d_slider.h
.. /home/elco/repos/firmware/platform/spark/modules/eGUI/D4D/graphic_objects/d4d_label.h
.. /home/elco/repos/firmware/platform/spark/modules/eGUI/D4D/graphic_objects/d4d_icon.h
.. /home/elco/repos/firmware/platform/spark/modules/eGUI/D4D/graphic_objects/d4d_menu.h
.. /home/elco/repos/firmware/platform/spark/modules/eGUI/D4D/graphic_objects/d4d_graph.h
.. /home/elco/repos/firmware/platform/spark/modules/eGUI/D4D/graphic_objects/d4d_scroll_bar.h
.. /home/elco/repos/firmware/platform/spark/modules/eGUI/D4D/graphic_objects/d4d_console.h
.. /home/elco/repos/firmware/platform/spark/modules/eGUI/D4D/graphic_objects/d4d_text_box.h
.. /home/elco/repos/firmware/platform/spark/modules/eGUI/D4D/graphic_objects/d4d_progress_bar.h
.. /home/elco/repos/firmware/platform/spark/modules/eGUI/D4D/graphic_objects/d4d_radio_button.h
.. /home/elco/repos/firmware/platform/spark/modules/eGUI/D4D/graphic_objects/d4d_group_box.h
.. /home/elco/repos/firmware/platform/spark/modules/eGUI/D4D/graphic_objects/d4d_list_box.h
.. /home/elco/repos/firmware/platform/spark/modules/eGUI/D4D/graphic_objects/d4d_edit_box.h
.. /home/elco/repos/firmware/platform/spark/modules/eGUI/D4D/graphic_objects/d4d_combo_box.h
. /home/elco/repos/firmware/platform/spark/modules/eGUI/D4D/common_files/d4d_lldapi.h
.. /home/elco/repos/firmware/platform/spark/modules/eGUI/D4D/d4d_user_cfg.h
.. /home/elco/repos/firmware/platform/spark/modules/eGUI/D4D/common_files/d4d_types.h
. /home/elco/repos/firmware/platform/spark/modules/eGUI/D4D/common_files/d4d_private.h
Multiple include guards may be useful for:
/home/elco/repos/firmware/platform/spark/modules/eGUI/D4D/d4d_id.h
. /home/elco/repos/firmware/platform/spark/modules/eGUI/D4D/d4d.h
.. /home/elco/repos/firmware/platform/spark/modules/eGUI/D4D/d4d_user_cfg.h
... /home/elco/repos/firmware/platform/spark/modules/eGUI/D4D/d4d_id.h
... /home/elco/repos/firmware/app/brewblox/display/d4d_user_cfg_app.h
.. /home/elco/repos/firmware/platform/spark/modules/eGUI/D4D/common_files/d4d_types.h
... /home/elco/repos/firmware/platform/spark/modules/eGUI/D4D/common_files/d4d_scheme.h
.. /home/elco/repos/firmware/platform/spark/modules/eGUI/D4D/common_files/d4d_base.h
.. /home/elco/repos/firmware/platform/spark/modules/eGUI/D4D/common_files/d4d_string.h
... /home/elco/repos/firmware/platform/spark/modules/eGUI/D4D/common_files/d4d_font.h
.. /home/elco/repos/firmware/platform/spark/modules/eGUI/D4D/common_files/d4d_basic_draw.h
.. /home/elco/repos/firmware/platform/spark/modules/eGUI/D4D/common_files/d4d_object.h
.. /home/elco/repos/firmware/platform/spark/modules/eGUI/D4D/common_files/d4d_low.h
.. /home/elco/repos/firmware/platform/spark/modules/eGUI/D4D/common_files/d4d_bmp.h
... /home/elco/repos/firmware/platform/spark/modules/eGUI/D4D/common_files/d4d_imgdec_d4dint.h
... /home/elco/repos/firmware/platform/spark/modules/eGUI/D4D/common_files/d4d_imgdec_d4d.h
... /home/elco/repos/firmware/platform/spark/modules/eGUI/D4D/common_files/d4d_imgdec_bmp.h
.. /home/elco/repos/firmware/platform/spark/modules/eGUI/D4D/common_files/d4d_extsrc.h
.. /home/elco/repos/firmware/platform/spark/modules/eGUI/D4D/common_files/d4d_font.h
.. /home/elco/repos/firmware/platform/spark/modules/eGUI/D4D/common_files/d4d_math.h
.. /home/elco/repos/firmware/platform/spark/modules/eGUI/D4D/common_files/d4d_scheme.h
.. /home/elco/repos/firmware/platform/spark/modules/eGUI/D4D/common_files/d4d_screen.h
.. /home/elco/repos/firmware/platform/spark/modules/eGUI/D4D/common_files/d4d_mouse.h
.. /home/elco/repos/firmware/platform/spark/modules/eGUI/D4D/graphic_objects/d4d_picture.h
.. /home/elco/repos/firmware/platform/spark/modules/eGUI/D4D/graphic_objects/d4d_button.h
.. /home/elco/repos/firmware/platform/spark/modules/eGUI/D4D/graphic_objects/d4d_check_box.h
.. /home/elco/repos/firmware/platform/spark/modules/eGUI/D4D/graphic_objects/d4d_gauge.h
.. /home/elco/repos/firmware/platform/spark/modules/eGUI/D4D/graphic_objects/d4d_slider.h
.. /home/elco/repos/firmware/platform/spark/modules/eGUI/D4D/graphic_objects/d4d_label.h
.. /home/elco/repos/firmware/platform/spark/modules/eGUI/D4D/graphic_objects/d4d_icon.h
.. /home/elco/repos/firmware/platform/spark/modules/eGUI/D4D/graphic_objects/d4d_menu.h
.. /home/elco/repos/firmware/platform/spark/modules/eGUI/D4D/graphic_objects/d4d_graph.h
.. /home/elco/repos/firmware/platform/spark/modules/eGUI/D4D/graphic_objects/d4d_scroll_bar.h
.. /home/elco/repos/firmware/platform/spark/modules/eGUI/D4D/graphic_objects/d4d_console.h
.. /home/elco/repos/firmware/platform/spark/modules/eGUI/D4D/graphic_objects/d4d_text_box.h
.. /home/elco/repos/firmware/platform/spark/modules/eGUI/D4D/graphic_objects/d4d_progress_bar.h
.. /home/elco/repos/firmware/platform/spark/modules/eGUI/D4D/graphic_objects/d4d_radio_button.h
.. /home/elco/repos/firmware/platform/spark/modules/eGUI/D4D/graphic_objects/d4d_group_box.h
.. /home/elco/repos/firmware/platform/spark/modules/eGUI/D4D/graphic_objects/d4d_list_box.h
.. /home/elco/repos/firmware/platform/spark/modules/eGUI/D4D/graphic_objects/d4d_edit_box.h
.. /home/elco/repos/firmware/platform/spark/modules/eGUI/D4D/graphic_objects/d4d_combo_box.h
. /home/elco/repos/firmware/platform/spark/modules/eGUI/D4D/common_files/d4d_lldapi.h
.. /home/elco/repos/firmware/platform/spark/modules/eGUI/D4D/d4d_user_cfg.h
.. /home/elco/repos/firmware/platform/spark/modules/eGUI/D4D/common_files/d4d_types.h
. /home/elco/repos/firmware/platform/spark/modules/eGUI/D4D/common_files/d4d_private.h
Multiple include guards may be useful for:
/home/elco/repos/firmware/platform/spark/modules/eGUI/D4D/d4d_id.h
. /home/elco/repos/firmware/platform/spark/modules/eGUI/D4D/d4d.h
.. /home/elco/repos/firmware/platform/spark/modules/eGUI/D4D/d4d_user_cfg.h
... /home/elco/repos/firmware/platform/spark/modules/eGUI/D4D/d4d_id.h
... /home/elco/repos/firmware/app/brewblox/display/d4d_user_cfg_app.h
.. /home/elco/repos/firmware/platform/spark/modules/eGUI/D4D/common_files/d4d_types.h
... /home/elco/repos/firmware/platform/spark/modules/eGUI/D4D/common_files/d4d_scheme.h
.. /home/elco/repos/firmware/platform/spark/modules/eGUI/D4D/common_files/d4d_base.h
.. /home/elco/repos/firmware/platform/spark/modules/eGUI/D4D/common_files/d4d_string.h
... /home/elco/repos/firmware/platform/spark/modules/eGUI/D4D/common_files/d4d_font.h
.. /home/elco/repos/firmware/platform/spark/modules/eGUI/D4D/common_files/d4d_basic_draw.h
.. /home/elco/repos/firmware/platform/spark/modules/eGUI/D4D/common_files/d4d_object.h
.. /home/elco/repos/firmware/platform/spark/modules/eGUI/D4D/common_files/d4d_low.h
.. /home/elco/repos/firmware/platform/spark/modules/eGUI/D4D/common_files/d4d_bmp.h
... /home/elco/repos/firmware/platform/spark/modules/eGUI/D4D/common_files/d4d_imgdec_d4dint.h
... /home/elco/repos/firmware/platform/spark/modules/eGUI/D4D/common_files/d4d_imgdec_d4d.h
... /home/elco/repos/firmware/platform/spark/modules/eGUI/D4D/common_files/d4d_imgdec_bmp.h
.. /home/elco/repos/firmware/platform/spark/modules/eGUI/D4D/common_files/d4d_extsrc.h
.. /home/elco/repos/firmware/platform/spark/modules/eGUI/D4D/common_files/d4d_font.h
.. /home/elco/repos/firmware/platform/spark/modules/eGUI/D4D/common_files/d4d_math.h
.. /home/elco/repos/firmware/platform/spark/modules/eGUI/D4D/common_files/d4d_scheme.h
.. /home/elco/repos/firmware/platform/spark/modules/eGUI/D4D/common_files/d4d_screen.h
.. /home/elco/repos/firmware/platform/spark/modules/eGUI/D4D/common_files/d4d_mouse.h
.. /home/elco/repos/firmware/platform/spark/modules/eGUI/D4D/graphic_objects/d4d_picture.h
.. /home/elco/repos/firmware/platform/spark/modules/eGUI/D4D/graphic_objects/d4d_button.h
.. /home/elco/repos/firmware/platform/spark/modules/eGUI/D4D/graphic_objects/d4d_check_box.h
.. /home/elco/repos/firmware/platform/spark/modules/eGUI/D4D/graphic_objects/d4d_gauge.h
.. /home/elco/repos/firmware/platform/spark/modules/eGUI/D4D/graphic_objects/d4d_slider.h
.. /home/elco/repos/firmware/platform/spark/modules/eGUI/D4D/graphic_objects/d4d_label.h
.. /home/elco/repos/firmware/platform/spark/modules/eGUI/D4D/graphic_objects/d4d_icon.h
.. /home/elco/repos/firmware/platform/spark/modules/eGUI/D4D/graphic_objects/d4d_menu.h
.. /home/elco/repos/firmware/platform/spark/modules/eGUI/D4D/graphic_objects/d4d_graph.h
.. /home/elco/repos/firmware/platform/spark/modules/eGUI/D4D/graphic_objects/d4d_scroll_bar.h
.. /home/elco/repos/firmware/platform/spark/modules/eGUI/D4D/graphic_objects/d4d_console.h
.. /home/elco/repos/firmware/platform/spark/modules/eGUI/D4D/graphic_objects/d4d_text_box.h
.. /home/elco/repos/firmware/platform/spark/modules/eGUI/D4D/graphic_objects/d4d_progress_bar.h
.. /home/elco/repos/firmware/platform/spark/modules/eGUI/D4D/graphic_objects/d4d_radio_button.h
.. /home/elco/repos/firmware/platform/spark/modules/eGUI/D4D/graphic_objects/d4d_group_box.h
.. /home/elco/repos/firmware/platform/spark/modules/eGUI/D4D/graphic_objects/d4d_list_box.h
.. /home/elco/repos/firmware/platform/spark/modules/eGUI/D4D/graphic_objects/d4d_edit_box.h
.. /home/elco/repos/firmware/platform/spark/modules/eGUI/D4D/graphic_objects/d4d_combo_box.h
. /home/elco/repos/firmware/platform/spark/modules/eGUI/D4D/common_files/d4d_lldapi.h
.. /home/elco/repos/firmware/platform/spark/modules/eGUI/D4D/d4d_user_cfg.h
.. /home/elco/repos/firmware/platform/spark/modules/eGUI/D4D/common_files/d4d_types.h
. /home/elco/repos/firmware/platform/spark/modules/eGUI/D4D/common_files/d4d_private.h
Multiple include guards may be useful for:
/home/elco/repos/firmware/platform/spark/modules/eGUI/D4D/d4d_id.h
. /home/elco/repos/firmware/platform/spark/modules/eGUI/D4D/d4d.h
.. /home/elco/repos/firmware/platform/spark/modules/eGUI/D4D/d4d_user_cfg.h
... /home/elco/repos/firmware/platform/spark/modules/eGUI/D4D/d4d_id.h
... /home/elco/repos/firmware/app/brewblox/display/d4d_user_cfg_app.h
.. /home/elco/repos/firmware/platform/spark/modules/eGUI/D4D/common_files/d4d_types.h
... /home/elco/repos/firmware/platform/spark/modules/eGUI/D4D/common_files/d4d_scheme.h
.. /home/elco/repos/firmware/platform/spark/modules/eGUI/D4D/common_files/d4d_base.h
.. /home/elco/repos/firmware/platform/spark/modules/eGUI/D4D/common_files/d4d_string.h
... /home/elco/repos/firmware/platform/spark/modules/eGUI/D4D/common_files/d4d_font.h
.. /home/elco/repos/firmware/platform/spark/modules/eGUI/D4D/common_files/d4d_basic_draw.h
.. /home/elco/repos/firmware/platform/spark/modules/eGUI/D4D/common_files/d4d_object.h
.. /home/elco/repos/firmware/platform/spark/modules/eGUI/D4D/common_files/d4d_low.h
.. /home/elco/repos/firmware/platform/spark/modules/eGUI/D4D/common_files/d4d_bmp.h
... /home/elco/repos/firmware/platform/spark/modules/eGUI/D4D/common_files/d4d_imgdec_d4dint.h
... /home/elco/repos/firmware/platform/spark/modules/eGUI/D4D/common_files/d4d_imgdec_d4d.h
... /home/elco/repos/firmware/platform/spark/modules/eGUI/D4D/common_files/d4d_imgdec_bmp.h
.. /home/elco/repos/firmware/platform/spark/modules/eGUI/D4D/common_files/d4d_extsrc.h
.. /home/elco/repos/firmware/platform/spark/modules/eGUI/D4D/common_files/d4d_font.h
.. /home/elco/repos/firmware/platform/spark/modules/eGUI/D4D/common_files/d4d_math.h
.. /home/elco/repos/firmware/platform/spark/modules/eGUI/D4D/common_files/d4d_scheme.h
.. /home/elco/repos/firmware/platform/spark/modules/eGUI/D4D/common_files/d4d_screen.h
.. /home/elco/repos/firmware/platform/spark/modules/eGUI/D4D/common_files/d4d_mouse.h
.. /home/elco/repos/firmware/platform/spark/modules/eGUI/D4D/graphic_objects/d4d_picture.h
.. /home/elco/repos/firmware/platform/spark/modules/eGUI/D4D/graphic_objects/d4d_button.h
.. /home/elco/repos/firmware/platform/spark/modules/eGUI/D4D/graphic_objects/d4d_check_box.h
.. /home/elco/repos/firmware/platform/spark/modules/eGUI/D4D/graphic_objects/d4d_gauge.h
.. /home/elco/repos/firmware/platform/spark/modules/eGUI/D4D/graphic_objects/d4d_slider.h
.. /home/elco/repos/firmware/platform/spark/modules/eGUI/D4D/graphic_objects/d4d_label.h
.. /home/elco/repos/firmware/platform/spark/modules/eGUI/D4D/graphic_objects/d4d_icon.h
.. /home/elco/repos/firmware/platform/spark/modules/eGUI/D4D/graphic_objects/d4d_menu.h
.. /home/elco/repos/firmware/platform/spark/modules/eGUI/D4D/graphic_objects/d4d_graph.h
.. /home/elco/repos/firmware/platform/spark/modules/eGUI/D4D/graphic_objects/d4d_scroll_bar.h
.. /home/elco/repos/firmware/platform/spark/modules/eGUI/D4D/graphic_objects/d4d_console.h
.. /home/elco/repos/firmware/platform/spark/modules/eGUI/D4D/graphic_objects/d4d_text_box.h
.. /home/elco/repos/firmware/platform/spark/modules/eGUI/D4D/graphic_objects/d4d_progress_bar.h
.. /home/elco/repos/firmware/platform/spark/modules/eGUI/D4D/graphic_objects/d4d_radio_button.h
.. /home/elco/repos/firmware/platform/spark/modules/eGUI/D4D/graphic_objects/d4d_group_box.h
.. /home/elco/repos/firmware/platform/spark/modules/eGUI/D4D/graphic_objects/d4d_list_box.h
.. /home/elco/repos/firmware/platform/spark/modules/eGUI/D4D/graphic_objects/d4d_edit_box.h
.. /home/elco/repos/firmware/platform/spark/modules/eGUI/D4D/graphic_objects/d4d_combo_box.h
. /home/elco/repos/firmware/platform/spark/modules/eGUI/D4D/common_files/d4d_private.h
. /home/elco/repos/firmware/platform/spark/modules/eGUI/D4D/common_files/d4d_lldapi.h
.. /home/elco/repos/firmware/platform/spark/modules/eGUI/D4D/d4d_user_cfg.h
.. /home/elco/repos/firmware/platform/spark/modules/eGUI/D4D/common_files/d4d_types.h
Multiple include guards may be useful for:
/home/elco/repos/firmware/platform/spark/modules/eGUI/D4D/d4d_id.h
. /home/elco/repos/firmware/platform/spark/modules/eGUI/D4D/d4d.h
.. /home/elco/repos/firmware/platform/spark/modules/eGUI/D4D/d4d_user_cfg.h
... /home/elco/repos/firmware/platform/spark/modules/eGUI/D4D/d4d_id.h
... /home/elco/repos/firmware/app/brewblox/display/d4d_user_cfg_app.h
.. /home/elco/repos/firmware/platform/spark/modules/eGUI/D4D/common_files/d4d_types.h
... /home/elco/repos/firmware/platform/spark/modules/eGUI/D4D/common_files/d4d_scheme.h
.. /home/elco/repos/firmware/platform/spark/modules/eGUI/D4D/common_files/d4d_base.h
.. /home/elco/repos/firmware/platform/spark/modules/eGUI/D4D/common_files/d4d_string.h
... /home/elco/repos/firmware/platform/spark/modules/eGUI/D4D/common_files/d4d_font.h
.. /home/elco/repos/firmware/platform/spark/modules/eGUI/D4D/common_files/d4d_basic_draw.h
.. /home/elco/repos/firmware/platform/spark/modules/eGUI/D4D/common_files/d4d_object.h
.. /home/elco/repos/firmware/platform/spark/modules/eGUI/D4D/common_files/d4d_low.h
.. /home/elco/repos/firmware/platform/spark/modules/eGUI/D4D/common_files/d4d_bmp.h
... /home/elco/repos/firmware/platform/spark/modules/eGUI/D4D/common_files/d4d_imgdec_d4dint.h
... /home/elco/repos/firmware/platform/spark/modules/eGUI/D4D/common_files/d4d_imgdec_d4d.h
... /home/elco/repos/firmware/platform/spark/modules/eGUI/D4D/common_files/d4d_imgdec_bmp.h
.. /home/elco/repos/firmware/platform/spark/modules/eGUI/D4D/common_files/d4d_extsrc.h
.. /home/elco/repos/firmware/platform/spark/modules/eGUI/D4D/common_files/d4d_font.h
.. /home/elco/repos/firmware/platform/spark/modules/eGUI/D4D/common_files/d4d_math.h
.. /home/elco/repos/firmware/platform/spark/modules/eGUI/D4D/common_files/d4d_scheme.h
.. /home/elco/repos/firmware/platform/spark/modules/eGUI/D4D/common_files/d4d_screen.h
.. /home/elco/repos/firmware/platform/spark/modules/eGUI/D4D/common_files/d4d_mouse.h
.. /home/elco/repos/firmware/platform/spark/modules/eGUI/D4D/graphic_objects/d4d_picture.h
.. /home/elco/repos/firmware/platform/spark/modules/eGUI/D4D/graphic_objects/d4d_button.h
.. /home/elco/repos/firmware/platform/spark/modules/eGUI/D4D/graphic_objects/d4d_check_box.h
.. /home/elco/repos/firmware/platform/spark/modules/eGUI/D4D/graphic_objects/d4d_gauge.h
.. /home/elco/repos/firmware/platform/spark/modules/eGUI/D4D/graphic_objects/d4d_slider.h
.. /home/elco/repos/firmware/platform/spark/modules/eGUI/D4D/graphic_objects/d4d_label.h
.. /home/elco/repos/firmware/platform/spark/modules/eGUI/D4D/graphic_objects/d4d_icon.h
.. /home/elco/repos/firmware/platform/spark/modules/eGUI/D4D/graphic_objects/d4d_menu.h
.. /home/elco/repos/firmware/platform/spark/modules/eGUI/D4D/graphic_objects/d4d_graph.h
.. /home/elco/repos/firmware/platform/spark/modules/eGUI/D4D/graphic_objects/d4d_scroll_bar.h
.. /home/elco/repos/firmware/platform/spark/modules/eGUI/D4D/graphic_objects/d4d_console.h
.. /home/elco/repos/firmware/platform/spark/modules/eGUI/D4D/graphic_objects/d4d_text_box.h
.. /home/elco/repos/firmware/platform/spark/modules/eGUI/D4D/graphic_objects/d4d_progress_bar.h
.. /home/elco/repos/firmware/platform/spark/modules/eGUI/D4D/graphic_objects/d4d_radio_button.h
.. /home/elco/repos/firmware/platform/spark/modules/eGUI/D4D/graphic_objects/d4d_group_box.h
.. /home/elco/repos/firmware/platform/spark/modules/eGUI/D4D/graphic_objects/d4d_list_box.h
.. /home/elco/repos/firmware/platform/spark/modules/eGUI/D4D/graphic_objects/d4d_edit_box.h
.. /home/elco/repos/firmware/platform/spark/modules/eGUI/D4D/graphic_objects/d4d_combo_box.h
. /home/elco/repos/firmware/platform/spark/modules/eGUI/D4D/common_files/d4d_private.h
. /home/elco/repos/firmware/platform/spark/modules/eGUI/D4D/common_files/d4d_lldapi.h
.. /home/elco/repos/firmware/platform/spark/modules/eGUI/D4D/d4d_user_cfg.h
.. /home/elco/repos/firmware/platform/spark/modules/eGUI/D4D/common_files/d4d_types.h
Multiple include guards may be useful for:
/home/elco/repos/firmware/platform/spark/modules/eGUI/D4D/d4d_id.h
. /home/elco/repos/firmware/platform/spark/modules/eGUI/D4D/d4d.h
.. /home/elco/repos/firmware/platform/spark/modules/eGUI/D4D/d4d_user_cfg.h
... /home/elco/repos/firmware/platform/spark/modules/eGUI/D4D/d4d_id.h
... /home/elco/repos/firmware/app/brewblox/display/d4d_user_cfg_app.h
.. /home/elco/repos/firmware/platform/spark/modules/eGUI/D4D/common_files/d4d_types.h
... /home/elco/repos/firmware/platform/spark/modules/eGUI/D4D/common_files/d4d_scheme.h
.. /home/elco/repos/firmware/platform/spark/modules/eGUI/D4D/common_files/d4d_base.h
.. /home/elco/repos/firmware/platform/spark/modules/eGUI/D4D/common_files/d4d_string.h
... /home/elco/repos/firmware/platform/spark/modules/eGUI/D4D/common_files/d4d_font.h
.. /home/elco/repos/firmware/platform/spark/modules/eGUI/D4D/common_files/d4d_basic_draw.h
.. /home/elco/repos/firmware/platform/spark/modules/eGUI/D4D/common_files/d4d_object.h
.. /home/elco/repos/firmware/platform/spark/modules/eGUI/D4D/common_files/d4d_low.h
.. /home/elco/repos/firmware/platform/spark/modules/eGUI/D4D/common_files/d4d_bmp.h
... /home/elco/repos/firmware/platform/spark/modules/eGUI/D4D/common_files/d4d_imgdec_d4dint.h
... /home/elco/repos/firmware/platform/spark/modules/eGUI/D4D/common_files/d4d_imgdec_d4d.h
... /home/elco/repos/firmware/platform/spark/modules/eGUI/D4D/common_files/d4d_imgdec_bmp.h
.. /home/elco/repos/firmware/platform/spark/modules/eGUI/D4D/common_files/d4d_extsrc.h
.. /home/elco/repos/firmware/platform/spark/modules/eGUI/D4D/common_files/d4d_font.h
.. /home/elco/repos/firmware/platform/spark/modules/eGUI/D4D/common_files/d4d_math.h
.. /home/elco/repos/firmware/platform/spark/modules/eGUI/D4D/common_files/d4d_scheme.h
.. /home/elco/repos/firmware/platform/spark/modules/eGUI/D4D/common_files/d4d_screen.h
.. /home/elco/repos/firmware/platform/spark/modules/eGUI/D4D/common_files/d4d_mouse.h
.. /home/elco/repos/firmware/platform/spark/modules/eGUI/D4D/graphic_objects/d4d_picture.h
.. /home/elco/repos/firmware/platform/spark/modules/eGUI/D4D/graphic_objects/d4d_button.h
.. /home/elco/repos/firmware/platform/spark/modules/eGUI/D4D/graphic_objects/d4d_check_box.h
.. /home/elco/repos/firmware/platform/spark/modules/eGUI/D4D/graphic_objects/d4d_gauge.h
.. /home/elco/repos/firmware/platform/spark/modules/eGUI/D4D/graphic_objects/d4d_slider.h
.. /home/elco/repos/firmware/platform/spark/modules/eGUI/D4D/graphic_objects/d4d_label.h
.. /home/elco/repos/firmware/platform/spark/modules/eGUI/D4D/graphic_objects/d4d_icon.h
.. /home/elco/repos/firmware/platform/spark/modules/eGUI/D4D/graphic_objects/d4d_menu.h
.. /home/elco/repos/firmware/platform/spark/modules/eGUI/D4D/graphic_objects/d4d_graph.h
.. /home/elco/repos/firmware/platform/spark/modules/eGUI/D4D/graphic_objects/d4d_scroll_bar.h
.. /home/elco/repos/firmware/platform/spark/modules/eGUI/D4D/graphic_objects/d4d_console.h
.. /home/elco/repos/firmware/platform/spark/modules/eGUI/D4D/graphic_objects/d4d_text_box.h
.. /home/elco/repos/firmware/platform/spark/modules/eGUI/D4D/graphic_objects/d4d_progress_bar.h
.. /home/elco/repos/firmware/platform/spark/modules/eGUI/D4D/graphic_objects/d4d_radio_button.h
.. /home/elco/repos/firmware/platform/spark/modules/eGUI/D4D/graphic_objects/d4d_group_box.h
.. /home/elco/repos/firmware/platform/spark/modules/eGUI/D4D/graphic_objects/d4d_list_box.h
.. /home/elco/repos/firmware/platform/spark/modules/eGUI/D4D/graphic_objects/d4d_edit_box.h
.. /home/elco/repos/firmware/platform/spark/modules/eGUI/D4D/graphic_objects/d4d_combo_box.h
. /home/elco/repos/firmware/platform/spark/modules/eGUI/D4D/common_files/d4d_lldapi.h
.. /home/elco/repos/firmware/platform/spark/modules/eGUI/D4D/d4d_user_cfg.h
.. /home/elco/repos/firmware/platform/spark/modules/eGUI/D4D/common_files/d4d_types.h
. /home/elco/repos/firmware/platform/spark/modules/eGUI/D4D/common_files/d4d_private.h
Multiple include guards may be useful for:
/home/elco/repos/firmware/platform/spark/modules/eGUI/D4D/d4d_id.h
. /home/elco/repos/firmware/platform/spark/modules/eGUI/D4D/d4d.h
.. /home/elco/repos/firmware/platform/spark/modules/eGUI/D4D/d4d_user_cfg.h
... /home/elco/repos/firmware/platform/spark/modules/eGUI/D4D/d4d_id.h
... /home/elco/repos/firmware/app/brewblox/display/d4d_user_cfg_app.h
.. /home/elco/repos/firmware/platform/spark/modules/eGUI/D4D/common_files/d4d_types.h
... /home/elco/repos/firmware/platform/spark/modules/eGUI/D4D/common_files/d4d_scheme.h
.. /home/elco/repos/firmware/platform/spark/modules/eGUI/D4D/common_files/d4d_base.h
.. /home/elco/repos/firmware/platform/spark/modules/eGUI/D4D/common_files/d4d_string.h
... /home/elco/repos/firmware/platform/spark/modules/eGUI/D4D/common_files/d4d_font.h
.. /home/elco/repos/firmware/platform/spark/modules/eGUI/D4D/common_files/d4d_basic_draw.h
.. /home/elco/repos/firmware/platform/spark/modules/eGUI/D4D/common_files/d4d_object.h
.. /home/elco/repos/firmware/platform/spark/modules/eGUI/D4D/common_files/d4d_low.h
.. /home/elco/repos/firmware/platform/spark/modules/eGUI/D4D/common_files/d4d_bmp.h
... /home/elco/repos/firmware/platform/spark/modules/eGUI/D4D/common_files/d4d_imgdec_d4dint.h
... /home/elco/repos/firmware/platform/spark/modules/eGUI/D4D/common_files/d4d_imgdec_d4d.h
... /home/elco/repos/firmware/platform/spark/modules/eGUI/D4D/common_files/d4d_imgdec_bmp.h
.. /home/elco/repos/firmware/platform/spark/modules/eGUI/D4D/common_files/d4d_extsrc.h
.. /home/elco/repos/firmware/platform/spark/modules/eGUI/D4D/common_files/d4d_font.h
.. /home/elco/repos/firmware/platform/spark/modules/eGUI/D4D/common_files/d4d_math.h
.. /home/elco/repos/firmware/platform/spark/modules/eGUI/D4D/common_files/d4d_scheme.h
.. /home/elco/repos/firmware/platform/spark/modules/eGUI/D4D/common_files/d4d_screen.h
.. /home/elco/repos/firmware/platform/spark/modules/eGUI/D4D/common_files/d4d_mouse.h
.. /home/elco/repos/firmware/platform/spark/modules/eGUI/D4D/graphic_objects/d4d_picture.h
.. /home/elco/repos/firmware/platform/spark/modules/eGUI/D4D/graphic_objects/d4d_button.h
.. /home/elco/repos/firmware/platform/spark/modules/eGUI/D4D/graphic_objects/d4d_check_box.h
.. /home/elco/repos/firmware/platform/spark/modules/eGUI/D4D/graphic_objects/d4d_gauge.h
.. /home/elco/repos/firmware/platform/spark/modules/eGUI/D4D/graphic_objects/d4d_slider.h
.. /home/elco/repos/firmware/platform/spark/modules/eGUI/D4D/graphic_objects/d4d_label.h
.. /home/elco/repos/firmware/platform/spark/modules/eGUI/D4D/graphic_objects/d4d_icon.h
.. /home/elco/repos/firmware/platform/spark/modules/eGUI/D4D/graphic_objects/d4d_menu.h
.. /home/elco/repos/firmware/platform/spark/modules/eGUI/D4D/graphic_objects/d4d_graph.h
.. /home/elco/repos/firmware/platform/spark/modules/eGUI/D4D/graphic_objects/d4d_scroll_bar.h
.. /home/elco/repos/firmware/platform/spark/modules/eGUI/D4D/graphic_objects/d4d_console.h
.. /home/elco/repos/firmware/platform/spark/modules/eGUI/D4D/graphic_objects/d4d_text_box.h
.. /home/elco/repos/firmware/platform/spark/modules/eGUI/D4D/graphic_objects/d4d_progress_bar.h
.. /home/elco/repos/firmware/platform/spark/modules/eGUI/D4D/graphic_objects/d4d_radio_button.h
.. /home/elco/repos/firmware/platform/spark/modules/eGUI/D4D/graphic_objects/d4d_group_box.h
.. /home/elco/repos/firmware/platform/spark/modules/eGUI/D4D/graphic_objects/d4d_list_box.h
.. /home/elco/repos/firmware/platform/spark/modules/eGUI/D4D/graphic_objects/d4d_edit_box.h
.. /home/elco/repos/firmware/platform/spark/modules/eGUI/D4D/graphic_objects/d4d_combo_box.h
. /home/elco/repos/firmware/platform/spark/modules/eGUI/D4D/common_files/d4d_private.h
. /home/elco/repos/firmware/platform/spark/modules/eGUI/D4D/common_files/d4d_lldapi.h
.. /home/elco/repos/firmware/platform/spark/modules/eGUI/D4D/d4d_user_cfg.h
.. /home/elco/repos/firmware/platform/spark/modules/eGUI/D4D/common_files/d4d_types.h
Multiple include guards may be useful for:
/home/elco/repos/firmware/platform/spark/modules/eGUI/D4D/d4d_id.h
. /home/elco/repos/firmware/platform/spark/modules/eGUI/D4D/d4d.h
.. /home/elco/repos/firmware/platform/spark/modules/eGUI/D4D/d4d_user_cfg.h
... /home/elco/repos/firmware/platform/spark/modules/eGUI/D4D/d4d_id.h
... /home/elco/repos/firmware/app/brewblox/display/d4d_user_cfg_app.h
.. /home/elco/repos/firmware/platform/spark/modules/eGUI/D4D/common_files/d4d_types.h
... /home/elco/repos/firmware/platform/spark/modules/eGUI/D4D/common_files/d4d_scheme.h
.. /home/elco/repos/firmware/platform/spark/modules/eGUI/D4D/common_files/d4d_base.h
.. /home/elco/repos/firmware/platform/spark/modules/eGUI/D4D/common_files/d4d_string.h
... /home/elco/repos/firmware/platform/spark/modules/eGUI/D4D/common_files/d4d_font.h
.. /home/elco/repos/firmware/platform/spark/modules/eGUI/D4D/common_files/d4d_basic_draw.h
.. /home/elco/repos/firmware/platform/spark/modules/eGUI/D4D/common_files/d4d_object.h
.. /home/elco/repos/firmware/platform/spark/modules/eGUI/D4D/common_files/d4d_low.h
.. /home/elco/repos/firmware/platform/spark/modules/eGUI/D4D/common_files/d4d_bmp.h
... /home/elco/repos/firmware/platform/spark/modules/eGUI/D4D/common_files/d4d_imgdec_d4dint.h
... /home/elco/repos/firmware/platform/spark/modules/eGUI/D4D/common_files/d4d_imgdec_d4d.h
... /home/elco/repos/firmware/platform/spark/modules/eGUI/D4D/common_files/d4d_imgdec_bmp.h
.. /home/elco/repos/firmware/platform/spark/modules/eGUI/D4D/common_files/d4d_extsrc.h
.. /home/elco/repos/firmware/platform/spark/modules/eGUI/D4D/common_files/d4d_font.h
.. /home/elco/repos/firmware/platform/spark/modules/eGUI/D4D/common_files/d4d_math.h
.. /home/elco/repos/firmware/platform/spark/modules/eGUI/D4D/common_files/d4d_scheme.h
.. /home/elco/repos/firmware/platform/spark/modules/eGUI/D4D/common_files/d4d_screen.h
.. /home/elco/repos/firmware/platform/spark/modules/eGUI/D4D/common_files/d4d_mouse.h
.. /home/elco/repos/firmware/platform/spark/modules/eGUI/D4D/graphic_objects/d4d_picture.h
.. /home/elco/repos/firmware/platform/spark/modules/eGUI/D4D/graphic_objects/d4d_button.h
.. /home/elco/repos/firmware/platform/spark/modules/eGUI/D4D/graphic_objects/d4d_check_box.h
.. /home/elco/repos/firmware/platform/spark/modules/eGUI/D4D/graphic_objects/d4d_gauge.h
.. /home/elco/repos/firmware/platform/spark/modules/eGUI/D4D/graphic_objects/d4d_slider.h
.. /home/elco/repos/firmware/platform/spark/modules/eGUI/D4D/graphic_objects/d4d_label.h
.. /home/elco/repos/firmware/platform/spark/modules/eGUI/D4D/graphic_objects/d4d_icon.h
.. /home/elco/repos/firmware/platform/spark/modules/eGUI/D4D/graphic_objects/d4d_menu.h
.. /home/elco/repos/firmware/platform/spark/modules/eGUI/D4D/graphic_objects/d4d_graph.h
.. /home/elco/repos/firmware/platform/spark/modules/eGUI/D4D/graphic_objects/d4d_scroll_bar.h
.. /home/elco/repos/firmware/platform/spark/modules/eGUI/D4D/graphic_objects/d4d_console.h
.. /home/elco/repos/firmware/platform/spark/modules/eGUI/D4D/graphic_objects/d4d_text_box.h
.. /home/elco/repos/firmware/platform/spark/modules/eGUI/D4D/graphic_objects/d4d_progress_bar.h
.. /home/elco/repos/firmware/platform/spark/modules/eGUI/D4D/graphic_objects/d4d_radio_button.h
.. /home/elco/repos/firmware/platform/spark/modules/eGUI/D4D/graphic_objects/d4d_group_box.h
.. /home/elco/repos/firmware/platform/spark/modules/eGUI/D4D/graphic_objects/d4d_list_box.h
.. /home/elco/repos/firmware/platform/spark/modules/eGUI/D4D/graphic_objects/d4d_edit_box.h
.. /home/elco/repos/firmware/platform/spark/modules/eGUI/D4D/graphic_objects/d4d_combo_box.h
. /home/elco/repos/firmware/platform/spark/modules/eGUI/D4D/common_files/d4d_private.h
Multiple include guards may be useful for:
/home/elco/repos/firmware/platform/spark/modules/eGUI/D4D/d4d_id.h
. /home/elco/repos/firmware/platform/spark/modules/eGUI/D4D/d4d.h
.. /home/elco/repos/firmware/platform/spark/modules/eGUI/D4D/d4d_user_cfg.h
... /home/elco/repos/firmware/platform/spark/modules/eGUI/D4D/d4d_id.h
... /home/elco/repos/firmware/app/brewblox/display/d4d_user_cfg_app.h
.. /home/elco/repos/firmware/platform/spark/modules/eGUI/D4D/common_files/d4d_types.h
... /home/elco/repos/firmware/platform/spark/modules/eGUI/D4D/common_files/d4d_scheme.h
.. /home/elco/repos/firmware/platform/spark/modules/eGUI/D4D/common_files/d4d_base.h
.. /home/elco/repos/firmware/platform/spark/modules/eGUI/D4D/common_files/d4d_string.h
... /home/elco/repos/firmware/platform/spark/modules/eGUI/D4D/common_files/d4d_font.h
.. /home/elco/repos/firmware/platform/spark/modules/eGUI/D4D/common_files/d4d_basic_draw.h
.. /home/elco/repos/firmware/platform/spark/modules/eGUI/D4D/common_files/d4d_object.h
.. /home/elco/repos/firmware/platform/spark/modules/eGUI/D4D/common_files/d4d_low.h
.. /home/elco/repos/firmware/platform/spark/modules/eGUI/D4D/common_files/d4d_bmp.h
... /home/elco/repos/firmware/platform/spark/modules/eGUI/D4D/common_files/d4d_imgdec_d4dint.h
... /home/elco/repos/firmware/platform/spark/modules/eGUI/D4D/common_files/d4d_imgdec_d4d.h
... /home/elco/repos/firmware/platform/spark/modules/eGUI/D4D/common_files/d4d_imgdec_bmp.h
.. /home/elco/repos/firmware/platform/spark/modules/eGUI/D4D/common_files/d4d_extsrc.h
.. /home/elco/repos/firmware/platform/spark/modules/eGUI/D4D/common_files/d4d_font.h
.. /home/elco/repos/firmware/platform/spark/modules/eGUI/D4D/common_files/d4d_math.h
.. /home/elco/repos/firmware/platform/spark/modules/eGUI/D4D/common_files/d4d_scheme.h
.. /home/elco/repos/firmware/platform/spark/modules/eGUI/D4D/common_files/d4d_screen.h
.. /home/elco/repos/firmware/platform/spark/modules/eGUI/D4D/common_files/d4d_mouse.h
.. /home/elco/repos/firmware/platform/spark/modules/eGUI/D4D/graphic_objects/d4d_picture.h
.. /home/elco/repos/firmware/platform/spark/modules/eGUI/D4D/graphic_objects/d4d_button.h
.. /home/elco/repos/firmware/platform/spark/modules/eGUI/D4D/graphic_objects/d4d_check_box.h
.. /home/elco/repos/firmware/platform/spark/modules/eGUI/D4D/graphic_objects/d4d_gauge.h
.. /home/elco/repos/firmware/platform/spark/modules/eGUI/D4D/graphic_objects/d4d_slider.h
.. /home/elco/repos/firmware/platform/spark/modules/eGUI/D4D/graphic_objects/d4d_label.h
.. /home/elco/repos/firmware/platform/spark/modules/eGUI/D4D/graphic_objects/d4d_icon.h
.. /home/elco/repos/firmware/platform/spark/modules/eGUI/D4D/graphic_objects/d4d_menu.h
.. /home/elco/repos/firmware/platform/spark/modules/eGUI/D4D/graphic_objects/d4d_graph.h
.. /home/elco/repos/firmware/platform/spark/modules/eGUI/D4D/graphic_objects/d4d_scroll_bar.h
.. /home/elco/repos/firmware/platform/spark/modules/eGUI/D4D/graphic_objects/d4d_console.h
.. /home/elco/repos/firmware/platform/spark/modules/eGUI/D4D/graphic_objects/d4d_text_box.h
.. /home/elco/repos/firmware/platform/spark/modules/eGUI/D4D/graphic_objects/d4d_progress_bar.h
.. /home/elco/repos/firmware/platform/spark/modules/eGUI/D4D/graphic_objects/d4d_radio_button.h
.. /home/elco/repos/firmware/platform/spark/modules/eGUI/D4D/graphic_objects/d4d_group_box.h
.. /home/elco/repos/firmware/platform/spark/modules/eGUI/D4D/graphic_objects/d4d_list_box.h
.. /home/elco/repos/firmware/platform/spark/modules/eGUI/D4D/graphic_objects/d4d_edit_box.h
.. /home/elco/repos/firmware/platform/spark/modules/eGUI/D4D/graphic_objects/d4d_combo_box.h
. /home/elco/repos/firmware/platform/spark/modules/eGUI/D4D/common_files/d4d_lldapi.h
.. /home/elco/repos/firmware/platform/spark/modules/eGUI/D4D/d4d_user_cfg.h
.. /home/elco/repos/firmware/platform/spark/modules/eGUI/D4D/common_files/d4d_types.h
. /home/elco/repos/firmware/platform/spark/modules/eGUI/D4D/common_files/d4d_private.h
/home/elco/repos/firmware/platform/spark/modules/eGUI/D4D/common_files/d4d_imgdec_d4dint.c:773:17: warning: ‘D4D_BmpHeaderCheckEndianism’ defined but not used [-Wunused-function]
 static D4D_BOOL D4D_BmpHeaderCheckEndianism(const D4D_BMP* pBmp)
                 ^~~~~~~~~~~~~~~~~~~~~~~~~~~
Multiple include guards may be useful for:
/home/elco/repos/firmware/platform/spark/modules/eGUI/D4D/d4d_id.h
. /home/elco/repos/firmware/platform/spark/modules/eGUI/D4D/d4d.h
.. /home/elco/repos/firmware/platform/spark/modules/eGUI/D4D/d4d_user_cfg.h
... /home/elco/repos/firmware/platform/spark/modules/eGUI/D4D/d4d_id.h
... /home/elco/repos/firmware/app/brewblox/display/d4d_user_cfg_app.h
.. /home/elco/repos/firmware/platform/spark/modules/eGUI/D4D/common_files/d4d_types.h
... /home/elco/repos/firmware/platform/spark/modules/eGUI/D4D/common_files/d4d_scheme.h
.. /home/elco/repos/firmware/platform/spark/modules/eGUI/D4D/common_files/d4d_base.h
.. /home/elco/repos/firmware/platform/spark/modules/eGUI/D4D/common_files/d4d_string.h
... /home/elco/repos/firmware/platform/spark/modules/eGUI/D4D/common_files/d4d_font.h
.. /home/elco/repos/firmware/platform/spark/modules/eGUI/D4D/common_files/d4d_basic_draw.h
.. /home/elco/repos/firmware/platform/spark/modules/eGUI/D4D/common_files/d4d_object.h
.. /home/elco/repos/firmware/platform/spark/modules/eGUI/D4D/common_files/d4d_low.h
.. /home/elco/repos/firmware/platform/spark/modules/eGUI/D4D/common_files/d4d_bmp.h
... /home/elco/repos/firmware/platform/spark/modules/eGUI/D4D/common_files/d4d_imgdec_d4dint.h
... /home/elco/repos/firmware/platform/spark/modules/eGUI/D4D/common_files/d4d_imgdec_d4d.h
... /home/elco/repos/firmware/platform/spark/modules/eGUI/D4D/common_files/d4d_imgdec_bmp.h
.. /home/elco/repos/firmware/platform/spark/modules/eGUI/D4D/common_files/d4d_extsrc.h
.. /home/elco/repos/firmware/platform/spark/modules/eGUI/D4D/common_files/d4d_font.h
.. /home/elco/repos/firmware/platform/spark/modules/eGUI/D4D/common_files/d4d_math.h
.. /home/elco/repos/firmware/platform/spark/modules/eGUI/D4D/common_files/d4d_scheme.h
.. /home/elco/repos/firmware/platform/spark/modules/eGUI/D4D/common_files/d4d_screen.h
.. /home/elco/repos/firmware/platform/spark/modules/eGUI/D4D/common_files/d4d_mouse.h
.. /home/elco/repos/firmware/platform/spark/modules/eGUI/D4D/graphic_objects/d4d_picture.h
.. /home/elco/repos/firmware/platform/spark/modules/eGUI/D4D/graphic_objects/d4d_button.h
.. /home/elco/repos/firmware/platform/spark/modules/eGUI/D4D/graphic_objects/d4d_check_box.h
.. /home/elco/repos/firmware/platform/spark/modules/eGUI/D4D/graphic_objects/d4d_gauge.h
.. /home/elco/repos/firmware/platform/spark/modules/eGUI/D4D/graphic_objects/d4d_slider.h
.. /home/elco/repos/firmware/platform/spark/modules/eGUI/D4D/graphic_objects/d4d_label.h
.. /home/elco/repos/firmware/platform/spark/modules/eGUI/D4D/graphic_objects/d4d_icon.h
.. /home/elco/repos/firmware/platform/spark/modules/eGUI/D4D/graphic_objects/d4d_menu.h
.. /home/elco/repos/firmware/platform/spark/modules/eGUI/D4D/graphic_objects/d4d_graph.h
.. /home/elco/repos/firmware/platform/spark/modules/eGUI/D4D/graphic_objects/d4d_scroll_bar.h
.. /home/elco/repos/firmware/platform/spark/modules/eGUI/D4D/graphic_objects/d4d_console.h
.. /home/elco/repos/firmware/platform/spark/modules/eGUI/D4D/graphic_objects/d4d_text_box.h
.. /home/elco/repos/firmware/platform/spark/modules/eGUI/D4D/graphic_objects/d4d_progress_bar.h
.. /home/elco/repos/firmware/platform/spark/modules/eGUI/D4D/graphic_objects/d4d_radio_button.h
.. /home/elco/repos/firmware/platform/spark/modules/eGUI/D4D/graphic_objects/d4d_group_box.h
.. /home/elco/repos/firmware/platform/spark/modules/eGUI/D4D/graphic_objects/d4d_list_box.h
.. /home/elco/repos/firmware/platform/spark/modules/eGUI/D4D/graphic_objects/d4d_edit_box.h
.. /home/elco/repos/firmware/platform/spark/modules/eGUI/D4D/graphic_objects/d4d_combo_box.h
. /home/elco/repos/firmware/platform/spark/modules/eGUI/D4D/common_files/d4d_lldapi.h
.. /home/elco/repos/firmware/platform/spark/modules/eGUI/D4D/d4d_user_cfg.h
.. /home/elco/repos/firmware/platform/spark/modules/eGUI/D4D/common_files/d4d_types.h
. /home/elco/repos/firmware/platform/spark/modules/eGUI/D4D/common_files/d4d_private.h
Multiple include guards may be useful for:
/home/elco/repos/firmware/platform/spark/modules/eGUI/D4D/d4d_id.h
. /home/elco/repos/firmware/platform/spark/modules/eGUI/D4D/d4d.h
.. /home/elco/repos/firmware/platform/spark/modules/eGUI/D4D/d4d_user_cfg.h
... /home/elco/repos/firmware/platform/spark/modules/eGUI/D4D/d4d_id.h
... /home/elco/repos/firmware/app/brewblox/display/d4d_user_cfg_app.h
.. /home/elco/repos/firmware/platform/spark/modules/eGUI/D4D/common_files/d4d_types.h
... /home/elco/repos/firmware/platform/spark/modules/eGUI/D4D/common_files/d4d_scheme.h
.. /home/elco/repos/firmware/platform/spark/modules/eGUI/D4D/common_files/d4d_base.h
.. /home/elco/repos/firmware/platform/spark/modules/eGUI/D4D/common_files/d4d_string.h
... /home/elco/repos/firmware/platform/spark/modules/eGUI/D4D/common_files/d4d_font.h
.. /home/elco/repos/firmware/platform/spark/modules/eGUI/D4D/common_files/d4d_basic_draw.h
.. /home/elco/repos/firmware/platform/spark/modules/eGUI/D4D/common_files/d4d_object.h
.. /home/elco/repos/firmware/platform/spark/modules/eGUI/D4D/common_files/d4d_low.h
.. /home/elco/repos/firmware/platform/spark/modules/eGUI/D4D/common_files/d4d_bmp.h
... /home/elco/repos/firmware/platform/spark/modules/eGUI/D4D/common_files/d4d_imgdec_d4dint.h
... /home/elco/repos/firmware/platform/spark/modules/eGUI/D4D/common_files/d4d_imgdec_d4d.h
... /home/elco/repos/firmware/platform/spark/modules/eGUI/D4D/common_files/d4d_imgdec_bmp.h
.. /home/elco/repos/firmware/platform/spark/modules/eGUI/D4D/common_files/d4d_extsrc.h
.. /home/elco/repos/firmware/platform/spark/modules/eGUI/D4D/common_files/d4d_font.h
.. /home/elco/repos/firmware/platform/spark/modules/eGUI/D4D/common_files/d4d_math.h
.. /home/elco/repos/firmware/platform/spark/modules/eGUI/D4D/common_files/d4d_scheme.h
.. /home/elco/repos/firmware/platform/spark/modules/eGUI/D4D/common_files/d4d_screen.h
.. /home/elco/repos/firmware/platform/spark/modules/eGUI/D4D/common_files/d4d_mouse.h
.. /home/elco/repos/firmware/platform/spark/modules/eGUI/D4D/graphic_objects/d4d_picture.h
.. /home/elco/repos/firmware/platform/spark/modules/eGUI/D4D/graphic_objects/d4d_button.h
.. /home/elco/repos/firmware/platform/spark/modules/eGUI/D4D/graphic_objects/d4d_check_box.h
.. /home/elco/repos/firmware/platform/spark/modules/eGUI/D4D/graphic_objects/d4d_gauge.h
.. /home/elco/repos/firmware/platform/spark/modules/eGUI/D4D/graphic_objects/d4d_slider.h
.. /home/elco/repos/firmware/platform/spark/modules/eGUI/D4D/graphic_objects/d4d_label.h
.. /home/elco/repos/firmware/platform/spark/modules/eGUI/D4D/graphic_objects/d4d_icon.h
.. /home/elco/repos/firmware/platform/spark/modules/eGUI/D4D/graphic_objects/d4d_menu.h
.. /home/elco/repos/firmware/platform/spark/modules/eGUI/D4D/graphic_objects/d4d_graph.h
.. /home/elco/repos/firmware/platform/spark/modules/eGUI/D4D/graphic_objects/d4d_scroll_bar.h
.. /home/elco/repos/firmware/platform/spark/modules/eGUI/D4D/graphic_objects/d4d_console.h
.. /home/elco/repos/firmware/platform/spark/modules/eGUI/D4D/graphic_objects/d4d_text_box.h
.. /home/elco/repos/firmware/platform/spark/modules/eGUI/D4D/graphic_objects/d4d_progress_bar.h
.. /home/elco/repos/firmware/platform/spark/modules/eGUI/D4D/graphic_objects/d4d_radio_button.h
.. /home/elco/repos/firmware/platform/spark/modules/eGUI/D4D/graphic_objects/d4d_group_box.h
.. /home/elco/repos/firmware/platform/spark/modules/eGUI/D4D/graphic_objects/d4d_list_box.h
.. /home/elco/repos/firmware/platform/spark/modules/eGUI/D4D/graphic_objects/d4d_edit_box.h
.. /home/elco/repos/firmware/platform/spark/modules/eGUI/D4D/graphic_objects/d4d_combo_box.h
. /home/elco/repos/firmware/platform/spark/modules/eGUI/D4D/common_files/d4d_private.h
. /home/elco/repos/firmware/platform/spark/modules/eGUI/D4D/common_files/d4d_lldapi.h
.. /home/elco/repos/firmware/platform/spark/modules/eGUI/D4D/d4d_user_cfg.h
.. /home/elco/repos/firmware/platform/spark/modules/eGUI/D4D/common_files/d4d_types.h
Multiple include guards may be useful for:
/home/elco/repos/firmware/platform/spark/modules/eGUI/D4D/d4d_id.h
. /home/elco/repos/firmware/platform/spark/modules/eGUI/D4D/d4d.h
.. /home/elco/repos/firmware/platform/spark/modules/eGUI/D4D/d4d_user_cfg.h
... /home/elco/repos/firmware/platform/spark/modules/eGUI/D4D/d4d_id.h
... /home/elco/repos/firmware/app/brewblox/display/d4d_user_cfg_app.h
.. /home/elco/repos/firmware/platform/spark/modules/eGUI/D4D/common_files/d4d_types.h
... /home/elco/repos/firmware/platform/spark/modules/eGUI/D4D/common_files/d4d_scheme.h
.. /home/elco/repos/firmware/platform/spark/modules/eGUI/D4D/common_files/d4d_base.h
.. /home/elco/repos/firmware/platform/spark/modules/eGUI/D4D/common_files/d4d_string.h
... /home/elco/repos/firmware/platform/spark/modules/eGUI/D4D/common_files/d4d_font.h
.. /home/elco/repos/firmware/platform/spark/modules/eGUI/D4D/common_files/d4d_basic_draw.h
.. /home/elco/repos/firmware/platform/spark/modules/eGUI/D4D/common_files/d4d_object.h
.. /home/elco/repos/firmware/platform/spark/modules/eGUI/D4D/common_files/d4d_low.h
.. /home/elco/repos/firmware/platform/spark/modules/eGUI/D4D/common_files/d4d_bmp.h
... /home/elco/repos/firmware/platform/spark/modules/eGUI/D4D/common_files/d4d_imgdec_d4dint.h
... /home/elco/repos/firmware/platform/spark/modules/eGUI/D4D/common_files/d4d_imgdec_d4d.h
... /home/elco/repos/firmware/platform/spark/modules/eGUI/D4D/common_files/d4d_imgdec_bmp.h
.. /home/elco/repos/firmware/platform/spark/modules/eGUI/D4D/common_files/d4d_extsrc.h
.. /home/elco/repos/firmware/platform/spark/modules/eGUI/D4D/common_files/d4d_font.h
.. /home/elco/repos/firmware/platform/spark/modules/eGUI/D4D/common_files/d4d_math.h
.. /home/elco/repos/firmware/platform/spark/modules/eGUI/D4D/common_files/d4d_scheme.h
.. /home/elco/repos/firmware/platform/spark/modules/eGUI/D4D/common_files/d4d_screen.h
.. /home/elco/repos/firmware/platform/spark/modules/eGUI/D4D/common_files/d4d_mouse.h
.. /home/elco/repos/firmware/platform/spark/modules/eGUI/D4D/graphic_objects/d4d_picture.h
.. /home/elco/repos/firmware/platform/spark/modules/eGUI/D4D/graphic_objects/d4d_button.h
.. /home/elco/repos/firmware/platform/spark/modules/eGUI/D4D/graphic_objects/d4d_check_box.h
.. /home/elco/repos/firmware/platform/spark/modules/eGUI/D4D/graphic_objects/d4d_gauge.h
.. /home/elco/repos/firmware/platform/spark/modules/eGUI/D4D/graphic_objects/d4d_slider.h
.. /home/elco/repos/firmware/platform/spark/modules/eGUI/D4D/graphic_objects/d4d_label.h
.. /home/elco/repos/firmware/platform/spark/modules/eGUI/D4D/graphic_objects/d4d_icon.h
.. /home/elco/repos/firmware/platform/spark/modules/eGUI/D4D/graphic_objects/d4d_menu.h
.. /home/elco/repos/firmware/platform/spark/modules/eGUI/D4D/graphic_objects/d4d_graph.h
.. /home/elco/repos/firmware/platform/spark/modules/eGUI/D4D/graphic_objects/d4d_scroll_bar.h
.. /home/elco/repos/firmware/platform/spark/modules/eGUI/D4D/graphic_objects/d4d_console.h
.. /home/elco/repos/firmware/platform/spark/modules/eGUI/D4D/graphic_objects/d4d_text_box.h
.. /home/elco/repos/firmware/platform/spark/modules/eGUI/D4D/graphic_objects/d4d_progress_bar.h
.. /home/elco/repos/firmware/platform/spark/modules/eGUI/D4D/graphic_objects/d4d_radio_button.h
.. /home/elco/repos/firmware/platform/spark/modules/eGUI/D4D/graphic_objects/d4d_group_box.h
.. /home/elco/repos/firmware/platform/spark/modules/eGUI/D4D/graphic_objects/d4d_list_box.h
.. /home/elco/repos/firmware/platform/spark/modules/eGUI/D4D/graphic_objects/d4d_edit_box.h
.. /home/elco/repos/firmware/platform/spark/modules/eGUI/D4D/graphic_objects/d4d_combo_box.h
. /home/elco/repos/firmware/platform/spark/modules/eGUI/D4D/common_files/d4d_private.h
Multiple include guards may be useful for:
/home/elco/repos/firmware/platform/spark/modules/eGUI/D4D/d4d_id.h
. /home/elco/repos/firmware/platform/spark/modules/eGUI/D4D/d4d.h
.. /home/elco/repos/firmware/platform/spark/modules/eGUI/D4D/d4d_user_cfg.h
... /home/elco/repos/firmware/platform/spark/modules/eGUI/D4D/d4d_id.h
... /home/elco/repos/firmware/app/brewblox/display/d4d_user_cfg_app.h
.. /home/elco/repos/firmware/platform/spark/modules/eGUI/D4D/common_files/d4d_types.h
... /home/elco/repos/firmware/platform/spark/modules/eGUI/D4D/common_files/d4d_scheme.h
.. /home/elco/repos/firmware/platform/spark/modules/eGUI/D4D/common_files/d4d_base.h
.. /home/elco/repos/firmware/platform/spark/modules/eGUI/D4D/common_files/d4d_string.h
... /home/elco/repos/firmware/platform/spark/modules/eGUI/D4D/common_files/d4d_font.h
.. /home/elco/repos/firmware/platform/spark/modules/eGUI/D4D/common_files/d4d_basic_draw.h
.. /home/elco/repos/firmware/platform/spark/modules/eGUI/D4D/common_files/d4d_object.h
.. /home/elco/repos/firmware/platform/spark/modules/eGUI/D4D/common_files/d4d_low.h
.. /home/elco/repos/firmware/platform/spark/modules/eGUI/D4D/common_files/d4d_bmp.h
... /home/elco/repos/firmware/platform/spark/modules/eGUI/D4D/common_files/d4d_imgdec_d4dint.h
... /home/elco/repos/firmware/platform/spark/modules/eGUI/D4D/common_files/d4d_imgdec_d4d.h
... /home/elco/repos/firmware/platform/spark/modules/eGUI/D4D/common_files/d4d_imgdec_bmp.h
.. /home/elco/repos/firmware/platform/spark/modules/eGUI/D4D/common_files/d4d_extsrc.h
.. /home/elco/repos/firmware/platform/spark/modules/eGUI/D4D/common_files/d4d_font.h
.. /home/elco/repos/firmware/platform/spark/modules/eGUI/D4D/common_files/d4d_math.h
.. /home/elco/repos/firmware/platform/spark/modules/eGUI/D4D/common_files/d4d_scheme.h
.. /home/elco/repos/firmware/platform/spark/modules/eGUI/D4D/common_files/d4d_screen.h
.. /home/elco/repos/firmware/platform/spark/modules/eGUI/D4D/common_files/d4d_mouse.h
.. /home/elco/repos/firmware/platform/spark/modules/eGUI/D4D/graphic_objects/d4d_picture.h
.. /home/elco/repos/firmware/platform/spark/modules/eGUI/D4D/graphic_objects/d4d_button.h
.. /home/elco/repos/firmware/platform/spark/modules/eGUI/D4D/graphic_objects/d4d_check_box.h
.. /home/elco/repos/firmware/platform/spark/modules/eGUI/D4D/graphic_objects/d4d_gauge.h
.. /home/elco/repos/firmware/platform/spark/modules/eGUI/D4D/graphic_objects/d4d_slider.h
.. /home/elco/repos/firmware/platform/spark/modules/eGUI/D4D/graphic_objects/d4d_label.h
.. /home/elco/repos/firmware/platform/spark/modules/eGUI/D4D/graphic_objects/d4d_icon.h
.. /home/elco/repos/firmware/platform/spark/modules/eGUI/D4D/graphic_objects/d4d_menu.h
.. /home/elco/repos/firmware/platform/spark/modules/eGUI/D4D/graphic_objects/d4d_graph.h
.. /home/elco/repos/firmware/platform/spark/modules/eGUI/D4D/graphic_objects/d4d_scroll_bar.h
.. /home/elco/repos/firmware/platform/spark/modules/eGUI/D4D/graphic_objects/d4d_console.h
.. /home/elco/repos/firmware/platform/spark/modules/eGUI/D4D/graphic_objects/d4d_text_box.h
.. /home/elco/repos/firmware/platform/spark/modules/eGUI/D4D/graphic_objects/d4d_progress_bar.h
.. /home/elco/repos/firmware/platform/spark/modules/eGUI/D4D/graphic_objects/d4d_radio_button.h
.. /home/elco/repos/firmware/platform/spark/modules/eGUI/D4D/graphic_objects/d4d_group_box.h
.. /home/elco/repos/firmware/platform/spark/modules/eGUI/D4D/graphic_objects/d4d_list_box.h
.. /home/elco/repos/firmware/platform/spark/modules/eGUI/D4D/graphic_objects/d4d_edit_box.h
.. /home/elco/repos/firmware/platform/spark/modules/eGUI/D4D/graphic_objects/d4d_combo_box.h
. /home/elco/repos/firmware/platform/spark/modules/eGUI/D4D/common_files/d4d_private.h
. /home/elco/repos/firmware/platform/spark/modules/eGUI/D4D/common_files/d4d_lldapi.h
.. /home/elco/repos/firmware/platform/spark/modules/eGUI/D4D/d4d_user_cfg.h
.. /home/elco/repos/firmware/platform/spark/modules/eGUI/D4D/common_files/d4d_types.h
Multiple include guards may be useful for:
/home/elco/repos/firmware/platform/spark/modules/eGUI/D4D/d4d_id.h
. /home/elco/repos/firmware/platform/spark/modules/eGUI/D4D/d4d.h
.. /home/elco/repos/firmware/platform/spark/modules/eGUI/D4D/d4d_user_cfg.h
... /home/elco/repos/firmware/platform/spark/modules/eGUI/D4D/d4d_id.h
... /home/elco/repos/firmware/app/brewblox/display/d4d_user_cfg_app.h
.. /home/elco/repos/firmware/platform/spark/modules/eGUI/D4D/common_files/d4d_types.h
... /home/elco/repos/firmware/platform/spark/modules/eGUI/D4D/common_files/d4d_scheme.h
.. /home/elco/repos/firmware/platform/spark/modules/eGUI/D4D/common_files/d4d_base.h
.. /home/elco/repos/firmware/platform/spark/modules/eGUI/D4D/common_files/d4d_string.h
... /home/elco/repos/firmware/platform/spark/modules/eGUI/D4D/common_files/d4d_font.h
.. /home/elco/repos/firmware/platform/spark/modules/eGUI/D4D/common_files/d4d_basic_draw.h
.. /home/elco/repos/firmware/platform/spark/modules/eGUI/D4D/common_files/d4d_object.h
.. /home/elco/repos/firmware/platform/spark/modules/eGUI/D4D/common_files/d4d_low.h
.. /home/elco/repos/firmware/platform/spark/modules/eGUI/D4D/common_files/d4d_bmp.h
... /home/elco/repos/firmware/platform/spark/modules/eGUI/D4D/common_files/d4d_imgdec_d4dint.h
... /home/elco/repos/firmware/platform/spark/modules/eGUI/D4D/common_files/d4d_imgdec_d4d.h
... /home/elco/repos/firmware/platform/spark/modules/eGUI/D4D/common_files/d4d_imgdec_bmp.h
.. /home/elco/repos/firmware/platform/spark/modules/eGUI/D4D/common_files/d4d_extsrc.h
.. /home/elco/repos/firmware/platform/spark/modules/eGUI/D4D/common_files/d4d_font.h
.. /home/elco/repos/firmware/platform/spark/modules/eGUI/D4D/common_files/d4d_math.h
.. /home/elco/repos/firmware/platform/spark/modules/eGUI/D4D/common_files/d4d_scheme.h
.. /home/elco/repos/firmware/platform/spark/modules/eGUI/D4D/common_files/d4d_screen.h
.. /home/elco/repos/firmware/platform/spark/modules/eGUI/D4D/common_files/d4d_mouse.h
.. /home/elco/repos/firmware/platform/spark/modules/eGUI/D4D/graphic_objects/d4d_picture.h
.. /home/elco/repos/firmware/platform/spark/modules/eGUI/D4D/graphic_objects/d4d_button.h
.. /home/elco/repos/firmware/platform/spark/modules/eGUI/D4D/graphic_objects/d4d_check_box.h
.. /home/elco/repos/firmware/platform/spark/modules/eGUI/D4D/graphic_objects/d4d_gauge.h
.. /home/elco/repos/firmware/platform/spark/modules/eGUI/D4D/graphic_objects/d4d_slider.h
.. /home/elco/repos/firmware/platform/spark/modules/eGUI/D4D/graphic_objects/d4d_label.h
.. /home/elco/repos/firmware/platform/spark/modules/eGUI/D4D/graphic_objects/d4d_icon.h
.. /home/elco/repos/firmware/platform/spark/modules/eGUI/D4D/graphic_objects/d4d_menu.h
.. /home/elco/repos/firmware/platform/spark/modules/eGUI/D4D/graphic_objects/d4d_graph.h
.. /home/elco/repos/firmware/platform/spark/modules/eGUI/D4D/graphic_objects/d4d_scroll_bar.h
.. /home/elco/repos/firmware/platform/spark/modules/eGUI/D4D/graphic_objects/d4d_console.h
.. /home/elco/repos/firmware/platform/spark/modules/eGUI/D4D/graphic_objects/d4d_text_box.h
.. /home/elco/repos/firmware/platform/spark/modules/eGUI/D4D/graphic_objects/d4d_progress_bar.h
.. /home/elco/repos/firmware/platform/spark/modules/eGUI/D4D/graphic_objects/d4d_radio_button.h
.. /home/elco/repos/firmware/platform/spark/modules/eGUI/D4D/graphic_objects/d4d_group_box.h
.. /home/elco/repos/firmware/platform/spark/modules/eGUI/D4D/graphic_objects/d4d_list_box.h
.. /home/elco/repos/firmware/platform/spark/modules/eGUI/D4D/graphic_objects/d4d_edit_box.h
.. /home/elco/repos/firmware/platform/spark/modules/eGUI/D4D/graphic_objects/d4d_combo_box.h
. /home/elco/repos/firmware/platform/spark/modules/eGUI/D4D/common_files/d4d_private.h
Multiple include guards may be useful for:
/home/elco/repos/firmware/platform/spark/modules/eGUI/D4D/d4d_id.h
. /home/elco/repos/firmware/platform/spark/modules/eGUI/D4D/d4d.h
.. /home/elco/repos/firmware/platform/spark/modules/eGUI/D4D/d4d_user_cfg.h
... /home/elco/repos/firmware/platform/spark/modules/eGUI/D4D/d4d_id.h
... /home/elco/repos/firmware/app/brewblox/display/d4d_user_cfg_app.h
.. /home/elco/repos/firmware/platform/spark/modules/eGUI/D4D/common_files/d4d_types.h
... /home/elco/repos/firmware/platform/spark/modules/eGUI/D4D/common_files/d4d_scheme.h
.. /home/elco/repos/firmware/platform/spark/modules/eGUI/D4D/common_files/d4d_base.h
.. /home/elco/repos/firmware/platform/spark/modules/eGUI/D4D/common_files/d4d_string.h
... /home/elco/repos/firmware/platform/spark/modules/eGUI/D4D/common_files/d4d_font.h
.. /home/elco/repos/firmware/platform/spark/modules/eGUI/D4D/common_files/d4d_basic_draw.h
.. /home/elco/repos/firmware/platform/spark/modules/eGUI/D4D/common_files/d4d_object.h
.. /home/elco/repos/firmware/platform/spark/modules/eGUI/D4D/common_files/d4d_low.h
.. /home/elco/repos/firmware/platform/spark/modules/eGUI/D4D/common_files/d4d_bmp.h
... /home/elco/repos/firmware/platform/spark/modules/eGUI/D4D/common_files/d4d_imgdec_d4dint.h
... /home/elco/repos/firmware/platform/spark/modules/eGUI/D4D/common_files/d4d_imgdec_d4d.h
... /home/elco/repos/firmware/platform/spark/modules/eGUI/D4D/common_files/d4d_imgdec_bmp.h
.. /home/elco/repos/firmware/platform/spark/modules/eGUI/D4D/common_files/d4d_extsrc.h
.. /home/elco/repos/firmware/platform/spark/modules/eGUI/D4D/common_files/d4d_font.h
.. /home/elco/repos/firmware/platform/spark/modules/eGUI/D4D/common_files/d4d_math.h
.. /home/elco/repos/firmware/platform/spark/modules/eGUI/D4D/common_files/d4d_scheme.h
.. /home/elco/repos/firmware/platform/spark/modules/eGUI/D4D/common_files/d4d_screen.h
.. /home/elco/repos/firmware/platform/spark/modules/eGUI/D4D/common_files/d4d_mouse.h
.. /home/elco/repos/firmware/platform/spark/modules/eGUI/D4D/graphic_objects/d4d_picture.h
.. /home/elco/repos/firmware/platform/spark/modules/eGUI/D4D/graphic_objects/d4d_button.h
.. /home/elco/repos/firmware/platform/spark/modules/eGUI/D4D/graphic_objects/d4d_check_box.h
.. /home/elco/repos/firmware/platform/spark/modules/eGUI/D4D/graphic_objects/d4d_gauge.h
.. /home/elco/repos/firmware/platform/spark/modules/eGUI/D4D/graphic_objects/d4d_slider.h
.. /home/elco/repos/firmware/platform/spark/modules/eGUI/D4D/graphic_objects/d4d_label.h
.. /home/elco/repos/firmware/platform/spark/modules/eGUI/D4D/graphic_objects/d4d_icon.h
.. /home/elco/repos/firmware/platform/spark/modules/eGUI/D4D/graphic_objects/d4d_menu.h
.. /home/elco/repos/firmware/platform/spark/modules/eGUI/D4D/graphic_objects/d4d_graph.h
.. /home/elco/repos/firmware/platform/spark/modules/eGUI/D4D/graphic_objects/d4d_scroll_bar.h
.. /home/elco/repos/firmware/platform/spark/modules/eGUI/D4D/graphic_objects/d4d_console.h
.. /home/elco/repos/firmware/platform/spark/modules/eGUI/D4D/graphic_objects/d4d_text_box.h
.. /home/elco/repos/firmware/platform/spark/modules/eGUI/D4D/graphic_objects/d4d_progress_bar.h
.. /home/elco/repos/firmware/platform/spark/modules/eGUI/D4D/graphic_objects/d4d_radio_button.h
.. /home/elco/repos/firmware/platform/spark/modules/eGUI/D4D/graphic_objects/d4d_group_box.h
.. /home/elco/repos/firmware/platform/spark/modules/eGUI/D4D/graphic_objects/d4d_list_box.h
.. /home/elco/repos/firmware/platform/spark/modules/eGUI/D4D/graphic_objects/d4d_edit_box.h
.. /home/elco/repos/firmware/platform/spark/modules/eGUI/D4D/graphic_objects/d4d_combo_box.h
. /home/elco/repos/firmware/platform/spark/modules/eGUI/D4D/common_files/d4d_lldapi.h
.. /home/elco/repos/firmware/platform/spark/modules/eGUI/D4D/d4d_user_cfg.h
.. /home/elco/repos/firmware/platform/spark/modules/eGUI/D4D/common_files/d4d_types.h
. /home/elco/repos/firmware/platform/spark/modules/eGUI/D4D/common_files/d4d_private.h
Multiple include guards may be useful for:
/home/elco/repos/firmware/platform/spark/modules/eGUI/D4D/d4d_id.h
. /home/elco/repos/firmware/platform/spark/modules/eGUI/D4D/low_level_drivers/touch_screen/touch_screen_drivers/cr_touch/hw_iic_cfg.h
.. /home/elco/repos/firmware/platform/spark/modules/eGUI/D4D/d4d.h
... /home/elco/repos/firmware/platform/spark/modules/eGUI/D4D/d4d_user_cfg.h
.... /home/elco/repos/firmware/platform/spark/modules/eGUI/D4D/d4d_id.h
.... /home/elco/repos/firmware/app/brewblox/display/d4d_user_cfg_app.h
... /home/elco/repos/firmware/platform/spark/modules/eGUI/D4D/common_files/d4d_types.h
.... /home/elco/repos/firmware/platform/spark/modules/eGUI/D4D/common_files/d4d_scheme.h
... /home/elco/repos/firmware/platform/spark/modules/eGUI/D4D/common_files/d4d_base.h
... /home/elco/repos/firmware/platform/spark/modules/eGUI/D4D/common_files/d4d_string.h
.... /home/elco/repos/firmware/platform/spark/modules/eGUI/D4D/common_files/d4d_font.h
... /home/elco/repos/firmware/platform/spark/modules/eGUI/D4D/common_files/d4d_basic_draw.h
... /home/elco/repos/firmware/platform/spark/modules/eGUI/D4D/common_files/d4d_object.h
... /home/elco/repos/firmware/platform/spark/modules/eGUI/D4D/common_files/d4d_low.h
... /home/elco/repos/firmware/platform/spark/modules/eGUI/D4D/common_files/d4d_bmp.h
.... /home/elco/repos/firmware/platform/spark/modules/eGUI/D4D/common_files/d4d_imgdec_d4dint.h
.... /home/elco/repos/firmware/platform/spark/modules/eGUI/D4D/common_files/d4d_imgdec_d4d.h
.... /home/elco/repos/firmware/platform/spark/modules/eGUI/D4D/common_files/d4d_imgdec_bmp.h
... /home/elco/repos/firmware/platform/spark/modules/eGUI/D4D/common_files/d4d_extsrc.h
... /home/elco/repos/firmware/platform/spark/modules/eGUI/D4D/common_files/d4d_font.h
... /home/elco/repos/firmware/platform/spark/modules/eGUI/D4D/common_files/d4d_math.h
... /home/elco/repos/firmware/platform/spark/modules/eGUI/D4D/common_files/d4d_scheme.h
... /home/elco/repos/firmware/platform/spark/modules/eGUI/D4D/common_files/d4d_screen.h
... /home/elco/repos/firmware/platform/spark/modules/eGUI/D4D/common_files/d4d_mouse.h
... /home/elco/repos/firmware/platform/spark/modules/eGUI/D4D/graphic_objects/d4d_picture.h
... /home/elco/repos/firmware/platform/spark/modules/eGUI/D4D/graphic_objects/d4d_button.h
... /home/elco/repos/firmware/platform/spark/modules/eGUI/D4D/graphic_objects/d4d_check_box.h
... /home/elco/repos/firmware/platform/spark/modules/eGUI/D4D/graphic_objects/d4d_gauge.h
... /home/elco/repos/firmware/platform/spark/modules/eGUI/D4D/graphic_objects/d4d_slider.h
... /home/elco/repos/firmware/platform/spark/modules/eGUI/D4D/graphic_objects/d4d_label.h
... /home/elco/repos/firmware/platform/spark/modules/eGUI/D4D/graphic_objects/d4d_icon.h
... /home/elco/repos/firmware/platform/spark/modules/eGUI/D4D/graphic_objects/d4d_menu.h
... /home/elco/repos/firmware/platform/spark/modules/eGUI/D4D/graphic_objects/d4d_graph.h
... /home/elco/repos/firmware/platform/spark/modules/eGUI/D4D/graphic_objects/d4d_scroll_bar.h
... /home/elco/repos/firmware/platform/spark/modules/eGUI/D4D/graphic_objects/d4d_console.h
... /home/elco/repos/firmware/platform/spark/modules/eGUI/D4D/graphic_objects/d4d_text_box.h
... /home/elco/repos/firmware/platform/spark/modules/eGUI/D4D/graphic_objects/d4d_progress_bar.h
... /home/elco/repos/firmware/platform/spark/modules/eGUI/D4D/graphic_objects/d4d_radio_button.h
... /home/elco/repos/firmware/platform/spark/modules/eGUI/D4D/graphic_objects/d4d_group_box.h
... /home/elco/repos/firmware/platform/spark/modules/eGUI/D4D/graphic_objects/d4d_list_box.h
... /home/elco/repos/firmware/platform/spark/modules/eGUI/D4D/graphic_objects/d4d_edit_box.h
... /home/elco/repos/firmware/platform/spark/modules/eGUI/D4D/graphic_objects/d4d_combo_box.h
.. /home/elco/repos/firmware/platform/spark/modules/eGUI/D4D/common_files/d4d_lldapi.h
... /home/elco/repos/firmware/platform/spark/modules/eGUI/D4D/d4d_user_cfg.h
... /home/elco/repos/firmware/platform/spark/modules/eGUI/D4D/common_files/d4d_types.h
.. /home/elco/repos/firmware/platform/spark/modules/eGUI/D4D/common_files/d4d_private.h
Multiple include guards may be useful for:
/home/elco/repos/firmware/platform/spark/modules/eGUI/D4D/d4d_id.h
. /home/elco/repos/firmware/platform/spark/modules/eGUI/D4D/d4d.h
.. /home/elco/repos/firmware/platform/spark/modules/eGUI/D4D/d4d_user_cfg.h
... /home/elco/repos/firmware/platform/spark/modules/eGUI/D4D/d4d_id.h
... /home/elco/repos/firmware/app/brewblox/display/d4d_user_cfg_app.h
.. /home/elco/repos/firmware/platform/spark/modules/eGUI/D4D/common_files/d4d_types.h
... /home/elco/repos/firmware/platform/spark/modules/eGUI/D4D/common_files/d4d_scheme.h
.. /home/elco/repos/firmware/platform/spark/modules/eGUI/D4D/common_files/d4d_base.h
.. /home/elco/repos/firmware/platform/spark/modules/eGUI/D4D/common_files/d4d_string.h
... /home/elco/repos/firmware/platform/spark/modules/eGUI/D4D/common_files/d4d_font.h
.. /home/elco/repos/firmware/platform/spark/modules/eGUI/D4D/common_files/d4d_basic_draw.h
.. /home/elco/repos/firmware/platform/spark/modules/eGUI/D4D/common_files/d4d_object.h
.. /home/elco/repos/firmware/platform/spark/modules/eGUI/D4D/common_files/d4d_low.h
.. /home/elco/repos/firmware/platform/spark/modules/eGUI/D4D/common_files/d4d_bmp.h
... /home/elco/repos/firmware/platform/spark/modules/eGUI/D4D/common_files/d4d_imgdec_d4dint.h
... /home/elco/repos/firmware/platform/spark/modules/eGUI/D4D/common_files/d4d_imgdec_d4d.h
... /home/elco/repos/firmware/platform/spark/modules/eGUI/D4D/common_files/d4d_imgdec_bmp.h
.. /home/elco/repos/firmware/platform/spark/modules/eGUI/D4D/common_files/d4d_extsrc.h
.. /home/elco/repos/firmware/platform/spark/modules/eGUI/D4D/common_files/d4d_font.h
.. /home/elco/repos/firmware/platform/spark/modules/eGUI/D4D/common_files/d4d_math.h
.. /home/elco/repos/firmware/platform/spark/modules/eGUI/D4D/common_files/d4d_scheme.h
.. /home/elco/repos/firmware/platform/spark/modules/eGUI/D4D/common_files/d4d_screen.h
.. /home/elco/repos/firmware/platform/spark/modules/eGUI/D4D/common_files/d4d_mouse.h
.. /home/elco/repos/firmware/platform/spark/modules/eGUI/D4D/graphic_objects/d4d_picture.h
.. /home/elco/repos/firmware/platform/spark/modules/eGUI/D4D/graphic_objects/d4d_button.h
.. /home/elco/repos/firmware/platform/spark/modules/eGUI/D4D/graphic_objects/d4d_check_box.h
.. /home/elco/repos/firmware/platform/spark/modules/eGUI/D4D/graphic_objects/d4d_gauge.h
.. /home/elco/repos/firmware/platform/spark/modules/eGUI/D4D/graphic_objects/d4d_slider.h
.. /home/elco/repos/firmware/platform/spark/modules/eGUI/D4D/graphic_objects/d4d_label.h
.. /home/elco/repos/firmware/platform/spark/modules/eGUI/D4D/graphic_objects/d4d_icon.h
.. /home/elco/repos/firmware/platform/spark/modules/eGUI/D4D/graphic_objects/d4d_menu.h
.. /home/elco/repos/firmware/platform/spark/modules/eGUI/D4D/graphic_objects/d4d_graph.h
.. /home/elco/repos/firmware/platform/spark/modules/eGUI/D4D/graphic_objects/d4d_scroll_bar.h
.. /home/elco/repos/firmware/platform/spark/modules/eGUI/D4D/graphic_objects/d4d_console.h
.. /home/elco/repos/firmware/platform/spark/modules/eGUI/D4D/graphic_objects/d4d_text_box.h
.. /home/elco/repos/firmware/platform/spark/modules/eGUI/D4D/graphic_objects/d4d_progress_bar.h
.. /home/elco/repos/firmware/platform/spark/modules/eGUI/D4D/graphic_objects/d4d_radio_button.h
.. /home/elco/repos/firmware/platform/spark/modules/eGUI/D4D/graphic_objects/d4d_group_box.h
.. /home/elco/repos/firmware/platform/spark/modules/eGUI/D4D/graphic_objects/d4d_list_box.h
.. /home/elco/repos/firmware/platform/spark/modules/eGUI/D4D/graphic_objects/d4d_edit_box.h
.. /home/elco/repos/firmware/platform/spark/modules/eGUI/D4D/graphic_objects/d4d_combo_box.h
. /home/elco/repos/firmware/platform/spark/modules/eGUI/D4D/common_files/d4d_lldapi.h
.. /home/elco/repos/firmware/platform/spark/modules/eGUI/D4D/d4d_user_cfg.h
.. /home/elco/repos/firmware/platform/spark/modules/eGUI/D4D/common_files/d4d_types.h
. /home/elco/repos/firmware/platform/spark/modules/eGUI/D4D/common_files/d4d_private.h
Multiple include guards may be useful for:
/home/elco/repos/firmware/platform/spark/modules/eGUI/D4D/d4d_id.h
. /home/elco/repos/firmware/platform/spark/modules/eGUI/D4D/d4d.h
.. /home/elco/repos/firmware/platform/spark/modules/eGUI/D4D/d4d_user_cfg.h
... /home/elco/repos/firmware/platform/spark/modules/eGUI/D4D/d4d_id.h
... /home/elco/repos/firmware/app/brewblox/display/d4d_user_cfg_app.h
.. /home/elco/repos/firmware/platform/spark/modules/eGUI/D4D/common_files/d4d_types.h
... /home/elco/repos/firmware/platform/spark/modules/eGUI/D4D/common_files/d4d_scheme.h
.. /home/elco/repos/firmware/platform/spark/modules/eGUI/D4D/common_files/d4d_base.h
.. /home/elco/repos/firmware/platform/spark/modules/eGUI/D4D/common_files/d4d_string.h
... /home/elco/repos/firmware/platform/spark/modules/eGUI/D4D/common_files/d4d_font.h
.. /home/elco/repos/firmware/platform/spark/modules/eGUI/D4D/common_files/d4d_basic_draw.h
.. /home/elco/repos/firmware/platform/spark/modules/eGUI/D4D/common_files/d4d_object.h
.. /home/elco/repos/firmware/platform/spark/modules/eGUI/D4D/common_files/d4d_low.h
.. /home/elco/repos/firmware/platform/spark/modules/eGUI/D4D/common_files/d4d_bmp.h
... /home/elco/repos/firmware/platform/spark/modules/eGUI/D4D/common_files/d4d_imgdec_d4dint.h
... /home/elco/repos/firmware/platform/spark/modules/eGUI/D4D/common_files/d4d_imgdec_d4d.h
... /home/elco/repos/firmware/platform/spark/modules/eGUI/D4D/common_files/d4d_imgdec_bmp.h
.. /home/elco/repos/firmware/platform/spark/modules/eGUI/D4D/common_files/d4d_extsrc.h
.. /home/elco/repos/firmware/platform/spark/modules/eGUI/D4D/common_files/d4d_font.h
.. /home/elco/repos/firmware/platform/spark/modules/eGUI/D4D/common_files/d4d_math.h
.. /home/elco/repos/firmware/platform/spark/modules/eGUI/D4D/common_files/d4d_scheme.h
.. /home/elco/repos/firmware/platform/spark/modules/eGUI/D4D/common_files/d4d_screen.h
.. /home/elco/repos/firmware/platform/spark/modules/eGUI/D4D/common_files/d4d_mouse.h
.. /home/elco/repos/firmware/platform/spark/modules/eGUI/D4D/graphic_objects/d4d_picture.h
.. /home/elco/repos/firmware/platform/spark/modules/eGUI/D4D/graphic_objects/d4d_button.h
.. /home/elco/repos/firmware/platform/spark/modules/eGUI/D4D/graphic_objects/d4d_check_box.h
.. /home/elco/repos/firmware/platform/spark/modules/eGUI/D4D/graphic_objects/d4d_gauge.h
.. /home/elco/repos/firmware/platform/spark/modules/eGUI/D4D/graphic_objects/d4d_slider.h
.. /home/elco/repos/firmware/platform/spark/modules/eGUI/D4D/graphic_objects/d4d_label.h
.. /home/elco/repos/firmware/platform/spark/modules/eGUI/D4D/graphic_objects/d4d_icon.h
.. /home/elco/repos/firmware/platform/spark/modules/eGUI/D4D/graphic_objects/d4d_menu.h
.. /home/elco/repos/firmware/platform/spark/modules/eGUI/D4D/graphic_objects/d4d_graph.h
.. /home/elco/repos/firmware/platform/spark/modules/eGUI/D4D/graphic_objects/d4d_scroll_bar.h
.. /home/elco/repos/firmware/platform/spark/modules/eGUI/D4D/graphic_objects/d4d_console.h
.. /home/elco/repos/firmware/platform/spark/modules/eGUI/D4D/graphic_objects/d4d_text_box.h
.. /home/elco/repos/firmware/platform/spark/modules/eGUI/D4D/graphic_objects/d4d_progress_bar.h
.. /home/elco/repos/firmware/platform/spark/modules/eGUI/D4D/graphic_objects/d4d_radio_button.h
.. /home/elco/repos/firmware/platform/spark/modules/eGUI/D4D/graphic_objects/d4d_group_box.h
.. /home/elco/repos/firmware/platform/spark/modules/eGUI/D4D/graphic_objects/d4d_list_box.h
.. /home/elco/repos/firmware/platform/spark/modules/eGUI/D4D/graphic_objects/d4d_edit_box.h
.. /home/elco/repos/firmware/platform/spark/modules/eGUI/D4D/graphic_objects/d4d_combo_box.h
. /home/elco/repos/firmware/platform/spark/modules/eGUI/D4D/common_files/d4d_lldapi.h
.. /home/elco/repos/firmware/platform/spark/modules/eGUI/D4D/d4d_user_cfg.h
.. /home/elco/repos/firmware/platform/spark/modules/eGUI/D4D/common_files/d4d_types.h
. /home/elco/repos/firmware/platform/spark/modules/eGUI/D4D/common_files/d4d_private.h
Multiple include guards may be useful for:
/home/elco/repos/firmware/platform/spark/modules/eGUI/D4D/d4d_id.h
. /home/elco/repos/firmware/platform/spark/modules/eGUI/D4D/d4d.h
.. /home/elco/repos/firmware/platform/spark/modules/eGUI/D4D/d4d_user_cfg.h
... /home/elco/repos/firmware/platform/spark/modules/eGUI/D4D/d4d_id.h
... /home/elco/repos/firmware/app/brewblox/display/d4d_user_cfg_app.h
.. /home/elco/repos/firmware/platform/spark/modules/eGUI/D4D/common_files/d4d_types.h
... /home/elco/repos/firmware/platform/spark/modules/eGUI/D4D/common_files/d4d_scheme.h
.. /home/elco/repos/firmware/platform/spark/modules/eGUI/D4D/common_files/d4d_base.h
.. /home/elco/repos/firmware/platform/spark/modules/eGUI/D4D/common_files/d4d_string.h
... /home/elco/repos/firmware/platform/spark/modules/eGUI/D4D/common_files/d4d_font.h
.. /home/elco/repos/firmware/platform/spark/modules/eGUI/D4D/common_files/d4d_basic_draw.h
.. /home/elco/repos/firmware/platform/spark/modules/eGUI/D4D/common_files/d4d_object.h
.. /home/elco/repos/firmware/platform/spark/modules/eGUI/D4D/common_files/d4d_low.h
.. /home/elco/repos/firmware/platform/spark/modules/eGUI/D4D/common_files/d4d_bmp.h
... /home/elco/repos/firmware/platform/spark/modules/eGUI/D4D/common_files/d4d_imgdec_d4dint.h
... /home/elco/repos/firmware/platform/spark/modules/eGUI/D4D/common_files/d4d_imgdec_d4d.h
... /home/elco/repos/firmware/platform/spark/modules/eGUI/D4D/common_files/d4d_imgdec_bmp.h
.. /home/elco/repos/firmware/platform/spark/modules/eGUI/D4D/common_files/d4d_extsrc.h
.. /home/elco/repos/firmware/platform/spark/modules/eGUI/D4D/common_files/d4d_font.h
.. /home/elco/repos/firmware/platform/spark/modules/eGUI/D4D/common_files/d4d_math.h
.. /home/elco/repos/firmware/platform/spark/modules/eGUI/D4D/common_files/d4d_scheme.h
.. /home/elco/repos/firmware/platform/spark/modules/eGUI/D4D/common_files/d4d_screen.h
.. /home/elco/repos/firmware/platform/spark/modules/eGUI/D4D/common_files/d4d_mouse.h
.. /home/elco/repos/firmware/platform/spark/modules/eGUI/D4D/graphic_objects/d4d_picture.h
.. /home/elco/repos/firmware/platform/spark/modules/eGUI/D4D/graphic_objects/d4d_button.h
.. /home/elco/repos/firmware/platform/spark/modules/eGUI/D4D/graphic_objects/d4d_check_box.h
.. /home/elco/repos/firmware/platform/spark/modules/eGUI/D4D/graphic_objects/d4d_gauge.h
.. /home/elco/repos/firmware/platform/spark/modules/eGUI/D4D/graphic_objects/d4d_slider.h
.. /home/elco/repos/firmware/platform/spark/modules/eGUI/D4D/graphic_objects/d4d_label.h
.. /home/elco/repos/firmware/platform/spark/modules/eGUI/D4D/graphic_objects/d4d_icon.h
.. /home/elco/repos/firmware/platform/spark/modules/eGUI/D4D/graphic_objects/d4d_menu.h
.. /home/elco/repos/firmware/platform/spark/modules/eGUI/D4D/graphic_objects/d4d_graph.h
.. /home/elco/repos/firmware/platform/spark/modules/eGUI/D4D/graphic_objects/d4d_scroll_bar.h
.. /home/elco/repos/firmware/platform/spark/modules/eGUI/D4D/graphic_objects/d4d_console.h
.. /home/elco/repos/firmware/platform/spark/modules/eGUI/D4D/graphic_objects/d4d_text_box.h
.. /home/elco/repos/firmware/platform/spark/modules/eGUI/D4D/graphic_objects/d4d_progress_bar.h
.. /home/elco/repos/firmware/platform/spark/modules/eGUI/D4D/graphic_objects/d4d_radio_button.h
.. /home/elco/repos/firmware/platform/spark/modules/eGUI/D4D/graphic_objects/d4d_group_box.h
.. /home/elco/repos/firmware/platform/spark/modules/eGUI/D4D/graphic_objects/d4d_list_box.h
.. /home/elco/repos/firmware/platform/spark/modules/eGUI/D4D/graphic_objects/d4d_edit_box.h
.. /home/elco/repos/firmware/platform/spark/modules/eGUI/D4D/graphic_objects/d4d_combo_box.h
. /home/elco/repos/firmware/platform/spark/modules/eGUI/D4D/common_files/d4d_lldapi.h
.. /home/elco/repos/firmware/platform/spark/modules/eGUI/D4D/d4d_user_cfg.h
.. /home/elco/repos/firmware/platform/spark/modules/eGUI/D4D/common_files/d4d_types.h
. /home/elco/repos/firmware/platform/spark/modules/eGUI/D4D/common_files/d4d_private.h
Multiple include guards may be useful for:
/home/elco/repos/firmware/platform/spark/modules/eGUI/D4D/d4d_id.h
. /home/elco/repos/firmware/platform/spark/modules/eGUI/D4D/d4d.h
.. /home/elco/repos/firmware/platform/spark/modules/eGUI/D4D/d4d_user_cfg.h
... /home/elco/repos/firmware/platform/spark/modules/eGUI/D4D/d4d_id.h
... /home/elco/repos/firmware/app/brewblox/display/d4d_user_cfg_app.h
.. /home/elco/repos/firmware/platform/spark/modules/eGUI/D4D/common_files/d4d_types.h
... /home/elco/repos/firmware/platform/spark/modules/eGUI/D4D/common_files/d4d_scheme.h
.. /home/elco/repos/firmware/platform/spark/modules/eGUI/D4D/common_files/d4d_base.h
.. /home/elco/repos/firmware/platform/spark/modules/eGUI/D4D/common_files/d4d_string.h
... /home/elco/repos/firmware/platform/spark/modules/eGUI/D4D/common_files/d4d_font.h
.. /home/elco/repos/firmware/platform/spark/modules/eGUI/D4D/common_files/d4d_basic_draw.h
.. /home/elco/repos/firmware/platform/spark/modules/eGUI/D4D/common_files/d4d_object.h
.. /home/elco/repos/firmware/platform/spark/modules/eGUI/D4D/common_files/d4d_low.h
.. /home/elco/repos/firmware/platform/spark/modules/eGUI/D4D/common_files/d4d_bmp.h
... /home/elco/repos/firmware/platform/spark/modules/eGUI/D4D/common_files/d4d_imgdec_d4dint.h
... /home/elco/repos/firmware/platform/spark/modules/eGUI/D4D/common_files/d4d_imgdec_d4d.h
... /home/elco/repos/firmware/platform/spark/modules/eGUI/D4D/common_files/d4d_imgdec_bmp.h
.. /home/elco/repos/firmware/platform/spark/modules/eGUI/D4D/common_files/d4d_extsrc.h
.. /home/elco/repos/firmware/platform/spark/modules/eGUI/D4D/common_files/d4d_font.h
.. /home/elco/repos/firmware/platform/spark/modules/eGUI/D4D/common_files/d4d_math.h
.. /home/elco/repos/firmware/platform/spark/modules/eGUI/D4D/common_files/d4d_scheme.h
.. /home/elco/repos/firmware/platform/spark/modules/eGUI/D4D/common_files/d4d_screen.h
.. /home/elco/repos/firmware/platform/spark/modules/eGUI/D4D/common_files/d4d_mouse.h
.. /home/elco/repos/firmware/platform/spark/modules/eGUI/D4D/graphic_objects/d4d_picture.h
.. /home/elco/repos/firmware/platform/spark/modules/eGUI/D4D/graphic_objects/d4d_button.h
.. /home/elco/repos/firmware/platform/spark/modules/eGUI/D4D/graphic_objects/d4d_check_box.h
.. /home/elco/repos/firmware/platform/spark/modules/eGUI/D4D/graphic_objects/d4d_gauge.h
.. /home/elco/repos/firmware/platform/spark/modules/eGUI/D4D/graphic_objects/d4d_slider.h
.. /home/elco/repos/firmware/platform/spark/modules/eGUI/D4D/graphic_objects/d4d_label.h
.. /home/elco/repos/firmware/platform/spark/modules/eGUI/D4D/graphic_objects/d4d_icon.h
.. /home/elco/repos/firmware/platform/spark/modules/eGUI/D4D/graphic_objects/d4d_menu.h
.. /home/elco/repos/firmware/platform/spark/modules/eGUI/D4D/graphic_objects/d4d_graph.h
.. /home/elco/repos/firmware/platform/spark/modules/eGUI/D4D/graphic_objects/d4d_scroll_bar.h
.. /home/elco/repos/firmware/platform/spark/modules/eGUI/D4D/graphic_objects/d4d_console.h
.. /home/elco/repos/firmware/platform/spark/modules/eGUI/D4D/graphic_objects/d4d_text_box.h
.. /home/elco/repos/firmware/platform/spark/modules/eGUI/D4D/graphic_objects/d4d_progress_bar.h
.. /home/elco/repos/firmware/platform/spark/modules/eGUI/D4D/graphic_objects/d4d_radio_button.h
.. /home/elco/repos/firmware/platform/spark/modules/eGUI/D4D/graphic_objects/d4d_group_box.h
.. /home/elco/repos/firmware/platform/spark/modules/eGUI/D4D/graphic_objects/d4d_list_box.h
.. /home/elco/repos/firmware/platform/spark/modules/eGUI/D4D/graphic_objects/d4d_edit_box.h
.. /home/elco/repos/firmware/platform/spark/modules/eGUI/D4D/graphic_objects/d4d_combo_box.h
. /home/elco/repos/firmware/platform/spark/modules/eGUI/D4D/common_files/d4d_lldapi.h
.. /home/elco/repos/firmware/platform/spark/modules/eGUI/D4D/d4d_user_cfg.h
.. /home/elco/repos/firmware/platform/spark/modules/eGUI/D4D/common_files/d4d_types.h
. /home/elco/repos/firmware/platform/spark/modules/eGUI/D4D/common_files/d4d_private.h
Multiple include guards may be useful for:
/home/elco/repos/firmware/platform/spark/modules/eGUI/D4D/d4d_id.h
. /home/elco/repos/firmware/platform/spark/modules/eGUI/D4D/d4d.h
.. /home/elco/repos/firmware/platform/spark/modules/eGUI/D4D/d4d_user_cfg.h
... /home/elco/repos/firmware/platform/spark/modules/eGUI/D4D/d4d_id.h
... /home/elco/repos/firmware/app/brewblox/display/d4d_user_cfg_app.h
.. /home/elco/repos/firmware/platform/spark/modules/eGUI/D4D/common_files/d4d_types.h
... /home/elco/repos/firmware/platform/spark/modules/eGUI/D4D/common_files/d4d_scheme.h
.. /home/elco/repos/firmware/platform/spark/modules/eGUI/D4D/common_files/d4d_base.h
.. /home/elco/repos/firmware/platform/spark/modules/eGUI/D4D/common_files/d4d_string.h
... /home/elco/repos/firmware/platform/spark/modules/eGUI/D4D/common_files/d4d_font.h
.. /home/elco/repos/firmware/platform/spark/modules/eGUI/D4D/common_files/d4d_basic_draw.h
.. /home/elco/repos/firmware/platform/spark/modules/eGUI/D4D/common_files/d4d_object.h
.. /home/elco/repos/firmware/platform/spark/modules/eGUI/D4D/common_files/d4d_low.h
.. /home/elco/repos/firmware/platform/spark/modules/eGUI/D4D/common_files/d4d_bmp.h
... /home/elco/repos/firmware/platform/spark/modules/eGUI/D4D/common_files/d4d_imgdec_d4dint.h
... /home/elco/repos/firmware/platform/spark/modules/eGUI/D4D/common_files/d4d_imgdec_d4d.h
... /home/elco/repos/firmware/platform/spark/modules/eGUI/D4D/common_files/d4d_imgdec_bmp.h
.. /home/elco/repos/firmware/platform/spark/modules/eGUI/D4D/common_files/d4d_extsrc.h
.. /home/elco/repos/firmware/platform/spark/modules/eGUI/D4D/common_files/d4d_font.h
.. /home/elco/repos/firmware/platform/spark/modules/eGUI/D4D/common_files/d4d_math.h
.. /home/elco/repos/firmware/platform/spark/modules/eGUI/D4D/common_files/d4d_scheme.h
.. /home/elco/repos/firmware/platform/spark/modules/eGUI/D4D/common_files/d4d_screen.h
.. /home/elco/repos/firmware/platform/spark/modules/eGUI/D4D/common_files/d4d_mouse.h
.. /home/elco/repos/firmware/platform/spark/modules/eGUI/D4D/graphic_objects/d4d_picture.h
.. /home/elco/repos/firmware/platform/spark/modules/eGUI/D4D/graphic_objects/d4d_button.h
.. /home/elco/repos/firmware/platform/spark/modules/eGUI/D4D/graphic_objects/d4d_check_box.h
.. /home/elco/repos/firmware/platform/spark/modules/eGUI/D4D/graphic_objects/d4d_gauge.h
.. /home/elco/repos/firmware/platform/spark/modules/eGUI/D4D/graphic_objects/d4d_slider.h
.. /home/elco/repos/firmware/platform/spark/modules/eGUI/D4D/graphic_objects/d4d_label.h
.. /home/elco/repos/firmware/platform/spark/modules/eGUI/D4D/graphic_objects/d4d_icon.h
.. /home/elco/repos/firmware/platform/spark/modules/eGUI/D4D/graphic_objects/d4d_menu.h
.. /home/elco/repos/firmware/platform/spark/modules/eGUI/D4D/graphic_objects/d4d_graph.h
.. /home/elco/repos/firmware/platform/spark/modules/eGUI/D4D/graphic_objects/d4d_scroll_bar.h
.. /home/elco/repos/firmware/platform/spark/modules/eGUI/D4D/graphic_objects/d4d_console.h
.. /home/elco/repos/firmware/platform/spark/modules/eGUI/D4D/graphic_objects/d4d_text_box.h
.. /home/elco/repos/firmware/platform/spark/modules/eGUI/D4D/graphic_objects/d4d_progress_bar.h
.. /home/elco/repos/firmware/platform/spark/modules/eGUI/D4D/graphic_objects/d4d_radio_button.h
.. /home/elco/repos/firmware/platform/spark/modules/eGUI/D4D/graphic_objects/d4d_group_box.h
.. /home/elco/repos/firmware/platform/spark/modules/eGUI/D4D/graphic_objects/d4d_list_box.h
.. /home/elco/repos/firmware/platform/spark/modules/eGUI/D4D/graphic_objects/d4d_edit_box.h
.. /home/elco/repos/firmware/platform/spark/modules/eGUI/D4D/graphic_objects/d4d_combo_box.h
. /home/elco/repos/firmware/platform/spark/modules/eGUI/D4D/common_files/d4d_lldapi.h
.. /home/elco/repos/firmware/platform/spark/modules/eGUI/D4D/d4d_user_cfg.h
.. /home/elco/repos/firmware/platform/spark/modules/eGUI/D4D/common_files/d4d_types.h
. /home/elco/repos/firmware/platform/spark/modules/eGUI/D4D/common_files/d4d_private.h
Multiple include guards may be useful for:
/home/elco/repos/firmware/platform/spark/modules/eGUI/D4D/d4d_id.h
. /home/elco/repos/firmware/platform/spark/modules/eGUI/D4D/d4d.h
.. /home/elco/repos/firmware/platform/spark/modules/eGUI/D4D/d4d_user_cfg.h
... /home/elco/repos/firmware/platform/spark/modules/eGUI/D4D/d4d_id.h
... /home/elco/repos/firmware/app/brewblox/display/d4d_user_cfg_app.h
.. /home/elco/repos/firmware/platform/spark/modules/eGUI/D4D/common_files/d4d_types.h
... /home/elco/repos/firmware/platform/spark/modules/eGUI/D4D/common_files/d4d_scheme.h
.. /home/elco/repos/firmware/platform/spark/modules/eGUI/D4D/common_files/d4d_base.h
.. /home/elco/repos/firmware/platform/spark/modules/eGUI/D4D/common_files/d4d_string.h
... /home/elco/repos/firmware/platform/spark/modules/eGUI/D4D/common_files/d4d_font.h
.. /home/elco/repos/firmware/platform/spark/modules/eGUI/D4D/common_files/d4d_basic_draw.h
.. /home/elco/repos/firmware/platform/spark/modules/eGUI/D4D/common_files/d4d_object.h
.. /home/elco/repos/firmware/platform/spark/modules/eGUI/D4D/common_files/d4d_low.h
.. /home/elco/repos/firmware/platform/spark/modules/eGUI/D4D/common_files/d4d_bmp.h
... /home/elco/repos/firmware/platform/spark/modules/eGUI/D4D/common_files/d4d_imgdec_d4dint.h
... /home/elco/repos/firmware/platform/spark/modules/eGUI/D4D/common_files/d4d_imgdec_d4d.h
... /home/elco/repos/firmware/platform/spark/modules/eGUI/D4D/common_files/d4d_imgdec_bmp.h
.. /home/elco/repos/firmware/platform/spark/modules/eGUI/D4D/common_files/d4d_extsrc.h
.. /home/elco/repos/firmware/platform/spark/modules/eGUI/D4D/common_files/d4d_font.h
.. /home/elco/repos/firmware/platform/spark/modules/eGUI/D4D/common_files/d4d_math.h
.. /home/elco/repos/firmware/platform/spark/modules/eGUI/D4D/common_files/d4d_scheme.h
.. /home/elco/repos/firmware/platform/spark/modules/eGUI/D4D/common_files/d4d_screen.h
.. /home/elco/repos/firmware/platform/spark/modules/eGUI/D4D/common_files/d4d_mouse.h
.. /home/elco/repos/firmware/platform/spark/modules/eGUI/D4D/graphic_objects/d4d_picture.h
.. /home/elco/repos/firmware/platform/spark/modules/eGUI/D4D/graphic_objects/d4d_button.h
.. /home/elco/repos/firmware/platform/spark/modules/eGUI/D4D/graphic_objects/d4d_check_box.h
.. /home/elco/repos/firmware/platform/spark/modules/eGUI/D4D/graphic_objects/d4d_gauge.h
.. /home/elco/repos/firmware/platform/spark/modules/eGUI/D4D/graphic_objects/d4d_slider.h
.. /home/elco/repos/firmware/platform/spark/modules/eGUI/D4D/graphic_objects/d4d_label.h
.. /home/elco/repos/firmware/platform/spark/modules/eGUI/D4D/graphic_objects/d4d_icon.h
.. /home/elco/repos/firmware/platform/spark/modules/eGUI/D4D/graphic_objects/d4d_menu.h
.. /home/elco/repos/firmware/platform/spark/modules/eGUI/D4D/graphic_objects/d4d_graph.h
.. /home/elco/repos/firmware/platform/spark/modules/eGUI/D4D/graphic_objects/d4d_scroll_bar.h
.. /home/elco/repos/firmware/platform/spark/modules/eGUI/D4D/graphic_objects/d4d_console.h
.. /home/elco/repos/firmware/platform/spark/modules/eGUI/D4D/graphic_objects/d4d_text_box.h
.. /home/elco/repos/firmware/platform/spark/modules/eGUI/D4D/graphic_objects/d4d_progress_bar.h
.. /home/elco/repos/firmware/platform/spark/modules/eGUI/D4D/graphic_objects/d4d_radio_button.h
.. /home/elco/repos/firmware/platform/spark/modules/eGUI/D4D/graphic_objects/d4d_group_box.h
.. /home/elco/repos/firmware/platform/spark/modules/eGUI/D4D/graphic_objects/d4d_list_box.h
.. /home/elco/repos/firmware/platform/spark/modules/eGUI/D4D/graphic_objects/d4d_edit_box.h
.. /home/elco/repos/firmware/platform/spark/modules/eGUI/D4D/graphic_objects/d4d_combo_box.h
. /home/elco/repos/firmware/platform/spark/modules/eGUI/D4D/common_files/d4d_lldapi.h
.. /home/elco/repos/firmware/platform/spark/modules/eGUI/D4D/d4d_user_cfg.h
.. /home/elco/repos/firmware/platform/spark/modules/eGUI/D4D/common_files/d4d_types.h
. /home/elco/repos/firmware/platform/spark/modules/eGUI/D4D/common_files/d4d_private.h
Multiple include guards may be useful for:
/home/elco/repos/firmware/platform/spark/modules/eGUI/D4D/d4d_id.h
. /home/elco/repos/firmware/platform/spark/modules/eGUI/D4D/d4d.h
.. /home/elco/repos/firmware/platform/spark/modules/eGUI/D4D/d4d_user_cfg.h
... /home/elco/repos/firmware/platform/spark/modules/eGUI/D4D/d4d_id.h
... /home/elco/repos/firmware/app/brewblox/display/d4d_user_cfg_app.h
.. /home/elco/repos/firmware/platform/spark/modules/eGUI/D4D/common_files/d4d_types.h
... /home/elco/repos/firmware/platform/spark/modules/eGUI/D4D/common_files/d4d_scheme.h
.. /home/elco/repos/firmware/platform/spark/modules/eGUI/D4D/common_files/d4d_base.h
.. /home/elco/repos/firmware/platform/spark/modules/eGUI/D4D/common_files/d4d_string.h
... /home/elco/repos/firmware/platform/spark/modules/eGUI/D4D/common_files/d4d_font.h
.. /home/elco/repos/firmware/platform/spark/modules/eGUI/D4D/common_files/d4d_basic_draw.h
.. /home/elco/repos/firmware/platform/spark/modules/eGUI/D4D/common_files/d4d_object.h
.. /home/elco/repos/firmware/platform/spark/modules/eGUI/D4D/common_files/d4d_low.h
.. /home/elco/repos/firmware/platform/spark/modules/eGUI/D4D/common_files/d4d_bmp.h
... /home/elco/repos/firmware/platform/spark/modules/eGUI/D4D/common_files/d4d_imgdec_d4dint.h
... /home/elco/repos/firmware/platform/spark/modules/eGUI/D4D/common_files/d4d_imgdec_d4d.h
... /home/elco/repos/firmware/platform/spark/modules/eGUI/D4D/common_files/d4d_imgdec_bmp.h
.. /home/elco/repos/firmware/platform/spark/modules/eGUI/D4D/common_files/d4d_extsrc.h
.. /home/elco/repos/firmware/platform/spark/modules/eGUI/D4D/common_files/d4d_font.h
.. /home/elco/repos/firmware/platform/spark/modules/eGUI/D4D/common_files/d4d_math.h
.. /home/elco/repos/firmware/platform/spark/modules/eGUI/D4D/common_files/d4d_scheme.h
.. /home/elco/repos/firmware/platform/spark/modules/eGUI/D4D/common_files/d4d_screen.h
.. /home/elco/repos/firmware/platform/spark/modules/eGUI/D4D/common_files/d4d_mouse.h
.. /home/elco/repos/firmware/platform/spark/modules/eGUI/D4D/graphic_objects/d4d_picture.h
.. /home/elco/repos/firmware/platform/spark/modules/eGUI/D4D/graphic_objects/d4d_button.h
.. /home/elco/repos/firmware/platform/spark/modules/eGUI/D4D/graphic_objects/d4d_check_box.h
.. /home/elco/repos/firmware/platform/spark/modules/eGUI/D4D/graphic_objects/d4d_gauge.h
.. /home/elco/repos/firmware/platform/spark/modules/eGUI/D4D/graphic_objects/d4d_slider.h
.. /home/elco/repos/firmware/platform/spark/modules/eGUI/D4D/graphic_objects/d4d_label.h
.. /home/elco/repos/firmware/platform/spark/modules/eGUI/D4D/graphic_objects/d4d_icon.h
.. /home/elco/repos/firmware/platform/spark/modules/eGUI/D4D/graphic_objects/d4d_menu.h
.. /home/elco/repos/firmware/platform/spark/modules/eGUI/D4D/graphic_objects/d4d_graph.h
.. /home/elco/repos/firmware/platform/spark/modules/eGUI/D4D/graphic_objects/d4d_scroll_bar.h
.. /home/elco/repos/firmware/platform/spark/modules/eGUI/D4D/graphic_objects/d4d_console.h
.. /home/elco/repos/firmware/platform/spark/modules/eGUI/D4D/graphic_objects/d4d_text_box.h
.. /home/elco/repos/firmware/platform/spark/modules/eGUI/D4D/graphic_objects/d4d_progress_bar.h
.. /home/elco/repos/firmware/platform/spark/modules/eGUI/D4D/graphic_objects/d4d_radio_button.h
.. /home/elco/repos/firmware/platform/spark/modules/eGUI/D4D/graphic_objects/d4d_group_box.h
.. /home/elco/repos/firmware/platform/spark/modules/eGUI/D4D/graphic_objects/d4d_list_box.h
.. /home/elco/repos/firmware/platform/spark/modules/eGUI/D4D/graphic_objects/d4d_edit_box.h
.. /home/elco/repos/firmware/platform/spark/modules/eGUI/D4D/graphic_objects/d4d_combo_box.h
. /home/elco/repos/firmware/platform/spark/modules/eGUI/D4D/common_files/d4d_lldapi.h
.. /home/elco/repos/firmware/platform/spark/modules/eGUI/D4D/d4d_user_cfg.h
.. /home/elco/repos/firmware/platform/spark/modules/eGUI/D4D/common_files/d4d_types.h
. /home/elco/repos/firmware/platform/spark/modules/eGUI/D4D/common_files/d4d_private.h
Multiple include guards may be useful for:
/home/elco/repos/firmware/platform/spark/modules/eGUI/D4D/d4d_id.h
. /home/elco/repos/firmware/platform/spark/modules/eGUI/D4D/d4d.h
.. /home/elco/repos/firmware/platform/spark/modules/eGUI/D4D/d4d_user_cfg.h
... /home/elco/repos/firmware/platform/spark/modules/eGUI/D4D/d4d_id.h
... /home/elco/repos/firmware/app/brewblox/display/d4d_user_cfg_app.h
.. /home/elco/repos/firmware/platform/spark/modules/eGUI/D4D/common_files/d4d_types.h
... /home/elco/repos/firmware/platform/spark/modules/eGUI/D4D/common_files/d4d_scheme.h
.. /home/elco/repos/firmware/platform/spark/modules/eGUI/D4D/common_files/d4d_base.h
.. /home/elco/repos/firmware/platform/spark/modules/eGUI/D4D/common_files/d4d_string.h
... /home/elco/repos/firmware/platform/spark/modules/eGUI/D4D/common_files/d4d_font.h
.. /home/elco/repos/firmware/platform/spark/modules/eGUI/D4D/common_files/d4d_basic_draw.h
.. /home/elco/repos/firmware/platform/spark/modules/eGUI/D4D/common_files/d4d_object.h
.. /home/elco/repos/firmware/platform/spark/modules/eGUI/D4D/common_files/d4d_low.h
.. /home/elco/repos/firmware/platform/spark/modules/eGUI/D4D/common_files/d4d_bmp.h
... /home/elco/repos/firmware/platform/spark/modules/eGUI/D4D/common_files/d4d_imgdec_d4dint.h
... /home/elco/repos/firmware/platform/spark/modules/eGUI/D4D/common_files/d4d_imgdec_d4d.h
... /home/elco/repos/firmware/platform/spark/modules/eGUI/D4D/common_files/d4d_imgdec_bmp.h
.. /home/elco/repos/firmware/platform/spark/modules/eGUI/D4D/common_files/d4d_extsrc.h
.. /home/elco/repos/firmware/platform/spark/modules/eGUI/D4D/common_files/d4d_font.h
.. /home/elco/repos/firmware/platform/spark/modules/eGUI/D4D/common_files/d4d_math.h
.. /home/elco/repos/firmware/platform/spark/modules/eGUI/D4D/common_files/d4d_scheme.h
.. /home/elco/repos/firmware/platform/spark/modules/eGUI/D4D/common_files/d4d_screen.h
.. /home/elco/repos/firmware/platform/spark/modules/eGUI/D4D/common_files/d4d_mouse.h
.. /home/elco/repos/firmware/platform/spark/modules/eGUI/D4D/graphic_objects/d4d_picture.h
.. /home/elco/repos/firmware/platform/spark/modules/eGUI/D4D/graphic_objects/d4d_button.h
.. /home/elco/repos/firmware/platform/spark/modules/eGUI/D4D/graphic_objects/d4d_check_box.h
.. /home/elco/repos/firmware/platform/spark/modules/eGUI/D4D/graphic_objects/d4d_gauge.h
.. /home/elco/repos/firmware/platform/spark/modules/eGUI/D4D/graphic_objects/d4d_slider.h
.. /home/elco/repos/firmware/platform/spark/modules/eGUI/D4D/graphic_objects/d4d_label.h
.. /home/elco/repos/firmware/platform/spark/modules/eGUI/D4D/graphic_objects/d4d_icon.h
.. /home/elco/repos/firmware/platform/spark/modules/eGUI/D4D/graphic_objects/d4d_menu.h
.. /home/elco/repos/firmware/platform/spark/modules/eGUI/D4D/graphic_objects/d4d_graph.h
.. /home/elco/repos/firmware/platform/spark/modules/eGUI/D4D/graphic_objects/d4d_scroll_bar.h
.. /home/elco/repos/firmware/platform/spark/modules/eGUI/D4D/graphic_objects/d4d_console.h
.. /home/elco/repos/firmware/platform/spark/modules/eGUI/D4D/graphic_objects/d4d_text_box.h
.. /home/elco/repos/firmware/platform/spark/modules/eGUI/D4D/graphic_objects/d4d_progress_bar.h
.. /home/elco/repos/firmware/platform/spark/modules/eGUI/D4D/graphic_objects/d4d_radio_button.h
.. /home/elco/repos/firmware/platform/spark/modules/eGUI/D4D/graphic_objects/d4d_group_box.h
.. /home/elco/repos/firmware/platform/spark/modules/eGUI/D4D/graphic_objects/d4d_list_box.h
.. /home/elco/repos/firmware/platform/spark/modules/eGUI/D4D/graphic_objects/d4d_edit_box.h
.. /home/elco/repos/firmware/platform/spark/modules/eGUI/D4D/graphic_objects/d4d_combo_box.h
. /home/elco/repos/firmware/platform/spark/modules/eGUI/D4D/common_files/d4d_lldapi.h
.. /home/elco/repos/firmware/platform/spark/modules/eGUI/D4D/d4d_user_cfg.h
.. /home/elco/repos/firmware/platform/spark/modules/eGUI/D4D/common_files/d4d_types.h
. /home/elco/repos/firmware/platform/spark/modules/eGUI/D4D/common_files/d4d_private.h
Multiple include guards may be useful for:
/home/elco/repos/firmware/platform/spark/modules/eGUI/D4D/d4d_id.h
. /home/elco/repos/firmware/platform/spark/modules/eGUI/D4D/d4d.h
.. /home/elco/repos/firmware/platform/spark/modules/eGUI/D4D/d4d_user_cfg.h
... /home/elco/repos/firmware/platform/spark/modules/eGUI/D4D/d4d_id.h
... /home/elco/repos/firmware/app/brewblox/display/d4d_user_cfg_app.h
.. /home/elco/repos/firmware/platform/spark/modules/eGUI/D4D/common_files/d4d_types.h
... /home/elco/repos/firmware/platform/spark/modules/eGUI/D4D/common_files/d4d_scheme.h
.. /home/elco/repos/firmware/platform/spark/modules/eGUI/D4D/common_files/d4d_base.h
.. /home/elco/repos/firmware/platform/spark/modules/eGUI/D4D/common_files/d4d_string.h
... /home/elco/repos/firmware/platform/spark/modules/eGUI/D4D/common_files/d4d_font.h
.. /home/elco/repos/firmware/platform/spark/modules/eGUI/D4D/common_files/d4d_basic_draw.h
.. /home/elco/repos/firmware/platform/spark/modules/eGUI/D4D/common_files/d4d_object.h
.. /home/elco/repos/firmware/platform/spark/modules/eGUI/D4D/common_files/d4d_low.h
.. /home/elco/repos/firmware/platform/spark/modules/eGUI/D4D/common_files/d4d_bmp.h
... /home/elco/repos/firmware/platform/spark/modules/eGUI/D4D/common_files/d4d_imgdec_d4dint.h
... /home/elco/repos/firmware/platform/spark/modules/eGUI/D4D/common_files/d4d_imgdec_d4d.h
... /home/elco/repos/firmware/platform/spark/modules/eGUI/D4D/common_files/d4d_imgdec_bmp.h
.. /home/elco/repos/firmware/platform/spark/modules/eGUI/D4D/common_files/d4d_extsrc.h
.. /home/elco/repos/firmware/platform/spark/modules/eGUI/D4D/common_files/d4d_font.h
.. /home/elco/repos/firmware/platform/spark/modules/eGUI/D4D/common_files/d4d_math.h
.. /home/elco/repos/firmware/platform/spark/modules/eGUI/D4D/common_files/d4d_scheme.h
.. /home/elco/repos/firmware/platform/spark/modules/eGUI/D4D/common_files/d4d_screen.h
.. /home/elco/repos/firmware/platform/spark/modules/eGUI/D4D/common_files/d4d_mouse.h
.. /home/elco/repos/firmware/platform/spark/modules/eGUI/D4D/graphic_objects/d4d_picture.h
.. /home/elco/repos/firmware/platform/spark/modules/eGUI/D4D/graphic_objects/d4d_button.h
.. /home/elco/repos/firmware/platform/spark/modules/eGUI/D4D/graphic_objects/d4d_check_box.h
.. /home/elco/repos/firmware/platform/spark/modules/eGUI/D4D/graphic_objects/d4d_gauge.h
.. /home/elco/repos/firmware/platform/spark/modules/eGUI/D4D/graphic_objects/d4d_slider.h
.. /home/elco/repos/firmware/platform/spark/modules/eGUI/D4D/graphic_objects/d4d_label.h
.. /home/elco/repos/firmware/platform/spark/modules/eGUI/D4D/graphic_objects/d4d_icon.h
.. /home/elco/repos/firmware/platform/spark/modules/eGUI/D4D/graphic_objects/d4d_menu.h
.. /home/elco/repos/firmware/platform/spark/modules/eGUI/D4D/graphic_objects/d4d_graph.h
.. /home/elco/repos/firmware/platform/spark/modules/eGUI/D4D/graphic_objects/d4d_scroll_bar.h
.. /home/elco/repos/firmware/platform/spark/modules/eGUI/D4D/graphic_objects/d4d_console.h
.. /home/elco/repos/firmware/platform/spark/modules/eGUI/D4D/graphic_objects/d4d_text_box.h
.. /home/elco/repos/firmware/platform/spark/modules/eGUI/D4D/graphic_objects/d4d_progress_bar.h
.. /home/elco/repos/firmware/platform/spark/modules/eGUI/D4D/graphic_objects/d4d_radio_button.h
.. /home/elco/repos/firmware/platform/spark/modules/eGUI/D4D/graphic_objects/d4d_group_box.h
.. /home/elco/repos/firmware/platform/spark/modules/eGUI/D4D/graphic_objects/d4d_list_box.h
.. /home/elco/repos/firmware/platform/spark/modules/eGUI/D4D/graphic_objects/d4d_edit_box.h
.. /home/elco/repos/firmware/platform/spark/modules/eGUI/D4D/graphic_objects/d4d_combo_box.h
. /home/elco/repos/firmware/platform/spark/modules/eGUI/D4D/common_files/d4d_lldapi.h
.. /home/elco/repos/firmware/platform/spark/modules/eGUI/D4D/d4d_user_cfg.h
.. /home/elco/repos/firmware/platform/spark/modules/eGUI/D4D/common_files/d4d_types.h
. /home/elco/repos/firmware/platform/spark/modules/eGUI/D4D/common_files/d4d_private.h
Multiple include guards may be useful for:
/home/elco/repos/firmware/platform/spark/modules/eGUI/D4D/d4d_id.h
. /home/elco/repos/firmware/platform/spark/modules/eGUI/D4D/d4d.h
.. /home/elco/repos/firmware/platform/spark/modules/eGUI/D4D/d4d_user_cfg.h
... /home/elco/repos/firmware/platform/spark/modules/eGUI/D4D/d4d_id.h
... /home/elco/repos/firmware/app/brewblox/display/d4d_user_cfg_app.h
.. /home/elco/repos/firmware/platform/spark/modules/eGUI/D4D/common_files/d4d_types.h
... /home/elco/repos/firmware/platform/spark/modules/eGUI/D4D/common_files/d4d_scheme.h
.. /home/elco/repos/firmware/platform/spark/modules/eGUI/D4D/common_files/d4d_base.h
.. /home/elco/repos/firmware/platform/spark/modules/eGUI/D4D/common_files/d4d_string.h
... /home/elco/repos/firmware/platform/spark/modules/eGUI/D4D/common_files/d4d_font.h
.. /home/elco/repos/firmware/platform/spark/modules/eGUI/D4D/common_files/d4d_basic_draw.h
.. /home/elco/repos/firmware/platform/spark/modules/eGUI/D4D/common_files/d4d_object.h
.. /home/elco/repos/firmware/platform/spark/modules/eGUI/D4D/common_files/d4d_low.h
.. /home/elco/repos/firmware/platform/spark/modules/eGUI/D4D/common_files/d4d_bmp.h
... /home/elco/repos/firmware/platform/spark/modules/eGUI/D4D/common_files/d4d_imgdec_d4dint.h
... /home/elco/repos/firmware/platform/spark/modules/eGUI/D4D/common_files/d4d_imgdec_d4d.h
... /home/elco/repos/firmware/platform/spark/modules/eGUI/D4D/common_files/d4d_imgdec_bmp.h
.. /home/elco/repos/firmware/platform/spark/modules/eGUI/D4D/common_files/d4d_extsrc.h
.. /home/elco/repos/firmware/platform/spark/modules/eGUI/D4D/common_files/d4d_font.h
.. /home/elco/repos/firmware/platform/spark/modules/eGUI/D4D/common_files/d4d_math.h
.. /home/elco/repos/firmware/platform/spark/modules/eGUI/D4D/common_files/d4d_scheme.h
.. /home/elco/repos/firmware/platform/spark/modules/eGUI/D4D/common_files/d4d_screen.h
.. /home/elco/repos/firmware/platform/spark/modules/eGUI/D4D/common_files/d4d_mouse.h
.. /home/elco/repos/firmware/platform/spark/modules/eGUI/D4D/graphic_objects/d4d_picture.h
.. /home/elco/repos/firmware/platform/spark/modules/eGUI/D4D/graphic_objects/d4d_button.h
.. /home/elco/repos/firmware/platform/spark/modules/eGUI/D4D/graphic_objects/d4d_check_box.h
.. /home/elco/repos/firmware/platform/spark/modules/eGUI/D4D/graphic_objects/d4d_gauge.h
.. /home/elco/repos/firmware/platform/spark/modules/eGUI/D4D/graphic_objects/d4d_slider.h
.. /home/elco/repos/firmware/platform/spark/modules/eGUI/D4D/graphic_objects/d4d_label.h
.. /home/elco/repos/firmware/platform/spark/modules/eGUI/D4D/graphic_objects/d4d_icon.h
.. /home/elco/repos/firmware/platform/spark/modules/eGUI/D4D/graphic_objects/d4d_menu.h
.. /home/elco/repos/firmware/platform/spark/modules/eGUI/D4D/graphic_objects/d4d_graph.h
.. /home/elco/repos/firmware/platform/spark/modules/eGUI/D4D/graphic_objects/d4d_scroll_bar.h
.. /home/elco/repos/firmware/platform/spark/modules/eGUI/D4D/graphic_objects/d4d_console.h
.. /home/elco/repos/firmware/platform/spark/modules/eGUI/D4D/graphic_objects/d4d_text_box.h
.. /home/elco/repos/firmware/platform/spark/modules/eGUI/D4D/graphic_objects/d4d_progress_bar.h
.. /home/elco/repos/firmware/platform/spark/modules/eGUI/D4D/graphic_objects/d4d_radio_button.h
.. /home/elco/repos/firmware/platform/spark/modules/eGUI/D4D/graphic_objects/d4d_group_box.h
.. /home/elco/repos/firmware/platform/spark/modules/eGUI/D4D/graphic_objects/d4d_list_box.h
.. /home/elco/repos/firmware/platform/spark/modules/eGUI/D4D/graphic_objects/d4d_edit_box.h
.. /home/elco/repos/firmware/platform/spark/modules/eGUI/D4D/graphic_objects/d4d_combo_box.h
. /home/elco/repos/firmware/platform/spark/modules/eGUI/D4D/common_files/d4d_lldapi.h
.. /home/elco/repos/firmware/platform/spark/modules/eGUI/D4D/d4d_user_cfg.h
.. /home/elco/repos/firmware/platform/spark/modules/eGUI/D4D/common_files/d4d_types.h
. /home/elco/repos/firmware/platform/spark/modules/eGUI/D4D/common_files/d4d_private.h
Multiple include guards may be useful for:
/home/elco/repos/firmware/platform/spark/modules/eGUI/D4D/d4d_id.h
. /home/elco/repos/firmware/platform/spark/modules/eGUI/D4D/d4d.h
.. /home/elco/repos/firmware/platform/spark/modules/eGUI/D4D/d4d_user_cfg.h
... /home/elco/repos/firmware/platform/spark/modules/eGUI/D4D/d4d_id.h
... /home/elco/repos/firmware/app/brewblox/display/d4d_user_cfg_app.h
.. /home/elco/repos/firmware/platform/spark/modules/eGUI/D4D/common_files/d4d_types.h
... /home/elco/repos/firmware/platform/spark/modules/eGUI/D4D/common_files/d4d_scheme.h
.. /home/elco/repos/firmware/platform/spark/modules/eGUI/D4D/common_files/d4d_base.h
.. /home/elco/repos/firmware/platform/spark/modules/eGUI/D4D/common_files/d4d_string.h
... /home/elco/repos/firmware/platform/spark/modules/eGUI/D4D/common_files/d4d_font.h
.. /home/elco/repos/firmware/platform/spark/modules/eGUI/D4D/common_files/d4d_basic_draw.h
.. /home/elco/repos/firmware/platform/spark/modules/eGUI/D4D/common_files/d4d_object.h
.. /home/elco/repos/firmware/platform/spark/modules/eGUI/D4D/common_files/d4d_low.h
.. /home/elco/repos/firmware/platform/spark/modules/eGUI/D4D/common_files/d4d_bmp.h
... /home/elco/repos/firmware/platform/spark/modules/eGUI/D4D/common_files/d4d_imgdec_d4dint.h
... /home/elco/repos/firmware/platform/spark/modules/eGUI/D4D/common_files/d4d_imgdec_d4d.h
... /home/elco/repos/firmware/platform/spark/modules/eGUI/D4D/common_files/d4d_imgdec_bmp.h
.. /home/elco/repos/firmware/platform/spark/modules/eGUI/D4D/common_files/d4d_extsrc.h
.. /home/elco/repos/firmware/platform/spark/modules/eGUI/D4D/common_files/d4d_font.h
.. /home/elco/repos/firmware/platform/spark/modules/eGUI/D4D/common_files/d4d_math.h
.. /home/elco/repos/firmware/platform/spark/modules/eGUI/D4D/common_files/d4d_scheme.h
.. /home/elco/repos/firmware/platform/spark/modules/eGUI/D4D/common_files/d4d_screen.h
.. /home/elco/repos/firmware/platform/spark/modules/eGUI/D4D/common_files/d4d_mouse.h
.. /home/elco/repos/firmware/platform/spark/modules/eGUI/D4D/graphic_objects/d4d_picture.h
.. /home/elco/repos/firmware/platform/spark/modules/eGUI/D4D/graphic_objects/d4d_button.h
.. /home/elco/repos/firmware/platform/spark/modules/eGUI/D4D/graphic_objects/d4d_check_box.h
.. /home/elco/repos/firmware/platform/spark/modules/eGUI/D4D/graphic_objects/d4d_gauge.h
.. /home/elco/repos/firmware/platform/spark/modules/eGUI/D4D/graphic_objects/d4d_slider.h
.. /home/elco/repos/firmware/platform/spark/modules/eGUI/D4D/graphic_objects/d4d_label.h
.. /home/elco/repos/firmware/platform/spark/modules/eGUI/D4D/graphic_objects/d4d_icon.h
.. /home/elco/repos/firmware/platform/spark/modules/eGUI/D4D/graphic_objects/d4d_menu.h
.. /home/elco/repos/firmware/platform/spark/modules/eGUI/D4D/graphic_objects/d4d_graph.h
.. /home/elco/repos/firmware/platform/spark/modules/eGUI/D4D/graphic_objects/d4d_scroll_bar.h
.. /home/elco/repos/firmware/platform/spark/modules/eGUI/D4D/graphic_objects/d4d_console.h
.. /home/elco/repos/firmware/platform/spark/modules/eGUI/D4D/graphic_objects/d4d_text_box.h
.. /home/elco/repos/firmware/platform/spark/modules/eGUI/D4D/graphic_objects/d4d_progress_bar.h
.. /home/elco/repos/firmware/platform/spark/modules/eGUI/D4D/graphic_objects/d4d_radio_button.h
.. /home/elco/repos/firmware/platform/spark/modules/eGUI/D4D/graphic_objects/d4d_group_box.h
.. /home/elco/repos/firmware/platform/spark/modules/eGUI/D4D/graphic_objects/d4d_list_box.h
.. /home/elco/repos/firmware/platform/spark/modules/eGUI/D4D/graphic_objects/d4d_edit_box.h
.. /home/elco/repos/firmware/platform/spark/modules/eGUI/D4D/graphic_objects/d4d_combo_box.h
. /home/elco/repos/firmware/platform/spark/modules/eGUI/D4D/common_files/d4d_lldapi.h
.. /home/elco/repos/firmware/platform/spark/modules/eGUI/D4D/d4d_user_cfg.h
.. /home/elco/repos/firmware/platform/spark/modules/eGUI/D4D/common_files/d4d_types.h
. /home/elco/repos/firmware/platform/spark/modules/eGUI/D4D/common_files/d4d_private.h
Multiple include guards may be useful for:
/home/elco/repos/firmware/platform/spark/modules/eGUI/D4D/d4d_id.h
. /home/elco/repos/firmware/platform/spark/modules/eGUI/D4D/d4d.h
.. /home/elco/repos/firmware/platform/spark/modules/eGUI/D4D/d4d_user_cfg.h
... /home/elco/repos/firmware/platform/spark/modules/eGUI/D4D/d4d_id.h
... /home/elco/repos/firmware/app/brewblox/display/d4d_user_cfg_app.h
.. /home/elco/repos/firmware/platform/spark/modules/eGUI/D4D/common_files/d4d_types.h
... /home/elco/repos/firmware/platform/spark/modules/eGUI/D4D/common_files/d4d_scheme.h
.. /home/elco/repos/firmware/platform/spark/modules/eGUI/D4D/common_files/d4d_base.h
.. /home/elco/repos/firmware/platform/spark/modules/eGUI/D4D/common_files/d4d_string.h
... /home/elco/repos/firmware/platform/spark/modules/eGUI/D4D/common_files/d4d_font.h
.. /home/elco/repos/firmware/platform/spark/modules/eGUI/D4D/common_files/d4d_basic_draw.h
.. /home/elco/repos/firmware/platform/spark/modules/eGUI/D4D/common_files/d4d_object.h
.. /home/elco/repos/firmware/platform/spark/modules/eGUI/D4D/common_files/d4d_low.h
.. /home/elco/repos/firmware/platform/spark/modules/eGUI/D4D/common_files/d4d_bmp.h
... /home/elco/repos/firmware/platform/spark/modules/eGUI/D4D/common_files/d4d_imgdec_d4dint.h
... /home/elco/repos/firmware/platform/spark/modules/eGUI/D4D/common_files/d4d_imgdec_d4d.h
... /home/elco/repos/firmware/platform/spark/modules/eGUI/D4D/common_files/d4d_imgdec_bmp.h
.. /home/elco/repos/firmware/platform/spark/modules/eGUI/D4D/common_files/d4d_extsrc.h
.. /home/elco/repos/firmware/platform/spark/modules/eGUI/D4D/common_files/d4d_font.h
.. /home/elco/repos/firmware/platform/spark/modules/eGUI/D4D/common_files/d4d_math.h
.. /home/elco/repos/firmware/platform/spark/modules/eGUI/D4D/common_files/d4d_scheme.h
.. /home/elco/repos/firmware/platform/spark/modules/eGUI/D4D/common_files/d4d_screen.h
.. /home/elco/repos/firmware/platform/spark/modules/eGUI/D4D/common_files/d4d_mouse.h
.. /home/elco/repos/firmware/platform/spark/modules/eGUI/D4D/graphic_objects/d4d_picture.h
.. /home/elco/repos/firmware/platform/spark/modules/eGUI/D4D/graphic_objects/d4d_button.h
.. /home/elco/repos/firmware/platform/spark/modules/eGUI/D4D/graphic_objects/d4d_check_box.h
.. /home/elco/repos/firmware/platform/spark/modules/eGUI/D4D/graphic_objects/d4d_gauge.h
.. /home/elco/repos/firmware/platform/spark/modules/eGUI/D4D/graphic_objects/d4d_slider.h
.. /home/elco/repos/firmware/platform/spark/modules/eGUI/D4D/graphic_objects/d4d_label.h
.. /home/elco/repos/firmware/platform/spark/modules/eGUI/D4D/graphic_objects/d4d_icon.h
.. /home/elco/repos/firmware/platform/spark/modules/eGUI/D4D/graphic_objects/d4d_menu.h
.. /home/elco/repos/firmware/platform/spark/modules/eGUI/D4D/graphic_objects/d4d_graph.h
.. /home/elco/repos/firmware/platform/spark/modules/eGUI/D4D/graphic_objects/d4d_scroll_bar.h
.. /home/elco/repos/firmware/platform/spark/modules/eGUI/D4D/graphic_objects/d4d_console.h
.. /home/elco/repos/firmware/platform/spark/modules/eGUI/D4D/graphic_objects/d4d_text_box.h
.. /home/elco/repos/firmware/platform/spark/modules/eGUI/D4D/graphic_objects/d4d_progress_bar.h
.. /home/elco/repos/firmware/platform/spark/modules/eGUI/D4D/graphic_objects/d4d_radio_button.h
.. /home/elco/repos/firmware/platform/spark/modules/eGUI/D4D/graphic_objects/d4d_group_box.h
.. /home/elco/repos/firmware/platform/spark/modules/eGUI/D4D/graphic_objects/d4d_list_box.h
.. /home/elco/repos/firmware/platform/spark/modules/eGUI/D4D/graphic_objects/d4d_edit_box.h
.. /home/elco/repos/firmware/platform/spark/modules/eGUI/D4D/graphic_objects/d4d_combo_box.h
. /home/elco/repos/firmware/platform/spark/modules/eGUI/D4D/common_files/d4d_lldapi.h
.. /home/elco/repos/firmware/platform/spark/modules/eGUI/D4D/d4d_user_cfg.h
.. /home/elco/repos/firmware/platform/spark/modules/eGUI/D4D/common_files/d4d_types.h
. /home/elco/repos/firmware/platform/spark/modules/eGUI/D4D/common_files/d4d_private.h
Multiple include guards may be useful for:
/home/elco/repos/firmware/platform/spark/modules/eGUI/D4D/d4d_id.h
. /home/elco/repos/firmware/platform/spark/modules/eGUI/D4D/d4d.h
.. /home/elco/repos/firmware/platform/spark/modules/eGUI/D4D/d4d_user_cfg.h
... /home/elco/repos/firmware/platform/spark/modules/eGUI/D4D/d4d_id.h
... /home/elco/repos/firmware/app/brewblox/display/d4d_user_cfg_app.h
.. /home/elco/repos/firmware/platform/spark/modules/eGUI/D4D/common_files/d4d_types.h
... /home/elco/repos/firmware/platform/spark/modules/eGUI/D4D/common_files/d4d_scheme.h
.. /home/elco/repos/firmware/platform/spark/modules/eGUI/D4D/common_files/d4d_base.h
.. /home/elco/repos/firmware/platform/spark/modules/eGUI/D4D/common_files/d4d_string.h
... /home/elco/repos/firmware/platform/spark/modules/eGUI/D4D/common_files/d4d_font.h
.. /home/elco/repos/firmware/platform/spark/modules/eGUI/D4D/common_files/d4d_basic_draw.h
.. /home/elco/repos/firmware/platform/spark/modules/eGUI/D4D/common_files/d4d_object.h
.. /home/elco/repos/firmware/platform/spark/modules/eGUI/D4D/common_files/d4d_low.h
.. /home/elco/repos/firmware/platform/spark/modules/eGUI/D4D/common_files/d4d_bmp.h
... /home/elco/repos/firmware/platform/spark/modules/eGUI/D4D/common_files/d4d_imgdec_d4dint.h
... /home/elco/repos/firmware/platform/spark/modules/eGUI/D4D/common_files/d4d_imgdec_d4d.h
... /home/elco/repos/firmware/platform/spark/modules/eGUI/D4D/common_files/d4d_imgdec_bmp.h
.. /home/elco/repos/firmware/platform/spark/modules/eGUI/D4D/common_files/d4d_extsrc.h
.. /home/elco/repos/firmware/platform/spark/modules/eGUI/D4D/common_files/d4d_font.h
.. /home/elco/repos/firmware/platform/spark/modules/eGUI/D4D/common_files/d4d_math.h
.. /home/elco/repos/firmware/platform/spark/modules/eGUI/D4D/common_files/d4d_scheme.h
.. /home/elco/repos/firmware/platform/spark/modules/eGUI/D4D/common_files/d4d_screen.h
.. /home/elco/repos/firmware/platform/spark/modules/eGUI/D4D/common_files/d4d_mouse.h
.. /home/elco/repos/firmware/platform/spark/modules/eGUI/D4D/graphic_objects/d4d_picture.h
.. /home/elco/repos/firmware/platform/spark/modules/eGUI/D4D/graphic_objects/d4d_button.h
.. /home/elco/repos/firmware/platform/spark/modules/eGUI/D4D/graphic_objects/d4d_check_box.h
.. /home/elco/repos/firmware/platform/spark/modules/eGUI/D4D/graphic_objects/d4d_gauge.h
.. /home/elco/repos/firmware/platform/spark/modules/eGUI/D4D/graphic_objects/d4d_slider.h
.. /home/elco/repos/firmware/platform/spark/modules/eGUI/D4D/graphic_objects/d4d_label.h
.. /home/elco/repos/firmware/platform/spark/modules/eGUI/D4D/graphic_objects/d4d_icon.h
.. /home/elco/repos/firmware/platform/spark/modules/eGUI/D4D/graphic_objects/d4d_menu.h
.. /home/elco/repos/firmware/platform/spark/modules/eGUI/D4D/graphic_objects/d4d_graph.h
.. /home/elco/repos/firmware/platform/spark/modules/eGUI/D4D/graphic_objects/d4d_scroll_bar.h
.. /home/elco/repos/firmware/platform/spark/modules/eGUI/D4D/graphic_objects/d4d_console.h
.. /home/elco/repos/firmware/platform/spark/modules/eGUI/D4D/graphic_objects/d4d_text_box.h
.. /home/elco/repos/firmware/platform/spark/modules/eGUI/D4D/graphic_objects/d4d_progress_bar.h
.. /home/elco/repos/firmware/platform/spark/modules/eGUI/D4D/graphic_objects/d4d_radio_button.h
.. /home/elco/repos/firmware/platform/spark/modules/eGUI/D4D/graphic_objects/d4d_group_box.h
.. /home/elco/repos/firmware/platform/spark/modules/eGUI/D4D/graphic_objects/d4d_list_box.h
.. /home/elco/repos/firmware/platform/spark/modules/eGUI/D4D/graphic_objects/d4d_edit_box.h
.. /home/elco/repos/firmware/platform/spark/modules/eGUI/D4D/graphic_objects/d4d_combo_box.h
. /home/elco/repos/firmware/platform/spark/modules/eGUI/D4D/common_files/d4d_lldapi.h
.. /home/elco/repos/firmware/platform/spark/modules/eGUI/D4D/d4d_user_cfg.h
.. /home/elco/repos/firmware/platform/spark/modules/eGUI/D4D/common_files/d4d_types.h
. /home/elco/repos/firmware/platform/spark/modules/eGUI/D4D/common_files/d4d_private.h
Multiple include guards may be useful for:
/home/elco/repos/firmware/platform/spark/modules/eGUI/D4D/d4d_id.h
. /home/elco/repos/firmware/platform/spark/modules/eGUI/D4D/d4d.h
.. /home/elco/repos/firmware/platform/spark/modules/eGUI/D4D/d4d_user_cfg.h
... /home/elco/repos/firmware/platform/spark/modules/eGUI/D4D/d4d_id.h
... /home/elco/repos/firmware/app/brewblox/display/d4d_user_cfg_app.h
.. /home/elco/repos/firmware/platform/spark/modules/eGUI/D4D/common_files/d4d_types.h
... /home/elco/repos/firmware/platform/spark/modules/eGUI/D4D/common_files/d4d_scheme.h
.. /home/elco/repos/firmware/platform/spark/modules/eGUI/D4D/common_files/d4d_base.h
.. /home/elco/repos/firmware/platform/spark/modules/eGUI/D4D/common_files/d4d_string.h
... /home/elco/repos/firmware/platform/spark/modules/eGUI/D4D/common_files/d4d_font.h
.. /home/elco/repos/firmware/platform/spark/modules/eGUI/D4D/common_files/d4d_basic_draw.h
.. /home/elco/repos/firmware/platform/spark/modules/eGUI/D4D/common_files/d4d_object.h
.. /home/elco/repos/firmware/platform/spark/modules/eGUI/D4D/common_files/d4d_low.h
.. /home/elco/repos/firmware/platform/spark/modules/eGUI/D4D/common_files/d4d_bmp.h
... /home/elco/repos/firmware/platform/spark/modules/eGUI/D4D/common_files/d4d_imgdec_d4dint.h
... /home/elco/repos/firmware/platform/spark/modules/eGUI/D4D/common_files/d4d_imgdec_d4d.h
... /home/elco/repos/firmware/platform/spark/modules/eGUI/D4D/common_files/d4d_imgdec_bmp.h
.. /home/elco/repos/firmware/platform/spark/modules/eGUI/D4D/common_files/d4d_extsrc.h
.. /home/elco/repos/firmware/platform/spark/modules/eGUI/D4D/common_files/d4d_font.h
.. /home/elco/repos/firmware/platform/spark/modules/eGUI/D4D/common_files/d4d_math.h
.. /home/elco/repos/firmware/platform/spark/modules/eGUI/D4D/common_files/d4d_scheme.h
.. /home/elco/repos/firmware/platform/spark/modules/eGUI/D4D/common_files/d4d_screen.h
.. /home/elco/repos/firmware/platform/spark/modules/eGUI/D4D/common_files/d4d_mouse.h
.. /home/elco/repos/firmware/platform/spark/modules/eGUI/D4D/graphic_objects/d4d_picture.h
.. /home/elco/repos/firmware/platform/spark/modules/eGUI/D4D/graphic_objects/d4d_button.h
.. /home/elco/repos/firmware/platform/spark/modules/eGUI/D4D/graphic_objects/d4d_check_box.h
.. /home/elco/repos/firmware/platform/spark/modules/eGUI/D4D/graphic_objects/d4d_gauge.h
.. /home/elco/repos/firmware/platform/spark/modules/eGUI/D4D/graphic_objects/d4d_slider.h
.. /home/elco/repos/firmware/platform/spark/modules/eGUI/D4D/graphic_objects/d4d_label.h
.. /home/elco/repos/firmware/platform/spark/modules/eGUI/D4D/graphic_objects/d4d_icon.h
.. /home/elco/repos/firmware/platform/spark/modules/eGUI/D4D/graphic_objects/d4d_menu.h
.. /home/elco/repos/firmware/platform/spark/modules/eGUI/D4D/graphic_objects/d4d_graph.h
.. /home/elco/repos/firmware/platform/spark/modules/eGUI/D4D/graphic_objects/d4d_scroll_bar.h
.. /home/elco/repos/firmware/platform/spark/modules/eGUI/D4D/graphic_objects/d4d_console.h
.. /home/elco/repos/firmware/platform/spark/modules/eGUI/D4D/graphic_objects/d4d_text_box.h
.. /home/elco/repos/firmware/platform/spark/modules/eGUI/D4D/graphic_objects/d4d_progress_bar.h
.. /home/elco/repos/firmware/platform/spark/modules/eGUI/D4D/graphic_objects/d4d_radio_button.h
.. /home/elco/repos/firmware/platform/spark/modules/eGUI/D4D/graphic_objects/d4d_group_box.h
.. /home/elco/repos/firmware/platform/spark/modules/eGUI/D4D/graphic_objects/d4d_list_box.h
.. /home/elco/repos/firmware/platform/spark/modules/eGUI/D4D/graphic_objects/d4d_edit_box.h
.. /home/elco/repos/firmware/platform/spark/modules/eGUI/D4D/graphic_objects/d4d_combo_box.h
. /home/elco/repos/firmware/platform/spark/modules/eGUI/D4D/common_files/d4d_lldapi.h
.. /home/elco/repos/firmware/platform/spark/modules/eGUI/D4D/d4d_user_cfg.h
.. /home/elco/repos/firmware/platform/spark/modules/eGUI/D4D/common_files/d4d_types.h
. /home/elco/repos/firmware/platform/spark/modules/eGUI/D4D/common_files/d4d_private.h
Multiple include guards may be useful for:
/home/elco/repos/firmware/platform/spark/modules/eGUI/D4D/d4d_id.h
. /home/elco/repos/firmware/platform/spark/modules/eGUI/D4D/d4d.h
.. /home/elco/repos/firmware/platform/spark/modules/eGUI/D4D/d4d_user_cfg.h
... /home/elco/repos/firmware/platform/spark/modules/eGUI/D4D/d4d_id.h
... /home/elco/repos/firmware/app/brewblox/display/d4d_user_cfg_app.h
.. /home/elco/repos/firmware/platform/spark/modules/eGUI/D4D/common_files/d4d_types.h
... /home/elco/repos/firmware/platform/spark/modules/eGUI/D4D/common_files/d4d_scheme.h
.. /home/elco/repos/firmware/platform/spark/modules/eGUI/D4D/common_files/d4d_base.h
.. /home/elco/repos/firmware/platform/spark/modules/eGUI/D4D/common_files/d4d_string.h
... /home/elco/repos/firmware/platform/spark/modules/eGUI/D4D/common_files/d4d_font.h
.. /home/elco/repos/firmware/platform/spark/modules/eGUI/D4D/common_files/d4d_basic_draw.h
.. /home/elco/repos/firmware/platform/spark/modules/eGUI/D4D/common_files/d4d_object.h
.. /home/elco/repos/firmware/platform/spark/modules/eGUI/D4D/common_files/d4d_low.h
.. /home/elco/repos/firmware/platform/spark/modules/eGUI/D4D/common_files/d4d_bmp.h
... /home/elco/repos/firmware/platform/spark/modules/eGUI/D4D/common_files/d4d_imgdec_d4dint.h
... /home/elco/repos/firmware/platform/spark/modules/eGUI/D4D/common_files/d4d_imgdec_d4d.h
... /home/elco/repos/firmware/platform/spark/modules/eGUI/D4D/common_files/d4d_imgdec_bmp.h
.. /home/elco/repos/firmware/platform/spark/modules/eGUI/D4D/common_files/d4d_extsrc.h
.. /home/elco/repos/firmware/platform/spark/modules/eGUI/D4D/common_files/d4d_font.h
.. /home/elco/repos/firmware/platform/spark/modules/eGUI/D4D/common_files/d4d_math.h
.. /home/elco/repos/firmware/platform/spark/modules/eGUI/D4D/common_files/d4d_scheme.h
.. /home/elco/repos/firmware/platform/spark/modules/eGUI/D4D/common_files/d4d_screen.h
.. /home/elco/repos/firmware/platform/spark/modules/eGUI/D4D/common_files/d4d_mouse.h
.. /home/elco/repos/firmware/platform/spark/modules/eGUI/D4D/graphic_objects/d4d_picture.h
.. /home/elco/repos/firmware/platform/spark/modules/eGUI/D4D/graphic_objects/d4d_button.h
.. /home/elco/repos/firmware/platform/spark/modules/eGUI/D4D/graphic_objects/d4d_check_box.h
.. /home/elco/repos/firmware/platform/spark/modules/eGUI/D4D/graphic_objects/d4d_gauge.h
.. /home/elco/repos/firmware/platform/spark/modules/eGUI/D4D/graphic_objects/d4d_slider.h
.. /home/elco/repos/firmware/platform/spark/modules/eGUI/D4D/graphic_objects/d4d_label.h
.. /home/elco/repos/firmware/platform/spark/modules/eGUI/D4D/graphic_objects/d4d_icon.h
.. /home/elco/repos/firmware/platform/spark/modules/eGUI/D4D/graphic_objects/d4d_menu.h
.. /home/elco/repos/firmware/platform/spark/modules/eGUI/D4D/graphic_objects/d4d_graph.h
.. /home/elco/repos/firmware/platform/spark/modules/eGUI/D4D/graphic_objects/d4d_scroll_bar.h
.. /home/elco/repos/firmware/platform/spark/modules/eGUI/D4D/graphic_objects/d4d_console.h
.. /home/elco/repos/firmware/platform/spark/modules/eGUI/D4D/graphic_objects/d4d_text_box.h
.. /home/elco/repos/firmware/platform/spark/modules/eGUI/D4D/graphic_objects/d4d_progress_bar.h
.. /home/elco/repos/firmware/platform/spark/modules/eGUI/D4D/graphic_objects/d4d_radio_button.h
.. /home/elco/repos/firmware/platform/spark/modules/eGUI/D4D/graphic_objects/d4d_group_box.h
.. /home/elco/repos/firmware/platform/spark/modules/eGUI/D4D/graphic_objects/d4d_list_box.h
.. /home/elco/repos/firmware/platform/spark/modules/eGUI/D4D/graphic_objects/d4d_edit_box.h
.. /home/elco/repos/firmware/platform/spark/modules/eGUI/D4D/graphic_objects/d4d_combo_box.h
. /home/elco/repos/firmware/platform/spark/modules/eGUI/D4D/common_files/d4d_lldapi.h
.. /home/elco/repos/firmware/platform/spark/modules/eGUI/D4D/d4d_user_cfg.h
.. /home/elco/repos/firmware/platform/spark/modules/eGUI/D4D/common_files/d4d_types.h
. /home/elco/repos/firmware/platform/spark/modules/eGUI/D4D/common_files/d4d_private.h
. /home/elco/repos/firmware/platform/spark/modules/eGUI/D4D/low_level_drivers/LCD/lcd_controllers_drivers/frame_buffer/d4dlcd_frame_buffer.h
. /home/elco/repos/firmware/platform/spark/modules/eGUI/D4D/low_level_drivers/LCD/lcd_hw_interface/common_drivers/d4dlcdhw_common.h
Multiple include guards may be useful for:
/home/elco/repos/firmware/platform/spark/modules/eGUI/D4D/d4d_id.h
. /home/elco/repos/firmware/platform/spark/modules/eGUI/D4D/d4d.h
.. /home/elco/repos/firmware/platform/spark/modules/eGUI/D4D/d4d_user_cfg.h
... /home/elco/repos/firmware/platform/spark/modules/eGUI/D4D/d4d_id.h
... /home/elco/repos/firmware/app/brewblox/display/d4d_user_cfg_app.h
.. /home/elco/repos/firmware/platform/spark/modules/eGUI/D4D/common_files/d4d_types.h
... /home/elco/repos/firmware/platform/spark/modules/eGUI/D4D/common_files/d4d_scheme.h
.. /home/elco/repos/firmware/platform/spark/modules/eGUI/D4D/common_files/d4d_base.h
.. /home/elco/repos/firmware/platform/spark/modules/eGUI/D4D/common_files/d4d_string.h
... /home/elco/repos/firmware/platform/spark/modules/eGUI/D4D/common_files/d4d_font.h
.. /home/elco/repos/firmware/platform/spark/modules/eGUI/D4D/common_files/d4d_basic_draw.h
.. /home/elco/repos/firmware/platform/spark/modules/eGUI/D4D/common_files/d4d_object.h
.. /home/elco/repos/firmware/platform/spark/modules/eGUI/D4D/common_files/d4d_low.h
.. /home/elco/repos/firmware/platform/spark/modules/eGUI/D4D/common_files/d4d_bmp.h
... /home/elco/repos/firmware/platform/spark/modules/eGUI/D4D/common_files/d4d_imgdec_d4dint.h
... /home/elco/repos/firmware/platform/spark/modules/eGUI/D4D/common_files/d4d_imgdec_d4d.h
... /home/elco/repos/firmware/platform/spark/modules/eGUI/D4D/common_files/d4d_imgdec_bmp.h
.. /home/elco/repos/firmware/platform/spark/modules/eGUI/D4D/common_files/d4d_extsrc.h
.. /home/elco/repos/firmware/platform/spark/modules/eGUI/D4D/common_files/d4d_font.h
.. /home/elco/repos/firmware/platform/spark/modules/eGUI/D4D/common_files/d4d_math.h
.. /home/elco/repos/firmware/platform/spark/modules/eGUI/D4D/common_files/d4d_scheme.h
.. /home/elco/repos/firmware/platform/spark/modules/eGUI/D4D/common_files/d4d_screen.h
.. /home/elco/repos/firmware/platform/spark/modules/eGUI/D4D/common_files/d4d_mouse.h
.. /home/elco/repos/firmware/platform/spark/modules/eGUI/D4D/graphic_objects/d4d_picture.h
.. /home/elco/repos/firmware/platform/spark/modules/eGUI/D4D/graphic_objects/d4d_button.h
.. /home/elco/repos/firmware/platform/spark/modules/eGUI/D4D/graphic_objects/d4d_check_box.h
.. /home/elco/repos/firmware/platform/spark/modules/eGUI/D4D/graphic_objects/d4d_gauge.h
.. /home/elco/repos/firmware/platform/spark/modules/eGUI/D4D/graphic_objects/d4d_slider.h
.. /home/elco/repos/firmware/platform/spark/modules/eGUI/D4D/graphic_objects/d4d_label.h
.. /home/elco/repos/firmware/platform/spark/modules/eGUI/D4D/graphic_objects/d4d_icon.h
.. /home/elco/repos/firmware/platform/spark/modules/eGUI/D4D/graphic_objects/d4d_menu.h
.. /home/elco/repos/firmware/platform/spark/modules/eGUI/D4D/graphic_objects/d4d_graph.h
.. /home/elco/repos/firmware/platform/spark/modules/eGUI/D4D/graphic_objects/d4d_scroll_bar.h
.. /home/elco/repos/firmware/platform/spark/modules/eGUI/D4D/graphic_objects/d4d_console.h
.. /home/elco/repos/firmware/platform/spark/modules/eGUI/D4D/graphic_objects/d4d_text_box.h
.. /home/elco/repos/firmware/platform/spark/modules/eGUI/D4D/graphic_objects/d4d_progress_bar.h
.. /home/elco/repos/firmware/platform/spark/modules/eGUI/D4D/graphic_objects/d4d_radio_button.h
.. /home/elco/repos/firmware/platform/spark/modules/eGUI/D4D/graphic_objects/d4d_group_box.h
.. /home/elco/repos/firmware/platform/spark/modules/eGUI/D4D/graphic_objects/d4d_list_box.h
.. /home/elco/repos/firmware/platform/spark/modules/eGUI/D4D/graphic_objects/d4d_edit_box.h
.. /home/elco/repos/firmware/platform/spark/modules/eGUI/D4D/graphic_objects/d4d_combo_box.h
. /home/elco/repos/firmware/platform/spark/modules/eGUI/D4D/common_files/d4d_lldapi.h
.. /home/elco/repos/firmware/platform/spark/modules/eGUI/D4D/d4d_user_cfg.h
.. /home/elco/repos/firmware/platform/spark/modules/eGUI/D4D/common_files/d4d_types.h
. /home/elco/repos/firmware/platform/spark/modules/eGUI/D4D/common_files/d4d_private.h
Multiple include guards may be useful for:
/home/elco/repos/firmware/platform/spark/modules/eGUI/D4D/d4d_id.h
. /home/elco/repos/firmware/platform/spark/modules/eGUI/D4D/d4d.h
.. /home/elco/repos/firmware/platform/spark/modules/eGUI/D4D/d4d_user_cfg.h
... /home/elco/repos/firmware/platform/spark/modules/eGUI/D4D/d4d_id.h
... /home/elco/repos/firmware/app/brewblox/display/d4d_user_cfg_app.h
.. /home/elco/repos/firmware/platform/spark/modules/eGUI/D4D/common_files/d4d_types.h
... /home/elco/repos/firmware/platform/spark/modules/eGUI/D4D/common_files/d4d_scheme.h
.. /home/elco/repos/firmware/platform/spark/modules/eGUI/D4D/common_files/d4d_base.h
.. /home/elco/repos/firmware/platform/spark/modules/eGUI/D4D/common_files/d4d_string.h
... /home/elco/repos/firmware/platform/spark/modules/eGUI/D4D/common_files/d4d_font.h
.. /home/elco/repos/firmware/platform/spark/modules/eGUI/D4D/common_files/d4d_basic_draw.h
.. /home/elco/repos/firmware/platform/spark/modules/eGUI/D4D/common_files/d4d_object.h
.. /home/elco/repos/firmware/platform/spark/modules/eGUI/D4D/common_files/d4d_low.h
.. /home/elco/repos/firmware/platform/spark/modules/eGUI/D4D/common_files/d4d_bmp.h
... /home/elco/repos/firmware/platform/spark/modules/eGUI/D4D/common_files/d4d_imgdec_d4dint.h
... /home/elco/repos/firmware/platform/spark/modules/eGUI/D4D/common_files/d4d_imgdec_d4d.h
... /home/elco/repos/firmware/platform/spark/modules/eGUI/D4D/common_files/d4d_imgdec_bmp.h
.. /home/elco/repos/firmware/platform/spark/modules/eGUI/D4D/common_files/d4d_extsrc.h
.. /home/elco/repos/firmware/platform/spark/modules/eGUI/D4D/common_files/d4d_font.h
.. /home/elco/repos/firmware/platform/spark/modules/eGUI/D4D/common_files/d4d_math.h
.. /home/elco/repos/firmware/platform/spark/modules/eGUI/D4D/common_files/d4d_scheme.h
.. /home/elco/repos/firmware/platform/spark/modules/eGUI/D4D/common_files/d4d_screen.h
.. /home/elco/repos/firmware/platform/spark/modules/eGUI/D4D/common_files/d4d_mouse.h
.. /home/elco/repos/firmware/platform/spark/modules/eGUI/D4D/graphic_objects/d4d_picture.h
.. /home/elco/repos/firmware/platform/spark/modules/eGUI/D4D/graphic_objects/d4d_button.h
.. /home/elco/repos/firmware/platform/spark/modules/eGUI/D4D/graphic_objects/d4d_check_box.h
.. /home/elco/repos/firmware/platform/spark/modules/eGUI/D4D/graphic_objects/d4d_gauge.h
.. /home/elco/repos/firmware/platform/spark/modules/eGUI/D4D/graphic_objects/d4d_slider.h
.. /home/elco/repos/firmware/platform/spark/modules/eGUI/D4D/graphic_objects/d4d_label.h
.. /home/elco/repos/firmware/platform/spark/modules/eGUI/D4D/graphic_objects/d4d_icon.h
.. /home/elco/repos/firmware/platform/spark/modules/eGUI/D4D/graphic_objects/d4d_menu.h
.. /home/elco/repos/firmware/platform/spark/modules/eGUI/D4D/graphic_objects/d4d_graph.h
.. /home/elco/repos/firmware/platform/spark/modules/eGUI/D4D/graphic_objects/d4d_scroll_bar.h
.. /home/elco/repos/firmware/platform/spark/modules/eGUI/D4D/graphic_objects/d4d_console.h
.. /home/elco/repos/firmware/platform/spark/modules/eGUI/D4D/graphic_objects/d4d_text_box.h
.. /home/elco/repos/firmware/platform/spark/modules/eGUI/D4D/graphic_objects/d4d_progress_bar.h
.. /home/elco/repos/firmware/platform/spark/modules/eGUI/D4D/graphic_objects/d4d_radio_button.h
.. /home/elco/repos/firmware/platform/spark/modules/eGUI/D4D/graphic_objects/d4d_group_box.h
.. /home/elco/repos/firmware/platform/spark/modules/eGUI/D4D/graphic_objects/d4d_list_box.h
.. /home/elco/repos/firmware/platform/spark/modules/eGUI/D4D/graphic_objects/d4d_edit_box.h
.. /home/elco/repos/firmware/platform/spark/modules/eGUI/D4D/graphic_objects/d4d_combo_box.h
. /home/elco/repos/firmware/platform/spark/modules/eGUI/D4D/common_files/d4d_lldapi.h
.. /home/elco/repos/firmware/platform/spark/modules/eGUI/D4D/d4d_user_cfg.h
.. /home/elco/repos/firmware/platform/spark/modules/eGUI/D4D/common_files/d4d_types.h
. /home/elco/repos/firmware/platform/spark/modules/eGUI/D4D/common_files/d4d_private.h
Multiple include guards may be useful for:
/home/elco/repos/firmware/platform/spark/modules/eGUI/D4D/d4d_id.h
. /home/elco/repos/firmware/platform/spark/modules/eGUI/D4D/d4d.h
.. /home/elco/repos/firmware/platform/spark/modules/eGUI/D4D/d4d_user_cfg.h
... /home/elco/repos/firmware/platform/spark/modules/eGUI/D4D/d4d_id.h
... /home/elco/repos/firmware/app/brewblox/display/d4d_user_cfg_app.h
.. /home/elco/repos/firmware/platform/spark/modules/eGUI/D4D/common_files/d4d_types.h
... /home/elco/repos/firmware/platform/spark/modules/eGUI/D4D/common_files/d4d_scheme.h
.. /home/elco/repos/firmware/platform/spark/modules/eGUI/D4D/common_files/d4d_base.h
.. /home/elco/repos/firmware/platform/spark/modules/eGUI/D4D/common_files/d4d_string.h
... /home/elco/repos/firmware/platform/spark/modules/eGUI/D4D/common_files/d4d_font.h
.. /home/elco/repos/firmware/platform/spark/modules/eGUI/D4D/common_files/d4d_basic_draw.h
.. /home/elco/repos/firmware/platform/spark/modules/eGUI/D4D/common_files/d4d_object.h
.. /home/elco/repos/firmware/platform/spark/modules/eGUI/D4D/common_files/d4d_low.h
.. /home/elco/repos/firmware/platform/spark/modules/eGUI/D4D/common_files/d4d_bmp.h
... /home/elco/repos/firmware/platform/spark/modules/eGUI/D4D/common_files/d4d_imgdec_d4dint.h
... /home/elco/repos/firmware/platform/spark/modules/eGUI/D4D/common_files/d4d_imgdec_d4d.h
... /home/elco/repos/firmware/platform/spark/modules/eGUI/D4D/common_files/d4d_imgdec_bmp.h
.. /home/elco/repos/firmware/platform/spark/modules/eGUI/D4D/common_files/d4d_extsrc.h
.. /home/elco/repos/firmware/platform/spark/modules/eGUI/D4D/common_files/d4d_font.h
.. /home/elco/repos/firmware/platform/spark/modules/eGUI/D4D/common_files/d4d_math.h
.. /home/elco/repos/firmware/platform/spark/modules/eGUI/D4D/common_files/d4d_scheme.h
.. /home/elco/repos/firmware/platform/spark/modules/eGUI/D4D/common_files/d4d_screen.h
.. /home/elco/repos/firmware/platform/spark/modules/eGUI/D4D/common_files/d4d_mouse.h
.. /home/elco/repos/firmware/platform/spark/modules/eGUI/D4D/graphic_objects/d4d_picture.h
.. /home/elco/repos/firmware/platform/spark/modules/eGUI/D4D/graphic_objects/d4d_button.h
.. /home/elco/repos/firmware/platform/spark/modules/eGUI/D4D/graphic_objects/d4d_check_box.h
.. /home/elco/repos/firmware/platform/spark/modules/eGUI/D4D/graphic_objects/d4d_gauge.h
.. /home/elco/repos/firmware/platform/spark/modules/eGUI/D4D/graphic_objects/d4d_slider.h
.. /home/elco/repos/firmware/platform/spark/modules/eGUI/D4D/graphic_objects/d4d_label.h
.. /home/elco/repos/firmware/platform/spark/modules/eGUI/D4D/graphic_objects/d4d_icon.h
.. /home/elco/repos/firmware/platform/spark/modules/eGUI/D4D/graphic_objects/d4d_menu.h
.. /home/elco/repos/firmware/platform/spark/modules/eGUI/D4D/graphic_objects/d4d_graph.h
.. /home/elco/repos/firmware/platform/spark/modules/eGUI/D4D/graphic_objects/d4d_scroll_bar.h
.. /home/elco/repos/firmware/platform/spark/modules/eGUI/D4D/graphic_objects/d4d_console.h
.. /home/elco/repos/firmware/platform/spark/modules/eGUI/D4D/graphic_objects/d4d_text_box.h
.. /home/elco/repos/firmware/platform/spark/modules/eGUI/D4D/graphic_objects/d4d_progress_bar.h
.. /home/elco/repos/firmware/platform/spark/modules/eGUI/D4D/graphic_objects/d4d_radio_button.h
.. /home/elco/repos/firmware/platform/spark/modules/eGUI/D4D/graphic_objects/d4d_group_box.h
.. /home/elco/repos/firmware/platform/spark/modules/eGUI/D4D/graphic_objects/d4d_list_box.h
.. /home/elco/repos/firmware/platform/spark/modules/eGUI/D4D/graphic_objects/d4d_edit_box.h
.. /home/elco/repos/firmware/platform/spark/modules/eGUI/D4D/graphic_objects/d4d_combo_box.h
. /home/elco/repos/firmware/platform/spark/modules/eGUI/D4D/common_files/d4d_lldapi.h
.. /home/elco/repos/firmware/platform/spark/modules/eGUI/D4D/d4d_user_cfg.h
.. /home/elco/repos/firmware/platform/spark/modules/eGUI/D4D/common_files/d4d_types.h
. /home/elco/repos/firmware/platform/spark/modules/eGUI/D4D/common_files/d4d_private.h
Multiple include guards may be useful for:
/home/elco/repos/firmware/platform/spark/modules/eGUI/D4D/d4d_id.h
. /home/elco/repos/firmware/platform/spark/modules/eGUI/D4D/d4d.h
.. /home/elco/repos/firmware/platform/spark/modules/eGUI/D4D/d4d_user_cfg.h
... /home/elco/repos/firmware/platform/spark/modules/eGUI/D4D/d4d_id.h
... /home/elco/repos/firmware/app/brewblox/display/d4d_user_cfg_app.h
.. /home/elco/repos/firmware/platform/spark/modules/eGUI/D4D/common_files/d4d_types.h
... /home/elco/repos/firmware/platform/spark/modules/eGUI/D4D/common_files/d4d_scheme.h
.. /home/elco/repos/firmware/platform/spark/modules/eGUI/D4D/common_files/d4d_base.h
.. /home/elco/repos/firmware/platform/spark/modules/eGUI/D4D/common_files/d4d_string.h
... /home/elco/repos/firmware/platform/spark/modules/eGUI/D4D/common_files/d4d_font.h
.. /home/elco/repos/firmware/platform/spark/modules/eGUI/D4D/common_files/d4d_basic_draw.h
.. /home/elco/repos/firmware/platform/spark/modules/eGUI/D4D/common_files/d4d_object.h
.. /home/elco/repos/firmware/platform/spark/modules/eGUI/D4D/common_files/d4d_low.h
.. /home/elco/repos/firmware/platform/spark/modules/eGUI/D4D/common_files/d4d_bmp.h
... /home/elco/repos/firmware/platform/spark/modules/eGUI/D4D/common_files/d4d_imgdec_d4dint.h
... /home/elco/repos/firmware/platform/spark/modules/eGUI/D4D/common_files/d4d_imgdec_d4d.h
... /home/elco/repos/firmware/platform/spark/modules/eGUI/D4D/common_files/d4d_imgdec_bmp.h
.. /home/elco/repos/firmware/platform/spark/modules/eGUI/D4D/common_files/d4d_extsrc.h
.. /home/elco/repos/firmware/platform/spark/modules/eGUI/D4D/common_files/d4d_font.h
.. /home/elco/repos/firmware/platform/spark/modules/eGUI/D4D/common_files/d4d_math.h
.. /home/elco/repos/firmware/platform/spark/modules/eGUI/D4D/common_files/d4d_scheme.h
.. /home/elco/repos/firmware/platform/spark/modules/eGUI/D4D/common_files/d4d_screen.h
.. /home/elco/repos/firmware/platform/spark/modules/eGUI/D4D/common_files/d4d_mouse.h
.. /home/elco/repos/firmware/platform/spark/modules/eGUI/D4D/graphic_objects/d4d_picture.h
.. /home/elco/repos/firmware/platform/spark/modules/eGUI/D4D/graphic_objects/d4d_button.h
.. /home/elco/repos/firmware/platform/spark/modules/eGUI/D4D/graphic_objects/d4d_check_box.h
.. /home/elco/repos/firmware/platform/spark/modules/eGUI/D4D/graphic_objects/d4d_gauge.h
.. /home/elco/repos/firmware/platform/spark/modules/eGUI/D4D/graphic_objects/d4d_slider.h
.. /home/elco/repos/firmware/platform/spark/modules/eGUI/D4D/graphic_objects/d4d_label.h
.. /home/elco/repos/firmware/platform/spark/modules/eGUI/D4D/graphic_objects/d4d_icon.h
.. /home/elco/repos/firmware/platform/spark/modules/eGUI/D4D/graphic_objects/d4d_menu.h
.. /home/elco/repos/firmware/platform/spark/modules/eGUI/D4D/graphic_objects/d4d_graph.h
.. /home/elco/repos/firmware/platform/spark/modules/eGUI/D4D/graphic_objects/d4d_scroll_bar.h
.. /home/elco/repos/firmware/platform/spark/modules/eGUI/D4D/graphic_objects/d4d_console.h
.. /home/elco/repos/firmware/platform/spark/modules/eGUI/D4D/graphic_objects/d4d_text_box.h
.. /home/elco/repos/firmware/platform/spark/modules/eGUI/D4D/graphic_objects/d4d_progress_bar.h
.. /home/elco/repos/firmware/platform/spark/modules/eGUI/D4D/graphic_objects/d4d_radio_button.h
.. /home/elco/repos/firmware/platform/spark/modules/eGUI/D4D/graphic_objects/d4d_group_box.h
.. /home/elco/repos/firmware/platform/spark/modules/eGUI/D4D/graphic_objects/d4d_list_box.h
.. /home/elco/repos/firmware/platform/spark/modules/eGUI/D4D/graphic_objects/d4d_edit_box.h
.. /home/elco/repos/firmware/platform/spark/modules/eGUI/D4D/graphic_objects/d4d_combo_box.h
. /home/elco/repos/firmware/platform/spark/modules/eGUI/D4D/common_files/d4d_lldapi.h
.. /home/elco/repos/firmware/platform/spark/modules/eGUI/D4D/d4d_user_cfg.h
.. /home/elco/repos/firmware/platform/spark/modules/eGUI/D4D/common_files/d4d_types.h
. /home/elco/repos/firmware/platform/spark/modules/eGUI/D4D/common_files/d4d_private.h
Multiple include guards may be useful for:
/home/elco/repos/firmware/platform/spark/modules/eGUI/D4D/d4d_id.h
. /home/elco/repos/firmware/platform/spark/modules/eGUI/D4D/d4d.h
.. /home/elco/repos/firmware/platform/spark/modules/eGUI/D4D/d4d_user_cfg.h
... /home/elco/repos/firmware/platform/spark/modules/eGUI/D4D/d4d_id.h
... /home/elco/repos/firmware/app/brewblox/display/d4d_user_cfg_app.h
.. /home/elco/repos/firmware/platform/spark/modules/eGUI/D4D/common_files/d4d_types.h
... /home/elco/repos/firmware/platform/spark/modules/eGUI/D4D/common_files/d4d_scheme.h
.. /home/elco/repos/firmware/platform/spark/modules/eGUI/D4D/common_files/d4d_base.h
.. /home/elco/repos/firmware/platform/spark/modules/eGUI/D4D/common_files/d4d_string.h
... /home/elco/repos/firmware/platform/spark/modules/eGUI/D4D/common_files/d4d_font.h
.. /home/elco/repos/firmware/platform/spark/modules/eGUI/D4D/common_files/d4d_basic_draw.h
.. /home/elco/repos/firmware/platform/spark/modules/eGUI/D4D/common_files/d4d_object.h
.. /home/elco/repos/firmware/platform/spark/modules/eGUI/D4D/common_files/d4d_low.h
.. /home/elco/repos/firmware/platform/spark/modules/eGUI/D4D/common_files/d4d_bmp.h
... /home/elco/repos/firmware/platform/spark/modules/eGUI/D4D/common_files/d4d_imgdec_d4dint.h
... /home/elco/repos/firmware/platform/spark/modules/eGUI/D4D/common_files/d4d_imgdec_d4d.h
... /home/elco/repos/firmware/platform/spark/modules/eGUI/D4D/common_files/d4d_imgdec_bmp.h
.. /home/elco/repos/firmware/platform/spark/modules/eGUI/D4D/common_files/d4d_extsrc.h
.. /home/elco/repos/firmware/platform/spark/modules/eGUI/D4D/common_files/d4d_font.h
.. /home/elco/repos/firmware/platform/spark/modules/eGUI/D4D/common_files/d4d_math.h
.. /home/elco/repos/firmware/platform/spark/modules/eGUI/D4D/common_files/d4d_scheme.h
.. /home/elco/repos/firmware/platform/spark/modules/eGUI/D4D/common_files/d4d_screen.h
.. /home/elco/repos/firmware/platform/spark/modules/eGUI/D4D/common_files/d4d_mouse.h
.. /home/elco/repos/firmware/platform/spark/modules/eGUI/D4D/graphic_objects/d4d_picture.h
.. /home/elco/repos/firmware/platform/spark/modules/eGUI/D4D/graphic_objects/d4d_button.h
.. /home/elco/repos/firmware/platform/spark/modules/eGUI/D4D/graphic_objects/d4d_check_box.h
.. /home/elco/repos/firmware/platform/spark/modules/eGUI/D4D/graphic_objects/d4d_gauge.h
.. /home/elco/repos/firmware/platform/spark/modules/eGUI/D4D/graphic_objects/d4d_slider.h
.. /home/elco/repos/firmware/platform/spark/modules/eGUI/D4D/graphic_objects/d4d_label.h
.. /home/elco/repos/firmware/platform/spark/modules/eGUI/D4D/graphic_objects/d4d_icon.h
.. /home/elco/repos/firmware/platform/spark/modules/eGUI/D4D/graphic_objects/d4d_menu.h
.. /home/elco/repos/firmware/platform/spark/modules/eGUI/D4D/graphic_objects/d4d_graph.h
.. /home/elco/repos/firmware/platform/spark/modules/eGUI/D4D/graphic_objects/d4d_scroll_bar.h
.. /home/elco/repos/firmware/platform/spark/modules/eGUI/D4D/graphic_objects/d4d_console.h
.. /home/elco/repos/firmware/platform/spark/modules/eGUI/D4D/graphic_objects/d4d_text_box.h
.. /home/elco/repos/firmware/platform/spark/modules/eGUI/D4D/graphic_objects/d4d_progress_bar.h
.. /home/elco/repos/firmware/platform/spark/modules/eGUI/D4D/graphic_objects/d4d_radio_button.h
.. /home/elco/repos/firmware/platform/spark/modules/eGUI/D4D/graphic_objects/d4d_group_box.h
.. /home/elco/repos/firmware/platform/spark/modules/eGUI/D4D/graphic_objects/d4d_list_box.h
.. /home/elco/repos/firmware/platform/spark/modules/eGUI/D4D/graphic_objects/d4d_edit_box.h
.. /home/elco/repos/firmware/platform/spark/modules/eGUI/D4D/graphic_objects/d4d_combo_box.h
. /home/elco/repos/firmware/platform/spark/modules/eGUI/D4D/common_files/d4d_lldapi.h
.. /home/elco/repos/firmware/platform/spark/modules/eGUI/D4D/d4d_user_cfg.h
.. /home/elco/repos/firmware/platform/spark/modules/eGUI/D4D/common_files/d4d_types.h
. /home/elco/repos/firmware/platform/spark/modules/eGUI/D4D/common_files/d4d_private.h
Multiple include guards may be useful for:
/home/elco/repos/firmware/platform/spark/modules/eGUI/D4D/d4d_id.h
. /home/elco/repos/firmware/platform/spark/modules/eGUI/D4D/d4d.h
.. /home/elco/repos/firmware/platform/spark/modules/eGUI/D4D/d4d_user_cfg.h
... /home/elco/repos/firmware/platform/spark/modules/eGUI/D4D/d4d_id.h
... /home/elco/repos/firmware/app/brewblox/display/d4d_user_cfg_app.h
.. /home/elco/repos/firmware/platform/spark/modules/eGUI/D4D/common_files/d4d_types.h
... /home/elco/repos/firmware/platform/spark/modules/eGUI/D4D/common_files/d4d_scheme.h
.. /home/elco/repos/firmware/platform/spark/modules/eGUI/D4D/common_files/d4d_base.h
.. /home/elco/repos/firmware/platform/spark/modules/eGUI/D4D/common_files/d4d_string.h
... /home/elco/repos/firmware/platform/spark/modules/eGUI/D4D/common_files/d4d_font.h
.. /home/elco/repos/firmware/platform/spark/modules/eGUI/D4D/common_files/d4d_basic_draw.h
.. /home/elco/repos/firmware/platform/spark/modules/eGUI/D4D/common_files/d4d_object.h
.. /home/elco/repos/firmware/platform/spark/modules/eGUI/D4D/common_files/d4d_low.h
.. /home/elco/repos/firmware/platform/spark/modules/eGUI/D4D/common_files/d4d_bmp.h
... /home/elco/repos/firmware/platform/spark/modules/eGUI/D4D/common_files/d4d_imgdec_d4dint.h
... /home/elco/repos/firmware/platform/spark/modules/eGUI/D4D/common_files/d4d_imgdec_d4d.h
... /home/elco/repos/firmware/platform/spark/modules/eGUI/D4D/common_files/d4d_imgdec_bmp.h
.. /home/elco/repos/firmware/platform/spark/modules/eGUI/D4D/common_files/d4d_extsrc.h
.. /home/elco/repos/firmware/platform/spark/modules/eGUI/D4D/common_files/d4d_font.h
.. /home/elco/repos/firmware/platform/spark/modules/eGUI/D4D/common_files/d4d_math.h
.. /home/elco/repos/firmware/platform/spark/modules/eGUI/D4D/common_files/d4d_scheme.h
.. /home/elco/repos/firmware/platform/spark/modules/eGUI/D4D/common_files/d4d_screen.h
.. /home/elco/repos/firmware/platform/spark/modules/eGUI/D4D/common_files/d4d_mouse.h
.. /home/elco/repos/firmware/platform/spark/modules/eGUI/D4D/graphic_objects/d4d_picture.h
.. /home/elco/repos/firmware/platform/spark/modules/eGUI/D4D/graphic_objects/d4d_button.h
.. /home/elco/repos/firmware/platform/spark/modules/eGUI/D4D/graphic_objects/d4d_check_box.h
.. /home/elco/repos/firmware/platform/spark/modules/eGUI/D4D/graphic_objects/d4d_gauge.h
.. /home/elco/repos/firmware/platform/spark/modules/eGUI/D4D/graphic_objects/d4d_slider.h
.. /home/elco/repos/firmware/platform/spark/modules/eGUI/D4D/graphic_objects/d4d_label.h
.. /home/elco/repos/firmware/platform/spark/modules/eGUI/D4D/graphic_objects/d4d_icon.h
.. /home/elco/repos/firmware/platform/spark/modules/eGUI/D4D/graphic_objects/d4d_menu.h
.. /home/elco/repos/firmware/platform/spark/modules/eGUI/D4D/graphic_objects/d4d_graph.h
.. /home/elco/repos/firmware/platform/spark/modules/eGUI/D4D/graphic_objects/d4d_scroll_bar.h
.. /home/elco/repos/firmware/platform/spark/modules/eGUI/D4D/graphic_objects/d4d_console.h
.. /home/elco/repos/firmware/platform/spark/modules/eGUI/D4D/graphic_objects/d4d_text_box.h
.. /home/elco/repos/firmware/platform/spark/modules/eGUI/D4D/graphic_objects/d4d_progress_bar.h
.. /home/elco/repos/firmware/platform/spark/modules/eGUI/D4D/graphic_objects/d4d_radio_button.h
.. /home/elco/repos/firmware/platform/spark/modules/eGUI/D4D/graphic_objects/d4d_group_box.h
.. /home/elco/repos/firmware/platform/spark/modules/eGUI/D4D/graphic_objects/d4d_list_box.h
.. /home/elco/repos/firmware/platform/spark/modules/eGUI/D4D/graphic_objects/d4d_edit_box.h
.. /home/elco/repos/firmware/platform/spark/modules/eGUI/D4D/graphic_objects/d4d_combo_box.h
. /home/elco/repos/firmware/platform/spark/modules/eGUI/D4D/common_files/d4d_lldapi.h
.. /home/elco/repos/firmware/platform/spark/modules/eGUI/D4D/d4d_user_cfg.h
.. /home/elco/repos/firmware/platform/spark/modules/eGUI/D4D/common_files/d4d_types.h
. /home/elco/repos/firmware/platform/spark/modules/eGUI/D4D/common_files/d4d_private.h
Multiple include guards may be useful for:
/home/elco/repos/firmware/platform/spark/modules/eGUI/D4D/d4d_id.h
. /home/elco/repos/firmware/platform/spark/modules/eGUI/D4D/d4d.h
.. /home/elco/repos/firmware/platform/spark/modules/eGUI/D4D/d4d_user_cfg.h
... /home/elco/repos/firmware/platform/spark/modules/eGUI/D4D/d4d_id.h
... /home/elco/repos/firmware/app/brewblox/display/d4d_user_cfg_app.h
.. /home/elco/repos/firmware/platform/spark/modules/eGUI/D4D/common_files/d4d_types.h
... /home/elco/repos/firmware/platform/spark/modules/eGUI/D4D/common_files/d4d_scheme.h
.. /home/elco/repos/firmware/platform/spark/modules/eGUI/D4D/common_files/d4d_base.h
.. /home/elco/repos/firmware/platform/spark/modules/eGUI/D4D/common_files/d4d_string.h
... /home/elco/repos/firmware/platform/spark/modules/eGUI/D4D/common_files/d4d_font.h
.. /home/elco/repos/firmware/platform/spark/modules/eGUI/D4D/common_files/d4d_basic_draw.h
.. /home/elco/repos/firmware/platform/spark/modules/eGUI/D4D/common_files/d4d_object.h
.. /home/elco/repos/firmware/platform/spark/modules/eGUI/D4D/common_files/d4d_low.h
.. /home/elco/repos/firmware/platform/spark/modules/eGUI/D4D/common_files/d4d_bmp.h
... /home/elco/repos/firmware/platform/spark/modules/eGUI/D4D/common_files/d4d_imgdec_d4dint.h
... /home/elco/repos/firmware/platform/spark/modules/eGUI/D4D/common_files/d4d_imgdec_d4d.h
... /home/elco/repos/firmware/platform/spark/modules/eGUI/D4D/common_files/d4d_imgdec_bmp.h
.. /home/elco/repos/firmware/platform/spark/modules/eGUI/D4D/common_files/d4d_extsrc.h
.. /home/elco/repos/firmware/platform/spark/modules/eGUI/D4D/common_files/d4d_font.h
.. /home/elco/repos/firmware/platform/spark/modules/eGUI/D4D/common_files/d4d_math.h
.. /home/elco/repos/firmware/platform/spark/modules/eGUI/D4D/common_files/d4d_scheme.h
.. /home/elco/repos/firmware/platform/spark/modules/eGUI/D4D/common_files/d4d_screen.h
.. /home/elco/repos/firmware/platform/spark/modules/eGUI/D4D/common_files/d4d_mouse.h
.. /home/elco/repos/firmware/platform/spark/modules/eGUI/D4D/graphic_objects/d4d_picture.h
.. /home/elco/repos/firmware/platform/spark/modules/eGUI/D4D/graphic_objects/d4d_button.h
.. /home/elco/repos/firmware/platform/spark/modules/eGUI/D4D/graphic_objects/d4d_check_box.h
.. /home/elco/repos/firmware/platform/spark/modules/eGUI/D4D/graphic_objects/d4d_gauge.h
.. /home/elco/repos/firmware/platform/spark/modules/eGUI/D4D/graphic_objects/d4d_slider.h
.. /home/elco/repos/firmware/platform/spark/modules/eGUI/D4D/graphic_objects/d4d_label.h
.. /home/elco/repos/firmware/platform/spark/modules/eGUI/D4D/graphic_objects/d4d_icon.h
.. /home/elco/repos/firmware/platform/spark/modules/eGUI/D4D/graphic_objects/d4d_menu.h
.. /home/elco/repos/firmware/platform/spark/modules/eGUI/D4D/graphic_objects/d4d_graph.h
.. /home/elco/repos/firmware/platform/spark/modules/eGUI/D4D/graphic_objects/d4d_scroll_bar.h
.. /home/elco/repos/firmware/platform/spark/modules/eGUI/D4D/graphic_objects/d4d_console.h
.. /home/elco/repos/firmware/platform/spark/modules/eGUI/D4D/graphic_objects/d4d_text_box.h
.. /home/elco/repos/firmware/platform/spark/modules/eGUI/D4D/graphic_objects/d4d_progress_bar.h
.. /home/elco/repos/firmware/platform/spark/modules/eGUI/D4D/graphic_objects/d4d_radio_button.h
.. /home/elco/repos/firmware/platform/spark/modules/eGUI/D4D/graphic_objects/d4d_group_box.h
.. /home/elco/repos/firmware/platform/spark/modules/eGUI/D4D/graphic_objects/d4d_list_box.h
.. /home/elco/repos/firmware/platform/spark/modules/eGUI/D4D/graphic_objects/d4d_edit_box.h
.. /home/elco/repos/firmware/platform/spark/modules/eGUI/D4D/graphic_objects/d4d_combo_box.h
. /home/elco/repos/firmware/platform/spark/modules/eGUI/D4D/common_files/d4d_lldapi.h
.. /home/elco/repos/firmware/platform/spark/modules/eGUI/D4D/d4d_user_cfg.h
.. /home/elco/repos/firmware/platform/spark/modules/eGUI/D4D/common_files/d4d_types.h
. /home/elco/repos/firmware/platform/spark/modules/eGUI/D4D/common_files/d4d_private.h
Multiple include guards may be useful for:
/home/elco/repos/firmware/platform/spark/modules/eGUI/D4D/d4d_id.h
. /home/elco/repos/firmware/platform/spark/modules/eGUI/D4D/d4d.h
.. /home/elco/repos/firmware/platform/spark/modules/eGUI/D4D/d4d_user_cfg.h
... /home/elco/repos/firmware/platform/spark/modules/eGUI/D4D/d4d_id.h
... /home/elco/repos/firmware/app/brewblox/display/d4d_user_cfg_app.h
.. /home/elco/repos/firmware/platform/spark/modules/eGUI/D4D/common_files/d4d_types.h
... /home/elco/repos/firmware/platform/spark/modules/eGUI/D4D/common_files/d4d_scheme.h
.. /home/elco/repos/firmware/platform/spark/modules/eGUI/D4D/common_files/d4d_base.h
.. /home/elco/repos/firmware/platform/spark/modules/eGUI/D4D/common_files/d4d_string.h
... /home/elco/repos/firmware/platform/spark/modules/eGUI/D4D/common_files/d4d_font.h
.. /home/elco/repos/firmware/platform/spark/modules/eGUI/D4D/common_files/d4d_basic_draw.h
.. /home/elco/repos/firmware/platform/spark/modules/eGUI/D4D/common_files/d4d_object.h
.. /home/elco/repos/firmware/platform/spark/modules/eGUI/D4D/common_files/d4d_low.h
.. /home/elco/repos/firmware/platform/spark/modules/eGUI/D4D/common_files/d4d_bmp.h
... /home/elco/repos/firmware/platform/spark/modules/eGUI/D4D/common_files/d4d_imgdec_d4dint.h
... /home/elco/repos/firmware/platform/spark/modules/eGUI/D4D/common_files/d4d_imgdec_d4d.h
... /home/elco/repos/firmware/platform/spark/modules/eGUI/D4D/common_files/d4d_imgdec_bmp.h
.. /home/elco/repos/firmware/platform/spark/modules/eGUI/D4D/common_files/d4d_extsrc.h
.. /home/elco/repos/firmware/platform/spark/modules/eGUI/D4D/common_files/d4d_font.h
.. /home/elco/repos/firmware/platform/spark/modules/eGUI/D4D/common_files/d4d_math.h
.. /home/elco/repos/firmware/platform/spark/modules/eGUI/D4D/common_files/d4d_scheme.h
.. /home/elco/repos/firmware/platform/spark/modules/eGUI/D4D/common_files/d4d_screen.h
.. /home/elco/repos/firmware/platform/spark/modules/eGUI/D4D/common_files/d4d_mouse.h
.. /home/elco/repos/firmware/platform/spark/modules/eGUI/D4D/graphic_objects/d4d_picture.h
.. /home/elco/repos/firmware/platform/spark/modules/eGUI/D4D/graphic_objects/d4d_button.h
.. /home/elco/repos/firmware/platform/spark/modules/eGUI/D4D/graphic_objects/d4d_check_box.h
.. /home/elco/repos/firmware/platform/spark/modules/eGUI/D4D/graphic_objects/d4d_gauge.h
.. /home/elco/repos/firmware/platform/spark/modules/eGUI/D4D/graphic_objects/d4d_slider.h
.. /home/elco/repos/firmware/platform/spark/modules/eGUI/D4D/graphic_objects/d4d_label.h
.. /home/elco/repos/firmware/platform/spark/modules/eGUI/D4D/graphic_objects/d4d_icon.h
.. /home/elco/repos/firmware/platform/spark/modules/eGUI/D4D/graphic_objects/d4d_menu.h
.. /home/elco/repos/firmware/platform/spark/modules/eGUI/D4D/graphic_objects/d4d_graph.h
.. /home/elco/repos/firmware/platform/spark/modules/eGUI/D4D/graphic_objects/d4d_scroll_bar.h
.. /home/elco/repos/firmware/platform/spark/modules/eGUI/D4D/graphic_objects/d4d_console.h
.. /home/elco/repos/firmware/platform/spark/modules/eGUI/D4D/graphic_objects/d4d_text_box.h
.. /home/elco/repos/firmware/platform/spark/modules/eGUI/D4D/graphic_objects/d4d_progress_bar.h
.. /home/elco/repos/firmware/platform/spark/modules/eGUI/D4D/graphic_objects/d4d_radio_button.h
.. /home/elco/repos/firmware/platform/spark/modules/eGUI/D4D/graphic_objects/d4d_group_box.h
.. /home/elco/repos/firmware/platform/spark/modules/eGUI/D4D/graphic_objects/d4d_list_box.h
.. /home/elco/repos/firmware/platform/spark/modules/eGUI/D4D/graphic_objects/d4d_edit_box.h
.. /home/elco/repos/firmware/platform/spark/modules/eGUI/D4D/graphic_objects/d4d_combo_box.h
. /home/elco/repos/firmware/platform/spark/modules/eGUI/D4D/common_files/d4d_lldapi.h
.. /home/elco/repos/firmware/platform/spark/modules/eGUI/D4D/d4d_user_cfg.h
.. /home/elco/repos/firmware/platform/spark/modules/eGUI/D4D/common_files/d4d_types.h
. /home/elco/repos/firmware/platform/spark/modules/eGUI/D4D/common_files/d4d_private.h
Multiple include guards may be useful for:
/home/elco/repos/firmware/platform/spark/modules/eGUI/D4D/d4d_id.h
. /home/elco/repos/firmware/platform/spark/modules/eGUI/D4D/d4d.h
.. /home/elco/repos/firmware/platform/spark/modules/eGUI/D4D/d4d_user_cfg.h
... /home/elco/repos/firmware/platform/spark/modules/eGUI/D4D/d4d_id.h
... /home/elco/repos/firmware/app/brewblox/display/d4d_user_cfg_app.h
.. /home/elco/repos/firmware/platform/spark/modules/eGUI/D4D/common_files/d4d_types.h
... /home/elco/repos/firmware/platform/spark/modules/eGUI/D4D/common_files/d4d_scheme.h
.. /home/elco/repos/firmware/platform/spark/modules/eGUI/D4D/common_files/d4d_base.h
.. /home/elco/repos/firmware/platform/spark/modules/eGUI/D4D/common_files/d4d_string.h
... /home/elco/repos/firmware/platform/spark/modules/eGUI/D4D/common_files/d4d_font.h
.. /home/elco/repos/firmware/platform/spark/modules/eGUI/D4D/common_files/d4d_basic_draw.h
.. /home/elco/repos/firmware/platform/spark/modules/eGUI/D4D/common_files/d4d_object.h
.. /home/elco/repos/firmware/platform/spark/modules/eGUI/D4D/common_files/d4d_low.h
.. /home/elco/repos/firmware/platform/spark/modules/eGUI/D4D/common_files/d4d_bmp.h
... /home/elco/repos/firmware/platform/spark/modules/eGUI/D4D/common_files/d4d_imgdec_d4dint.h
... /home/elco/repos/firmware/platform/spark/modules/eGUI/D4D/common_files/d4d_imgdec_d4d.h
... /home/elco/repos/firmware/platform/spark/modules/eGUI/D4D/common_files/d4d_imgdec_bmp.h
.. /home/elco/repos/firmware/platform/spark/modules/eGUI/D4D/common_files/d4d_extsrc.h
.. /home/elco/repos/firmware/platform/spark/modules/eGUI/D4D/common_files/d4d_font.h
.. /home/elco/repos/firmware/platform/spark/modules/eGUI/D4D/common_files/d4d_math.h
.. /home/elco/repos/firmware/platform/spark/modules/eGUI/D4D/common_files/d4d_scheme.h
.. /home/elco/repos/firmware/platform/spark/modules/eGUI/D4D/common_files/d4d_screen.h
.. /home/elco/repos/firmware/platform/spark/modules/eGUI/D4D/common_files/d4d_mouse.h
.. /home/elco/repos/firmware/platform/spark/modules/eGUI/D4D/graphic_objects/d4d_picture.h
.. /home/elco/repos/firmware/platform/spark/modules/eGUI/D4D/graphic_objects/d4d_button.h
.. /home/elco/repos/firmware/platform/spark/modules/eGUI/D4D/graphic_objects/d4d_check_box.h
.. /home/elco/repos/firmware/platform/spark/modules/eGUI/D4D/graphic_objects/d4d_gauge.h
.. /home/elco/repos/firmware/platform/spark/modules/eGUI/D4D/graphic_objects/d4d_slider.h
.. /home/elco/repos/firmware/platform/spark/modules/eGUI/D4D/graphic_objects/d4d_label.h
.. /home/elco/repos/firmware/platform/spark/modules/eGUI/D4D/graphic_objects/d4d_icon.h
.. /home/elco/repos/firmware/platform/spark/modules/eGUI/D4D/graphic_objects/d4d_menu.h
.. /home/elco/repos/firmware/platform/spark/modules/eGUI/D4D/graphic_objects/d4d_graph.h
.. /home/elco/repos/firmware/platform/spark/modules/eGUI/D4D/graphic_objects/d4d_scroll_bar.h
.. /home/elco/repos/firmware/platform/spark/modules/eGUI/D4D/graphic_objects/d4d_console.h
.. /home/elco/repos/firmware/platform/spark/modules/eGUI/D4D/graphic_objects/d4d_text_box.h
.. /home/elco/repos/firmware/platform/spark/modules/eGUI/D4D/graphic_objects/d4d_progress_bar.h
.. /home/elco/repos/firmware/platform/spark/modules/eGUI/D4D/graphic_objects/d4d_radio_button.h
.. /home/elco/repos/firmware/platform/spark/modules/eGUI/D4D/graphic_objects/d4d_group_box.h
.. /home/elco/repos/firmware/platform/spark/modules/eGUI/D4D/graphic_objects/d4d_list_box.h
.. /home/elco/repos/firmware/platform/spark/modules/eGUI/D4D/graphic_objects/d4d_edit_box.h
.. /home/elco/repos/firmware/platform/spark/modules/eGUI/D4D/graphic_objects/d4d_combo_box.h
. /home/elco/repos/firmware/platform/spark/modules/eGUI/D4D/common_files/d4d_lldapi.h
.. /home/elco/repos/firmware/platform/spark/modules/eGUI/D4D/d4d_user_cfg.h
.. /home/elco/repos/firmware/platform/spark/modules/eGUI/D4D/common_files/d4d_types.h
. /home/elco/repos/firmware/platform/spark/modules/eGUI/D4D/common_files/d4d_private.h
Multiple include guards may be useful for:
/home/elco/repos/firmware/platform/spark/modules/eGUI/D4D/d4d_id.h
. /home/elco/repos/firmware/platform/spark/modules/eGUI/D4D/d4d.h
.. /home/elco/repos/firmware/platform/spark/modules/eGUI/D4D/d4d_user_cfg.h
... /home/elco/repos/firmware/platform/spark/modules/eGUI/D4D/d4d_id.h
... /home/elco/repos/firmware/app/brewblox/display/d4d_user_cfg_app.h
.. /home/elco/repos/firmware/platform/spark/modules/eGUI/D4D/common_files/d4d_types.h
... /home/elco/repos/firmware/platform/spark/modules/eGUI/D4D/common_files/d4d_scheme.h
.. /home/elco/repos/firmware/platform/spark/modules/eGUI/D4D/common_files/d4d_base.h
.. /home/elco/repos/firmware/platform/spark/modules/eGUI/D4D/common_files/d4d_string.h
... /home/elco/repos/firmware/platform/spark/modules/eGUI/D4D/common_files/d4d_font.h
.. /home/elco/repos/firmware/platform/spark/modules/eGUI/D4D/common_files/d4d_basic_draw.h
.. /home/elco/repos/firmware/platform/spark/modules/eGUI/D4D/common_files/d4d_object.h
.. /home/elco/repos/firmware/platform/spark/modules/eGUI/D4D/common_files/d4d_low.h
.. /home/elco/repos/firmware/platform/spark/modules/eGUI/D4D/common_files/d4d_bmp.h
... /home/elco/repos/firmware/platform/spark/modules/eGUI/D4D/common_files/d4d_imgdec_d4dint.h
... /home/elco/repos/firmware/platform/spark/modules/eGUI/D4D/common_files/d4d_imgdec_d4d.h
... /home/elco/repos/firmware/platform/spark/modules/eGUI/D4D/common_files/d4d_imgdec_bmp.h
.. /home/elco/repos/firmware/platform/spark/modules/eGUI/D4D/common_files/d4d_extsrc.h
.. /home/elco/repos/firmware/platform/spark/modules/eGUI/D4D/common_files/d4d_font.h
.. /home/elco/repos/firmware/platform/spark/modules/eGUI/D4D/common_files/d4d_math.h
.. /home/elco/repos/firmware/platform/spark/modules/eGUI/D4D/common_files/d4d_scheme.h
.. /home/elco/repos/firmware/platform/spark/modules/eGUI/D4D/common_files/d4d_screen.h
.. /home/elco/repos/firmware/platform/spark/modules/eGUI/D4D/common_files/d4d_mouse.h
.. /home/elco/repos/firmware/platform/spark/modules/eGUI/D4D/graphic_objects/d4d_picture.h
.. /home/elco/repos/firmware/platform/spark/modules/eGUI/D4D/graphic_objects/d4d_button.h
.. /home/elco/repos/firmware/platform/spark/modules/eGUI/D4D/graphic_objects/d4d_check_box.h
.. /home/elco/repos/firmware/platform/spark/modules/eGUI/D4D/graphic_objects/d4d_gauge.h
.. /home/elco/repos/firmware/platform/spark/modules/eGUI/D4D/graphic_objects/d4d_slider.h
.. /home/elco/repos/firmware/platform/spark/modules/eGUI/D4D/graphic_objects/d4d_label.h
.. /home/elco/repos/firmware/platform/spark/modules/eGUI/D4D/graphic_objects/d4d_icon.h
.. /home/elco/repos/firmware/platform/spark/modules/eGUI/D4D/graphic_objects/d4d_menu.h
.. /home/elco/repos/firmware/platform/spark/modules/eGUI/D4D/graphic_objects/d4d_graph.h
.. /home/elco/repos/firmware/platform/spark/modules/eGUI/D4D/graphic_objects/d4d_scroll_bar.h
.. /home/elco/repos/firmware/platform/spark/modules/eGUI/D4D/graphic_objects/d4d_console.h
.. /home/elco/repos/firmware/platform/spark/modules/eGUI/D4D/graphic_objects/d4d_text_box.h
.. /home/elco/repos/firmware/platform/spark/modules/eGUI/D4D/graphic_objects/d4d_progress_bar.h
.. /home/elco/repos/firmware/platform/spark/modules/eGUI/D4D/graphic_objects/d4d_radio_button.h
.. /home/elco/repos/firmware/platform/spark/modules/eGUI/D4D/graphic_objects/d4d_group_box.h
.. /home/elco/repos/firmware/platform/spark/modules/eGUI/D4D/graphic_objects/d4d_list_box.h
.. /home/elco/repos/firmware/platform/spark/modules/eGUI/D4D/graphic_objects/d4d_edit_box.h
.. /home/elco/repos/firmware/platform/spark/modules/eGUI/D4D/graphic_objects/d4d_combo_box.h
. /home/elco/repos/firmware/platform/spark/modules/eGUI/D4D/common_files/d4d_lldapi.h
.. /home/elco/repos/firmware/platform/spark/modules/eGUI/D4D/d4d_user_cfg.h
.. /home/elco/repos/firmware/platform/spark/modules/eGUI/D4D/common_files/d4d_types.h
. /home/elco/repos/firmware/platform/spark/modules/eGUI/D4D/common_files/d4d_private.h
Multiple include guards may be useful for:
/home/elco/repos/firmware/platform/spark/modules/eGUI/D4D/d4d_id.h
. /home/elco/repos/firmware/platform/spark/modules/eGUI/D4D/d4d.h
.. /home/elco/repos/firmware/platform/spark/modules/eGUI/D4D/d4d_user_cfg.h
... /home/elco/repos/firmware/platform/spark/modules/eGUI/D4D/d4d_id.h
... /home/elco/repos/firmware/app/brewblox/display/d4d_user_cfg_app.h
.. /home/elco/repos/firmware/platform/spark/modules/eGUI/D4D/common_files/d4d_types.h
... /home/elco/repos/firmware/platform/spark/modules/eGUI/D4D/common_files/d4d_scheme.h
.. /home/elco/repos/firmware/platform/spark/modules/eGUI/D4D/common_files/d4d_base.h
.. /home/elco/repos/firmware/platform/spark/modules/eGUI/D4D/common_files/d4d_string.h
... /home/elco/repos/firmware/platform/spark/modules/eGUI/D4D/common_files/d4d_font.h
.. /home/elco/repos/firmware/platform/spark/modules/eGUI/D4D/common_files/d4d_basic_draw.h
.. /home/elco/repos/firmware/platform/spark/modules/eGUI/D4D/common_files/d4d_object.h
.. /home/elco/repos/firmware/platform/spark/modules/eGUI/D4D/common_files/d4d_low.h
.. /home/elco/repos/firmware/platform/spark/modules/eGUI/D4D/common_files/d4d_bmp.h
... /home/elco/repos/firmware/platform/spark/modules/eGUI/D4D/common_files/d4d_imgdec_d4dint.h
... /home/elco/repos/firmware/platform/spark/modules/eGUI/D4D/common_files/d4d_imgdec_d4d.h
... /home/elco/repos/firmware/platform/spark/modules/eGUI/D4D/common_files/d4d_imgdec_bmp.h
.. /home/elco/repos/firmware/platform/spark/modules/eGUI/D4D/common_files/d4d_extsrc.h
.. /home/elco/repos/firmware/platform/spark/modules/eGUI/D4D/common_files/d4d_font.h
.. /home/elco/repos/firmware/platform/spark/modules/eGUI/D4D/common_files/d4d_math.h
.. /home/elco/repos/firmware/platform/spark/modules/eGUI/D4D/common_files/d4d_scheme.h
.. /home/elco/repos/firmware/platform/spark/modules/eGUI/D4D/common_files/d4d_screen.h
.. /home/elco/repos/firmware/platform/spark/modules/eGUI/D4D/common_files/d4d_mouse.h
.. /home/elco/repos/firmware/platform/spark/modules/eGUI/D4D/graphic_objects/d4d_picture.h
.. /home/elco/repos/firmware/platform/spark/modules/eGUI/D4D/graphic_objects/d4d_button.h
.. /home/elco/repos/firmware/platform/spark/modules/eGUI/D4D/graphic_objects/d4d_check_box.h
.. /home/elco/repos/firmware/platform/spark/modules/eGUI/D4D/graphic_objects/d4d_gauge.h
.. /home/elco/repos/firmware/platform/spark/modules/eGUI/D4D/graphic_objects/d4d_slider.h
.. /home/elco/repos/firmware/platform/spark/modules/eGUI/D4D/graphic_objects/d4d_label.h
.. /home/elco/repos/firmware/platform/spark/modules/eGUI/D4D/graphic_objects/d4d_icon.h
.. /home/elco/repos/firmware/platform/spark/modules/eGUI/D4D/graphic_objects/d4d_menu.h
.. /home/elco/repos/firmware/platform/spark/modules/eGUI/D4D/graphic_objects/d4d_graph.h
.. /home/elco/repos/firmware/platform/spark/modules/eGUI/D4D/graphic_objects/d4d_scroll_bar.h
.. /home/elco/repos/firmware/platform/spark/modules/eGUI/D4D/graphic_objects/d4d_console.h
.. /home/elco/repos/firmware/platform/spark/modules/eGUI/D4D/graphic_objects/d4d_text_box.h
.. /home/elco/repos/firmware/platform/spark/modules/eGUI/D4D/graphic_objects/d4d_progress_bar.h
.. /home/elco/repos/firmware/platform/spark/modules/eGUI/D4D/graphic_objects/d4d_radio_button.h
.. /home/elco/repos/firmware/platform/spark/modules/eGUI/D4D/graphic_objects/d4d_group_box.h
.. /home/elco/repos/firmware/platform/spark/modules/eGUI/D4D/graphic_objects/d4d_list_box.h
.. /home/elco/repos/firmware/platform/spark/modules/eGUI/D4D/graphic_objects/d4d_edit_box.h
.. /home/elco/repos/firmware/platform/spark/modules/eGUI/D4D/graphic_objects/d4d_combo_box.h
. /home/elco/repos/firmware/platform/spark/modules/eGUI/D4D/common_files/d4d_lldapi.h
.. /home/elco/repos/firmware/platform/spark/modules/eGUI/D4D/d4d_user_cfg.h
.. /home/elco/repos/firmware/platform/spark/modules/eGUI/D4D/common_files/d4d_types.h
. /home/elco/repos/firmware/platform/spark/modules/eGUI/D4D/common_files/d4d_private.h
Multiple include guards may be useful for:
/home/elco/repos/firmware/platform/spark/modules/eGUI/D4D/d4d_id.h
. /home/elco/repos/firmware/platform/spark/modules/eGUI/D4D/d4d.h
.. /home/elco/repos/firmware/platform/spark/modules/eGUI/D4D/d4d_user_cfg.h
... /home/elco/repos/firmware/platform/spark/modules/eGUI/D4D/d4d_id.h
... /home/elco/repos/firmware/app/brewblox/display/d4d_user_cfg_app.h
.. /home/elco/repos/firmware/platform/spark/modules/eGUI/D4D/common_files/d4d_types.h
... /home/elco/repos/firmware/platform/spark/modules/eGUI/D4D/common_files/d4d_scheme.h
.. /home/elco/repos/firmware/platform/spark/modules/eGUI/D4D/common_files/d4d_base.h
.. /home/elco/repos/firmware/platform/spark/modules/eGUI/D4D/common_files/d4d_string.h
... /home/elco/repos/firmware/platform/spark/modules/eGUI/D4D/common_files/d4d_font.h
.. /home/elco/repos/firmware/platform/spark/modules/eGUI/D4D/common_files/d4d_basic_draw.h
.. /home/elco/repos/firmware/platform/spark/modules/eGUI/D4D/common_files/d4d_object.h
.. /home/elco/repos/firmware/platform/spark/modules/eGUI/D4D/common_files/d4d_low.h
.. /home/elco/repos/firmware/platform/spark/modules/eGUI/D4D/common_files/d4d_bmp.h
... /home/elco/repos/firmware/platform/spark/modules/eGUI/D4D/common_files/d4d_imgdec_d4dint.h
... /home/elco/repos/firmware/platform/spark/modules/eGUI/D4D/common_files/d4d_imgdec_d4d.h
... /home/elco/repos/firmware/platform/spark/modules/eGUI/D4D/common_files/d4d_imgdec_bmp.h
.. /home/elco/repos/firmware/platform/spark/modules/eGUI/D4D/common_files/d4d_extsrc.h
.. /home/elco/repos/firmware/platform/spark/modules/eGUI/D4D/common_files/d4d_font.h
.. /home/elco/repos/firmware/platform/spark/modules/eGUI/D4D/common_files/d4d_math.h
.. /home/elco/repos/firmware/platform/spark/modules/eGUI/D4D/common_files/d4d_scheme.h
.. /home/elco/repos/firmware/platform/spark/modules/eGUI/D4D/common_files/d4d_screen.h
.. /home/elco/repos/firmware/platform/spark/modules/eGUI/D4D/common_files/d4d_mouse.h
.. /home/elco/repos/firmware/platform/spark/modules/eGUI/D4D/graphic_objects/d4d_picture.h
.. /home/elco/repos/firmware/platform/spark/modules/eGUI/D4D/graphic_objects/d4d_button.h
.. /home/elco/repos/firmware/platform/spark/modules/eGUI/D4D/graphic_objects/d4d_check_box.h
.. /home/elco/repos/firmware/platform/spark/modules/eGUI/D4D/graphic_objects/d4d_gauge.h
.. /home/elco/repos/firmware/platform/spark/modules/eGUI/D4D/graphic_objects/d4d_slider.h
.. /home/elco/repos/firmware/platform/spark/modules/eGUI/D4D/graphic_objects/d4d_label.h
.. /home/elco/repos/firmware/platform/spark/modules/eGUI/D4D/graphic_objects/d4d_icon.h
.. /home/elco/repos/firmware/platform/spark/modules/eGUI/D4D/graphic_objects/d4d_menu.h
.. /home/elco/repos/firmware/platform/spark/modules/eGUI/D4D/graphic_objects/d4d_graph.h
.. /home/elco/repos/firmware/platform/spark/modules/eGUI/D4D/graphic_objects/d4d_scroll_bar.h
.. /home/elco/repos/firmware/platform/spark/modules/eGUI/D4D/graphic_objects/d4d_console.h
.. /home/elco/repos/firmware/platform/spark/modules/eGUI/D4D/graphic_objects/d4d_text_box.h
.. /home/elco/repos/firmware/platform/spark/modules/eGUI/D4D/graphic_objects/d4d_progress_bar.h
.. /home/elco/repos/firmware/platform/spark/modules/eGUI/D4D/graphic_objects/d4d_radio_button.h
.. /home/elco/repos/firmware/platform/spark/modules/eGUI/D4D/graphic_objects/d4d_group_box.h
.. /home/elco/repos/firmware/platform/spark/modules/eGUI/D4D/graphic_objects/d4d_list_box.h
.. /home/elco/repos/firmware/platform/spark/modules/eGUI/D4D/graphic_objects/d4d_edit_box.h
.. /home/elco/repos/firmware/platform/spark/modules/eGUI/D4D/graphic_objects/d4d_combo_box.h
. /home/elco/repos/firmware/platform/spark/modules/eGUI/D4D/common_files/d4d_lldapi.h
.. /home/elco/repos/firmware/platform/spark/modules/eGUI/D4D/d4d_user_cfg.h
.. /home/elco/repos/firmware/platform/spark/modules/eGUI/D4D/common_files/d4d_types.h
. /home/elco/repos/firmware/platform/spark/modules/eGUI/D4D/common_files/d4d_private.h
Multiple include guards may be useful for:
/home/elco/repos/firmware/platform/spark/modules/eGUI/D4D/d4d_id.h
. /home/elco/repos/firmware/platform/spark/modules/eGUI/D4D/d4d.h
.. /home/elco/repos/firmware/platform/spark/modules/eGUI/D4D/d4d_user_cfg.h
... /home/elco/repos/firmware/platform/spark/modules/eGUI/D4D/d4d_id.h
... /home/elco/repos/firmware/app/brewblox/display/d4d_user_cfg_app.h
.. /home/elco/repos/firmware/platform/spark/modules/eGUI/D4D/common_files/d4d_types.h
... /home/elco/repos/firmware/platform/spark/modules/eGUI/D4D/common_files/d4d_scheme.h
.. /home/elco/repos/firmware/platform/spark/modules/eGUI/D4D/common_files/d4d_base.h
.. /home/elco/repos/firmware/platform/spark/modules/eGUI/D4D/common_files/d4d_string.h
... /home/elco/repos/firmware/platform/spark/modules/eGUI/D4D/common_files/d4d_font.h
.. /home/elco/repos/firmware/platform/spark/modules/eGUI/D4D/common_files/d4d_basic_draw.h
.. /home/elco/repos/firmware/platform/spark/modules/eGUI/D4D/common_files/d4d_object.h
.. /home/elco/repos/firmware/platform/spark/modules/eGUI/D4D/common_files/d4d_low.h
.. /home/elco/repos/firmware/platform/spark/modules/eGUI/D4D/common_files/d4d_bmp.h
... /home/elco/repos/firmware/platform/spark/modules/eGUI/D4D/common_files/d4d_imgdec_d4dint.h
... /home/elco/repos/firmware/platform/spark/modules/eGUI/D4D/common_files/d4d_imgdec_d4d.h
... /home/elco/repos/firmware/platform/spark/modules/eGUI/D4D/common_files/d4d_imgdec_bmp.h
.. /home/elco/repos/firmware/platform/spark/modules/eGUI/D4D/common_files/d4d_extsrc.h
.. /home/elco/repos/firmware/platform/spark/modules/eGUI/D4D/common_files/d4d_font.h
.. /home/elco/repos/firmware/platform/spark/modules/eGUI/D4D/common_files/d4d_math.h
.. /home/elco/repos/firmware/platform/spark/modules/eGUI/D4D/common_files/d4d_scheme.h
.. /home/elco/repos/firmware/platform/spark/modules/eGUI/D4D/common_files/d4d_screen.h
.. /home/elco/repos/firmware/platform/spark/modules/eGUI/D4D/common_files/d4d_mouse.h
.. /home/elco/repos/firmware/platform/spark/modules/eGUI/D4D/graphic_objects/d4d_picture.h
.. /home/elco/repos/firmware/platform/spark/modules/eGUI/D4D/graphic_objects/d4d_button.h
.. /home/elco/repos/firmware/platform/spark/modules/eGUI/D4D/graphic_objects/d4d_check_box.h
.. /home/elco/repos/firmware/platform/spark/modules/eGUI/D4D/graphic_objects/d4d_gauge.h
.. /home/elco/repos/firmware/platform/spark/modules/eGUI/D4D/graphic_objects/d4d_slider.h
.. /home/elco/repos/firmware/platform/spark/modules/eGUI/D4D/graphic_objects/d4d_label.h
.. /home/elco/repos/firmware/platform/spark/modules/eGUI/D4D/graphic_objects/d4d_icon.h
.. /home/elco/repos/firmware/platform/spark/modules/eGUI/D4D/graphic_objects/d4d_menu.h
.. /home/elco/repos/firmware/platform/spark/modules/eGUI/D4D/graphic_objects/d4d_graph.h
.. /home/elco/repos/firmware/platform/spark/modules/eGUI/D4D/graphic_objects/d4d_scroll_bar.h
.. /home/elco/repos/firmware/platform/spark/modules/eGUI/D4D/graphic_objects/d4d_console.h
.. /home/elco/repos/firmware/platform/spark/modules/eGUI/D4D/graphic_objects/d4d_text_box.h
.. /home/elco/repos/firmware/platform/spark/modules/eGUI/D4D/graphic_objects/d4d_progress_bar.h
.. /home/elco/repos/firmware/platform/spark/modules/eGUI/D4D/graphic_objects/d4d_radio_button.h
.. /home/elco/repos/firmware/platform/spark/modules/eGUI/D4D/graphic_objects/d4d_group_box.h
.. /home/elco/repos/firmware/platform/spark/modules/eGUI/D4D/graphic_objects/d4d_list_box.h
.. /home/elco/repos/firmware/platform/spark/modules/eGUI/D4D/graphic_objects/d4d_edit_box.h
.. /home/elco/repos/firmware/platform/spark/modules/eGUI/D4D/graphic_objects/d4d_combo_box.h
. /home/elco/repos/firmware/platform/spark/modules/eGUI/D4D/common_files/d4d_lldapi.h
.. /home/elco/repos/firmware/platform/spark/modules/eGUI/D4D/d4d_user_cfg.h
.. /home/elco/repos/firmware/platform/spark/modules/eGUI/D4D/common_files/d4d_types.h
. /home/elco/repos/firmware/platform/spark/modules/eGUI/D4D/common_files/d4d_private.h
Multiple include guards may be useful for:
/home/elco/repos/firmware/platform/spark/modules/eGUI/D4D/d4d_id.h
. /home/elco/repos/firmware/platform/spark/modules/eGUI/D4D/d4d.h
.. /home/elco/repos/firmware/platform/spark/modules/eGUI/D4D/d4d_user_cfg.h
... /home/elco/repos/firmware/platform/spark/modules/eGUI/D4D/d4d_id.h
... /home/elco/repos/firmware/app/brewblox/display/d4d_user_cfg_app.h
.. /home/elco/repos/firmware/platform/spark/modules/eGUI/D4D/common_files/d4d_types.h
... /home/elco/repos/firmware/platform/spark/modules/eGUI/D4D/common_files/d4d_scheme.h
.. /home/elco/repos/firmware/platform/spark/modules/eGUI/D4D/common_files/d4d_base.h
.. /home/elco/repos/firmware/platform/spark/modules/eGUI/D4D/common_files/d4d_string.h
... /home/elco/repos/firmware/platform/spark/modules/eGUI/D4D/common_files/d4d_font.h
.. /home/elco/repos/firmware/platform/spark/modules/eGUI/D4D/common_files/d4d_basic_draw.h
.. /home/elco/repos/firmware/platform/spark/modules/eGUI/D4D/common_files/d4d_object.h
.. /home/elco/repos/firmware/platform/spark/modules/eGUI/D4D/common_files/d4d_low.h
.. /home/elco/repos/firmware/platform/spark/modules/eGUI/D4D/common_files/d4d_bmp.h
... /home/elco/repos/firmware/platform/spark/modules/eGUI/D4D/common_files/d4d_imgdec_d4dint.h
... /home/elco/repos/firmware/platform/spark/modules/eGUI/D4D/common_files/d4d_imgdec_d4d.h
... /home/elco/repos/firmware/platform/spark/modules/eGUI/D4D/common_files/d4d_imgdec_bmp.h
.. /home/elco/repos/firmware/platform/spark/modules/eGUI/D4D/common_files/d4d_extsrc.h
.. /home/elco/repos/firmware/platform/spark/modules/eGUI/D4D/common_files/d4d_font.h
.. /home/elco/repos/firmware/platform/spark/modules/eGUI/D4D/common_files/d4d_math.h
.. /home/elco/repos/firmware/platform/spark/modules/eGUI/D4D/common_files/d4d_scheme.h
.. /home/elco/repos/firmware/platform/spark/modules/eGUI/D4D/common_files/d4d_screen.h
.. /home/elco/repos/firmware/platform/spark/modules/eGUI/D4D/common_files/d4d_mouse.h
.. /home/elco/repos/firmware/platform/spark/modules/eGUI/D4D/graphic_objects/d4d_picture.h
.. /home/elco/repos/firmware/platform/spark/modules/eGUI/D4D/graphic_objects/d4d_button.h
.. /home/elco/repos/firmware/platform/spark/modules/eGUI/D4D/graphic_objects/d4d_check_box.h
.. /home/elco/repos/firmware/platform/spark/modules/eGUI/D4D/graphic_objects/d4d_gauge.h
.. /home/elco/repos/firmware/platform/spark/modules/eGUI/D4D/graphic_objects/d4d_slider.h
.. /home/elco/repos/firmware/platform/spark/modules/eGUI/D4D/graphic_objects/d4d_label.h
.. /home/elco/repos/firmware/platform/spark/modules/eGUI/D4D/graphic_objects/d4d_icon.h
.. /home/elco/repos/firmware/platform/spark/modules/eGUI/D4D/graphic_objects/d4d_menu.h
.. /home/elco/repos/firmware/platform/spark/modules/eGUI/D4D/graphic_objects/d4d_graph.h
.. /home/elco/repos/firmware/platform/spark/modules/eGUI/D4D/graphic_objects/d4d_scroll_bar.h
.. /home/elco/repos/firmware/platform/spark/modules/eGUI/D4D/graphic_objects/d4d_console.h
.. /home/elco/repos/firmware/platform/spark/modules/eGUI/D4D/graphic_objects/d4d_text_box.h
.. /home/elco/repos/firmware/platform/spark/modules/eGUI/D4D/graphic_objects/d4d_progress_bar.h
.. /home/elco/repos/firmware/platform/spark/modules/eGUI/D4D/graphic_objects/d4d_radio_button.h
.. /home/elco/repos/firmware/platform/spark/modules/eGUI/D4D/graphic_objects/d4d_group_box.h
.. /home/elco/repos/firmware/platform/spark/modules/eGUI/D4D/graphic_objects/d4d_list_box.h
.. /home/elco/repos/firmware/platform/spark/modules/eGUI/D4D/graphic_objects/d4d_edit_box.h
.. /home/elco/repos/firmware/platform/spark/modules/eGUI/D4D/graphic_objects/d4d_combo_box.h
. /home/elco/repos/firmware/platform/spark/modules/eGUI/D4D/common_files/d4d_lldapi.h
.. /home/elco/repos/firmware/platform/spark/modules/eGUI/D4D/d4d_user_cfg.h
.. /home/elco/repos/firmware/platform/spark/modules/eGUI/D4D/common_files/d4d_types.h
. /home/elco/repos/firmware/platform/spark/modules/eGUI/D4D/common_files/d4d_private.h
Multiple include guards may be useful for:
/home/elco/repos/firmware/platform/spark/modules/eGUI/D4D/d4d_id.h
. /home/elco/repos/firmware/platform/spark/modules/eGUI/D4D/d4d.h
.. /home/elco/repos/firmware/platform/spark/modules/eGUI/D4D/d4d_user_cfg.h
... /home/elco/repos/firmware/platform/spark/modules/eGUI/D4D/d4d_id.h
... /home/elco/repos/firmware/app/brewblox/display/d4d_user_cfg_app.h
.. /home/elco/repos/firmware/platform/spark/modules/eGUI/D4D/common_files/d4d_types.h
... /home/elco/repos/firmware/platform/spark/modules/eGUI/D4D/common_files/d4d_scheme.h
.. /home/elco/repos/firmware/platform/spark/modules/eGUI/D4D/common_files/d4d_base.h
.. /home/elco/repos/firmware/platform/spark/modules/eGUI/D4D/common_files/d4d_string.h
... /home/elco/repos/firmware/platform/spark/modules/eGUI/D4D/common_files/d4d_font.h
.. /home/elco/repos/firmware/platform/spark/modules/eGUI/D4D/common_files/d4d_basic_draw.h
.. /home/elco/repos/firmware/platform/spark/modules/eGUI/D4D/common_files/d4d_object.h
.. /home/elco/repos/firmware/platform/spark/modules/eGUI/D4D/common_files/d4d_low.h
.. /home/elco/repos/firmware/platform/spark/modules/eGUI/D4D/common_files/d4d_bmp.h
... /home/elco/repos/firmware/platform/spark/modules/eGUI/D4D/common_files/d4d_imgdec_d4dint.h
... /home/elco/repos/firmware/platform/spark/modules/eGUI/D4D/common_files/d4d_imgdec_d4d.h
... /home/elco/repos/firmware/platform/spark/modules/eGUI/D4D/common_files/d4d_imgdec_bmp.h
.. /home/elco/repos/firmware/platform/spark/modules/eGUI/D4D/common_files/d4d_extsrc.h
.. /home/elco/repos/firmware/platform/spark/modules/eGUI/D4D/common_files/d4d_font.h
.. /home/elco/repos/firmware/platform/spark/modules/eGUI/D4D/common_files/d4d_math.h
.. /home/elco/repos/firmware/platform/spark/modules/eGUI/D4D/common_files/d4d_scheme.h
.. /home/elco/repos/firmware/platform/spark/modules/eGUI/D4D/common_files/d4d_screen.h
.. /home/elco/repos/firmware/platform/spark/modules/eGUI/D4D/common_files/d4d_mouse.h
.. /home/elco/repos/firmware/platform/spark/modules/eGUI/D4D/graphic_objects/d4d_picture.h
.. /home/elco/repos/firmware/platform/spark/modules/eGUI/D4D/graphic_objects/d4d_button.h
.. /home/elco/repos/firmware/platform/spark/modules/eGUI/D4D/graphic_objects/d4d_check_box.h
.. /home/elco/repos/firmware/platform/spark/modules/eGUI/D4D/graphic_objects/d4d_gauge.h
.. /home/elco/repos/firmware/platform/spark/modules/eGUI/D4D/graphic_objects/d4d_slider.h
.. /home/elco/repos/firmware/platform/spark/modules/eGUI/D4D/graphic_objects/d4d_label.h
.. /home/elco/repos/firmware/platform/spark/modules/eGUI/D4D/graphic_objects/d4d_icon.h
.. /home/elco/repos/firmware/platform/spark/modules/eGUI/D4D/graphic_objects/d4d_menu.h
.. /home/elco/repos/firmware/platform/spark/modules/eGUI/D4D/graphic_objects/d4d_graph.h
.. /home/elco/repos/firmware/platform/spark/modules/eGUI/D4D/graphic_objects/d4d_scroll_bar.h
.. /home/elco/repos/firmware/platform/spark/modules/eGUI/D4D/graphic_objects/d4d_console.h
.. /home/elco/repos/firmware/platform/spark/modules/eGUI/D4D/graphic_objects/d4d_text_box.h
.. /home/elco/repos/firmware/platform/spark/modules/eGUI/D4D/graphic_objects/d4d_progress_bar.h
.. /home/elco/repos/firmware/platform/spark/modules/eGUI/D4D/graphic_objects/d4d_radio_button.h
.. /home/elco/repos/firmware/platform/spark/modules/eGUI/D4D/graphic_objects/d4d_group_box.h
.. /home/elco/repos/firmware/platform/spark/modules/eGUI/D4D/graphic_objects/d4d_list_box.h
.. /home/elco/repos/firmware/platform/spark/modules/eGUI/D4D/graphic_objects/d4d_edit_box.h
.. /home/elco/repos/firmware/platform/spark/modules/eGUI/D4D/graphic_objects/d4d_combo_box.h
. /home/elco/repos/firmware/platform/spark/modules/eGUI/D4D/common_files/d4d_lldapi.h
.. /home/elco/repos/firmware/platform/spark/modules/eGUI/D4D/d4d_user_cfg.h
.. /home/elco/repos/firmware/platform/spark/modules/eGUI/D4D/common_files/d4d_types.h
. /home/elco/repos/firmware/platform/spark/modules/eGUI/D4D/common_files/d4d_private.h
Multiple include guards may be useful for:
/home/elco/repos/firmware/platform/spark/modules/eGUI/D4D/d4d_id.h
. /home/elco/repos/firmware/platform/spark/modules/eGUI/D4D/d4d.h
.. /home/elco/repos/firmware/platform/spark/modules/eGUI/D4D/d4d_user_cfg.h
... /home/elco/repos/firmware/platform/spark/modules/eGUI/D4D/d4d_id.h
... /home/elco/repos/firmware/app/brewblox/display/d4d_user_cfg_app.h
.. /home/elco/repos/firmware/platform/spark/modules/eGUI/D4D/common_files/d4d_types.h
... /home/elco/repos/firmware/platform/spark/modules/eGUI/D4D/common_files/d4d_scheme.h
.. /home/elco/repos/firmware/platform/spark/modules/eGUI/D4D/common_files/d4d_base.h
.. /home/elco/repos/firmware/platform/spark/modules/eGUI/D4D/common_files/d4d_string.h
... /home/elco/repos/firmware/platform/spark/modules/eGUI/D4D/common_files/d4d_font.h
.. /home/elco/repos/firmware/platform/spark/modules/eGUI/D4D/common_files/d4d_basic_draw.h
.. /home/elco/repos/firmware/platform/spark/modules/eGUI/D4D/common_files/d4d_object.h
.. /home/elco/repos/firmware/platform/spark/modules/eGUI/D4D/common_files/d4d_low.h
.. /home/elco/repos/firmware/platform/spark/modules/eGUI/D4D/common_files/d4d_bmp.h
... /home/elco/repos/firmware/platform/spark/modules/eGUI/D4D/common_files/d4d_imgdec_d4dint.h
... /home/elco/repos/firmware/platform/spark/modules/eGUI/D4D/common_files/d4d_imgdec_d4d.h
... /home/elco/repos/firmware/platform/spark/modules/eGUI/D4D/common_files/d4d_imgdec_bmp.h
.. /home/elco/repos/firmware/platform/spark/modules/eGUI/D4D/common_files/d4d_extsrc.h
.. /home/elco/repos/firmware/platform/spark/modules/eGUI/D4D/common_files/d4d_font.h
.. /home/elco/repos/firmware/platform/spark/modules/eGUI/D4D/common_files/d4d_math.h
.. /home/elco/repos/firmware/platform/spark/modules/eGUI/D4D/common_files/d4d_scheme.h
.. /home/elco/repos/firmware/platform/spark/modules/eGUI/D4D/common_files/d4d_screen.h
.. /home/elco/repos/firmware/platform/spark/modules/eGUI/D4D/common_files/d4d_mouse.h
.. /home/elco/repos/firmware/platform/spark/modules/eGUI/D4D/graphic_objects/d4d_picture.h
.. /home/elco/repos/firmware/platform/spark/modules/eGUI/D4D/graphic_objects/d4d_button.h
.. /home/elco/repos/firmware/platform/spark/modules/eGUI/D4D/graphic_objects/d4d_check_box.h
.. /home/elco/repos/firmware/platform/spark/modules/eGUI/D4D/graphic_objects/d4d_gauge.h
.. /home/elco/repos/firmware/platform/spark/modules/eGUI/D4D/graphic_objects/d4d_slider.h
.. /home/elco/repos/firmware/platform/spark/modules/eGUI/D4D/graphic_objects/d4d_label.h
.. /home/elco/repos/firmware/platform/spark/modules/eGUI/D4D/graphic_objects/d4d_icon.h
.. /home/elco/repos/firmware/platform/spark/modules/eGUI/D4D/graphic_objects/d4d_menu.h
.. /home/elco/repos/firmware/platform/spark/modules/eGUI/D4D/graphic_objects/d4d_graph.h
.. /home/elco/repos/firmware/platform/spark/modules/eGUI/D4D/graphic_objects/d4d_scroll_bar.h
.. /home/elco/repos/firmware/platform/spark/modules/eGUI/D4D/graphic_objects/d4d_console.h
.. /home/elco/repos/firmware/platform/spark/modules/eGUI/D4D/graphic_objects/d4d_text_box.h
.. /home/elco/repos/firmware/platform/spark/modules/eGUI/D4D/graphic_objects/d4d_progress_bar.h
.. /home/elco/repos/firmware/platform/spark/modules/eGUI/D4D/graphic_objects/d4d_radio_button.h
.. /home/elco/repos/firmware/platform/spark/modules/eGUI/D4D/graphic_objects/d4d_group_box.h
.. /home/elco/repos/firmware/platform/spark/modules/eGUI/D4D/graphic_objects/d4d_list_box.h
.. /home/elco/repos/firmware/platform/spark/modules/eGUI/D4D/graphic_objects/d4d_edit_box.h
.. /home/elco/repos/firmware/platform/spark/modules/eGUI/D4D/graphic_objects/d4d_combo_box.h
. /home/elco/repos/firmware/platform/spark/modules/eGUI/D4D/common_files/d4d_lldapi.h
.. /home/elco/repos/firmware/platform/spark/modules/eGUI/D4D/d4d_user_cfg.h
.. /home/elco/repos/firmware/platform/spark/modules/eGUI/D4D/common_files/d4d_types.h
. /home/elco/repos/firmware/platform/spark/modules/eGUI/D4D/common_files/d4d_private.h
Multiple include guards may be useful for:
/home/elco/repos/firmware/platform/spark/modules/eGUI/D4D/d4d_id.h
. /home/elco/repos/firmware/platform/spark/modules/eGUI/D4D/d4d.h
.. /home/elco/repos/firmware/platform/spark/modules/eGUI/D4D/d4d_user_cfg.h
... /home/elco/repos/firmware/platform/spark/modules/eGUI/D4D/d4d_id.h
... /home/elco/repos/firmware/app/brewblox/display/d4d_user_cfg_app.h
.. /home/elco/repos/firmware/platform/spark/modules/eGUI/D4D/common_files/d4d_types.h
... /home/elco/repos/firmware/platform/spark/modules/eGUI/D4D/common_files/d4d_scheme.h
.. /home/elco/repos/firmware/platform/spark/modules/eGUI/D4D/common_files/d4d_base.h
.. /home/elco/repos/firmware/platform/spark/modules/eGUI/D4D/common_files/d4d_string.h
... /home/elco/repos/firmware/platform/spark/modules/eGUI/D4D/common_files/d4d_font.h
.. /home/elco/repos/firmware/platform/spark/modules/eGUI/D4D/common_files/d4d_basic_draw.h
.. /home/elco/repos/firmware/platform/spark/modules/eGUI/D4D/common_files/d4d_object.h
.. /home/elco/repos/firmware/platform/spark/modules/eGUI/D4D/common_files/d4d_low.h
.. /home/elco/repos/firmware/platform/spark/modules/eGUI/D4D/common_files/d4d_bmp.h
... /home/elco/repos/firmware/platform/spark/modules/eGUI/D4D/common_files/d4d_imgdec_d4dint.h
... /home/elco/repos/firmware/platform/spark/modules/eGUI/D4D/common_files/d4d_imgdec_d4d.h
... /home/elco/repos/firmware/platform/spark/modules/eGUI/D4D/common_files/d4d_imgdec_bmp.h
.. /home/elco/repos/firmware/platform/spark/modules/eGUI/D4D/common_files/d4d_extsrc.h
.. /home/elco/repos/firmware/platform/spark/modules/eGUI/D4D/common_files/d4d_font.h
.. /home/elco/repos/firmware/platform/spark/modules/eGUI/D4D/common_files/d4d_math.h
.. /home/elco/repos/firmware/platform/spark/modules/eGUI/D4D/common_files/d4d_scheme.h
.. /home/elco/repos/firmware/platform/spark/modules/eGUI/D4D/common_files/d4d_screen.h
.. /home/elco/repos/firmware/platform/spark/modules/eGUI/D4D/common_files/d4d_mouse.h
.. /home/elco/repos/firmware/platform/spark/modules/eGUI/D4D/graphic_objects/d4d_picture.h
.. /home/elco/repos/firmware/platform/spark/modules/eGUI/D4D/graphic_objects/d4d_button.h
.. /home/elco/repos/firmware/platform/spark/modules/eGUI/D4D/graphic_objects/d4d_check_box.h
.. /home/elco/repos/firmware/platform/spark/modules/eGUI/D4D/graphic_objects/d4d_gauge.h
.. /home/elco/repos/firmware/platform/spark/modules/eGUI/D4D/graphic_objects/d4d_slider.h
.. /home/elco/repos/firmware/platform/spark/modules/eGUI/D4D/graphic_objects/d4d_label.h
.. /home/elco/repos/firmware/platform/spark/modules/eGUI/D4D/graphic_objects/d4d_icon.h
.. /home/elco/repos/firmware/platform/spark/modules/eGUI/D4D/graphic_objects/d4d_menu.h
.. /home/elco/repos/firmware/platform/spark/modules/eGUI/D4D/graphic_objects/d4d_graph.h
.. /home/elco/repos/firmware/platform/spark/modules/eGUI/D4D/graphic_objects/d4d_scroll_bar.h
.. /home/elco/repos/firmware/platform/spark/modules/eGUI/D4D/graphic_objects/d4d_console.h
.. /home/elco/repos/firmware/platform/spark/modules/eGUI/D4D/graphic_objects/d4d_text_box.h
.. /home/elco/repos/firmware/platform/spark/modules/eGUI/D4D/graphic_objects/d4d_progress_bar.h
.. /home/elco/repos/firmware/platform/spark/modules/eGUI/D4D/graphic_objects/d4d_radio_button.h
.. /home/elco/repos/firmware/platform/spark/modules/eGUI/D4D/graphic_objects/d4d_group_box.h
.. /home/elco/repos/firmware/platform/spark/modules/eGUI/D4D/graphic_objects/d4d_list_box.h
.. /home/elco/repos/firmware/platform/spark/modules/eGUI/D4D/graphic_objects/d4d_edit_box.h
.. /home/elco/repos/firmware/platform/spark/modules/eGUI/D4D/graphic_objects/d4d_combo_box.h
. /home/elco/repos/firmware/platform/spark/modules/eGUI/D4D/common_files/d4d_lldapi.h
.. /home/elco/repos/firmware/platform/spark/modules/eGUI/D4D/d4d_user_cfg.h
.. /home/elco/repos/firmware/platform/spark/modules/eGUI/D4D/common_files/d4d_types.h
. /home/elco/repos/firmware/platform/spark/modules/eGUI/D4D/common_files/d4d_private.h
Multiple include guards may be useful for:
/home/elco/repos/firmware/platform/spark/modules/eGUI/D4D/d4d_id.h
. /home/elco/repos/firmware/platform/spark/modules/eGUI/D4D/d4d.h
.. /home/elco/repos/firmware/platform/spark/modules/eGUI/D4D/d4d_user_cfg.h
... /home/elco/repos/firmware/platform/spark/modules/eGUI/D4D/d4d_id.h
... /home/elco/repos/firmware/app/brewblox/display/d4d_user_cfg_app.h
.. /home/elco/repos/firmware/platform/spark/modules/eGUI/D4D/common_files/d4d_types.h
... /home/elco/repos/firmware/platform/spark/modules/eGUI/D4D/common_files/d4d_scheme.h
.. /home/elco/repos/firmware/platform/spark/modules/eGUI/D4D/common_files/d4d_base.h
.. /home/elco/repos/firmware/platform/spark/modules/eGUI/D4D/common_files/d4d_string.h
... /home/elco/repos/firmware/platform/spark/modules/eGUI/D4D/common_files/d4d_font.h
.. /home/elco/repos/firmware/platform/spark/modules/eGUI/D4D/common_files/d4d_basic_draw.h
.. /home/elco/repos/firmware/platform/spark/modules/eGUI/D4D/common_files/d4d_object.h
.. /home/elco/repos/firmware/platform/spark/modules/eGUI/D4D/common_files/d4d_low.h
.. /home/elco/repos/firmware/platform/spark/modules/eGUI/D4D/common_files/d4d_bmp.h
... /home/elco/repos/firmware/platform/spark/modules/eGUI/D4D/common_files/d4d_imgdec_d4dint.h
... /home/elco/repos/firmware/platform/spark/modules/eGUI/D4D/common_files/d4d_imgdec_d4d.h
... /home/elco/repos/firmware/platform/spark/modules/eGUI/D4D/common_files/d4d_imgdec_bmp.h
.. /home/elco/repos/firmware/platform/spark/modules/eGUI/D4D/common_files/d4d_extsrc.h
.. /home/elco/repos/firmware/platform/spark/modules/eGUI/D4D/common_files/d4d_font.h
.. /home/elco/repos/firmware/platform/spark/modules/eGUI/D4D/common_files/d4d_math.h
.. /home/elco/repos/firmware/platform/spark/modules/eGUI/D4D/common_files/d4d_scheme.h
.. /home/elco/repos/firmware/platform/spark/modules/eGUI/D4D/common_files/d4d_screen.h
.. /home/elco/repos/firmware/platform/spark/modules/eGUI/D4D/common_files/d4d_mouse.h
.. /home/elco/repos/firmware/platform/spark/modules/eGUI/D4D/graphic_objects/d4d_picture.h
.. /home/elco/repos/firmware/platform/spark/modules/eGUI/D4D/graphic_objects/d4d_button.h
.. /home/elco/repos/firmware/platform/spark/modules/eGUI/D4D/graphic_objects/d4d_check_box.h
.. /home/elco/repos/firmware/platform/spark/modules/eGUI/D4D/graphic_objects/d4d_gauge.h
.. /home/elco/repos/firmware/platform/spark/modules/eGUI/D4D/graphic_objects/d4d_slider.h
.. /home/elco/repos/firmware/platform/spark/modules/eGUI/D4D/graphic_objects/d4d_label.h
.. /home/elco/repos/firmware/platform/spark/modules/eGUI/D4D/graphic_objects/d4d_icon.h
.. /home/elco/repos/firmware/platform/spark/modules/eGUI/D4D/graphic_objects/d4d_menu.h
.. /home/elco/repos/firmware/platform/spark/modules/eGUI/D4D/graphic_objects/d4d_graph.h
.. /home/elco/repos/firmware/platform/spark/modules/eGUI/D4D/graphic_objects/d4d_scroll_bar.h
.. /home/elco/repos/firmware/platform/spark/modules/eGUI/D4D/graphic_objects/d4d_console.h
.. /home/elco/repos/firmware/platform/spark/modules/eGUI/D4D/graphic_objects/d4d_text_box.h
.. /home/elco/repos/firmware/platform/spark/modules/eGUI/D4D/graphic_objects/d4d_progress_bar.h
.. /home/elco/repos/firmware/platform/spark/modules/eGUI/D4D/graphic_objects/d4d_radio_button.h
.. /home/elco/repos/firmware/platform/spark/modules/eGUI/D4D/graphic_objects/d4d_group_box.h
.. /home/elco/repos/firmware/platform/spark/modules/eGUI/D4D/graphic_objects/d4d_list_box.h
.. /home/elco/repos/firmware/platform/spark/modules/eGUI/D4D/graphic_objects/d4d_edit_box.h
.. /home/elco/repos/firmware/platform/spark/modules/eGUI/D4D/graphic_objects/d4d_combo_box.h
. /home/elco/repos/firmware/platform/spark/modules/eGUI/D4D/common_files/d4d_lldapi.h
.. /home/elco/repos/firmware/platform/spark/modules/eGUI/D4D/d4d_user_cfg.h
.. /home/elco/repos/firmware/platform/spark/modules/eGUI/D4D/common_files/d4d_types.h
. /home/elco/repos/firmware/platform/spark/modules/eGUI/D4D/common_files/d4d_private.h
. /home/elco/repos/firmware/platform/spark/modules/eGUI/D4D/low_level_drivers/LCD/lcd_hw_interface/common_drivers/d4dlcdhw_common.h
Multiple include guards may be useful for:
/home/elco/repos/firmware/platform/spark/modules/eGUI/D4D/d4d_id.h
. /home/elco/repos/firmware/platform/spark/modules/eGUI/D4D/d4d.h
.. /home/elco/repos/firmware/platform/spark/modules/eGUI/D4D/d4d_user_cfg.h
... /home/elco/repos/firmware/platform/spark/modules/eGUI/D4D/d4d_id.h
... /home/elco/repos/firmware/app/brewblox/display/d4d_user_cfg_app.h
.. /home/elco/repos/firmware/platform/spark/modules/eGUI/D4D/common_files/d4d_types.h
... /home/elco/repos/firmware/platform/spark/modules/eGUI/D4D/common_files/d4d_scheme.h
.. /home/elco/repos/firmware/platform/spark/modules/eGUI/D4D/common_files/d4d_base.h
.. /home/elco/repos/firmware/platform/spark/modules/eGUI/D4D/common_files/d4d_string.h
... /home/elco/repos/firmware/platform/spark/modules/eGUI/D4D/common_files/d4d_font.h
.. /home/elco/repos/firmware/platform/spark/modules/eGUI/D4D/common_files/d4d_basic_draw.h
.. /home/elco/repos/firmware/platform/spark/modules/eGUI/D4D/common_files/d4d_object.h
.. /home/elco/repos/firmware/platform/spark/modules/eGUI/D4D/common_files/d4d_low.h
.. /home/elco/repos/firmware/platform/spark/modules/eGUI/D4D/common_files/d4d_bmp.h
... /home/elco/repos/firmware/platform/spark/modules/eGUI/D4D/common_files/d4d_imgdec_d4dint.h
... /home/elco/repos/firmware/platform/spark/modules/eGUI/D4D/common_files/d4d_imgdec_d4d.h
... /home/elco/repos/firmware/platform/spark/modules/eGUI/D4D/common_files/d4d_imgdec_bmp.h
.. /home/elco/repos/firmware/platform/spark/modules/eGUI/D4D/common_files/d4d_extsrc.h
.. /home/elco/repos/firmware/platform/spark/modules/eGUI/D4D/common_files/d4d_font.h
.. /home/elco/repos/firmware/platform/spark/modules/eGUI/D4D/common_files/d4d_math.h
.. /home/elco/repos/firmware/platform/spark/modules/eGUI/D4D/common_files/d4d_scheme.h
.. /home/elco/repos/firmware/platform/spark/modules/eGUI/D4D/common_files/d4d_screen.h
.. /home/elco/repos/firmware/platform/spark/modules/eGUI/D4D/common_files/d4d_mouse.h
.. /home/elco/repos/firmware/platform/spark/modules/eGUI/D4D/graphic_objects/d4d_picture.h
.. /home/elco/repos/firmware/platform/spark/modules/eGUI/D4D/graphic_objects/d4d_button.h
.. /home/elco/repos/firmware/platform/spark/modules/eGUI/D4D/graphic_objects/d4d_check_box.h
.. /home/elco/repos/firmware/platform/spark/modules/eGUI/D4D/graphic_objects/d4d_gauge.h
.. /home/elco/repos/firmware/platform/spark/modules/eGUI/D4D/graphic_objects/d4d_slider.h
.. /home/elco/repos/firmware/platform/spark/modules/eGUI/D4D/graphic_objects/d4d_label.h
.. /home/elco/repos/firmware/platform/spark/modules/eGUI/D4D/graphic_objects/d4d_icon.h
.. /home/elco/repos/firmware/platform/spark/modules/eGUI/D4D/graphic_objects/d4d_menu.h
.. /home/elco/repos/firmware/platform/spark/modules/eGUI/D4D/graphic_objects/d4d_graph.h
.. /home/elco/repos/firmware/platform/spark/modules/eGUI/D4D/graphic_objects/d4d_scroll_bar.h
.. /home/elco/repos/firmware/platform/spark/modules/eGUI/D4D/graphic_objects/d4d_console.h
.. /home/elco/repos/firmware/platform/spark/modules/eGUI/D4D/graphic_objects/d4d_text_box.h
.. /home/elco/repos/firmware/platform/spark/modules/eGUI/D4D/graphic_objects/d4d_progress_bar.h
.. /home/elco/repos/firmware/platform/spark/modules/eGUI/D4D/graphic_objects/d4d_radio_button.h
.. /home/elco/repos/firmware/platform/spark/modules/eGUI/D4D/graphic_objects/d4d_group_box.h
.. /home/elco/repos/firmware/platform/spark/modules/eGUI/D4D/graphic_objects/d4d_list_box.h
.. /home/elco/repos/firmware/platform/spark/modules/eGUI/D4D/graphic_objects/d4d_edit_box.h
.. /home/elco/repos/firmware/platform/spark/modules/eGUI/D4D/graphic_objects/d4d_combo_box.h
. /home/elco/repos/firmware/platform/spark/modules/eGUI/D4D/common_files/d4d_lldapi.h
.. /home/elco/repos/firmware/platform/spark/modules/eGUI/D4D/d4d_user_cfg.h
.. /home/elco/repos/firmware/platform/spark/modules/eGUI/D4D/common_files/d4d_types.h
. /home/elco/repos/firmware/platform/spark/modules/eGUI/D4D/common_files/d4d_private.h
Multiple include guards may be useful for:
/home/elco/repos/firmware/platform/spark/modules/eGUI/D4D/d4d_id.h
. /home/elco/repos/firmware/platform/spark/modules/eGUI/D4D/d4d.h
.. /home/elco/repos/firmware/platform/spark/modules/eGUI/D4D/d4d_user_cfg.h
... /home/elco/repos/firmware/platform/spark/modules/eGUI/D4D/d4d_id.h
... /home/elco/repos/firmware/app/brewblox/display/d4d_user_cfg_app.h
.. /home/elco/repos/firmware/platform/spark/modules/eGUI/D4D/common_files/d4d_types.h
... /home/elco/repos/firmware/platform/spark/modules/eGUI/D4D/common_files/d4d_scheme.h
.. /home/elco/repos/firmware/platform/spark/modules/eGUI/D4D/common_files/d4d_base.h
.. /home/elco/repos/firmware/platform/spark/modules/eGUI/D4D/common_files/d4d_string.h
... /home/elco/repos/firmware/platform/spark/modules/eGUI/D4D/common_files/d4d_font.h
.. /home/elco/repos/firmware/platform/spark/modules/eGUI/D4D/common_files/d4d_basic_draw.h
.. /home/elco/repos/firmware/platform/spark/modules/eGUI/D4D/common_files/d4d_object.h
.. /home/elco/repos/firmware/platform/spark/modules/eGUI/D4D/common_files/d4d_low.h
.. /home/elco/repos/firmware/platform/spark/modules/eGUI/D4D/common_files/d4d_bmp.h
... /home/elco/repos/firmware/platform/spark/modules/eGUI/D4D/common_files/d4d_imgdec_d4dint.h
... /home/elco/repos/firmware/platform/spark/modules/eGUI/D4D/common_files/d4d_imgdec_d4d.h
... /home/elco/repos/firmware/platform/spark/modules/eGUI/D4D/common_files/d4d_imgdec_bmp.h
.. /home/elco/repos/firmware/platform/spark/modules/eGUI/D4D/common_files/d4d_extsrc.h
.. /home/elco/repos/firmware/platform/spark/modules/eGUI/D4D/common_files/d4d_font.h
.. /home/elco/repos/firmware/platform/spark/modules/eGUI/D4D/common_files/d4d_math.h
.. /home/elco/repos/firmware/platform/spark/modules/eGUI/D4D/common_files/d4d_scheme.h
.. /home/elco/repos/firmware/platform/spark/modules/eGUI/D4D/common_files/d4d_screen.h
.. /home/elco/repos/firmware/platform/spark/modules/eGUI/D4D/common_files/d4d_mouse.h
.. /home/elco/repos/firmware/platform/spark/modules/eGUI/D4D/graphic_objects/d4d_picture.h
.. /home/elco/repos/firmware/platform/spark/modules/eGUI/D4D/graphic_objects/d4d_button.h
.. /home/elco/repos/firmware/platform/spark/modules/eGUI/D4D/graphic_objects/d4d_check_box.h
.. /home/elco/repos/firmware/platform/spark/modules/eGUI/D4D/graphic_objects/d4d_gauge.h
.. /home/elco/repos/firmware/platform/spark/modules/eGUI/D4D/graphic_objects/d4d_slider.h
.. /home/elco/repos/firmware/platform/spark/modules/eGUI/D4D/graphic_objects/d4d_label.h
.. /home/elco/repos/firmware/platform/spark/modules/eGUI/D4D/graphic_objects/d4d_icon.h
.. /home/elco/repos/firmware/platform/spark/modules/eGUI/D4D/graphic_objects/d4d_menu.h
.. /home/elco/repos/firmware/platform/spark/modules/eGUI/D4D/graphic_objects/d4d_graph.h
.. /home/elco/repos/firmware/platform/spark/modules/eGUI/D4D/graphic_objects/d4d_scroll_bar.h
.. /home/elco/repos/firmware/platform/spark/modules/eGUI/D4D/graphic_objects/d4d_console.h
.. /home/elco/repos/firmware/platform/spark/modules/eGUI/D4D/graphic_objects/d4d_text_box.h
.. /home/elco/repos/firmware/platform/spark/modules/eGUI/D4D/graphic_objects/d4d_progress_bar.h
.. /home/elco/repos/firmware/platform/spark/modules/eGUI/D4D/graphic_objects/d4d_radio_button.h
.. /home/elco/repos/firmware/platform/spark/modules/eGUI/D4D/graphic_objects/d4d_group_box.h
.. /home/elco/repos/firmware/platform/spark/modules/eGUI/D4D/graphic_objects/d4d_list_box.h
.. /home/elco/repos/firmware/platform/spark/modules/eGUI/D4D/graphic_objects/d4d_edit_box.h
.. /home/elco/repos/firmware/platform/spark/modules/eGUI/D4D/graphic_objects/d4d_combo_box.h
. /home/elco/repos/firmware/platform/spark/modules/eGUI/D4D/common_files/d4d_lldapi.h
.. /home/elco/repos/firmware/platform/spark/modules/eGUI/D4D/d4d_user_cfg.h
.. /home/elco/repos/firmware/platform/spark/modules/eGUI/D4D/common_files/d4d_types.h
. /home/elco/repos/firmware/platform/spark/modules/eGUI/D4D/common_files/d4d_private.h
Multiple include guards may be useful for:
/home/elco/repos/firmware/platform/spark/modules/eGUI/D4D/d4d_id.h
. /home/elco/repos/firmware/platform/spark/modules/eGUI/D4D/d4d.h
.. /home/elco/repos/firmware/platform/spark/modules/eGUI/D4D/d4d_user_cfg.h
... /home/elco/repos/firmware/platform/spark/modules/eGUI/D4D/d4d_id.h
... /home/elco/repos/firmware/app/brewblox/display/d4d_user_cfg_app.h
.. /home/elco/repos/firmware/platform/spark/modules/eGUI/D4D/common_files/d4d_types.h
... /home/elco/repos/firmware/platform/spark/modules/eGUI/D4D/common_files/d4d_scheme.h
.. /home/elco/repos/firmware/platform/spark/modules/eGUI/D4D/common_files/d4d_base.h
.. /home/elco/repos/firmware/platform/spark/modules/eGUI/D4D/common_files/d4d_string.h
... /home/elco/repos/firmware/platform/spark/modules/eGUI/D4D/common_files/d4d_font.h
.. /home/elco/repos/firmware/platform/spark/modules/eGUI/D4D/common_files/d4d_basic_draw.h
.. /home/elco/repos/firmware/platform/spark/modules/eGUI/D4D/common_files/d4d_object.h
.. /home/elco/repos/firmware/platform/spark/modules/eGUI/D4D/common_files/d4d_low.h
.. /home/elco/repos/firmware/platform/spark/modules/eGUI/D4D/common_files/d4d_bmp.h
... /home/elco/repos/firmware/platform/spark/modules/eGUI/D4D/common_files/d4d_imgdec_d4dint.h
... /home/elco/repos/firmware/platform/spark/modules/eGUI/D4D/common_files/d4d_imgdec_d4d.h
... /home/elco/repos/firmware/platform/spark/modules/eGUI/D4D/common_files/d4d_imgdec_bmp.h
.. /home/elco/repos/firmware/platform/spark/modules/eGUI/D4D/common_files/d4d_extsrc.h
.. /home/elco/repos/firmware/platform/spark/modules/eGUI/D4D/common_files/d4d_font.h
.. /home/elco/repos/firmware/platform/spark/modules/eGUI/D4D/common_files/d4d_math.h
.. /home/elco/repos/firmware/platform/spark/modules/eGUI/D4D/common_files/d4d_scheme.h
.. /home/elco/repos/firmware/platform/spark/modules/eGUI/D4D/common_files/d4d_screen.h
.. /home/elco/repos/firmware/platform/spark/modules/eGUI/D4D/common_files/d4d_mouse.h
.. /home/elco/repos/firmware/platform/spark/modules/eGUI/D4D/graphic_objects/d4d_picture.h
.. /home/elco/repos/firmware/platform/spark/modules/eGUI/D4D/graphic_objects/d4d_button.h
.. /home/elco/repos/firmware/platform/spark/modules/eGUI/D4D/graphic_objects/d4d_check_box.h
.. /home/elco/repos/firmware/platform/spark/modules/eGUI/D4D/graphic_objects/d4d_gauge.h
.. /home/elco/repos/firmware/platform/spark/modules/eGUI/D4D/graphic_objects/d4d_slider.h
.. /home/elco/repos/firmware/platform/spark/modules/eGUI/D4D/graphic_objects/d4d_label.h
.. /home/elco/repos/firmware/platform/spark/modules/eGUI/D4D/graphic_objects/d4d_icon.h
.. /home/elco/repos/firmware/platform/spark/modules/eGUI/D4D/graphic_objects/d4d_menu.h
.. /home/elco/repos/firmware/platform/spark/modules/eGUI/D4D/graphic_objects/d4d_graph.h
.. /home/elco/repos/firmware/platform/spark/modules/eGUI/D4D/graphic_objects/d4d_scroll_bar.h
.. /home/elco/repos/firmware/platform/spark/modules/eGUI/D4D/graphic_objects/d4d_console.h
.. /home/elco/repos/firmware/platform/spark/modules/eGUI/D4D/graphic_objects/d4d_text_box.h
.. /home/elco/repos/firmware/platform/spark/modules/eGUI/D4D/graphic_objects/d4d_progress_bar.h
.. /home/elco/repos/firmware/platform/spark/modules/eGUI/D4D/graphic_objects/d4d_radio_button.h
.. /home/elco/repos/firmware/platform/spark/modules/eGUI/D4D/graphic_objects/d4d_group_box.h
.. /home/elco/repos/firmware/platform/spark/modules/eGUI/D4D/graphic_objects/d4d_list_box.h
.. /home/elco/repos/firmware/platform/spark/modules/eGUI/D4D/graphic_objects/d4d_edit_box.h
.. /home/elco/repos/firmware/platform/spark/modules/eGUI/D4D/graphic_objects/d4d_combo_box.h
. /home/elco/repos/firmware/platform/spark/modules/eGUI/D4D/common_files/d4d_lldapi.h
.. /home/elco/repos/firmware/platform/spark/modules/eGUI/D4D/d4d_user_cfg.h
.. /home/elco/repos/firmware/platform/spark/modules/eGUI/D4D/common_files/d4d_types.h
. /home/elco/repos/firmware/platform/spark/modules/eGUI/D4D/common_files/d4d_private.h
Multiple include guards may be useful for:
/home/elco/repos/firmware/platform/spark/modules/eGUI/D4D/d4d_id.h
. /home/elco/repos/firmware/platform/spark/modules/eGUI/D4D/d4d.h
.. /home/elco/repos/firmware/platform/spark/modules/eGUI/D4D/d4d_user_cfg.h
... /home/elco/repos/firmware/platform/spark/modules/eGUI/D4D/d4d_id.h
... /home/elco/repos/firmware/app/brewblox/display/d4d_user_cfg_app.h
.. /home/elco/repos/firmware/platform/spark/modules/eGUI/D4D/common_files/d4d_types.h
... /home/elco/repos/firmware/platform/spark/modules/eGUI/D4D/common_files/d4d_scheme.h
.. /home/elco/repos/firmware/platform/spark/modules/eGUI/D4D/common_files/d4d_base.h
.. /home/elco/repos/firmware/platform/spark/modules/eGUI/D4D/common_files/d4d_string.h
... /home/elco/repos/firmware/platform/spark/modules/eGUI/D4D/common_files/d4d_font.h
.. /home/elco/repos/firmware/platform/spark/modules/eGUI/D4D/common_files/d4d_basic_draw.h
.. /home/elco/repos/firmware/platform/spark/modules/eGUI/D4D/common_files/d4d_object.h
.. /home/elco/repos/firmware/platform/spark/modules/eGUI/D4D/common_files/d4d_low.h
.. /home/elco/repos/firmware/platform/spark/modules/eGUI/D4D/common_files/d4d_bmp.h
... /home/elco/repos/firmware/platform/spark/modules/eGUI/D4D/common_files/d4d_imgdec_d4dint.h
... /home/elco/repos/firmware/platform/spark/modules/eGUI/D4D/common_files/d4d_imgdec_d4d.h
... /home/elco/repos/firmware/platform/spark/modules/eGUI/D4D/common_files/d4d_imgdec_bmp.h
.. /home/elco/repos/firmware/platform/spark/modules/eGUI/D4D/common_files/d4d_extsrc.h
.. /home/elco/repos/firmware/platform/spark/modules/eGUI/D4D/common_files/d4d_font.h
.. /home/elco/repos/firmware/platform/spark/modules/eGUI/D4D/common_files/d4d_math.h
.. /home/elco/repos/firmware/platform/spark/modules/eGUI/D4D/common_files/d4d_scheme.h
.. /home/elco/repos/firmware/platform/spark/modules/eGUI/D4D/common_files/d4d_screen.h
.. /home/elco/repos/firmware/platform/spark/modules/eGUI/D4D/common_files/d4d_mouse.h
.. /home/elco/repos/firmware/platform/spark/modules/eGUI/D4D/graphic_objects/d4d_picture.h
.. /home/elco/repos/firmware/platform/spark/modules/eGUI/D4D/graphic_objects/d4d_button.h
.. /home/elco/repos/firmware/platform/spark/modules/eGUI/D4D/graphic_objects/d4d_check_box.h
.. /home/elco/repos/firmware/platform/spark/modules/eGUI/D4D/graphic_objects/d4d_gauge.h
.. /home/elco/repos/firmware/platform/spark/modules/eGUI/D4D/graphic_objects/d4d_slider.h
.. /home/elco/repos/firmware/platform/spark/modules/eGUI/D4D/graphic_objects/d4d_label.h
.. /home/elco/repos/firmware/platform/spark/modules/eGUI/D4D/graphic_objects/d4d_icon.h
.. /home/elco/repos/firmware/platform/spark/modules/eGUI/D4D/graphic_objects/d4d_menu.h
.. /home/elco/repos/firmware/platform/spark/modules/eGUI/D4D/graphic_objects/d4d_graph.h
.. /home/elco/repos/firmware/platform/spark/modules/eGUI/D4D/graphic_objects/d4d_scroll_bar.h
.. /home/elco/repos/firmware/platform/spark/modules/eGUI/D4D/graphic_objects/d4d_console.h
.. /home/elco/repos/firmware/platform/spark/modules/eGUI/D4D/graphic_objects/d4d_text_box.h
.. /home/elco/repos/firmware/platform/spark/modules/eGUI/D4D/graphic_objects/d4d_progress_bar.h
.. /home/elco/repos/firmware/platform/spark/modules/eGUI/D4D/graphic_objects/d4d_radio_button.h
.. /home/elco/repos/firmware/platform/spark/modules/eGUI/D4D/graphic_objects/d4d_group_box.h
.. /home/elco/repos/firmware/platform/spark/modules/eGUI/D4D/graphic_objects/d4d_list_box.h
.. /home/elco/repos/firmware/platform/spark/modules/eGUI/D4D/graphic_objects/d4d_edit_box.h
.. /home/elco/repos/firmware/platform/spark/modules/eGUI/D4D/graphic_objects/d4d_combo_box.h
. /home/elco/repos/firmware/platform/spark/modules/eGUI/D4D/common_files/d4d_lldapi.h
.. /home/elco/repos/firmware/platform/spark/modules/eGUI/D4D/d4d_user_cfg.h
.. /home/elco/repos/firmware/platform/spark/modules/eGUI/D4D/common_files/d4d_types.h
. /home/elco/repos/firmware/platform/spark/modules/eGUI/D4D/common_files/d4d_private.h
Multiple include guards may be useful for:
/home/elco/repos/firmware/platform/spark/modules/eGUI/D4D/d4d_id.h
. /home/elco/repos/firmware/platform/spark/modules/eGUI/D4D/d4d.h
.. /home/elco/repos/firmware/platform/spark/modules/eGUI/D4D/d4d_user_cfg.h
... /home/elco/repos/firmware/platform/spark/modules/eGUI/D4D/d4d_id.h
... /home/elco/repos/firmware/app/brewblox/display/d4d_user_cfg_app.h
.. /home/elco/repos/firmware/platform/spark/modules/eGUI/D4D/common_files/d4d_types.h
... /home/elco/repos/firmware/platform/spark/modules/eGUI/D4D/common_files/d4d_scheme.h
.. /home/elco/repos/firmware/platform/spark/modules/eGUI/D4D/common_files/d4d_base.h
.. /home/elco/repos/firmware/platform/spark/modules/eGUI/D4D/common_files/d4d_string.h
... /home/elco/repos/firmware/platform/spark/modules/eGUI/D4D/common_files/d4d_font.h
.. /home/elco/repos/firmware/platform/spark/modules/eGUI/D4D/common_files/d4d_basic_draw.h
.. /home/elco/repos/firmware/platform/spark/modules/eGUI/D4D/common_files/d4d_object.h
.. /home/elco/repos/firmware/platform/spark/modules/eGUI/D4D/common_files/d4d_low.h
.. /home/elco/repos/firmware/platform/spark/modules/eGUI/D4D/common_files/d4d_bmp.h
... /home/elco/repos/firmware/platform/spark/modules/eGUI/D4D/common_files/d4d_imgdec_d4dint.h
... /home/elco/repos/firmware/platform/spark/modules/eGUI/D4D/common_files/d4d_imgdec_d4d.h
... /home/elco/repos/firmware/platform/spark/modules/eGUI/D4D/common_files/d4d_imgdec_bmp.h
.. /home/elco/repos/firmware/platform/spark/modules/eGUI/D4D/common_files/d4d_extsrc.h
.. /home/elco/repos/firmware/platform/spark/modules/eGUI/D4D/common_files/d4d_font.h
.. /home/elco/repos/firmware/platform/spark/modules/eGUI/D4D/common_files/d4d_math.h
.. /home/elco/repos/firmware/platform/spark/modules/eGUI/D4D/common_files/d4d_scheme.h
.. /home/elco/repos/firmware/platform/spark/modules/eGUI/D4D/common_files/d4d_screen.h
.. /home/elco/repos/firmware/platform/spark/modules/eGUI/D4D/common_files/d4d_mouse.h
.. /home/elco/repos/firmware/platform/spark/modules/eGUI/D4D/graphic_objects/d4d_picture.h
.. /home/elco/repos/firmware/platform/spark/modules/eGUI/D4D/graphic_objects/d4d_button.h
.. /home/elco/repos/firmware/platform/spark/modules/eGUI/D4D/graphic_objects/d4d_check_box.h
.. /home/elco/repos/firmware/platform/spark/modules/eGUI/D4D/graphic_objects/d4d_gauge.h
.. /home/elco/repos/firmware/platform/spark/modules/eGUI/D4D/graphic_objects/d4d_slider.h
.. /home/elco/repos/firmware/platform/spark/modules/eGUI/D4D/graphic_objects/d4d_label.h
.. /home/elco/repos/firmware/platform/spark/modules/eGUI/D4D/graphic_objects/d4d_icon.h
.. /home/elco/repos/firmware/platform/spark/modules/eGUI/D4D/graphic_objects/d4d_menu.h
.. /home/elco/repos/firmware/platform/spark/modules/eGUI/D4D/graphic_objects/d4d_graph.h
.. /home/elco/repos/firmware/platform/spark/modules/eGUI/D4D/graphic_objects/d4d_scroll_bar.h
.. /home/elco/repos/firmware/platform/spark/modules/eGUI/D4D/graphic_objects/d4d_console.h
.. /home/elco/repos/firmware/platform/spark/modules/eGUI/D4D/graphic_objects/d4d_text_box.h
.. /home/elco/repos/firmware/platform/spark/modules/eGUI/D4D/graphic_objects/d4d_progress_bar.h
.. /home/elco/repos/firmware/platform/spark/modules/eGUI/D4D/graphic_objects/d4d_radio_button.h
.. /home/elco/repos/firmware/platform/spark/modules/eGUI/D4D/graphic_objects/d4d_group_box.h
.. /home/elco/repos/firmware/platform/spark/modules/eGUI/D4D/graphic_objects/d4d_list_box.h
.. /home/elco/repos/firmware/platform/spark/modules/eGUI/D4D/graphic_objects/d4d_edit_box.h
.. /home/elco/repos/firmware/platform/spark/modules/eGUI/D4D/graphic_objects/d4d_combo_box.h
. /home/elco/repos/firmware/platform/spark/modules/eGUI/D4D/common_files/d4d_private.h
Multiple include guards may be useful for:
/home/elco/repos/firmware/platform/spark/modules/eGUI/D4D/d4d_id.h
. /home/elco/repos/firmware/platform/spark/modules/eGUI/D4D/d4d.h
.. /home/elco/repos/firmware/platform/spark/modules/eGUI/D4D/d4d_user_cfg.h
... /home/elco/repos/firmware/platform/spark/modules/eGUI/D4D/d4d_id.h
... /home/elco/repos/firmware/app/brewblox/display/d4d_user_cfg_app.h
.. /home/elco/repos/firmware/platform/spark/modules/eGUI/D4D/common_files/d4d_types.h
... /home/elco/repos/firmware/platform/spark/modules/eGUI/D4D/common_files/d4d_scheme.h
.. /home/elco/repos/firmware/platform/spark/modules/eGUI/D4D/common_files/d4d_base.h
.. /home/elco/repos/firmware/platform/spark/modules/eGUI/D4D/common_files/d4d_string.h
... /home/elco/repos/firmware/platform/spark/modules/eGUI/D4D/common_files/d4d_font.h
.. /home/elco/repos/firmware/platform/spark/modules/eGUI/D4D/common_files/d4d_basic_draw.h
.. /home/elco/repos/firmware/platform/spark/modules/eGUI/D4D/common_files/d4d_object.h
.. /home/elco/repos/firmware/platform/spark/modules/eGUI/D4D/common_files/d4d_low.h
.. /home/elco/repos/firmware/platform/spark/modules/eGUI/D4D/common_files/d4d_bmp.h
... /home/elco/repos/firmware/platform/spark/modules/eGUI/D4D/common_files/d4d_imgdec_d4dint.h
... /home/elco/repos/firmware/platform/spark/modules/eGUI/D4D/common_files/d4d_imgdec_d4d.h
... /home/elco/repos/firmware/platform/spark/modules/eGUI/D4D/common_files/d4d_imgdec_bmp.h
.. /home/elco/repos/firmware/platform/spark/modules/eGUI/D4D/common_files/d4d_extsrc.h
.. /home/elco/repos/firmware/platform/spark/modules/eGUI/D4D/common_files/d4d_font.h
.. /home/elco/repos/firmware/platform/spark/modules/eGUI/D4D/common_files/d4d_math.h
.. /home/elco/repos/firmware/platform/spark/modules/eGUI/D4D/common_files/d4d_scheme.h
.. /home/elco/repos/firmware/platform/spark/modules/eGUI/D4D/common_files/d4d_screen.h
.. /home/elco/repos/firmware/platform/spark/modules/eGUI/D4D/common_files/d4d_mouse.h
.. /home/elco/repos/firmware/platform/spark/modules/eGUI/D4D/graphic_objects/d4d_picture.h
.. /home/elco/repos/firmware/platform/spark/modules/eGUI/D4D/graphic_objects/d4d_button.h
.. /home/elco/repos/firmware/platform/spark/modules/eGUI/D4D/graphic_objects/d4d_check_box.h
.. /home/elco/repos/firmware/platform/spark/modules/eGUI/D4D/graphic_objects/d4d_gauge.h
.. /home/elco/repos/firmware/platform/spark/modules/eGUI/D4D/graphic_objects/d4d_slider.h
.. /home/elco/repos/firmware/platform/spark/modules/eGUI/D4D/graphic_objects/d4d_label.h
.. /home/elco/repos/firmware/platform/spark/modules/eGUI/D4D/graphic_objects/d4d_icon.h
.. /home/elco/repos/firmware/platform/spark/modules/eGUI/D4D/graphic_objects/d4d_menu.h
.. /home/elco/repos/firmware/platform/spark/modules/eGUI/D4D/graphic_objects/d4d_graph.h
.. /home/elco/repos/firmware/platform/spark/modules/eGUI/D4D/graphic_objects/d4d_scroll_bar.h
.. /home/elco/repos/firmware/platform/spark/modules/eGUI/D4D/graphic_objects/d4d_console.h
.. /home/elco/repos/firmware/platform/spark/modules/eGUI/D4D/graphic_objects/d4d_text_box.h
.. /home/elco/repos/firmware/platform/spark/modules/eGUI/D4D/graphic_objects/d4d_progress_bar.h
.. /home/elco/repos/firmware/platform/spark/modules/eGUI/D4D/graphic_objects/d4d_radio_button.h
.. /home/elco/repos/firmware/platform/spark/modules/eGUI/D4D/graphic_objects/d4d_group_box.h
.. /home/elco/repos/firmware/platform/spark/modules/eGUI/D4D/graphic_objects/d4d_list_box.h
.. /home/elco/repos/firmware/platform/spark/modules/eGUI/D4D/graphic_objects/d4d_edit_box.h
.. /home/elco/repos/firmware/platform/spark/modules/eGUI/D4D/graphic_objects/d4d_combo_box.h
. /home/elco/repos/firmware/platform/spark/modules/eGUI/D4D/common_files/d4d_private.h
Multiple include guards may be useful for:
/home/elco/repos/firmware/platform/spark/modules/eGUI/D4D/d4d_id.h
. /home/elco/repos/firmware/platform/spark/modules/eGUI/D4D/d4d.h
.. /home/elco/repos/firmware/platform/spark/modules/eGUI/D4D/d4d_user_cfg.h
... /home/elco/repos/firmware/platform/spark/modules/eGUI/D4D/d4d_id.h
... /home/elco/repos/firmware/app/brewblox/display/d4d_user_cfg_app.h
.. /home/elco/repos/firmware/platform/spark/modules/eGUI/D4D/common_files/d4d_types.h
... /home/elco/repos/firmware/platform/spark/modules/eGUI/D4D/common_files/d4d_scheme.h
.. /home/elco/repos/firmware/platform/spark/modules/eGUI/D4D/common_files/d4d_base.h
.. /home/elco/repos/firmware/platform/spark/modules/eGUI/D4D/common_files/d4d_string.h
... /home/elco/repos/firmware/platform/spark/modules/eGUI/D4D/common_files/d4d_font.h
.. /home/elco/repos/firmware/platform/spark/modules/eGUI/D4D/common_files/d4d_basic_draw.h
.. /home/elco/repos/firmware/platform/spark/modules/eGUI/D4D/common_files/d4d_object.h
.. /home/elco/repos/firmware/platform/spark/modules/eGUI/D4D/common_files/d4d_low.h
.. /home/elco/repos/firmware/platform/spark/modules/eGUI/D4D/common_files/d4d_bmp.h
... /home/elco/repos/firmware/platform/spark/modules/eGUI/D4D/common_files/d4d_imgdec_d4dint.h
... /home/elco/repos/firmware/platform/spark/modules/eGUI/D4D/common_files/d4d_imgdec_d4d.h
... /home/elco/repos/firmware/platform/spark/modules/eGUI/D4D/common_files/d4d_imgdec_bmp.h
.. /home/elco/repos/firmware/platform/spark/modules/eGUI/D4D/common_files/d4d_extsrc.h
.. /home/elco/repos/firmware/platform/spark/modules/eGUI/D4D/common_files/d4d_font.h
.. /home/elco/repos/firmware/platform/spark/modules/eGUI/D4D/common_files/d4d_math.h
.. /home/elco/repos/firmware/platform/spark/modules/eGUI/D4D/common_files/d4d_scheme.h
.. /home/elco/repos/firmware/platform/spark/modules/eGUI/D4D/common_files/d4d_screen.h
.. /home/elco/repos/firmware/platform/spark/modules/eGUI/D4D/common_files/d4d_mouse.h
.. /home/elco/repos/firmware/platform/spark/modules/eGUI/D4D/graphic_objects/d4d_picture.h
.. /home/elco/repos/firmware/platform/spark/modules/eGUI/D4D/graphic_objects/d4d_button.h
.. /home/elco/repos/firmware/platform/spark/modules/eGUI/D4D/graphic_objects/d4d_check_box.h
.. /home/elco/repos/firmware/platform/spark/modules/eGUI/D4D/graphic_objects/d4d_gauge.h
.. /home/elco/repos/firmware/platform/spark/modules/eGUI/D4D/graphic_objects/d4d_slider.h
.. /home/elco/repos/firmware/platform/spark/modules/eGUI/D4D/graphic_objects/d4d_label.h
.. /home/elco/repos/firmware/platform/spark/modules/eGUI/D4D/graphic_objects/d4d_icon.h
.. /home/elco/repos/firmware/platform/spark/modules/eGUI/D4D/graphic_objects/d4d_menu.h
.. /home/elco/repos/firmware/platform/spark/modules/eGUI/D4D/graphic_objects/d4d_graph.h
.. /home/elco/repos/firmware/platform/spark/modules/eGUI/D4D/graphic_objects/d4d_scroll_bar.h
.. /home/elco/repos/firmware/platform/spark/modules/eGUI/D4D/graphic_objects/d4d_console.h
.. /home/elco/repos/firmware/platform/spark/modules/eGUI/D4D/graphic_objects/d4d_text_box.h
.. /home/elco/repos/firmware/platform/spark/modules/eGUI/D4D/graphic_objects/d4d_progress_bar.h
.. /home/elco/repos/firmware/platform/spark/modules/eGUI/D4D/graphic_objects/d4d_radio_button.h
.. /home/elco/repos/firmware/platform/spark/modules/eGUI/D4D/graphic_objects/d4d_group_box.h
.. /home/elco/repos/firmware/platform/spark/modules/eGUI/D4D/graphic_objects/d4d_list_box.h
.. /home/elco/repos/firmware/platform/spark/modules/eGUI/D4D/graphic_objects/d4d_edit_box.h
.. /home/elco/repos/firmware/platform/spark/modules/eGUI/D4D/graphic_objects/d4d_combo_box.h
. /home/elco/repos/firmware/platform/spark/modules/eGUI/D4D/common_files/d4d_private.h
Multiple include guards may be useful for:
/home/elco/repos/firmware/platform/spark/modules/eGUI/D4D/d4d_id.h
. /home/elco/repos/firmware/platform/spark/modules/eGUI/D4D/d4d.h
.. /home/elco/repos/firmware/platform/spark/modules/eGUI/D4D/d4d_user_cfg.h
... /home/elco/repos/firmware/platform/spark/modules/eGUI/D4D/d4d_id.h
... /home/elco/repos/firmware/app/brewblox/display/d4d_user_cfg_app.h
.. /home/elco/repos/firmware/platform/spark/modules/eGUI/D4D/common_files/d4d_types.h
... /home/elco/repos/firmware/platform/spark/modules/eGUI/D4D/common_files/d4d_scheme.h
.. /home/elco/repos/firmware/platform/spark/modules/eGUI/D4D/common_files/d4d_base.h
.. /home/elco/repos/firmware/platform/spark/modules/eGUI/D4D/common_files/d4d_string.h
... /home/elco/repos/firmware/platform/spark/modules/eGUI/D4D/common_files/d4d_font.h
.. /home/elco/repos/firmware/platform/spark/modules/eGUI/D4D/common_files/d4d_basic_draw.h
.. /home/elco/repos/firmware/platform/spark/modules/eGUI/D4D/common_files/d4d_object.h
.. /home/elco/repos/firmware/platform/spark/modules/eGUI/D4D/common_files/d4d_low.h
.. /home/elco/repos/firmware/platform/spark/modules/eGUI/D4D/common_files/d4d_bmp.h
... /home/elco/repos/firmware/platform/spark/modules/eGUI/D4D/common_files/d4d_imgdec_d4dint.h
... /home/elco/repos/firmware/platform/spark/modules/eGUI/D4D/common_files/d4d_imgdec_d4d.h
... /home/elco/repos/firmware/platform/spark/modules/eGUI/D4D/common_files/d4d_imgdec_bmp.h
.. /home/elco/repos/firmware/platform/spark/modules/eGUI/D4D/common_files/d4d_extsrc.h
.. /home/elco/repos/firmware/platform/spark/modules/eGUI/D4D/common_files/d4d_font.h
.. /home/elco/repos/firmware/platform/spark/modules/eGUI/D4D/common_files/d4d_math.h
.. /home/elco/repos/firmware/platform/spark/modules/eGUI/D4D/common_files/d4d_scheme.h
.. /home/elco/repos/firmware/platform/spark/modules/eGUI/D4D/common_files/d4d_screen.h
.. /home/elco/repos/firmware/platform/spark/modules/eGUI/D4D/common_files/d4d_mouse.h
.. /home/elco/repos/firmware/platform/spark/modules/eGUI/D4D/graphic_objects/d4d_picture.h
.. /home/elco/repos/firmware/platform/spark/modules/eGUI/D4D/graphic_objects/d4d_button.h
.. /home/elco/repos/firmware/platform/spark/modules/eGUI/D4D/graphic_objects/d4d_check_box.h
.. /home/elco/repos/firmware/platform/spark/modules/eGUI/D4D/graphic_objects/d4d_gauge.h
.. /home/elco/repos/firmware/platform/spark/modules/eGUI/D4D/graphic_objects/d4d_slider.h
.. /home/elco/repos/firmware/platform/spark/modules/eGUI/D4D/graphic_objects/d4d_label.h
.. /home/elco/repos/firmware/platform/spark/modules/eGUI/D4D/graphic_objects/d4d_icon.h
.. /home/elco/repos/firmware/platform/spark/modules/eGUI/D4D/graphic_objects/d4d_menu.h
.. /home/elco/repos/firmware/platform/spark/modules/eGUI/D4D/graphic_objects/d4d_graph.h
.. /home/elco/repos/firmware/platform/spark/modules/eGUI/D4D/graphic_objects/d4d_scroll_bar.h
.. /home/elco/repos/firmware/platform/spark/modules/eGUI/D4D/graphic_objects/d4d_console.h
.. /home/elco/repos/firmware/platform/spark/modules/eGUI/D4D/graphic_objects/d4d_text_box.h
.. /home/elco/repos/firmware/platform/spark/modules/eGUI/D4D/graphic_objects/d4d_progress_bar.h
.. /home/elco/repos/firmware/platform/spark/modules/eGUI/D4D/graphic_objects/d4d_radio_button.h
.. /home/elco/repos/firmware/platform/spark/modules/eGUI/D4D/graphic_objects/d4d_group_box.h
.. /home/elco/repos/firmware/platform/spark/modules/eGUI/D4D/graphic_objects/d4d_list_box.h
.. /home/elco/repos/firmware/platform/spark/modules/eGUI/D4D/graphic_objects/d4d_edit_box.h
.. /home/elco/repos/firmware/platform/spark/modules/eGUI/D4D/graphic_objects/d4d_combo_box.h
. /home/elco/repos/firmware/platform/spark/modules/eGUI/D4D/common_files/d4d_private.h
Multiple include guards may be useful for:
/home/elco/repos/firmware/platform/spark/modules/eGUI/D4D/d4d_id.h
. /home/elco/repos/firmware/platform/spark/modules/eGUI/D4D/d4d.h
.. /home/elco/repos/firmware/platform/spark/modules/eGUI/D4D/d4d_user_cfg.h
... /home/elco/repos/firmware/platform/spark/modules/eGUI/D4D/d4d_id.h
... /home/elco/repos/firmware/app/brewblox/display/d4d_user_cfg_app.h
.. /home/elco/repos/firmware/platform/spark/modules/eGUI/D4D/common_files/d4d_types.h
... /home/elco/repos/firmware/platform/spark/modules/eGUI/D4D/common_files/d4d_scheme.h
.. /home/elco/repos/firmware/platform/spark/modules/eGUI/D4D/common_files/d4d_base.h
.. /home/elco/repos/firmware/platform/spark/modules/eGUI/D4D/common_files/d4d_string.h
... /home/elco/repos/firmware/platform/spark/modules/eGUI/D4D/common_files/d4d_font.h
.. /home/elco/repos/firmware/platform/spark/modules/eGUI/D4D/common_files/d4d_basic_draw.h
.. /home/elco/repos/firmware/platform/spark/modules/eGUI/D4D/common_files/d4d_object.h
.. /home/elco/repos/firmware/platform/spark/modules/eGUI/D4D/common_files/d4d_low.h
.. /home/elco/repos/firmware/platform/spark/modules/eGUI/D4D/common_files/d4d_bmp.h
... /home/elco/repos/firmware/platform/spark/modules/eGUI/D4D/common_files/d4d_imgdec_d4dint.h
... /home/elco/repos/firmware/platform/spark/modules/eGUI/D4D/common_files/d4d_imgdec_d4d.h
... /home/elco/repos/firmware/platform/spark/modules/eGUI/D4D/common_files/d4d_imgdec_bmp.h
.. /home/elco/repos/firmware/platform/spark/modules/eGUI/D4D/common_files/d4d_extsrc.h
.. /home/elco/repos/firmware/platform/spark/modules/eGUI/D4D/common_files/d4d_font.h
.. /home/elco/repos/firmware/platform/spark/modules/eGUI/D4D/common_files/d4d_math.h
.. /home/elco/repos/firmware/platform/spark/modules/eGUI/D4D/common_files/d4d_scheme.h
.. /home/elco/repos/firmware/platform/spark/modules/eGUI/D4D/common_files/d4d_screen.h
.. /home/elco/repos/firmware/platform/spark/modules/eGUI/D4D/common_files/d4d_mouse.h
.. /home/elco/repos/firmware/platform/spark/modules/eGUI/D4D/graphic_objects/d4d_picture.h
.. /home/elco/repos/firmware/platform/spark/modules/eGUI/D4D/graphic_objects/d4d_button.h
.. /home/elco/repos/firmware/platform/spark/modules/eGUI/D4D/graphic_objects/d4d_check_box.h
.. /home/elco/repos/firmware/platform/spark/modules/eGUI/D4D/graphic_objects/d4d_gauge.h
.. /home/elco/repos/firmware/platform/spark/modules/eGUI/D4D/graphic_objects/d4d_slider.h
.. /home/elco/repos/firmware/platform/spark/modules/eGUI/D4D/graphic_objects/d4d_label.h
.. /home/elco/repos/firmware/platform/spark/modules/eGUI/D4D/graphic_objects/d4d_icon.h
.. /home/elco/repos/firmware/platform/spark/modules/eGUI/D4D/graphic_objects/d4d_menu.h
.. /home/elco/repos/firmware/platform/spark/modules/eGUI/D4D/graphic_objects/d4d_graph.h
.. /home/elco/repos/firmware/platform/spark/modules/eGUI/D4D/graphic_objects/d4d_scroll_bar.h
.. /home/elco/repos/firmware/platform/spark/modules/eGUI/D4D/graphic_objects/d4d_console.h
.. /home/elco/repos/firmware/platform/spark/modules/eGUI/D4D/graphic_objects/d4d_text_box.h
.. /home/elco/repos/firmware/platform/spark/modules/eGUI/D4D/graphic_objects/d4d_progress_bar.h
.. /home/elco/repos/firmware/platform/spark/modules/eGUI/D4D/graphic_objects/d4d_radio_button.h
.. /home/elco/repos/firmware/platform/spark/modules/eGUI/D4D/graphic_objects/d4d_group_box.h
.. /home/elco/repos/firmware/platform/spark/modules/eGUI/D4D/graphic_objects/d4d_list_box.h
.. /home/elco/repos/firmware/platform/spark/modules/eGUI/D4D/graphic_objects/d4d_edit_box.h
.. /home/elco/repos/firmware/platform/spark/modules/eGUI/D4D/graphic_objects/d4d_combo_box.h
. /home/elco/repos/firmware/platform/spark/modules/eGUI/D4D/common_files/d4d_private.h
Multiple include guards may be useful for:
/home/elco/repos/firmware/platform/spark/modules/eGUI/D4D/d4d_id.h
. /home/elco/repos/firmware/platform/spark/modules/eGUI/D4D/d4d.h
.. /home/elco/repos/firmware/platform/spark/modules/eGUI/D4D/d4d_user_cfg.h
... /home/elco/repos/firmware/platform/spark/modules/eGUI/D4D/d4d_id.h
... /home/elco/repos/firmware/app/brewblox/display/d4d_user_cfg_app.h
.. /home/elco/repos/firmware/platform/spark/modules/eGUI/D4D/common_files/d4d_types.h
... /home/elco/repos/firmware/platform/spark/modules/eGUI/D4D/common_files/d4d_scheme.h
.. /home/elco/repos/firmware/platform/spark/modules/eGUI/D4D/common_files/d4d_base.h
.. /home/elco/repos/firmware/platform/spark/modules/eGUI/D4D/common_files/d4d_string.h
... /home/elco/repos/firmware/platform/spark/modules/eGUI/D4D/common_files/d4d_font.h
.. /home/elco/repos/firmware/platform/spark/modules/eGUI/D4D/common_files/d4d_basic_draw.h
.. /home/elco/repos/firmware/platform/spark/modules/eGUI/D4D/common_files/d4d_object.h
.. /home/elco/repos/firmware/platform/spark/modules/eGUI/D4D/common_files/d4d_low.h
.. /home/elco/repos/firmware/platform/spark/modules/eGUI/D4D/common_files/d4d_bmp.h
... /home/elco/repos/firmware/platform/spark/modules/eGUI/D4D/common_files/d4d_imgdec_d4dint.h
... /home/elco/repos/firmware/platform/spark/modules/eGUI/D4D/common_files/d4d_imgdec_d4d.h
... /home/elco/repos/firmware/platform/spark/modules/eGUI/D4D/common_files/d4d_imgdec_bmp.h
.. /home/elco/repos/firmware/platform/spark/modules/eGUI/D4D/common_files/d4d_extsrc.h
.. /home/elco/repos/firmware/platform/spark/modules/eGUI/D4D/common_files/d4d_font.h
.. /home/elco/repos/firmware/platform/spark/modules/eGUI/D4D/common_files/d4d_math.h
.. /home/elco/repos/firmware/platform/spark/modules/eGUI/D4D/common_files/d4d_scheme.h
.. /home/elco/repos/firmware/platform/spark/modules/eGUI/D4D/common_files/d4d_screen.h
.. /home/elco/repos/firmware/platform/spark/modules/eGUI/D4D/common_files/d4d_mouse.h
.. /home/elco/repos/firmware/platform/spark/modules/eGUI/D4D/graphic_objects/d4d_picture.h
.. /home/elco/repos/firmware/platform/spark/modules/eGUI/D4D/graphic_objects/d4d_button.h
.. /home/elco/repos/firmware/platform/spark/modules/eGUI/D4D/graphic_objects/d4d_check_box.h
.. /home/elco/repos/firmware/platform/spark/modules/eGUI/D4D/graphic_objects/d4d_gauge.h
.. /home/elco/repos/firmware/platform/spark/modules/eGUI/D4D/graphic_objects/d4d_slider.h
.. /home/elco/repos/firmware/platform/spark/modules/eGUI/D4D/graphic_objects/d4d_label.h
.. /home/elco/repos/firmware/platform/spark/modules/eGUI/D4D/graphic_objects/d4d_icon.h
.. /home/elco/repos/firmware/platform/spark/modules/eGUI/D4D/graphic_objects/d4d_menu.h
.. /home/elco/repos/firmware/platform/spark/modules/eGUI/D4D/graphic_objects/d4d_graph.h
.. /home/elco/repos/firmware/platform/spark/modules/eGUI/D4D/graphic_objects/d4d_scroll_bar.h
.. /home/elco/repos/firmware/platform/spark/modules/eGUI/D4D/graphic_objects/d4d_console.h
.. /home/elco/repos/firmware/platform/spark/modules/eGUI/D4D/graphic_objects/d4d_text_box.h
.. /home/elco/repos/firmware/platform/spark/modules/eGUI/D4D/graphic_objects/d4d_progress_bar.h
.. /home/elco/repos/firmware/platform/spark/modules/eGUI/D4D/graphic_objects/d4d_radio_button.h
.. /home/elco/repos/firmware/platform/spark/modules/eGUI/D4D/graphic_objects/d4d_group_box.h
.. /home/elco/repos/firmware/platform/spark/modules/eGUI/D4D/graphic_objects/d4d_list_box.h
.. /home/elco/repos/firmware/platform/spark/modules/eGUI/D4D/graphic_objects/d4d_edit_box.h
.. /home/elco/repos/firmware/platform/spark/modules/eGUI/D4D/graphic_objects/d4d_combo_box.h
. /home/elco/repos/firmware/platform/spark/modules/eGUI/D4D/common_files/d4d_private.h
Multiple include guards may be useful for:
/home/elco/repos/firmware/platform/spark/modules/eGUI/D4D/d4d_id.h
. /home/elco/repos/firmware/platform/spark/modules/eGUI/D4D/d4d.h
.. /home/elco/repos/firmware/platform/spark/modules/eGUI/D4D/d4d_user_cfg.h
... /home/elco/repos/firmware/platform/spark/modules/eGUI/D4D/d4d_id.h
... /home/elco/repos/firmware/app/brewblox/display/d4d_user_cfg_app.h
.. /home/elco/repos/firmware/platform/spark/modules/eGUI/D4D/common_files/d4d_types.h
... /home/elco/repos/firmware/platform/spark/modules/eGUI/D4D/common_files/d4d_scheme.h
.. /home/elco/repos/firmware/platform/spark/modules/eGUI/D4D/common_files/d4d_base.h
.. /home/elco/repos/firmware/platform/spark/modules/eGUI/D4D/common_files/d4d_string.h
... /home/elco/repos/firmware/platform/spark/modules/eGUI/D4D/common_files/d4d_font.h
.. /home/elco/repos/firmware/platform/spark/modules/eGUI/D4D/common_files/d4d_basic_draw.h
.. /home/elco/repos/firmware/platform/spark/modules/eGUI/D4D/common_files/d4d_object.h
.. /home/elco/repos/firmware/platform/spark/modules/eGUI/D4D/common_files/d4d_low.h
.. /home/elco/repos/firmware/platform/spark/modules/eGUI/D4D/common_files/d4d_bmp.h
... /home/elco/repos/firmware/platform/spark/modules/eGUI/D4D/common_files/d4d_imgdec_d4dint.h
... /home/elco/repos/firmware/platform/spark/modules/eGUI/D4D/common_files/d4d_imgdec_d4d.h
... /home/elco/repos/firmware/platform/spark/modules/eGUI/D4D/common_files/d4d_imgdec_bmp.h
.. /home/elco/repos/firmware/platform/spark/modules/eGUI/D4D/common_files/d4d_extsrc.h
.. /home/elco/repos/firmware/platform/spark/modules/eGUI/D4D/common_files/d4d_font.h
.. /home/elco/repos/firmware/platform/spark/modules/eGUI/D4D/common_files/d4d_math.h
.. /home/elco/repos/firmware/platform/spark/modules/eGUI/D4D/common_files/d4d_scheme.h
.. /home/elco/repos/firmware/platform/spark/modules/eGUI/D4D/common_files/d4d_screen.h
.. /home/elco/repos/firmware/platform/spark/modules/eGUI/D4D/common_files/d4d_mouse.h
.. /home/elco/repos/firmware/platform/spark/modules/eGUI/D4D/graphic_objects/d4d_picture.h
.. /home/elco/repos/firmware/platform/spark/modules/eGUI/D4D/graphic_objects/d4d_button.h
.. /home/elco/repos/firmware/platform/spark/modules/eGUI/D4D/graphic_objects/d4d_check_box.h
.. /home/elco/repos/firmware/platform/spark/modules/eGUI/D4D/graphic_objects/d4d_gauge.h
.. /home/elco/repos/firmware/platform/spark/modules/eGUI/D4D/graphic_objects/d4d_slider.h
.. /home/elco/repos/firmware/platform/spark/modules/eGUI/D4D/graphic_objects/d4d_label.h
.. /home/elco/repos/firmware/platform/spark/modules/eGUI/D4D/graphic_objects/d4d_icon.h
.. /home/elco/repos/firmware/platform/spark/modules/eGUI/D4D/graphic_objects/d4d_menu.h
.. /home/elco/repos/firmware/platform/spark/modules/eGUI/D4D/graphic_objects/d4d_graph.h
.. /home/elco/repos/firmware/platform/spark/modules/eGUI/D4D/graphic_objects/d4d_scroll_bar.h
.. /home/elco/repos/firmware/platform/spark/modules/eGUI/D4D/graphic_objects/d4d_console.h
.. /home/elco/repos/firmware/platform/spark/modules/eGUI/D4D/graphic_objects/d4d_text_box.h
.. /home/elco/repos/firmware/platform/spark/modules/eGUI/D4D/graphic_objects/d4d_progress_bar.h
.. /home/elco/repos/firmware/platform/spark/modules/eGUI/D4D/graphic_objects/d4d_radio_button.h
.. /home/elco/repos/firmware/platform/spark/modules/eGUI/D4D/graphic_objects/d4d_group_box.h
.. /home/elco/repos/firmware/platform/spark/modules/eGUI/D4D/graphic_objects/d4d_list_box.h
.. /home/elco/repos/firmware/platform/spark/modules/eGUI/D4D/graphic_objects/d4d_edit_box.h
.. /home/elco/repos/firmware/platform/spark/modules/eGUI/D4D/graphic_objects/d4d_combo_box.h
. /home/elco/repos/firmware/platform/spark/modules/eGUI/D4D/common_files/d4d_private.h
Multiple include guards may be useful for:
/home/elco/repos/firmware/platform/spark/modules/eGUI/D4D/d4d_id.h
. /home/elco/repos/firmware/platform/spark/modules/eGUI/D4D/d4d.h
.. /home/elco/repos/firmware/platform/spark/modules/eGUI/D4D/d4d_user_cfg.h
... /home/elco/repos/firmware/platform/spark/modules/eGUI/D4D/d4d_id.h
... /home/elco/repos/firmware/app/brewblox/display/d4d_user_cfg_app.h
.. /home/elco/repos/firmware/platform/spark/modules/eGUI/D4D/common_files/d4d_types.h
... /home/elco/repos/firmware/platform/spark/modules/eGUI/D4D/common_files/d4d_scheme.h
.. /home/elco/repos/firmware/platform/spark/modules/eGUI/D4D/common_files/d4d_base.h
.. /home/elco/repos/firmware/platform/spark/modules/eGUI/D4D/common_files/d4d_string.h
... /home/elco/repos/firmware/platform/spark/modules/eGUI/D4D/common_files/d4d_font.h
.. /home/elco/repos/firmware/platform/spark/modules/eGUI/D4D/common_files/d4d_basic_draw.h
.. /home/elco/repos/firmware/platform/spark/modules/eGUI/D4D/common_files/d4d_object.h
.. /home/elco/repos/firmware/platform/spark/modules/eGUI/D4D/common_files/d4d_low.h
.. /home/elco/repos/firmware/platform/spark/modules/eGUI/D4D/common_files/d4d_bmp.h
... /home/elco/repos/firmware/platform/spark/modules/eGUI/D4D/common_files/d4d_imgdec_d4dint.h
... /home/elco/repos/firmware/platform/spark/modules/eGUI/D4D/common_files/d4d_imgdec_d4d.h
... /home/elco/repos/firmware/platform/spark/modules/eGUI/D4D/common_files/d4d_imgdec_bmp.h
.. /home/elco/repos/firmware/platform/spark/modules/eGUI/D4D/common_files/d4d_extsrc.h
.. /home/elco/repos/firmware/platform/spark/modules/eGUI/D4D/common_files/d4d_font.h
.. /home/elco/repos/firmware/platform/spark/modules/eGUI/D4D/common_files/d4d_math.h
.. /home/elco/repos/firmware/platform/spark/modules/eGUI/D4D/common_files/d4d_scheme.h
.. /home/elco/repos/firmware/platform/spark/modules/eGUI/D4D/common_files/d4d_screen.h
.. /home/elco/repos/firmware/platform/spark/modules/eGUI/D4D/common_files/d4d_mouse.h
.. /home/elco/repos/firmware/platform/spark/modules/eGUI/D4D/graphic_objects/d4d_picture.h
.. /home/elco/repos/firmware/platform/spark/modules/eGUI/D4D/graphic_objects/d4d_button.h
.. /home/elco/repos/firmware/platform/spark/modules/eGUI/D4D/graphic_objects/d4d_check_box.h
.. /home/elco/repos/firmware/platform/spark/modules/eGUI/D4D/graphic_objects/d4d_gauge.h
.. /home/elco/repos/firmware/platform/spark/modules/eGUI/D4D/graphic_objects/d4d_slider.h
.. /home/elco/repos/firmware/platform/spark/modules/eGUI/D4D/graphic_objects/d4d_label.h
.. /home/elco/repos/firmware/platform/spark/modules/eGUI/D4D/graphic_objects/d4d_icon.h
.. /home/elco/repos/firmware/platform/spark/modules/eGUI/D4D/graphic_objects/d4d_menu.h
.. /home/elco/repos/firmware/platform/spark/modules/eGUI/D4D/graphic_objects/d4d_graph.h
.. /home/elco/repos/firmware/platform/spark/modules/eGUI/D4D/graphic_objects/d4d_scroll_bar.h
.. /home/elco/repos/firmware/platform/spark/modules/eGUI/D4D/graphic_objects/d4d_console.h
.. /home/elco/repos/firmware/platform/spark/modules/eGUI/D4D/graphic_objects/d4d_text_box.h
.. /home/elco/repos/firmware/platform/spark/modules/eGUI/D4D/graphic_objects/d4d_progress_bar.h
.. /home/elco/repos/firmware/platform/spark/modules/eGUI/D4D/graphic_objects/d4d_radio_button.h
.. /home/elco/repos/firmware/platform/spark/modules/eGUI/D4D/graphic_objects/d4d_group_box.h
.. /home/elco/repos/firmware/platform/spark/modules/eGUI/D4D/graphic_objects/d4d_list_box.h
.. /home/elco/repos/firmware/platform/spark/modules/eGUI/D4D/graphic_objects/d4d_edit_box.h
.. /home/elco/repos/firmware/platform/spark/modules/eGUI/D4D/graphic_objects/d4d_combo_box.h
. /home/elco/repos/firmware/platform/spark/modules/eGUI/D4D/common_files/d4d_private.h
Multiple include guards may be useful for:
/home/elco/repos/firmware/platform/spark/modules/eGUI/D4D/d4d_id.h
. /home/elco/repos/firmware/platform/spark/modules/eGUI/D4D/d4d.h
.. /home/elco/repos/firmware/platform/spark/modules/eGUI/D4D/d4d_user_cfg.h
... /home/elco/repos/firmware/platform/spark/modules/eGUI/D4D/d4d_id.h
... /home/elco/repos/firmware/app/brewblox/display/d4d_user_cfg_app.h
.. /home/elco/repos/firmware/platform/spark/modules/eGUI/D4D/common_files/d4d_types.h
... /home/elco/repos/firmware/platform/spark/modules/eGUI/D4D/common_files/d4d_scheme.h
.. /home/elco/repos/firmware/platform/spark/modules/eGUI/D4D/common_files/d4d_base.h
.. /home/elco/repos/firmware/platform/spark/modules/eGUI/D4D/common_files/d4d_string.h
... /home/elco/repos/firmware/platform/spark/modules/eGUI/D4D/common_files/d4d_font.h
.. /home/elco/repos/firmware/platform/spark/modules/eGUI/D4D/common_files/d4d_basic_draw.h
.. /home/elco/repos/firmware/platform/spark/modules/eGUI/D4D/common_files/d4d_object.h
.. /home/elco/repos/firmware/platform/spark/modules/eGUI/D4D/common_files/d4d_low.h
.. /home/elco/repos/firmware/platform/spark/modules/eGUI/D4D/common_files/d4d_bmp.h
... /home/elco/repos/firmware/platform/spark/modules/eGUI/D4D/common_files/d4d_imgdec_d4dint.h
... /home/elco/repos/firmware/platform/spark/modules/eGUI/D4D/common_files/d4d_imgdec_d4d.h
... /home/elco/repos/firmware/platform/spark/modules/eGUI/D4D/common_files/d4d_imgdec_bmp.h
.. /home/elco/repos/firmware/platform/spark/modules/eGUI/D4D/common_files/d4d_extsrc.h
.. /home/elco/repos/firmware/platform/spark/modules/eGUI/D4D/common_files/d4d_font.h
.. /home/elco/repos/firmware/platform/spark/modules/eGUI/D4D/common_files/d4d_math.h
.. /home/elco/repos/firmware/platform/spark/modules/eGUI/D4D/common_files/d4d_scheme.h
.. /home/elco/repos/firmware/platform/spark/modules/eGUI/D4D/common_files/d4d_screen.h
.. /home/elco/repos/firmware/platform/spark/modules/eGUI/D4D/common_files/d4d_mouse.h
.. /home/elco/repos/firmware/platform/spark/modules/eGUI/D4D/graphic_objects/d4d_picture.h
.. /home/elco/repos/firmware/platform/spark/modules/eGUI/D4D/graphic_objects/d4d_button.h
.. /home/elco/repos/firmware/platform/spark/modules/eGUI/D4D/graphic_objects/d4d_check_box.h
.. /home/elco/repos/firmware/platform/spark/modules/eGUI/D4D/graphic_objects/d4d_gauge.h
.. /home/elco/repos/firmware/platform/spark/modules/eGUI/D4D/graphic_objects/d4d_slider.h
.. /home/elco/repos/firmware/platform/spark/modules/eGUI/D4D/graphic_objects/d4d_label.h
.. /home/elco/repos/firmware/platform/spark/modules/eGUI/D4D/graphic_objects/d4d_icon.h
.. /home/elco/repos/firmware/platform/spark/modules/eGUI/D4D/graphic_objects/d4d_menu.h
.. /home/elco/repos/firmware/platform/spark/modules/eGUI/D4D/graphic_objects/d4d_graph.h
.. /home/elco/repos/firmware/platform/spark/modules/eGUI/D4D/graphic_objects/d4d_scroll_bar.h
.. /home/elco/repos/firmware/platform/spark/modules/eGUI/D4D/graphic_objects/d4d_console.h
.. /home/elco/repos/firmware/platform/spark/modules/eGUI/D4D/graphic_objects/d4d_text_box.h
.. /home/elco/repos/firmware/platform/spark/modules/eGUI/D4D/graphic_objects/d4d_progress_bar.h
.. /home/elco/repos/firmware/platform/spark/modules/eGUI/D4D/graphic_objects/d4d_radio_button.h
.. /home/elco/repos/firmware/platform/spark/modules/eGUI/D4D/graphic_objects/d4d_group_box.h
.. /home/elco/repos/firmware/platform/spark/modules/eGUI/D4D/graphic_objects/d4d_list_box.h
.. /home/elco/repos/firmware/platform/spark/modules/eGUI/D4D/graphic_objects/d4d_edit_box.h
.. /home/elco/repos/firmware/platform/spark/modules/eGUI/D4D/graphic_objects/d4d_combo_box.h
. /home/elco/repos/firmware/platform/spark/modules/eGUI/D4D/common_files/d4d_private.h
Multiple include guards may be useful for:
/home/elco/repos/firmware/platform/spark/modules/eGUI/D4D/d4d_id.h
. /home/elco/repos/firmware/platform/spark/modules/eGUI/D4D/d4d.h
.. /home/elco/repos/firmware/platform/spark/modules/eGUI/D4D/d4d_user_cfg.h
... /home/elco/repos/firmware/platform/spark/modules/eGUI/D4D/d4d_id.h
... /home/elco/repos/firmware/app/brewblox/display/d4d_user_cfg_app.h
.. /home/elco/repos/firmware/platform/spark/modules/eGUI/D4D/common_files/d4d_types.h
... /home/elco/repos/firmware/platform/spark/modules/eGUI/D4D/common_files/d4d_scheme.h
.. /home/elco/repos/firmware/platform/spark/modules/eGUI/D4D/common_files/d4d_base.h
.. /home/elco/repos/firmware/platform/spark/modules/eGUI/D4D/common_files/d4d_string.h
... /home/elco/repos/firmware/platform/spark/modules/eGUI/D4D/common_files/d4d_font.h
.. /home/elco/repos/firmware/platform/spark/modules/eGUI/D4D/common_files/d4d_basic_draw.h
.. /home/elco/repos/firmware/platform/spark/modules/eGUI/D4D/common_files/d4d_object.h
.. /home/elco/repos/firmware/platform/spark/modules/eGUI/D4D/common_files/d4d_low.h
.. /home/elco/repos/firmware/platform/spark/modules/eGUI/D4D/common_files/d4d_bmp.h
... /home/elco/repos/firmware/platform/spark/modules/eGUI/D4D/common_files/d4d_imgdec_d4dint.h
... /home/elco/repos/firmware/platform/spark/modules/eGUI/D4D/common_files/d4d_imgdec_d4d.h
... /home/elco/repos/firmware/platform/spark/modules/eGUI/D4D/common_files/d4d_imgdec_bmp.h
.. /home/elco/repos/firmware/platform/spark/modules/eGUI/D4D/common_files/d4d_extsrc.h
.. /home/elco/repos/firmware/platform/spark/modules/eGUI/D4D/common_files/d4d_font.h
.. /home/elco/repos/firmware/platform/spark/modules/eGUI/D4D/common_files/d4d_math.h
.. /home/elco/repos/firmware/platform/spark/modules/eGUI/D4D/common_files/d4d_scheme.h
.. /home/elco/repos/firmware/platform/spark/modules/eGUI/D4D/common_files/d4d_screen.h
.. /home/elco/repos/firmware/platform/spark/modules/eGUI/D4D/common_files/d4d_mouse.h
.. /home/elco/repos/firmware/platform/spark/modules/eGUI/D4D/graphic_objects/d4d_picture.h
.. /home/elco/repos/firmware/platform/spark/modules/eGUI/D4D/graphic_objects/d4d_button.h
.. /home/elco/repos/firmware/platform/spark/modules/eGUI/D4D/graphic_objects/d4d_check_box.h
.. /home/elco/repos/firmware/platform/spark/modules/eGUI/D4D/graphic_objects/d4d_gauge.h
.. /home/elco/repos/firmware/platform/spark/modules/eGUI/D4D/graphic_objects/d4d_slider.h
.. /home/elco/repos/firmware/platform/spark/modules/eGUI/D4D/graphic_objects/d4d_label.h
.. /home/elco/repos/firmware/platform/spark/modules/eGUI/D4D/graphic_objects/d4d_icon.h
.. /home/elco/repos/firmware/platform/spark/modules/eGUI/D4D/graphic_objects/d4d_menu.h
.. /home/elco/repos/firmware/platform/spark/modules/eGUI/D4D/graphic_objects/d4d_graph.h
.. /home/elco/repos/firmware/platform/spark/modules/eGUI/D4D/graphic_objects/d4d_scroll_bar.h
.. /home/elco/repos/firmware/platform/spark/modules/eGUI/D4D/graphic_objects/d4d_console.h
.. /home/elco/repos/firmware/platform/spark/modules/eGUI/D4D/graphic_objects/d4d_text_box.h
.. /home/elco/repos/firmware/platform/spark/modules/eGUI/D4D/graphic_objects/d4d_progress_bar.h
.. /home/elco/repos/firmware/platform/spark/modules/eGUI/D4D/graphic_objects/d4d_radio_button.h
.. /home/elco/repos/firmware/platform/spark/modules/eGUI/D4D/graphic_objects/d4d_group_box.h
.. /home/elco/repos/firmware/platform/spark/modules/eGUI/D4D/graphic_objects/d4d_list_box.h
.. /home/elco/repos/firmware/platform/spark/modules/eGUI/D4D/graphic_objects/d4d_edit_box.h
.. /home/elco/repos/firmware/platform/spark/modules/eGUI/D4D/graphic_objects/d4d_combo_box.h
. /home/elco/repos/firmware/platform/spark/modules/eGUI/D4D/common_files/d4d_private.h
Multiple include guards may be useful for:
/home/elco/repos/firmware/platform/spark/modules/eGUI/D4D/d4d_id.h
. /home/elco/repos/firmware/platform/spark/modules/eGUI/D4D/d4d.h
.. /home/elco/repos/firmware/platform/spark/modules/eGUI/D4D/d4d_user_cfg.h
... /home/elco/repos/firmware/platform/spark/modules/eGUI/D4D/d4d_id.h
... /home/elco/repos/firmware/app/brewblox/display/d4d_user_cfg_app.h
.. /home/elco/repos/firmware/platform/spark/modules/eGUI/D4D/common_files/d4d_types.h
... /home/elco/repos/firmware/platform/spark/modules/eGUI/D4D/common_files/d4d_scheme.h
.. /home/elco/repos/firmware/platform/spark/modules/eGUI/D4D/common_files/d4d_base.h
.. /home/elco/repos/firmware/platform/spark/modules/eGUI/D4D/common_files/d4d_string.h
... /home/elco/repos/firmware/platform/spark/modules/eGUI/D4D/common_files/d4d_font.h
.. /home/elco/repos/firmware/platform/spark/modules/eGUI/D4D/common_files/d4d_basic_draw.h
.. /home/elco/repos/firmware/platform/spark/modules/eGUI/D4D/common_files/d4d_object.h
.. /home/elco/repos/firmware/platform/spark/modules/eGUI/D4D/common_files/d4d_low.h
.. /home/elco/repos/firmware/platform/spark/modules/eGUI/D4D/common_files/d4d_bmp.h
... /home/elco/repos/firmware/platform/spark/modules/eGUI/D4D/common_files/d4d_imgdec_d4dint.h
... /home/elco/repos/firmware/platform/spark/modules/eGUI/D4D/common_files/d4d_imgdec_d4d.h
... /home/elco/repos/firmware/platform/spark/modules/eGUI/D4D/common_files/d4d_imgdec_bmp.h
.. /home/elco/repos/firmware/platform/spark/modules/eGUI/D4D/common_files/d4d_extsrc.h
.. /home/elco/repos/firmware/platform/spark/modules/eGUI/D4D/common_files/d4d_font.h
.. /home/elco/repos/firmware/platform/spark/modules/eGUI/D4D/common_files/d4d_math.h
.. /home/elco/repos/firmware/platform/spark/modules/eGUI/D4D/common_files/d4d_scheme.h
.. /home/elco/repos/firmware/platform/spark/modules/eGUI/D4D/common_files/d4d_screen.h
.. /home/elco/repos/firmware/platform/spark/modules/eGUI/D4D/common_files/d4d_mouse.h
.. /home/elco/repos/firmware/platform/spark/modules/eGUI/D4D/graphic_objects/d4d_picture.h
.. /home/elco/repos/firmware/platform/spark/modules/eGUI/D4D/graphic_objects/d4d_button.h
.. /home/elco/repos/firmware/platform/spark/modules/eGUI/D4D/graphic_objects/d4d_check_box.h
.. /home/elco/repos/firmware/platform/spark/modules/eGUI/D4D/graphic_objects/d4d_gauge.h
.. /home/elco/repos/firmware/platform/spark/modules/eGUI/D4D/graphic_objects/d4d_slider.h
.. /home/elco/repos/firmware/platform/spark/modules/eGUI/D4D/graphic_objects/d4d_label.h
.. /home/elco/repos/firmware/platform/spark/modules/eGUI/D4D/graphic_objects/d4d_icon.h
.. /home/elco/repos/firmware/platform/spark/modules/eGUI/D4D/graphic_objects/d4d_menu.h
.. /home/elco/repos/firmware/platform/spark/modules/eGUI/D4D/graphic_objects/d4d_graph.h
.. /home/elco/repos/firmware/platform/spark/modules/eGUI/D4D/graphic_objects/d4d_scroll_bar.h
.. /home/elco/repos/firmware/platform/spark/modules/eGUI/D4D/graphic_objects/d4d_console.h
.. /home/elco/repos/firmware/platform/spark/modules/eGUI/D4D/graphic_objects/d4d_text_box.h
.. /home/elco/repos/firmware/platform/spark/modules/eGUI/D4D/graphic_objects/d4d_progress_bar.h
.. /home/elco/repos/firmware/platform/spark/modules/eGUI/D4D/graphic_objects/d4d_radio_button.h
.. /home/elco/repos/firmware/platform/spark/modules/eGUI/D4D/graphic_objects/d4d_group_box.h
.. /home/elco/repos/firmware/platform/spark/modules/eGUI/D4D/graphic_objects/d4d_list_box.h
.. /home/elco/repos/firmware/platform/spark/modules/eGUI/D4D/graphic_objects/d4d_edit_box.h
.. /home/elco/repos/firmware/platform/spark/modules/eGUI/D4D/graphic_objects/d4d_combo_box.h
. /home/elco/repos/firmware/platform/spark/modules/eGUI/D4D/common_files/d4d_private.h
Multiple include guards may be useful for:
/home/elco/repos/firmware/platform/spark/modules/eGUI/D4D/d4d_id.h
. /home/elco/repos/firmware/platform/spark/modules/eGUI/D4D/d4d.h
.. /home/elco/repos/firmware/platform/spark/modules/eGUI/D4D/d4d_user_cfg.h
... /home/elco/repos/firmware/platform/spark/modules/eGUI/D4D/d4d_id.h
... /home/elco/repos/firmware/app/brewblox/display/d4d_user_cfg_app.h
.. /home/elco/repos/firmware/platform/spark/modules/eGUI/D4D/common_files/d4d_types.h
... /home/elco/repos/firmware/platform/spark/modules/eGUI/D4D/common_files/d4d_scheme.h
.. /home/elco/repos/firmware/platform/spark/modules/eGUI/D4D/common_files/d4d_base.h
.. /home/elco/repos/firmware/platform/spark/modules/eGUI/D4D/common_files/d4d_string.h
... /home/elco/repos/firmware/platform/spark/modules/eGUI/D4D/common_files/d4d_font.h
.. /home/elco/repos/firmware/platform/spark/modules/eGUI/D4D/common_files/d4d_basic_draw.h
.. /home/elco/repos/firmware/platform/spark/modules/eGUI/D4D/common_files/d4d_object.h
.. /home/elco/repos/firmware/platform/spark/modules/eGUI/D4D/common_files/d4d_low.h
.. /home/elco/repos/firmware/platform/spark/modules/eGUI/D4D/common_files/d4d_bmp.h
... /home/elco/repos/firmware/platform/spark/modules/eGUI/D4D/common_files/d4d_imgdec_d4dint.h
... /home/elco/repos/firmware/platform/spark/modules/eGUI/D4D/common_files/d4d_imgdec_d4d.h
... /home/elco/repos/firmware/platform/spark/modules/eGUI/D4D/common_files/d4d_imgdec_bmp.h
.. /home/elco/repos/firmware/platform/spark/modules/eGUI/D4D/common_files/d4d_extsrc.h
.. /home/elco/repos/firmware/platform/spark/modules/eGUI/D4D/common_files/d4d_font.h
.. /home/elco/repos/firmware/platform/spark/modules/eGUI/D4D/common_files/d4d_math.h
.. /home/elco/repos/firmware/platform/spark/modules/eGUI/D4D/common_files/d4d_scheme.h
.. /home/elco/repos/firmware/platform/spark/modules/eGUI/D4D/common_files/d4d_screen.h
.. /home/elco/repos/firmware/platform/spark/modules/eGUI/D4D/common_files/d4d_mouse.h
.. /home/elco/repos/firmware/platform/spark/modules/eGUI/D4D/graphic_objects/d4d_picture.h
.. /home/elco/repos/firmware/platform/spark/modules/eGUI/D4D/graphic_objects/d4d_button.h
.. /home/elco/repos/firmware/platform/spark/modules/eGUI/D4D/graphic_objects/d4d_check_box.h
.. /home/elco/repos/firmware/platform/spark/modules/eGUI/D4D/graphic_objects/d4d_gauge.h
.. /home/elco/repos/firmware/platform/spark/modules/eGUI/D4D/graphic_objects/d4d_slider.h
.. /home/elco/repos/firmware/platform/spark/modules/eGUI/D4D/graphic_objects/d4d_label.h
.. /home/elco/repos/firmware/platform/spark/modules/eGUI/D4D/graphic_objects/d4d_icon.h
.. /home/elco/repos/firmware/platform/spark/modules/eGUI/D4D/graphic_objects/d4d_menu.h
.. /home/elco/repos/firmware/platform/spark/modules/eGUI/D4D/graphic_objects/d4d_graph.h
.. /home/elco/repos/firmware/platform/spark/modules/eGUI/D4D/graphic_objects/d4d_scroll_bar.h
.. /home/elco/repos/firmware/platform/spark/modules/eGUI/D4D/graphic_objects/d4d_console.h
.. /home/elco/repos/firmware/platform/spark/modules/eGUI/D4D/graphic_objects/d4d_text_box.h
.. /home/elco/repos/firmware/platform/spark/modules/eGUI/D4D/graphic_objects/d4d_progress_bar.h
.. /home/elco/repos/firmware/platform/spark/modules/eGUI/D4D/graphic_objects/d4d_radio_button.h
.. /home/elco/repos/firmware/platform/spark/modules/eGUI/D4D/graphic_objects/d4d_group_box.h
.. /home/elco/repos/firmware/platform/spark/modules/eGUI/D4D/graphic_objects/d4d_list_box.h
.. /home/elco/repos/firmware/platform/spark/modules/eGUI/D4D/graphic_objects/d4d_edit_box.h
.. /home/elco/repos/firmware/platform/spark/modules/eGUI/D4D/graphic_objects/d4d_combo_box.h
. /home/elco/repos/firmware/platform/spark/modules/eGUI/D4D/common_files/d4d_private.h
Multiple include guards may be useful for:
/home/elco/repos/firmware/platform/spark/modules/eGUI/D4D/d4d_id.h
. /home/elco/repos/firmware/platform/spark/modules/eGUI/D4D/d4d.h
.. /home/elco/repos/firmware/platform/spark/modules/eGUI/D4D/d4d_user_cfg.h
... /home/elco/repos/firmware/platform/spark/modules/eGUI/D4D/d4d_id.h
... /home/elco/repos/firmware/app/brewblox/display/d4d_user_cfg_app.h
.. /home/elco/repos/firmware/platform/spark/modules/eGUI/D4D/common_files/d4d_types.h
... /home/elco/repos/firmware/platform/spark/modules/eGUI/D4D/common_files/d4d_scheme.h
.. /home/elco/repos/firmware/platform/spark/modules/eGUI/D4D/common_files/d4d_base.h
.. /home/elco/repos/firmware/platform/spark/modules/eGUI/D4D/common_files/d4d_string.h
... /home/elco/repos/firmware/platform/spark/modules/eGUI/D4D/common_files/d4d_font.h
.. /home/elco/repos/firmware/platform/spark/modules/eGUI/D4D/common_files/d4d_basic_draw.h
.. /home/elco/repos/firmware/platform/spark/modules/eGUI/D4D/common_files/d4d_object.h
.. /home/elco/repos/firmware/platform/spark/modules/eGUI/D4D/common_files/d4d_low.h
.. /home/elco/repos/firmware/platform/spark/modules/eGUI/D4D/common_files/d4d_bmp.h
... /home/elco/repos/firmware/platform/spark/modules/eGUI/D4D/common_files/d4d_imgdec_d4dint.h
... /home/elco/repos/firmware/platform/spark/modules/eGUI/D4D/common_files/d4d_imgdec_d4d.h
... /home/elco/repos/firmware/platform/spark/modules/eGUI/D4D/common_files/d4d_imgdec_bmp.h
.. /home/elco/repos/firmware/platform/spark/modules/eGUI/D4D/common_files/d4d_extsrc.h
.. /home/elco/repos/firmware/platform/spark/modules/eGUI/D4D/common_files/d4d_font.h
.. /home/elco/repos/firmware/platform/spark/modules/eGUI/D4D/common_files/d4d_math.h
.. /home/elco/repos/firmware/platform/spark/modules/eGUI/D4D/common_files/d4d_scheme.h
.. /home/elco/repos/firmware/platform/spark/modules/eGUI/D4D/common_files/d4d_screen.h
.. /home/elco/repos/firmware/platform/spark/modules/eGUI/D4D/common_files/d4d_mouse.h
.. /home/elco/repos/firmware/platform/spark/modules/eGUI/D4D/graphic_objects/d4d_picture.h
.. /home/elco/repos/firmware/platform/spark/modules/eGUI/D4D/graphic_objects/d4d_button.h
.. /home/elco/repos/firmware/platform/spark/modules/eGUI/D4D/graphic_objects/d4d_check_box.h
.. /home/elco/repos/firmware/platform/spark/modules/eGUI/D4D/graphic_objects/d4d_gauge.h
.. /home/elco/repos/firmware/platform/spark/modules/eGUI/D4D/graphic_objects/d4d_slider.h
.. /home/elco/repos/firmware/platform/spark/modules/eGUI/D4D/graphic_objects/d4d_label.h
.. /home/elco/repos/firmware/platform/spark/modules/eGUI/D4D/graphic_objects/d4d_icon.h
.. /home/elco/repos/firmware/platform/spark/modules/eGUI/D4D/graphic_objects/d4d_menu.h
.. /home/elco/repos/firmware/platform/spark/modules/eGUI/D4D/graphic_objects/d4d_graph.h
.. /home/elco/repos/firmware/platform/spark/modules/eGUI/D4D/graphic_objects/d4d_scroll_bar.h
.. /home/elco/repos/firmware/platform/spark/modules/eGUI/D4D/graphic_objects/d4d_console.h
.. /home/elco/repos/firmware/platform/spark/modules/eGUI/D4D/graphic_objects/d4d_text_box.h
.. /home/elco/repos/firmware/platform/spark/modules/eGUI/D4D/graphic_objects/d4d_progress_bar.h
.. /home/elco/repos/firmware/platform/spark/modules/eGUI/D4D/graphic_objects/d4d_radio_button.h
.. /home/elco/repos/firmware/platform/spark/modules/eGUI/D4D/graphic_objects/d4d_group_box.h
.. /home/elco/repos/firmware/platform/spark/modules/eGUI/D4D/graphic_objects/d4d_list_box.h
.. /home/elco/repos/firmware/platform/spark/modules/eGUI/D4D/graphic_objects/d4d_edit_box.h
.. /home/elco/repos/firmware/platform/spark/modules/eGUI/D4D/graphic_objects/d4d_combo_box.h
. /home/elco/repos/firmware/platform/spark/modules/eGUI/D4D/common_files/d4d_private.h
Multiple include guards may be useful for:
/home/elco/repos/firmware/platform/spark/modules/eGUI/D4D/d4d_id.h
. /home/elco/repos/firmware/platform/spark/modules/eGUI/D4D/d4d.h
.. /home/elco/repos/firmware/platform/spark/modules/eGUI/D4D/d4d_user_cfg.h
... /home/elco/repos/firmware/platform/spark/modules/eGUI/D4D/d4d_id.h
... /home/elco/repos/firmware/app/brewblox/display/d4d_user_cfg_app.h
.. /home/elco/repos/firmware/platform/spark/modules/eGUI/D4D/common_files/d4d_types.h
... /home/elco/repos/firmware/platform/spark/modules/eGUI/D4D/common_files/d4d_scheme.h
.. /home/elco/repos/firmware/platform/spark/modules/eGUI/D4D/common_files/d4d_base.h
.. /home/elco/repos/firmware/platform/spark/modules/eGUI/D4D/common_files/d4d_string.h
... /home/elco/repos/firmware/platform/spark/modules/eGUI/D4D/common_files/d4d_font.h
.. /home/elco/repos/firmware/platform/spark/modules/eGUI/D4D/common_files/d4d_basic_draw.h
.. /home/elco/repos/firmware/platform/spark/modules/eGUI/D4D/common_files/d4d_object.h
.. /home/elco/repos/firmware/platform/spark/modules/eGUI/D4D/common_files/d4d_low.h
.. /home/elco/repos/firmware/platform/spark/modules/eGUI/D4D/common_files/d4d_bmp.h
... /home/elco/repos/firmware/platform/spark/modules/eGUI/D4D/common_files/d4d_imgdec_d4dint.h
... /home/elco/repos/firmware/platform/spark/modules/eGUI/D4D/common_files/d4d_imgdec_d4d.h
... /home/elco/repos/firmware/platform/spark/modules/eGUI/D4D/common_files/d4d_imgdec_bmp.h
.. /home/elco/repos/firmware/platform/spark/modules/eGUI/D4D/common_files/d4d_extsrc.h
.. /home/elco/repos/firmware/platform/spark/modules/eGUI/D4D/common_files/d4d_font.h
.. /home/elco/repos/firmware/platform/spark/modules/eGUI/D4D/common_files/d4d_math.h
.. /home/elco/repos/firmware/platform/spark/modules/eGUI/D4D/common_files/d4d_scheme.h
.. /home/elco/repos/firmware/platform/spark/modules/eGUI/D4D/common_files/d4d_screen.h
.. /home/elco/repos/firmware/platform/spark/modules/eGUI/D4D/common_files/d4d_mouse.h
.. /home/elco/repos/firmware/platform/spark/modules/eGUI/D4D/graphic_objects/d4d_picture.h
.. /home/elco/repos/firmware/platform/spark/modules/eGUI/D4D/graphic_objects/d4d_button.h
.. /home/elco/repos/firmware/platform/spark/modules/eGUI/D4D/graphic_objects/d4d_check_box.h
.. /home/elco/repos/firmware/platform/spark/modules/eGUI/D4D/graphic_objects/d4d_gauge.h
.. /home/elco/repos/firmware/platform/spark/modules/eGUI/D4D/graphic_objects/d4d_slider.h
.. /home/elco/repos/firmware/platform/spark/modules/eGUI/D4D/graphic_objects/d4d_label.h
.. /home/elco/repos/firmware/platform/spark/modules/eGUI/D4D/graphic_objects/d4d_icon.h
.. /home/elco/repos/firmware/platform/spark/modules/eGUI/D4D/graphic_objects/d4d_menu.h
.. /home/elco/repos/firmware/platform/spark/modules/eGUI/D4D/graphic_objects/d4d_graph.h
.. /home/elco/repos/firmware/platform/spark/modules/eGUI/D4D/graphic_objects/d4d_scroll_bar.h
.. /home/elco/repos/firmware/platform/spark/modules/eGUI/D4D/graphic_objects/d4d_console.h
.. /home/elco/repos/firmware/platform/spark/modules/eGUI/D4D/graphic_objects/d4d_text_box.h
.. /home/elco/repos/firmware/platform/spark/modules/eGUI/D4D/graphic_objects/d4d_progress_bar.h
.. /home/elco/repos/firmware/platform/spark/modules/eGUI/D4D/graphic_objects/d4d_radio_button.h
.. /home/elco/repos/firmware/platform/spark/modules/eGUI/D4D/graphic_objects/d4d_group_box.h
.. /home/elco/repos/firmware/platform/spark/modules/eGUI/D4D/graphic_objects/d4d_list_box.h
.. /home/elco/repos/firmware/platform/spark/modules/eGUI/D4D/graphic_objects/d4d_edit_box.h
.. /home/elco/repos/firmware/platform/spark/modules/eGUI/D4D/graphic_objects/d4d_combo_box.h
. /home/elco/repos/firmware/platform/spark/modules/eGUI/D4D/common_files/d4d_private.h
Multiple include guards may be useful for:
/home/elco/repos/firmware/platform/spark/modules/eGUI/D4D/d4d_id.h
. /home/elco/repos/firmware/platform/spark/modules/eGUI/D4D/d4d.h
.. /home/elco/repos/firmware/platform/spark/modules/eGUI/D4D/d4d_user_cfg.h
... /home/elco/repos/firmware/platform/spark/modules/eGUI/D4D/d4d_id.h
... /home/elco/repos/firmware/app/brewblox/display/d4d_user_cfg_app.h
.. /home/elco/repos/firmware/platform/spark/modules/eGUI/D4D/common_files/d4d_types.h
... /home/elco/repos/firmware/platform/spark/modules/eGUI/D4D/common_files/d4d_scheme.h
.. /home/elco/repos/firmware/platform/spark/modules/eGUI/D4D/common_files/d4d_base.h
.. /home/elco/repos/firmware/platform/spark/modules/eGUI/D4D/common_files/d4d_string.h
... /home/elco/repos/firmware/platform/spark/modules/eGUI/D4D/common_files/d4d_font.h
.. /home/elco/repos/firmware/platform/spark/modules/eGUI/D4D/common_files/d4d_basic_draw.h
.. /home/elco/repos/firmware/platform/spark/modules/eGUI/D4D/common_files/d4d_object.h
.. /home/elco/repos/firmware/platform/spark/modules/eGUI/D4D/common_files/d4d_low.h
.. /home/elco/repos/firmware/platform/spark/modules/eGUI/D4D/common_files/d4d_bmp.h
... /home/elco/repos/firmware/platform/spark/modules/eGUI/D4D/common_files/d4d_imgdec_d4dint.h
... /home/elco/repos/firmware/platform/spark/modules/eGUI/D4D/common_files/d4d_imgdec_d4d.h
... /home/elco/repos/firmware/platform/spark/modules/eGUI/D4D/common_files/d4d_imgdec_bmp.h
.. /home/elco/repos/firmware/platform/spark/modules/eGUI/D4D/common_files/d4d_extsrc.h
.. /home/elco/repos/firmware/platform/spark/modules/eGUI/D4D/common_files/d4d_font.h
.. /home/elco/repos/firmware/platform/spark/modules/eGUI/D4D/common_files/d4d_math.h
.. /home/elco/repos/firmware/platform/spark/modules/eGUI/D4D/common_files/d4d_scheme.h
.. /home/elco/repos/firmware/platform/spark/modules/eGUI/D4D/common_files/d4d_screen.h
.. /home/elco/repos/firmware/platform/spark/modules/eGUI/D4D/common_files/d4d_mouse.h
.. /home/elco/repos/firmware/platform/spark/modules/eGUI/D4D/graphic_objects/d4d_picture.h
.. /home/elco/repos/firmware/platform/spark/modules/eGUI/D4D/graphic_objects/d4d_button.h
.. /home/elco/repos/firmware/platform/spark/modules/eGUI/D4D/graphic_objects/d4d_check_box.h
.. /home/elco/repos/firmware/platform/spark/modules/eGUI/D4D/graphic_objects/d4d_gauge.h
.. /home/elco/repos/firmware/platform/spark/modules/eGUI/D4D/graphic_objects/d4d_slider.h
.. /home/elco/repos/firmware/platform/spark/modules/eGUI/D4D/graphic_objects/d4d_label.h
.. /home/elco/repos/firmware/platform/spark/modules/eGUI/D4D/graphic_objects/d4d_icon.h
.. /home/elco/repos/firmware/platform/spark/modules/eGUI/D4D/graphic_objects/d4d_menu.h
.. /home/elco/repos/firmware/platform/spark/modules/eGUI/D4D/graphic_objects/d4d_graph.h
.. /home/elco/repos/firmware/platform/spark/modules/eGUI/D4D/graphic_objects/d4d_scroll_bar.h
.. /home/elco/repos/firmware/platform/spark/modules/eGUI/D4D/graphic_objects/d4d_console.h
.. /home/elco/repos/firmware/platform/spark/modules/eGUI/D4D/graphic_objects/d4d_text_box.h
.. /home/elco/repos/firmware/platform/spark/modules/eGUI/D4D/graphic_objects/d4d_progress_bar.h
.. /home/elco/repos/firmware/platform/spark/modules/eGUI/D4D/graphic_objects/d4d_radio_button.h
.. /home/elco/repos/firmware/platform/spark/modules/eGUI/D4D/graphic_objects/d4d_group_box.h
.. /home/elco/repos/firmware/platform/spark/modules/eGUI/D4D/graphic_objects/d4d_list_box.h
.. /home/elco/repos/firmware/platform/spark/modules/eGUI/D4D/graphic_objects/d4d_edit_box.h
.. /home/elco/repos/firmware/platform/spark/modules/eGUI/D4D/graphic_objects/d4d_combo_box.h
. /home/elco/repos/firmware/platform/spark/modules/eGUI/D4D/common_files/d4d_private.h
Multiple include guards may be useful for:
/home/elco/repos/firmware/platform/spark/modules/eGUI/D4D/d4d_id.h
. /home/elco/repos/firmware/platform/spark/modules/eGUI/D4D/d4d.h
.. /home/elco/repos/firmware/platform/spark/modules/eGUI/D4D/d4d_user_cfg.h
... /home/elco/repos/firmware/platform/spark/modules/eGUI/D4D/d4d_id.h
... /home/elco/repos/firmware/app/brewblox/display/d4d_user_cfg_app.h
.. /home/elco/repos/firmware/platform/spark/modules/eGUI/D4D/common_files/d4d_types.h
... /home/elco/repos/firmware/platform/spark/modules/eGUI/D4D/common_files/d4d_scheme.h
.. /home/elco/repos/firmware/platform/spark/modules/eGUI/D4D/common_files/d4d_base.h
.. /home/elco/repos/firmware/platform/spark/modules/eGUI/D4D/common_files/d4d_string.h
... /home/elco/repos/firmware/platform/spark/modules/eGUI/D4D/common_files/d4d_font.h
.. /home/elco/repos/firmware/platform/spark/modules/eGUI/D4D/common_files/d4d_basic_draw.h
.. /home/elco/repos/firmware/platform/spark/modules/eGUI/D4D/common_files/d4d_object.h
.. /home/elco/repos/firmware/platform/spark/modules/eGUI/D4D/common_files/d4d_low.h
.. /home/elco/repos/firmware/platform/spark/modules/eGUI/D4D/common_files/d4d_bmp.h
... /home/elco/repos/firmware/platform/spark/modules/eGUI/D4D/common_files/d4d_imgdec_d4dint.h
... /home/elco/repos/firmware/platform/spark/modules/eGUI/D4D/common_files/d4d_imgdec_d4d.h
... /home/elco/repos/firmware/platform/spark/modules/eGUI/D4D/common_files/d4d_imgdec_bmp.h
.. /home/elco/repos/firmware/platform/spark/modules/eGUI/D4D/common_files/d4d_extsrc.h
.. /home/elco/repos/firmware/platform/spark/modules/eGUI/D4D/common_files/d4d_font.h
.. /home/elco/repos/firmware/platform/spark/modules/eGUI/D4D/common_files/d4d_math.h
.. /home/elco/repos/firmware/platform/spark/modules/eGUI/D4D/common_files/d4d_scheme.h
.. /home/elco/repos/firmware/platform/spark/modules/eGUI/D4D/common_files/d4d_screen.h
.. /home/elco/repos/firmware/platform/spark/modules/eGUI/D4D/common_files/d4d_mouse.h
.. /home/elco/repos/firmware/platform/spark/modules/eGUI/D4D/graphic_objects/d4d_picture.h
.. /home/elco/repos/firmware/platform/spark/modules/eGUI/D4D/graphic_objects/d4d_button.h
.. /home/elco/repos/firmware/platform/spark/modules/eGUI/D4D/graphic_objects/d4d_check_box.h
.. /home/elco/repos/firmware/platform/spark/modules/eGUI/D4D/graphic_objects/d4d_gauge.h
.. /home/elco/repos/firmware/platform/spark/modules/eGUI/D4D/graphic_objects/d4d_slider.h
.. /home/elco/repos/firmware/platform/spark/modules/eGUI/D4D/graphic_objects/d4d_label.h
.. /home/elco/repos/firmware/platform/spark/modules/eGUI/D4D/graphic_objects/d4d_icon.h
.. /home/elco/repos/firmware/platform/spark/modules/eGUI/D4D/graphic_objects/d4d_menu.h
.. /home/elco/repos/firmware/platform/spark/modules/eGUI/D4D/graphic_objects/d4d_graph.h
.. /home/elco/repos/firmware/platform/spark/modules/eGUI/D4D/graphic_objects/d4d_scroll_bar.h
.. /home/elco/repos/firmware/platform/spark/modules/eGUI/D4D/graphic_objects/d4d_console.h
.. /home/elco/repos/firmware/platform/spark/modules/eGUI/D4D/graphic_objects/d4d_text_box.h
.. /home/elco/repos/firmware/platform/spark/modules/eGUI/D4D/graphic_objects/d4d_progress_bar.h
.. /home/elco/repos/firmware/platform/spark/modules/eGUI/D4D/graphic_objects/d4d_radio_button.h
.. /home/elco/repos/firmware/platform/spark/modules/eGUI/D4D/graphic_objects/d4d_group_box.h
.. /home/elco/repos/firmware/platform/spark/modules/eGUI/D4D/graphic_objects/d4d_list_box.h
.. /home/elco/repos/firmware/platform/spark/modules/eGUI/D4D/graphic_objects/d4d_edit_box.h
.. /home/elco/repos/firmware/platform/spark/modules/eGUI/D4D/graphic_objects/d4d_combo_box.h
. /home/elco/repos/firmware/platform/spark/modules/eGUI/D4D/common_files/d4d_private.h
Multiple include guards may be useful for:
/home/elco/repos/firmware/platform/spark/modules/eGUI/D4D/d4d_id.h
. /home/elco/repos/firmware/platform/spark/modules/eGUI/D4D/d4d.h
.. /home/elco/repos/firmware/platform/spark/modules/eGUI/D4D/d4d_user_cfg.h
... /home/elco/repos/firmware/platform/spark/modules/eGUI/D4D/d4d_id.h
... /home/elco/repos/firmware/app/brewblox/display/d4d_user_cfg_app.h
.. /home/elco/repos/firmware/platform/spark/modules/eGUI/D4D/common_files/d4d_types.h
... /home/elco/repos/firmware/platform/spark/modules/eGUI/D4D/common_files/d4d_scheme.h
.. /home/elco/repos/firmware/platform/spark/modules/eGUI/D4D/common_files/d4d_base.h
.. /home/elco/repos/firmware/platform/spark/modules/eGUI/D4D/common_files/d4d_string.h
... /home/elco/repos/firmware/platform/spark/modules/eGUI/D4D/common_files/d4d_font.h
.. /home/elco/repos/firmware/platform/spark/modules/eGUI/D4D/common_files/d4d_basic_draw.h
.. /home/elco/repos/firmware/platform/spark/modules/eGUI/D4D/common_files/d4d_object.h
.. /home/elco/repos/firmware/platform/spark/modules/eGUI/D4D/common_files/d4d_low.h
.. /home/elco/repos/firmware/platform/spark/modules/eGUI/D4D/common_files/d4d_bmp.h
... /home/elco/repos/firmware/platform/spark/modules/eGUI/D4D/common_files/d4d_imgdec_d4dint.h
... /home/elco/repos/firmware/platform/spark/modules/eGUI/D4D/common_files/d4d_imgdec_d4d.h
... /home/elco/repos/firmware/platform/spark/modules/eGUI/D4D/common_files/d4d_imgdec_bmp.h
.. /home/elco/repos/firmware/platform/spark/modules/eGUI/D4D/common_files/d4d_extsrc.h
.. /home/elco/repos/firmware/platform/spark/modules/eGUI/D4D/common_files/d4d_font.h
.. /home/elco/repos/firmware/platform/spark/modules/eGUI/D4D/common_files/d4d_math.h
.. /home/elco/repos/firmware/platform/spark/modules/eGUI/D4D/common_files/d4d_scheme.h
.. /home/elco/repos/firmware/platform/spark/modules/eGUI/D4D/common_files/d4d_screen.h
.. /home/elco/repos/firmware/platform/spark/modules/eGUI/D4D/common_files/d4d_mouse.h
.. /home/elco/repos/firmware/platform/spark/modules/eGUI/D4D/graphic_objects/d4d_picture.h
.. /home/elco/repos/firmware/platform/spark/modules/eGUI/D4D/graphic_objects/d4d_button.h
.. /home/elco/repos/firmware/platform/spark/modules/eGUI/D4D/graphic_objects/d4d_check_box.h
.. /home/elco/repos/firmware/platform/spark/modules/eGUI/D4D/graphic_objects/d4d_gauge.h
.. /home/elco/repos/firmware/platform/spark/modules/eGUI/D4D/graphic_objects/d4d_slider.h
.. /home/elco/repos/firmware/platform/spark/modules/eGUI/D4D/graphic_objects/d4d_label.h
.. /home/elco/repos/firmware/platform/spark/modules/eGUI/D4D/graphic_objects/d4d_icon.h
.. /home/elco/repos/firmware/platform/spark/modules/eGUI/D4D/graphic_objects/d4d_menu.h
.. /home/elco/repos/firmware/platform/spark/modules/eGUI/D4D/graphic_objects/d4d_graph.h
.. /home/elco/repos/firmware/platform/spark/modules/eGUI/D4D/graphic_objects/d4d_scroll_bar.h
.. /home/elco/repos/firmware/platform/spark/modules/eGUI/D4D/graphic_objects/d4d_console.h
.. /home/elco/repos/firmware/platform/spark/modules/eGUI/D4D/graphic_objects/d4d_text_box.h
.. /home/elco/repos/firmware/platform/spark/modules/eGUI/D4D/graphic_objects/d4d_progress_bar.h
.. /home/elco/repos/firmware/platform/spark/modules/eGUI/D4D/graphic_objects/d4d_radio_button.h
.. /home/elco/repos/firmware/platform/spark/modules/eGUI/D4D/graphic_objects/d4d_group_box.h
.. /home/elco/repos/firmware/platform/spark/modules/eGUI/D4D/graphic_objects/d4d_list_box.h
.. /home/elco/repos/firmware/platform/spark/modules/eGUI/D4D/graphic_objects/d4d_edit_box.h
.. /home/elco/repos/firmware/platform/spark/modules/eGUI/D4D/graphic_objects/d4d_combo_box.h
. /home/elco/repos/firmware/platform/spark/modules/eGUI/D4D/common_files/d4d_private.h
Multiple include guards may be useful for:
/home/elco/repos/firmware/platform/spark/modules/eGUI/D4D/d4d_id.h
. /home/elco/repos/firmware/platform/spark/modules/eGUI/D4D/d4d.h
.. /home/elco/repos/firmware/platform/spark/modules/eGUI/D4D/d4d_user_cfg.h
... /home/elco/repos/firmware/platform/spark/modules/eGUI/D4D/d4d_id.h
... /home/elco/repos/firmware/app/brewblox/display/d4d_user_cfg_app.h
.. /home/elco/repos/firmware/platform/spark/modules/eGUI/D4D/common_files/d4d_types.h
... /home/elco/repos/firmware/platform/spark/modules/eGUI/D4D/common_files/d4d_scheme.h
.. /home/elco/repos/firmware/platform/spark/modules/eGUI/D4D/common_files/d4d_base.h
.. /home/elco/repos/firmware/platform/spark/modules/eGUI/D4D/common_files/d4d_string.h
... /home/elco/repos/firmware/platform/spark/modules/eGUI/D4D/common_files/d4d_font.h
.. /home/elco/repos/firmware/platform/spark/modules/eGUI/D4D/common_files/d4d_basic_draw.h
.. /home/elco/repos/firmware/platform/spark/modules/eGUI/D4D/common_files/d4d_object.h
.. /home/elco/repos/firmware/platform/spark/modules/eGUI/D4D/common_files/d4d_low.h
.. /home/elco/repos/firmware/platform/spark/modules/eGUI/D4D/common_files/d4d_bmp.h
... /home/elco/repos/firmware/platform/spark/modules/eGUI/D4D/common_files/d4d_imgdec_d4dint.h
... /home/elco/repos/firmware/platform/spark/modules/eGUI/D4D/common_files/d4d_imgdec_d4d.h
... /home/elco/repos/firmware/platform/spark/modules/eGUI/D4D/common_files/d4d_imgdec_bmp.h
.. /home/elco/repos/firmware/platform/spark/modules/eGUI/D4D/common_files/d4d_extsrc.h
.. /home/elco/repos/firmware/platform/spark/modules/eGUI/D4D/common_files/d4d_font.h
.. /home/elco/repos/firmware/platform/spark/modules/eGUI/D4D/common_files/d4d_math.h
.. /home/elco/repos/firmware/platform/spark/modules/eGUI/D4D/common_files/d4d_scheme.h
.. /home/elco/repos/firmware/platform/spark/modules/eGUI/D4D/common_files/d4d_screen.h
.. /home/elco/repos/firmware/platform/spark/modules/eGUI/D4D/common_files/d4d_mouse.h
.. /home/elco/repos/firmware/platform/spark/modules/eGUI/D4D/graphic_objects/d4d_picture.h
.. /home/elco/repos/firmware/platform/spark/modules/eGUI/D4D/graphic_objects/d4d_button.h
.. /home/elco/repos/firmware/platform/spark/modules/eGUI/D4D/graphic_objects/d4d_check_box.h
.. /home/elco/repos/firmware/platform/spark/modules/eGUI/D4D/graphic_objects/d4d_gauge.h
.. /home/elco/repos/firmware/platform/spark/modules/eGUI/D4D/graphic_objects/d4d_slider.h
.. /home/elco/repos/firmware/platform/spark/modules/eGUI/D4D/graphic_objects/d4d_label.h
.. /home/elco/repos/firmware/platform/spark/modules/eGUI/D4D/graphic_objects/d4d_icon.h
.. /home/elco/repos/firmware/platform/spark/modules/eGUI/D4D/graphic_objects/d4d_menu.h
.. /home/elco/repos/firmware/platform/spark/modules/eGUI/D4D/graphic_objects/d4d_graph.h
.. /home/elco/repos/firmware/platform/spark/modules/eGUI/D4D/graphic_objects/d4d_scroll_bar.h
.. /home/elco/repos/firmware/platform/spark/modules/eGUI/D4D/graphic_objects/d4d_console.h
.. /home/elco/repos/firmware/platform/spark/modules/eGUI/D4D/graphic_objects/d4d_text_box.h
.. /home/elco/repos/firmware/platform/spark/modules/eGUI/D4D/graphic_objects/d4d_progress_bar.h
.. /home/elco/repos/firmware/platform/spark/modules/eGUI/D4D/graphic_objects/d4d_radio_button.h
.. /home/elco/repos/firmware/platform/spark/modules/eGUI/D4D/graphic_objects/d4d_group_box.h
.. /home/elco/repos/firmware/platform/spark/modules/eGUI/D4D/graphic_objects/d4d_list_box.h
.. /home/elco/repos/firmware/platform/spark/modules/eGUI/D4D/graphic_objects/d4d_edit_box.h
.. /home/elco/repos/firmware/platform/spark/modules/eGUI/D4D/graphic_objects/d4d_combo_box.h
. /home/elco/repos/firmware/platform/spark/modules/eGUI/D4D/common_files/d4d_private.h
Multiple include guards may be useful for:
/home/elco/repos/firmware/platform/spark/modules/eGUI/D4D/d4d_id.h
. /home/elco/repos/firmware/platform/spark/modules/WebSockets/firmware/libb64/cdecode_inc.h
. /home/elco/repos/firmware/platform/spark/modules/WebSockets/firmware/libb64/cencode_inc.h
. /home/elco/repos/firmware/platform/spark/modules/WebSockets/firmware/libsha1/libsha1.h
Multiple include guards may be useful for:
. /home/elco/repos/firmware/lib/inc/DS2408.h
.. /home/elco/repos/firmware/lib/inc/OneWireDevice.h
... /home/elco/repos/firmware/lib/inc/OneWire.h
.... /home/elco/repos/firmware/lib/inc/OneWireLowLevelInterface.h
... /home/elco/repos/firmware/lib/inc/OneWireAddress.h
. /home/elco/repos/firmware/lib/inc/Logger.h
Multiple include guards may be useful for:
. /home/elco/repos/firmware/lib/inc/FilterChain.h
.. /home/elco/repos/firmware/lib/inc/IirFilter.h
Multiple include guards may be useful for:
. /home/elco/repos/firmware/lib/src/../inc/OneWire.h
.. /home/elco/repos/firmware/lib/src/../inc/OneWireLowLevelInterface.h
Multiple include guards may be useful for:
. /home/elco/repos/firmware/lib/src/../inc/DallasTemperature.h
.. /home/elco/repos/firmware/lib/src/../inc/OneWire.h
... /home/elco/repos/firmware/lib/src/../inc/OneWireLowLevelInterface.h
Multiple include guards may be useful for:
. /home/elco/repos/firmware/lib/src/../inc/TicksTypes.h
Multiple include guards may be useful for:
. /home/elco/repos/firmware/lib/src/../inc/Logger.h
. /home/elco/repos/firmware/lib/src/../inc/DallasTemperature.h
.. /home/elco/repos/firmware/lib/src/../inc/OneWire.h
... /home/elco/repos/firmware/lib/src/../inc/OneWireLowLevelInterface.h
. /home/elco/repos/firmware/lib/src/../inc/OneWireAddress.h
. /home/elco/repos/firmware/lib/src/../inc/TempSensorOneWire.h
.. /home/elco/repos/firmware/lib/src/../inc/OneWireDevice.h
.. /home/elco/repos/firmware/lib/src/../inc/TempSensor.h
... /home/elco/repos/firmware/lib/src/../inc/Temperature.h
.... /home/elco/repos/firmware/lib/src/../inc/FixedPoint.h
..... /home/elco/repos/firmware/lib/src/../inc/../cnl/include/cnl/_impl/fixed_point/constants.h
...... /home/elco/repos/firmware/lib/src/../inc/../cnl/include/cnl/_impl/fixed_point/type.h
....... /home/elco/repos/firmware/lib/src/../inc/../cnl/include/cnl/_impl/fixed_point/../power.h
........ /home/elco/repos/firmware/lib/src/../inc/../cnl/include/cnl/_impl/fixed_point/../../constant.h
......... /home/elco/repos/firmware/lib/src/../inc/../cnl/include/cnl/_impl/fixed_point/../../limits.h
.......... /home/elco/repos/firmware/lib/src/../inc/../cnl/include/cnl/_impl/fixed_point/../../cstdint.h
........... /home/elco/repos/firmware/lib/src/../inc/../cnl/include/cnl/_impl/fixed_point/../../_impl/common.h
............ /home/elco/repos/firmware/lib/src/../inc/../cnl/include/cnl/_impl/fixed_point/../../_impl/config.h
........... /home/elco/repos/firmware/lib/src/../inc/../cnl/include/cnl/_impl/fixed_point/../../_impl/config.h
....... /home/elco/repos/firmware/lib/src/../inc/../cnl/include/cnl/_impl/fixed_point/../num_traits/width.h
........ /home/elco/repos/firmware/lib/src/../inc/../cnl/include/cnl/_impl/fixed_point/../num_traits/../type_traits/is_signed.h
......... /home/elco/repos/firmware/lib/src/../inc/../cnl/include/cnl/_impl/fixed_point/../num_traits/../type_traits/../../cstdint.h
......... /home/elco/repos/firmware/lib/src/../inc/../cnl/include/cnl/_impl/fixed_point/../num_traits/../type_traits/../num_traits/is_composite.h
......... /home/elco/repos/firmware/lib/src/../inc/../cnl/include/cnl/_impl/fixed_point/../num_traits/../type_traits/../num_traits/to_rep.h
.......... /home/elco/repos/firmware/lib/src/../inc/../cnl/include/cnl/_impl/fixed_point/../num_traits/../type_traits/../num_traits/../type_traits/remove_cvref.h
.......... /home/elco/repos/firmware/lib/src/../inc/../cnl/include/cnl/_impl/fixed_point/../num_traits/../type_traits/../num_traits/../type_traits/enable_if.h
.......... /home/elco/repos/firmware/lib/src/../inc/../cnl/include/cnl/_impl/fixed_point/../num_traits/../type_traits/../num_traits/../type_traits/is_integral.h
........... /home/elco/repos/firmware/lib/src/../inc/../cnl/include/cnl/_impl/fixed_point/../num_traits/../type_traits/../num_traits/../type_traits/../../cstdint.h
........... /home/elco/repos/firmware/lib/src/../inc/../cnl/include/cnl/_impl/fixed_point/../num_traits/../type_traits/../num_traits/../type_traits/../config.h
.......... /home/elco/repos/firmware/lib/src/../inc/../cnl/include/cnl/_impl/fixed_point/../num_traits/../type_traits/../num_traits/../../constant.h
......... /home/elco/repos/firmware/lib/src/../inc/../cnl/include/cnl/_impl/fixed_point/../num_traits/../type_traits/enable_if.h
......... /home/elco/repos/firmware/lib/src/../inc/../cnl/include/cnl/_impl/fixed_point/../num_traits/../type_traits/../../constant.h
........ /home/elco/repos/firmware/lib/src/../inc/../cnl/include/cnl/_impl/fixed_point/../num_traits/digits.h
......... /home/elco/repos/firmware/lib/src/../inc/../cnl/include/cnl/_impl/fixed_point/../num_traits/../../constant.h
......... /home/elco/repos/firmware/lib/src/../inc/../cnl/include/cnl/_impl/fixed_point/../num_traits/../../cstdint.h
......... /home/elco/repos/firmware/lib/src/../inc/../cnl/include/cnl/_impl/fixed_point/../num_traits/../used_digits.h
......... /home/elco/repos/firmware/lib/src/../inc/../cnl/include/cnl/_impl/fixed_point/../num_traits/../type_traits/enable_if.h
......... /home/elco/repos/firmware/lib/src/../inc/../cnl/include/cnl/_impl/fixed_point/../num_traits/is_composite.h
........ /home/elco/repos/firmware/lib/src/../inc/../cnl/include/cnl/_impl/fixed_point/../num_traits/set_digits.h
......... /home/elco/repos/firmware/lib/src/../inc/../cnl/include/cnl/_impl/fixed_point/../num_traits/../type_traits/is_integral.h
....... /home/elco/repos/firmware/lib/src/../inc/../cnl/include/cnl/_impl/fixed_point/../number_base.h
........ /home/elco/repos/firmware/lib/src/../inc/../cnl/include/cnl/_impl/fixed_point/../num_traits/from_rep.h
........ /home/elco/repos/firmware/lib/src/../inc/../cnl/include/cnl/_impl/fixed_point/../num_traits/from_value.h
......... /home/elco/repos/firmware/lib/src/../inc/../cnl/include/cnl/_impl/fixed_point/../num_traits/../type_traits/make_signed.h
.......... /home/elco/repos/firmware/lib/src/../inc/../cnl/include/cnl/_impl/fixed_point/../num_traits/../type_traits/../type_traits/enable_if.h
.......... /home/elco/repos/firmware/lib/src/../inc/../cnl/include/cnl/_impl/fixed_point/../num_traits/../type_traits/../num_traits/from_rep.h
.......... /home/elco/repos/firmware/lib/src/../inc/../cnl/include/cnl/_impl/fixed_point/../num_traits/../type_traits/../type_traits/type_identity.h
........ /home/elco/repos/firmware/lib/src/../inc/../cnl/include/cnl/_impl/fixed_point/../num_traits/is_composite.h
........ /home/elco/repos/firmware/lib/src/../inc/../cnl/include/cnl/_impl/fixed_point/../num_traits/scale.h
......... /home/elco/repos/firmware/lib/src/../inc/../cnl/include/cnl/_impl/fixed_point/../num_traits/../power.h
........ /home/elco/repos/firmware/lib/src/../inc/../cnl/include/cnl/_impl/fixed_point/../num_traits/to_rep.h
........ /home/elco/repos/firmware/lib/src/../inc/../cnl/include/cnl/_impl/fixed_point/../operators.h
......... /home/elco/repos/firmware/lib/src/../inc/../cnl/include/cnl/_impl/fixed_point/../../limits.h
......... /home/elco/repos/firmware/lib/src/../inc/../cnl/include/cnl/_impl/fixed_point/../type_traits/enable_if.h
......... /home/elco/repos/firmware/lib/src/../inc/../cnl/include/cnl/_impl/fixed_point/../type_traits/type_identity.h
....... /home/elco/repos/firmware/lib/src/../inc/../cnl/include/cnl/_impl/fixed_point/../../constant.h
....... /home/elco/repos/firmware/lib/src/../inc/../cnl/include/cnl/_impl/fixed_point/../../numeric.h
........ /home/elco/repos/firmware/lib/src/../inc/../cnl/include/cnl/_impl/fixed_point/../../bit.h
......... /home/elco/repos/firmware/lib/src/../inc/../cnl/include/cnl/_impl/fixed_point/../../_impl/num_traits/digits.h
......... /home/elco/repos/firmware/lib/src/../inc/../cnl/include/cnl/_impl/fixed_point/../../_impl/type_traits/is_signed.h
......... /home/elco/repos/firmware/lib/src/../inc/../cnl/include/cnl/_impl/fixed_point/../../_impl/type_traits/make_unsigned.h
.......... /home/elco/repos/firmware/lib/src/../inc/../cnl/include/cnl/_impl/fixed_point/../../_impl/type_traits/enable_if.h
.......... /home/elco/repos/firmware/lib/src/../inc/../cnl/include/cnl/_impl/fixed_point/../../_impl/type_traits/../num_traits/is_composite.h
.......... /home/elco/repos/firmware/lib/src/../inc/../cnl/include/cnl/_impl/fixed_point/../../_impl/type_traits/../num_traits/to_rep.h
.......... /home/elco/repos/firmware/lib/src/../inc/../cnl/include/cnl/_impl/fixed_point/../../_impl/type_traits/../num_traits/from_rep.h
.......... /home/elco/repos/firmware/lib/src/../inc/../cnl/include/cnl/_impl/fixed_point/../../_impl/type_traits/../type_traits/type_identity.h
........ /home/elco/repos/firmware/lib/src/../inc/../cnl/include/cnl/_impl/fixed_point/../../_impl/num_traits/unwrap.h
......... /home/elco/repos/firmware/lib/src/../inc/../cnl/include/cnl/_impl/fixed_point/../../_impl/num_traits/../type_traits/enable_if.h
......... /home/elco/repos/firmware/lib/src/../inc/../cnl/include/cnl/_impl/fixed_point/../../_impl/num_traits/is_composite.h
......... /home/elco/repos/firmware/lib/src/../inc/../cnl/include/cnl/_impl/fixed_point/../../_impl/num_traits/to_rep.h
........ /home/elco/repos/firmware/lib/src/../inc/../cnl/include/cnl/_impl/fixed_point/../../_impl/used_digits.h
....... /home/elco/repos/firmware/lib/src/../inc/../cnl/include/cnl/_impl/fixed_point/declaration.h
........ /home/elco/repos/firmware/lib/src/../inc/../cnl/include/cnl/_impl/fixed_point/../../limits.h
....... /home/elco/repos/firmware/lib/src/../inc/../cnl/include/cnl/_impl/fixed_point/is_fixed_point.h
...... /home/elco/repos/firmware/lib/src/../inc/../cnl/include/cnl/_impl/fixed_point/../used_digits.h
..... /home/elco/repos/firmware/lib/src/../inc/../cnl/include/cnl/_impl/fixed_point/convert.h
...... /home/elco/repos/firmware/lib/src/../inc/../cnl/include/cnl/_impl/fixed_point/../rounding/convert.h
....... /home/elco/repos/firmware/lib/src/../inc/../cnl/include/cnl/_impl/fixed_point/../rounding/../../limits.h
....... /home/elco/repos/firmware/lib/src/../inc/../cnl/include/cnl/_impl/fixed_point/../rounding/../native_tag.h
........ /home/elco/repos/firmware/lib/src/../inc/../cnl/include/cnl/_impl/fixed_point/../rounding/../type_traits/make_unsigned.h
........ /home/elco/repos/firmware/lib/src/../inc/../cnl/include/cnl/_impl/fixed_point/../rounding/../operators.h
....... /home/elco/repos/firmware/lib/src/../inc/../cnl/include/cnl/_impl/fixed_point/../rounding/../type_traits/enable_if.h
....... /home/elco/repos/firmware/lib/src/../inc/../cnl/include/cnl/_impl/fixed_point/../rounding/rounding_tag.h
...... /home/elco/repos/firmware/lib/src/../inc/../cnl/include/cnl/_impl/fixed_point/../rounding/rounding_tag.h
...... /home/elco/repos/firmware/lib/src/../inc/../cnl/include/cnl/_impl/fixed_point/../type_traits/enable_if.h
...... /home/elco/repos/firmware/lib/src/../inc/../cnl/include/cnl/_impl/fixed_point/from_rep.h
....... /home/elco/repos/firmware/lib/src/../inc/../cnl/include/cnl/_impl/fixed_point/../num_traits/from_rep.h
..... /home/elco/repos/firmware/lib/src/../inc/../cnl/include/cnl/_impl/fixed_point/declaration.h
..... /home/elco/repos/firmware/lib/src/../inc/../cnl/include/cnl/_impl/fixed_point/extras.h
...... /home/elco/repos/firmware/lib/src/../inc/../cnl/include/cnl/_impl/fixed_point/../cmath/abs.h
....... /home/elco/repos/firmware/lib/src/../inc/../cnl/include/cnl/_impl/fixed_point/../cmath/../type_traits/is_signed.h
....... /home/elco/repos/firmware/lib/src/../inc/../cnl/include/cnl/_impl/fixed_point/../cmath/../type_traits/enable_if.h
...... /home/elco/repos/firmware/lib/src/../inc/../cnl/include/cnl/_impl/fixed_point/../config.h
...... /home/elco/repos/firmware/lib/src/../inc/../cnl/include/cnl/_impl/fixed_point/../num_traits/fixed_width_scale.h
....... /home/elco/repos/firmware/lib/src/../inc/../cnl/include/cnl/_impl/fixed_point/../num_traits/scale.h
...... /home/elco/repos/firmware/lib/src/../inc/../cnl/include/cnl/_impl/fixed_point/../num_traits/unwrap.h
...... /home/elco/repos/firmware/lib/src/../inc/../cnl/include/cnl/_impl/fixed_point/../unreachable.h
....... /home/elco/repos/firmware/lib/src/../inc/../cnl/include/cnl/_impl/fixed_point/../config.h
....... /home/elco/repos/firmware/lib/src/../inc/../cnl/include/cnl/_impl/fixed_point/../terminate.h
..... /home/elco/repos/firmware/lib/src/../inc/../cnl/include/cnl/_impl/fixed_point/from_rep.h
..... /home/elco/repos/firmware/lib/src/../inc/../cnl/include/cnl/_impl/fixed_point/is_fixed_point.h
..... /home/elco/repos/firmware/lib/src/../inc/../cnl/include/cnl/_impl/fixed_point/named.h
...... /home/elco/repos/firmware/lib/src/../inc/../cnl/include/cnl/_impl/fixed_point/../common.h
...... /home/elco/repos/firmware/lib/src/../inc/../cnl/include/cnl/_impl/fixed_point/num_traits.h
..... /home/elco/repos/firmware/lib/src/../inc/../cnl/include/cnl/_impl/fixed_point/operators.h
..... /home/elco/repos/firmware/lib/src/../inc/../cnl/include/cnl/_impl/fixed_point/to_chars.h
...... /home/elco/repos/firmware/lib/src/../inc/../cnl/include/cnl/_impl/fixed_point/../../rounding_integer.h
....... /home/elco/repos/firmware/lib/src/../inc/../cnl/include/cnl/_impl/fixed_point/../../_impl/num_traits/fixed_width_scale.h
....... /home/elco/repos/firmware/lib/src/../inc/../cnl/include/cnl/_impl/fixed_point/../../_impl/number_base.h
....... /home/elco/repos/firmware/lib/src/../inc/../cnl/include/cnl/_impl/fixed_point/../../_impl/rounding.h
........ /home/elco/repos/firmware/lib/src/../inc/../cnl/include/cnl/_impl/fixed_point/../../_impl/native_tag.h
........ /home/elco/repos/firmware/lib/src/../inc/../cnl/include/cnl/_impl/fixed_point/../../_impl/rounding/convert.h
........ /home/elco/repos/firmware/lib/src/../inc/../cnl/include/cnl/_impl/fixed_point/../../_impl/rounding/rounding_tag.h
........ /home/elco/repos/firmware/lib/src/../inc/../cnl/include/cnl/_impl/fixed_point/../../_impl/operators.h
........ /home/elco/repos/firmware/lib/src/../inc/../cnl/include/cnl/_impl/fixed_point/../../_impl/num_traits/from_value.h
........ /home/elco/repos/firmware/lib/src/../inc/../cnl/include/cnl/_impl/fixed_point/../../_impl/num_traits/unwrap.h
....... /home/elco/repos/firmware/lib/src/../inc/../cnl/include/cnl/_impl/fixed_point/../../_impl/type_traits/common_type.h
..... /home/elco/repos/firmware/lib/src/../inc/../cnl/include/cnl/_impl/fixed_point/type.h
..... /home/elco/repos/firmware/lib/src/../inc/../cnl/include/cnl/elastic_integer.h
...... /home/elco/repos/firmware/lib/src/../inc/../cnl/include/cnl/constant.h
...... /home/elco/repos/firmware/lib/src/../inc/../cnl/include/cnl/_impl/limits/lowest.h
...... /home/elco/repos/firmware/lib/src/../inc/../cnl/include/cnl/_impl/num_traits/adopt.h
....... /home/elco/repos/firmware/lib/src/../inc/../cnl/include/cnl/_impl/num_traits/adopt_digits.h
........ /home/elco/repos/firmware/lib/src/../inc/../cnl/include/cnl/_impl/num_traits/digits.h
........ /home/elco/repos/firmware/lib/src/../inc/../cnl/include/cnl/_impl/num_traits/set_digits.h
....... /home/elco/repos/firmware/lib/src/../inc/../cnl/include/cnl/_impl/num_traits/adopt_signedness.h
........ /home/elco/repos/firmware/lib/src/../inc/../cnl/include/cnl/_impl/num_traits/../type_traits/is_signed.h
........ /home/elco/repos/firmware/lib/src/../inc/../cnl/include/cnl/_impl/num_traits/../type_traits/set_signedness.h
......... /home/elco/repos/firmware/lib/src/../inc/../cnl/include/cnl/_impl/num_traits/../type_traits/make_signed.h
......... /home/elco/repos/firmware/lib/src/../inc/../cnl/include/cnl/_impl/num_traits/../type_traits/make_unsigned.h
...... /home/elco/repos/firmware/lib/src/../inc/../cnl/include/cnl/_impl/num_traits/adopt_signedness.h
...... /home/elco/repos/firmware/lib/src/../inc/../cnl/include/cnl/_impl/num_traits/fixed_width_scale.h
...... /home/elco/repos/firmware/lib/src/../inc/../cnl/include/cnl/_impl/num_traits/width.h
...... /home/elco/repos/firmware/lib/src/../inc/../cnl/include/cnl/_impl/number_base.h
...... /home/elco/repos/firmware/lib/src/../inc/../cnl/include/cnl/_impl/type_traits/common_type.h
...... /home/elco/repos/firmware/lib/src/../inc/../cnl/include/cnl/_impl/type_traits/is_signed.h
...... /home/elco/repos/firmware/lib/src/../inc/../cnl/include/cnl/_impl/type_traits/make_signed.h
...... /home/elco/repos/firmware/lib/src/../inc/../cnl/include/cnl/_impl/type_traits/set_signedness.h
..... /home/elco/repos/firmware/lib/src/../inc/../cnl/include/cnl/num_traits.h
...... /home/elco/repos/firmware/lib/src/../inc/../cnl/include/cnl/_impl/num_traits/digits.h
...... /home/elco/repos/firmware/lib/src/../inc/../cnl/include/cnl/_impl/num_traits/from_rep.h
...... /home/elco/repos/firmware/lib/src/../inc/../cnl/include/cnl/_impl/num_traits/from_value.h
...... /home/elco/repos/firmware/lib/src/../inc/../cnl/include/cnl/_impl/num_traits/is_composite.h
...... /home/elco/repos/firmware/lib/src/../inc/../cnl/include/cnl/_impl/num_traits/set_digits.h
...... /home/elco/repos/firmware/lib/src/../inc/../cnl/include/cnl/_impl/num_traits/scale.h
...... /home/elco/repos/firmware/lib/src/../inc/../cnl/include/cnl/_impl/num_traits/to_rep.h
...... /home/elco/repos/firmware/lib/src/../inc/../cnl/include/cnl/_impl/num_traits/unwrap.h
...... /home/elco/repos/firmware/lib/src/../inc/../cnl/include/cnl/_impl/num_traits/wrap.h
....... /home/elco/repos/firmware/lib/src/../inc/../cnl/include/cnl/_impl/num_traits/../type_traits/enable_if.h
....... /home/elco/repos/firmware/lib/src/../inc/../cnl/include/cnl/_impl/num_traits/is_composite.h
....... /home/elco/repos/firmware/lib/src/../inc/../cnl/include/cnl/_impl/num_traits/to_rep.h
..... /home/elco/repos/firmware/lib/src/../inc/../cnl/include/cnl/overflow_integer.h
...... /home/elco/repos/firmware/lib/src/../inc/../cnl/include/cnl/overflow.h
....... /home/elco/repos/firmware/lib/src/../inc/../cnl/include/cnl/_impl/overflow/common.h
........ /home/elco/repos/firmware/lib/src/../inc/../cnl/include/cnl/_impl/overflow/../../limits.h
........ /home/elco/repos/firmware/lib/src/../inc/../cnl/include/cnl/_impl/overflow/../../numeric.h
........ /home/elco/repos/firmware/lib/src/../inc/../cnl/include/cnl/_impl/overflow/../native_tag.h
........ /home/elco/repos/firmware/lib/src/../inc/../cnl/include/cnl/_impl/overflow/../num_traits/digits.h
........ /home/elco/repos/firmware/lib/src/../inc/../cnl/include/cnl/_impl/overflow/../operators.h
........ /home/elco/repos/firmware/lib/src/../inc/../cnl/include/cnl/_impl/overflow/../type_traits/is_signed.h
....... /home/elco/repos/firmware/lib/src/../inc/../cnl/include/cnl/_impl/overflow/native.h
....... /home/elco/repos/firmware/lib/src/../inc/../cnl/include/cnl/_impl/overflow/saturated.h
........ /home/elco/repos/firmware/lib/src/../inc/../cnl/include/cnl/_impl/overflow/common.h
........ /home/elco/repos/firmware/lib/src/../inc/../cnl/include/cnl/_impl/overflow/../terminate.h
....... /home/elco/repos/firmware/lib/src/../inc/../cnl/include/cnl/_impl/overflow/throwing.h
........ /home/elco/repos/firmware/lib/src/../inc/../cnl/include/cnl/_impl/overflow/../throw_exception.h
......... /home/elco/repos/firmware/lib/src/../inc/../cnl/include/cnl/_impl/overflow/../config.h
......... /home/elco/repos/firmware/lib/src/../inc/../cnl/include/cnl/_impl/overflow/../terminate.h
....... /home/elco/repos/firmware/lib/src/../inc/../cnl/include/cnl/_impl/overflow/trapping.h
....... /home/elco/repos/firmware/lib/src/../inc/../cnl/include/cnl/_impl/overflow/undefined.h
........ /home/elco/repos/firmware/lib/src/../inc/../cnl/include/cnl/_impl/overflow/../unreachable.h
...... /home/elco/repos/firmware/lib/src/../inc/../cnl/include/cnl/_impl/native_tag.h
...... /home/elco/repos/firmware/lib/src/../inc/../cnl/include/cnl/_impl/operators.h
...... /home/elco/repos/firmware/lib/src/../inc/../cnl/include/cnl/_impl/type_traits/identical.h
..... /home/elco/repos/firmware/lib/src/../inc/../cnl/include/cnl/rounding_integer.h
Multiple include guards may be useful for:
. /home/elco/repos/firmware/lib/src/../inc/Pid.h
.. /home/elco/repos/firmware/lib/src/../inc/FixedPoint.h
... /home/elco/repos/firmware/lib/src/../inc/../cnl/include/cnl/_impl/fixed_point/constants.h
.... /home/elco/repos/firmware/lib/src/../inc/../cnl/include/cnl/_impl/fixed_point/type.h
..... /home/elco/repos/firmware/lib/src/../inc/../cnl/include/cnl/_impl/fixed_point/../power.h
...... /home/elco/repos/firmware/lib/src/../inc/../cnl/include/cnl/_impl/fixed_point/../../constant.h
....... /home/elco/repos/firmware/lib/src/../inc/../cnl/include/cnl/_impl/fixed_point/../../limits.h
........ /home/elco/repos/firmware/lib/src/../inc/../cnl/include/cnl/_impl/fixed_point/../../cstdint.h
......... /home/elco/repos/firmware/lib/src/../inc/../cnl/include/cnl/_impl/fixed_point/../../_impl/common.h
.......... /home/elco/repos/firmware/lib/src/../inc/../cnl/include/cnl/_impl/fixed_point/../../_impl/config.h
......... /home/elco/repos/firmware/lib/src/../inc/../cnl/include/cnl/_impl/fixed_point/../../_impl/config.h
..... /home/elco/repos/firmware/lib/src/../inc/../cnl/include/cnl/_impl/fixed_point/../num_traits/width.h
...... /home/elco/repos/firmware/lib/src/../inc/../cnl/include/cnl/_impl/fixed_point/../num_traits/../type_traits/is_signed.h
....... /home/elco/repos/firmware/lib/src/../inc/../cnl/include/cnl/_impl/fixed_point/../num_traits/../type_traits/../../cstdint.h
....... /home/elco/repos/firmware/lib/src/../inc/../cnl/include/cnl/_impl/fixed_point/../num_traits/../type_traits/../num_traits/is_composite.h
....... /home/elco/repos/firmware/lib/src/../inc/../cnl/include/cnl/_impl/fixed_point/../num_traits/../type_traits/../num_traits/to_rep.h
........ /home/elco/repos/firmware/lib/src/../inc/../cnl/include/cnl/_impl/fixed_point/../num_traits/../type_traits/../num_traits/../type_traits/remove_cvref.h
........ /home/elco/repos/firmware/lib/src/../inc/../cnl/include/cnl/_impl/fixed_point/../num_traits/../type_traits/../num_traits/../type_traits/enable_if.h
........ /home/elco/repos/firmware/lib/src/../inc/../cnl/include/cnl/_impl/fixed_point/../num_traits/../type_traits/../num_traits/../type_traits/is_integral.h
......... /home/elco/repos/firmware/lib/src/../inc/../cnl/include/cnl/_impl/fixed_point/../num_traits/../type_traits/../num_traits/../type_traits/../../cstdint.h
......... /home/elco/repos/firmware/lib/src/../inc/../cnl/include/cnl/_impl/fixed_point/../num_traits/../type_traits/../num_traits/../type_traits/../config.h
........ /home/elco/repos/firmware/lib/src/../inc/../cnl/include/cnl/_impl/fixed_point/../num_traits/../type_traits/../num_traits/../../constant.h
....... /home/elco/repos/firmware/lib/src/../inc/../cnl/include/cnl/_impl/fixed_point/../num_traits/../type_traits/enable_if.h
....... /home/elco/repos/firmware/lib/src/../inc/../cnl/include/cnl/_impl/fixed_point/../num_traits/../type_traits/../../constant.h
...... /home/elco/repos/firmware/lib/src/../inc/../cnl/include/cnl/_impl/fixed_point/../num_traits/digits.h
....... /home/elco/repos/firmware/lib/src/../inc/../cnl/include/cnl/_impl/fixed_point/../num_traits/../../constant.h
....... /home/elco/repos/firmware/lib/src/../inc/../cnl/include/cnl/_impl/fixed_point/../num_traits/../../cstdint.h
....... /home/elco/repos/firmware/lib/src/../inc/../cnl/include/cnl/_impl/fixed_point/../num_traits/../used_digits.h
....... /home/elco/repos/firmware/lib/src/../inc/../cnl/include/cnl/_impl/fixed_point/../num_traits/../type_traits/enable_if.h
....... /home/elco/repos/firmware/lib/src/../inc/../cnl/include/cnl/_impl/fixed_point/../num_traits/is_composite.h
...... /home/elco/repos/firmware/lib/src/../inc/../cnl/include/cnl/_impl/fixed_point/../num_traits/set_digits.h
....... /home/elco/repos/firmware/lib/src/../inc/../cnl/include/cnl/_impl/fixed_point/../num_traits/../type_traits/is_integral.h
..... /home/elco/repos/firmware/lib/src/../inc/../cnl/include/cnl/_impl/fixed_point/../number_base.h
...... /home/elco/repos/firmware/lib/src/../inc/../cnl/include/cnl/_impl/fixed_point/../num_traits/from_rep.h
...... /home/elco/repos/firmware/lib/src/../inc/../cnl/include/cnl/_impl/fixed_point/../num_traits/from_value.h
....... /home/elco/repos/firmware/lib/src/../inc/../cnl/include/cnl/_impl/fixed_point/../num_traits/../type_traits/make_signed.h
........ /home/elco/repos/firmware/lib/src/../inc/../cnl/include/cnl/_impl/fixed_point/../num_traits/../type_traits/../type_traits/enable_if.h
........ /home/elco/repos/firmware/lib/src/../inc/../cnl/include/cnl/_impl/fixed_point/../num_traits/../type_traits/../num_traits/from_rep.h
........ /home/elco/repos/firmware/lib/src/../inc/../cnl/include/cnl/_impl/fixed_point/../num_traits/../type_traits/../type_traits/type_identity.h
...... /home/elco/repos/firmware/lib/src/../inc/../cnl/include/cnl/_impl/fixed_point/../num_traits/is_composite.h
...... /home/elco/repos/firmware/lib/src/../inc/../cnl/include/cnl/_impl/fixed_point/../num_traits/scale.h
....... /home/elco/repos/firmware/lib/src/../inc/../cnl/include/cnl/_impl/fixed_point/../num_traits/../power.h
...... /home/elco/repos/firmware/lib/src/../inc/../cnl/include/cnl/_impl/fixed_point/../num_traits/to_rep.h
...... /home/elco/repos/firmware/lib/src/../inc/../cnl/include/cnl/_impl/fixed_point/../operators.h
....... /home/elco/repos/firmware/lib/src/../inc/../cnl/include/cnl/_impl/fixed_point/../../limits.h
....... /home/elco/repos/firmware/lib/src/../inc/../cnl/include/cnl/_impl/fixed_point/../type_traits/enable_if.h
....... /home/elco/repos/firmware/lib/src/../inc/../cnl/include/cnl/_impl/fixed_point/../type_traits/type_identity.h
..... /home/elco/repos/firmware/lib/src/../inc/../cnl/include/cnl/_impl/fixed_point/../../constant.h
..... /home/elco/repos/firmware/lib/src/../inc/../cnl/include/cnl/_impl/fixed_point/../../numeric.h
...... /home/elco/repos/firmware/lib/src/../inc/../cnl/include/cnl/_impl/fixed_point/../../bit.h
....... /home/elco/repos/firmware/lib/src/../inc/../cnl/include/cnl/_impl/fixed_point/../../_impl/num_traits/digits.h
....... /home/elco/repos/firmware/lib/src/../inc/../cnl/include/cnl/_impl/fixed_point/../../_impl/type_traits/is_signed.h
....... /home/elco/repos/firmware/lib/src/../inc/../cnl/include/cnl/_impl/fixed_point/../../_impl/type_traits/make_unsigned.h
........ /home/elco/repos/firmware/lib/src/../inc/../cnl/include/cnl/_impl/fixed_point/../../_impl/type_traits/enable_if.h
........ /home/elco/repos/firmware/lib/src/../inc/../cnl/include/cnl/_impl/fixed_point/../../_impl/type_traits/../num_traits/is_composite.h
........ /home/elco/repos/firmware/lib/src/../inc/../cnl/include/cnl/_impl/fixed_point/../../_impl/type_traits/../num_traits/to_rep.h
........ /home/elco/repos/firmware/lib/src/../inc/../cnl/include/cnl/_impl/fixed_point/../../_impl/type_traits/../num_traits/from_rep.h
........ /home/elco/repos/firmware/lib/src/../inc/../cnl/include/cnl/_impl/fixed_point/../../_impl/type_traits/../type_traits/type_identity.h
...... /home/elco/repos/firmware/lib/src/../inc/../cnl/include/cnl/_impl/fixed_point/../../_impl/num_traits/unwrap.h
....... /home/elco/repos/firmware/lib/src/../inc/../cnl/include/cnl/_impl/fixed_point/../../_impl/num_traits/../type_traits/enable_if.h
....... /home/elco/repos/firmware/lib/src/../inc/../cnl/include/cnl/_impl/fixed_point/../../_impl/num_traits/is_composite.h
....... /home/elco/repos/firmware/lib/src/../inc/../cnl/include/cnl/_impl/fixed_point/../../_impl/num_traits/to_rep.h
...... /home/elco/repos/firmware/lib/src/../inc/../cnl/include/cnl/_impl/fixed_point/../../_impl/used_digits.h
..... /home/elco/repos/firmware/lib/src/../inc/../cnl/include/cnl/_impl/fixed_point/declaration.h
...... /home/elco/repos/firmware/lib/src/../inc/../cnl/include/cnl/_impl/fixed_point/../../limits.h
..... /home/elco/repos/firmware/lib/src/../inc/../cnl/include/cnl/_impl/fixed_point/is_fixed_point.h
.... /home/elco/repos/firmware/lib/src/../inc/../cnl/include/cnl/_impl/fixed_point/../used_digits.h
... /home/elco/repos/firmware/lib/src/../inc/../cnl/include/cnl/_impl/fixed_point/convert.h
.... /home/elco/repos/firmware/lib/src/../inc/../cnl/include/cnl/_impl/fixed_point/../rounding/convert.h
..... /home/elco/repos/firmware/lib/src/../inc/../cnl/include/cnl/_impl/fixed_point/../rounding/../../limits.h
..... /home/elco/repos/firmware/lib/src/../inc/../cnl/include/cnl/_impl/fixed_point/../rounding/../native_tag.h
...... /home/elco/repos/firmware/lib/src/../inc/../cnl/include/cnl/_impl/fixed_point/../rounding/../type_traits/make_unsigned.h
...... /home/elco/repos/firmware/lib/src/../inc/../cnl/include/cnl/_impl/fixed_point/../rounding/../operators.h
..... /home/elco/repos/firmware/lib/src/../inc/../cnl/include/cnl/_impl/fixed_point/../rounding/../type_traits/enable_if.h
..... /home/elco/repos/firmware/lib/src/../inc/../cnl/include/cnl/_impl/fixed_point/../rounding/rounding_tag.h
.... /home/elco/repos/firmware/lib/src/../inc/../cnl/include/cnl/_impl/fixed_point/../rounding/rounding_tag.h
.... /home/elco/repos/firmware/lib/src/../inc/../cnl/include/cnl/_impl/fixed_point/../type_traits/enable_if.h
.... /home/elco/repos/firmware/lib/src/../inc/../cnl/include/cnl/_impl/fixed_point/from_rep.h
..... /home/elco/repos/firmware/lib/src/../inc/../cnl/include/cnl/_impl/fixed_point/../num_traits/from_rep.h
... /home/elco/repos/firmware/lib/src/../inc/../cnl/include/cnl/_impl/fixed_point/declaration.h
... /home/elco/repos/firmware/lib/src/../inc/../cnl/include/cnl/_impl/fixed_point/extras.h
.... /home/elco/repos/firmware/lib/src/../inc/../cnl/include/cnl/_impl/fixed_point/../cmath/abs.h
..... /home/elco/repos/firmware/lib/src/../inc/../cnl/include/cnl/_impl/fixed_point/../cmath/../type_traits/is_signed.h
..... /home/elco/repos/firmware/lib/src/../inc/../cnl/include/cnl/_impl/fixed_point/../cmath/../type_traits/enable_if.h
.... /home/elco/repos/firmware/lib/src/../inc/../cnl/include/cnl/_impl/fixed_point/../config.h
.... /home/elco/repos/firmware/lib/src/../inc/../cnl/include/cnl/_impl/fixed_point/../num_traits/fixed_width_scale.h
..... /home/elco/repos/firmware/lib/src/../inc/../cnl/include/cnl/_impl/fixed_point/../num_traits/scale.h
.... /home/elco/repos/firmware/lib/src/../inc/../cnl/include/cnl/_impl/fixed_point/../num_traits/unwrap.h
.... /home/elco/repos/firmware/lib/src/../inc/../cnl/include/cnl/_impl/fixed_point/../unreachable.h
..... /home/elco/repos/firmware/lib/src/../inc/../cnl/include/cnl/_impl/fixed_point/../config.h
..... /home/elco/repos/firmware/lib/src/../inc/../cnl/include/cnl/_impl/fixed_point/../terminate.h
... /home/elco/repos/firmware/lib/src/../inc/../cnl/include/cnl/_impl/fixed_point/from_rep.h
... /home/elco/repos/firmware/lib/src/../inc/../cnl/include/cnl/_impl/fixed_point/is_fixed_point.h
... /home/elco/repos/firmware/lib/src/../inc/../cnl/include/cnl/_impl/fixed_point/named.h
.... /home/elco/repos/firmware/lib/src/../inc/../cnl/include/cnl/_impl/fixed_point/../common.h
.... /home/elco/repos/firmware/lib/src/../inc/../cnl/include/cnl/_impl/fixed_point/num_traits.h
... /home/elco/repos/firmware/lib/src/../inc/../cnl/include/cnl/_impl/fixed_point/operators.h
... /home/elco/repos/firmware/lib/src/../inc/../cnl/include/cnl/_impl/fixed_point/to_chars.h
.... /home/elco/repos/firmware/lib/src/../inc/../cnl/include/cnl/_impl/fixed_point/../../rounding_integer.h
..... /home/elco/repos/firmware/lib/src/../inc/../cnl/include/cnl/_impl/fixed_point/../../_impl/num_traits/fixed_width_scale.h
..... /home/elco/repos/firmware/lib/src/../inc/../cnl/include/cnl/_impl/fixed_point/../../_impl/number_base.h
..... /home/elco/repos/firmware/lib/src/../inc/../cnl/include/cnl/_impl/fixed_point/../../_impl/rounding.h
...... /home/elco/repos/firmware/lib/src/../inc/../cnl/include/cnl/_impl/fixed_point/../../_impl/native_tag.h
...... /home/elco/repos/firmware/lib/src/../inc/../cnl/include/cnl/_impl/fixed_point/../../_impl/rounding/convert.h
...... /home/elco/repos/firmware/lib/src/../inc/../cnl/include/cnl/_impl/fixed_point/../../_impl/rounding/rounding_tag.h
...... /home/elco/repos/firmware/lib/src/../inc/../cnl/include/cnl/_impl/fixed_point/../../_impl/operators.h
...... /home/elco/repos/firmware/lib/src/../inc/../cnl/include/cnl/_impl/fixed_point/../../_impl/num_traits/from_value.h
...... /home/elco/repos/firmware/lib/src/../inc/../cnl/include/cnl/_impl/fixed_point/../../_impl/num_traits/unwrap.h
..... /home/elco/repos/firmware/lib/src/../inc/../cnl/include/cnl/_impl/fixed_point/../../_impl/type_traits/common_type.h
... /home/elco/repos/firmware/lib/src/../inc/../cnl/include/cnl/_impl/fixed_point/type.h
... /home/elco/repos/firmware/lib/src/../inc/../cnl/include/cnl/elastic_integer.h
.... /home/elco/repos/firmware/lib/src/../inc/../cnl/include/cnl/constant.h
.... /home/elco/repos/firmware/lib/src/../inc/../cnl/include/cnl/_impl/limits/lowest.h
.... /home/elco/repos/firmware/lib/src/../inc/../cnl/include/cnl/_impl/num_traits/adopt.h
..... /home/elco/repos/firmware/lib/src/../inc/../cnl/include/cnl/_impl/num_traits/adopt_digits.h
...... /home/elco/repos/firmware/lib/src/../inc/../cnl/include/cnl/_impl/num_traits/digits.h
...... /home/elco/repos/firmware/lib/src/../inc/../cnl/include/cnl/_impl/num_traits/set_digits.h
..... /home/elco/repos/firmware/lib/src/../inc/../cnl/include/cnl/_impl/num_traits/adopt_signedness.h
...... /home/elco/repos/firmware/lib/src/../inc/../cnl/include/cnl/_impl/num_traits/../type_traits/is_signed.h
...... /home/elco/repos/firmware/lib/src/../inc/../cnl/include/cnl/_impl/num_traits/../type_traits/set_signedness.h
....... /home/elco/repos/firmware/lib/src/../inc/../cnl/include/cnl/_impl/num_traits/../type_traits/make_signed.h
....... /home/elco/repos/firmware/lib/src/../inc/../cnl/include/cnl/_impl/num_traits/../type_traits/make_unsigned.h
.... /home/elco/repos/firmware/lib/src/../inc/../cnl/include/cnl/_impl/num_traits/adopt_signedness.h
.... /home/elco/repos/firmware/lib/src/../inc/../cnl/include/cnl/_impl/num_traits/fixed_width_scale.h
.... /home/elco/repos/firmware/lib/src/../inc/../cnl/include/cnl/_impl/num_traits/width.h
.... /home/elco/repos/firmware/lib/src/../inc/../cnl/include/cnl/_impl/number_base.h
.... /home/elco/repos/firmware/lib/src/../inc/../cnl/include/cnl/_impl/type_traits/common_type.h
.... /home/elco/repos/firmware/lib/src/../inc/../cnl/include/cnl/_impl/type_traits/is_signed.h
.... /home/elco/repos/firmware/lib/src/../inc/../cnl/include/cnl/_impl/type_traits/make_signed.h
.... /home/elco/repos/firmware/lib/src/../inc/../cnl/include/cnl/_impl/type_traits/set_signedness.h
... /home/elco/repos/firmware/lib/src/../inc/../cnl/include/cnl/num_traits.h
.... /home/elco/repos/firmware/lib/src/../inc/../cnl/include/cnl/_impl/num_traits/digits.h
.... /home/elco/repos/firmware/lib/src/../inc/../cnl/include/cnl/_impl/num_traits/from_rep.h
.... /home/elco/repos/firmware/lib/src/../inc/../cnl/include/cnl/_impl/num_traits/from_value.h
.... /home/elco/repos/firmware/lib/src/../inc/../cnl/include/cnl/_impl/num_traits/is_composite.h
.... /home/elco/repos/firmware/lib/src/../inc/../cnl/include/cnl/_impl/num_traits/set_digits.h
.... /home/elco/repos/firmware/lib/src/../inc/../cnl/include/cnl/_impl/num_traits/scale.h
.... /home/elco/repos/firmware/lib/src/../inc/../cnl/include/cnl/_impl/num_traits/to_rep.h
.... /home/elco/repos/firmware/lib/src/../inc/../cnl/include/cnl/_impl/num_traits/unwrap.h
.... /home/elco/repos/firmware/lib/src/../inc/../cnl/include/cnl/_impl/num_traits/wrap.h
..... /home/elco/repos/firmware/lib/src/../inc/../cnl/include/cnl/_impl/num_traits/../type_traits/enable_if.h
..... /home/elco/repos/firmware/lib/src/../inc/../cnl/include/cnl/_impl/num_traits/is_composite.h
..... /home/elco/repos/firmware/lib/src/../inc/../cnl/include/cnl/_impl/num_traits/to_rep.h
... /home/elco/repos/firmware/lib/src/../inc/../cnl/include/cnl/overflow_integer.h
.... /home/elco/repos/firmware/lib/src/../inc/../cnl/include/cnl/overflow.h
..... /home/elco/repos/firmware/lib/src/../inc/../cnl/include/cnl/_impl/overflow/common.h
...... /home/elco/repos/firmware/lib/src/../inc/../cnl/include/cnl/_impl/overflow/../../limits.h
...... /home/elco/repos/firmware/lib/src/../inc/../cnl/include/cnl/_impl/overflow/../../numeric.h
...... /home/elco/repos/firmware/lib/src/../inc/../cnl/include/cnl/_impl/overflow/../native_tag.h
...... /home/elco/repos/firmware/lib/src/../inc/../cnl/include/cnl/_impl/overflow/../num_traits/digits.h
...... /home/elco/repos/firmware/lib/src/../inc/../cnl/include/cnl/_impl/overflow/../operators.h
...... /home/elco/repos/firmware/lib/src/../inc/../cnl/include/cnl/_impl/overflow/../type_traits/is_signed.h
..... /home/elco/repos/firmware/lib/src/../inc/../cnl/include/cnl/_impl/overflow/native.h
..... /home/elco/repos/firmware/lib/src/../inc/../cnl/include/cnl/_impl/overflow/saturated.h
...... /home/elco/repos/firmware/lib/src/../inc/../cnl/include/cnl/_impl/overflow/common.h
...... /home/elco/repos/firmware/lib/src/../inc/../cnl/include/cnl/_impl/overflow/../terminate.h
..... /home/elco/repos/firmware/lib/src/../inc/../cnl/include/cnl/_impl/overflow/throwing.h
...... /home/elco/repos/firmware/lib/src/../inc/../cnl/include/cnl/_impl/overflow/../throw_exception.h
....... /home/elco/repos/firmware/lib/src/../inc/../cnl/include/cnl/_impl/overflow/../config.h
....... /home/elco/repos/firmware/lib/src/../inc/../cnl/include/cnl/_impl/overflow/../terminate.h
..... /home/elco/repos/firmware/lib/src/../inc/../cnl/include/cnl/_impl/overflow/trapping.h
..... /home/elco/repos/firmware/lib/src/../inc/../cnl/include/cnl/_impl/overflow/undefined.h
...... /home/elco/repos/firmware/lib/src/../inc/../cnl/include/cnl/_impl/overflow/../unreachable.h
.... /home/elco/repos/firmware/lib/src/../inc/../cnl/include/cnl/_impl/native_tag.h
.... /home/elco/repos/firmware/lib/src/../inc/../cnl/include/cnl/_impl/operators.h
.... /home/elco/repos/firmware/lib/src/../inc/../cnl/include/cnl/_impl/type_traits/identical.h
... /home/elco/repos/firmware/lib/src/../inc/../cnl/include/cnl/rounding_integer.h
.. /home/elco/repos/firmware/lib/src/../inc/FpFilterChain.h
... /home/elco/repos/firmware/lib/src/../inc/FilterChain.h
.... /home/elco/repos/firmware/lib/src/../inc/IirFilter.h
.. /home/elco/repos/firmware/lib/src/../inc/ProcessValue.h
. /home/elco/repos/firmware/lib/src/../inc/future_std.h
Multiple include guards may be useful for:
/home/elco/repos/firmware/lib/src/../inc/future_std.h
. /home/elco/repos/firmware/lib/inc/ActuatorDS2413.h
.. /home/elco/repos/firmware/lib/inc/ActuatorDigital.h
.. /home/elco/repos/firmware/lib/inc/DS2413.h
... /home/elco/repos/firmware/lib/inc/Logger.h
... /home/elco/repos/firmware/lib/inc/OneWireDevice.h
.... /home/elco/repos/firmware/lib/inc/OneWire.h
..... /home/elco/repos/firmware/lib/inc/OneWireLowLevelInterface.h
.... /home/elco/repos/firmware/lib/inc/OneWireAddress.h
Multiple include guards may be useful for:
. /home/elco/repos/firmware/lib/src/../inc/DS2413.h
.. /home/elco/repos/firmware/lib/src/../inc/Logger.h
.. /home/elco/repos/firmware/lib/src/../inc/OneWireDevice.h
... /home/elco/repos/firmware/lib/src/../inc/OneWire.h
.... /home/elco/repos/firmware/lib/src/../inc/OneWireLowLevelInterface.h
... /home/elco/repos/firmware/lib/src/../inc/OneWireAddress.h
Multiple include guards may be useful for:
. /home/elco/repos/firmware/lib/src/../inc/IirFilter.h
Multiple include guards may be useful for:
. /home/elco/repos/firmware/lib/inc/Logger.h
Multiple include guards may be useful for:
. /home/elco/repos/firmware/lib/inc/ActuatorPwm.h
.. /home/elco/repos/firmware/lib/inc/ActuatorAnalog.h
... /home/elco/repos/firmware/lib/inc/FixedPoint.h
.... /home/elco/repos/firmware/lib/inc/../cnl/include/cnl/_impl/fixed_point/constants.h
..... /home/elco/repos/firmware/lib/inc/../cnl/include/cnl/_impl/fixed_point/type.h
...... /home/elco/repos/firmware/lib/inc/../cnl/include/cnl/_impl/fixed_point/../power.h
....... /home/elco/repos/firmware/lib/inc/../cnl/include/cnl/_impl/fixed_point/../../constant.h
........ /home/elco/repos/firmware/lib/inc/../cnl/include/cnl/_impl/fixed_point/../../limits.h
......... /home/elco/repos/firmware/lib/inc/../cnl/include/cnl/_impl/fixed_point/../../cstdint.h
.......... /home/elco/repos/firmware/lib/inc/../cnl/include/cnl/_impl/fixed_point/../../_impl/common.h
........... /home/elco/repos/firmware/lib/inc/../cnl/include/cnl/_impl/fixed_point/../../_impl/config.h
.......... /home/elco/repos/firmware/lib/inc/../cnl/include/cnl/_impl/fixed_point/../../_impl/config.h
...... /home/elco/repos/firmware/lib/inc/../cnl/include/cnl/_impl/fixed_point/../num_traits/width.h
....... /home/elco/repos/firmware/lib/inc/../cnl/include/cnl/_impl/fixed_point/../num_traits/../type_traits/is_signed.h
........ /home/elco/repos/firmware/lib/inc/../cnl/include/cnl/_impl/fixed_point/../num_traits/../type_traits/../../cstdint.h
........ /home/elco/repos/firmware/lib/inc/../cnl/include/cnl/_impl/fixed_point/../num_traits/../type_traits/../num_traits/is_composite.h
........ /home/elco/repos/firmware/lib/inc/../cnl/include/cnl/_impl/fixed_point/../num_traits/../type_traits/../num_traits/to_rep.h
......... /home/elco/repos/firmware/lib/inc/../cnl/include/cnl/_impl/fixed_point/../num_traits/../type_traits/../num_traits/../type_traits/remove_cvref.h
......... /home/elco/repos/firmware/lib/inc/../cnl/include/cnl/_impl/fixed_point/../num_traits/../type_traits/../num_traits/../type_traits/enable_if.h
......... /home/elco/repos/firmware/lib/inc/../cnl/include/cnl/_impl/fixed_point/../num_traits/../type_traits/../num_traits/../type_traits/is_integral.h
.......... /home/elco/repos/firmware/lib/inc/../cnl/include/cnl/_impl/fixed_point/../num_traits/../type_traits/../num_traits/../type_traits/../../cstdint.h
.......... /home/elco/repos/firmware/lib/inc/../cnl/include/cnl/_impl/fixed_point/../num_traits/../type_traits/../num_traits/../type_traits/../config.h
......... /home/elco/repos/firmware/lib/inc/../cnl/include/cnl/_impl/fixed_point/../num_traits/../type_traits/../num_traits/../../constant.h
........ /home/elco/repos/firmware/lib/inc/../cnl/include/cnl/_impl/fixed_point/../num_traits/../type_traits/enable_if.h
........ /home/elco/repos/firmware/lib/inc/../cnl/include/cnl/_impl/fixed_point/../num_traits/../type_traits/../../constant.h
....... /home/elco/repos/firmware/lib/inc/../cnl/include/cnl/_impl/fixed_point/../num_traits/digits.h
........ /home/elco/repos/firmware/lib/inc/../cnl/include/cnl/_impl/fixed_point/../num_traits/../../constant.h
........ /home/elco/repos/firmware/lib/inc/../cnl/include/cnl/_impl/fixed_point/../num_traits/../../cstdint.h
........ /home/elco/repos/firmware/lib/inc/../cnl/include/cnl/_impl/fixed_point/../num_traits/../used_digits.h
........ /home/elco/repos/firmware/lib/inc/../cnl/include/cnl/_impl/fixed_point/../num_traits/../type_traits/enable_if.h
........ /home/elco/repos/firmware/lib/inc/../cnl/include/cnl/_impl/fixed_point/../num_traits/is_composite.h
....... /home/elco/repos/firmware/lib/inc/../cnl/include/cnl/_impl/fixed_point/../num_traits/set_digits.h
........ /home/elco/repos/firmware/lib/inc/../cnl/include/cnl/_impl/fixed_point/../num_traits/../type_traits/is_integral.h
...... /home/elco/repos/firmware/lib/inc/../cnl/include/cnl/_impl/fixed_point/../number_base.h
....... /home/elco/repos/firmware/lib/inc/../cnl/include/cnl/_impl/fixed_point/../num_traits/from_rep.h
....... /home/elco/repos/firmware/lib/inc/../cnl/include/cnl/_impl/fixed_point/../num_traits/from_value.h
........ /home/elco/repos/firmware/lib/inc/../cnl/include/cnl/_impl/fixed_point/../num_traits/../type_traits/make_signed.h
......... /home/elco/repos/firmware/lib/inc/../cnl/include/cnl/_impl/fixed_point/../num_traits/../type_traits/../type_traits/enable_if.h
......... /home/elco/repos/firmware/lib/inc/../cnl/include/cnl/_impl/fixed_point/../num_traits/../type_traits/../num_traits/from_rep.h
......... /home/elco/repos/firmware/lib/inc/../cnl/include/cnl/_impl/fixed_point/../num_traits/../type_traits/../type_traits/type_identity.h
....... /home/elco/repos/firmware/lib/inc/../cnl/include/cnl/_impl/fixed_point/../num_traits/is_composite.h
....... /home/elco/repos/firmware/lib/inc/../cnl/include/cnl/_impl/fixed_point/../num_traits/scale.h
........ /home/elco/repos/firmware/lib/inc/../cnl/include/cnl/_impl/fixed_point/../num_traits/../power.h
....... /home/elco/repos/firmware/lib/inc/../cnl/include/cnl/_impl/fixed_point/../num_traits/to_rep.h
....... /home/elco/repos/firmware/lib/inc/../cnl/include/cnl/_impl/fixed_point/../operators.h
........ /home/elco/repos/firmware/lib/inc/../cnl/include/cnl/_impl/fixed_point/../../limits.h
........ /home/elco/repos/firmware/lib/inc/../cnl/include/cnl/_impl/fixed_point/../type_traits/enable_if.h
........ /home/elco/repos/firmware/lib/inc/../cnl/include/cnl/_impl/fixed_point/../type_traits/type_identity.h
...... /home/elco/repos/firmware/lib/inc/../cnl/include/cnl/_impl/fixed_point/../../constant.h
...... /home/elco/repos/firmware/lib/inc/../cnl/include/cnl/_impl/fixed_point/../../numeric.h
....... /home/elco/repos/firmware/lib/inc/../cnl/include/cnl/_impl/fixed_point/../../bit.h
........ /home/elco/repos/firmware/lib/inc/../cnl/include/cnl/_impl/fixed_point/../../_impl/num_traits/digits.h
........ /home/elco/repos/firmware/lib/inc/../cnl/include/cnl/_impl/fixed_point/../../_impl/type_traits/is_signed.h
........ /home/elco/repos/firmware/lib/inc/../cnl/include/cnl/_impl/fixed_point/../../_impl/type_traits/make_unsigned.h
......... /home/elco/repos/firmware/lib/inc/../cnl/include/cnl/_impl/fixed_point/../../_impl/type_traits/enable_if.h
......... /home/elco/repos/firmware/lib/inc/../cnl/include/cnl/_impl/fixed_point/../../_impl/type_traits/../num_traits/is_composite.h
......... /home/elco/repos/firmware/lib/inc/../cnl/include/cnl/_impl/fixed_point/../../_impl/type_traits/../num_traits/to_rep.h
......... /home/elco/repos/firmware/lib/inc/../cnl/include/cnl/_impl/fixed_point/../../_impl/type_traits/../num_traits/from_rep.h
......... /home/elco/repos/firmware/lib/inc/../cnl/include/cnl/_impl/fixed_point/../../_impl/type_traits/../type_traits/type_identity.h
....... /home/elco/repos/firmware/lib/inc/../cnl/include/cnl/_impl/fixed_point/../../_impl/num_traits/unwrap.h
........ /home/elco/repos/firmware/lib/inc/../cnl/include/cnl/_impl/fixed_point/../../_impl/num_traits/../type_traits/enable_if.h
........ /home/elco/repos/firmware/lib/inc/../cnl/include/cnl/_impl/fixed_point/../../_impl/num_traits/is_composite.h
........ /home/elco/repos/firmware/lib/inc/../cnl/include/cnl/_impl/fixed_point/../../_impl/num_traits/to_rep.h
....... /home/elco/repos/firmware/lib/inc/../cnl/include/cnl/_impl/fixed_point/../../_impl/used_digits.h
...... /home/elco/repos/firmware/lib/inc/../cnl/include/cnl/_impl/fixed_point/declaration.h
....... /home/elco/repos/firmware/lib/inc/../cnl/include/cnl/_impl/fixed_point/../../limits.h
...... /home/elco/repos/firmware/lib/inc/../cnl/include/cnl/_impl/fixed_point/is_fixed_point.h
..... /home/elco/repos/firmware/lib/inc/../cnl/include/cnl/_impl/fixed_point/../used_digits.h
.... /home/elco/repos/firmware/lib/inc/../cnl/include/cnl/_impl/fixed_point/convert.h
..... /home/elco/repos/firmware/lib/inc/../cnl/include/cnl/_impl/fixed_point/../rounding/convert.h
...... /home/elco/repos/firmware/lib/inc/../cnl/include/cnl/_impl/fixed_point/../rounding/../../limits.h
...... /home/elco/repos/firmware/lib/inc/../cnl/include/cnl/_impl/fixed_point/../rounding/../native_tag.h
....... /home/elco/repos/firmware/lib/inc/../cnl/include/cnl/_impl/fixed_point/../rounding/../type_traits/make_unsigned.h
....... /home/elco/repos/firmware/lib/inc/../cnl/include/cnl/_impl/fixed_point/../rounding/../operators.h
...... /home/elco/repos/firmware/lib/inc/../cnl/include/cnl/_impl/fixed_point/../rounding/../type_traits/enable_if.h
...... /home/elco/repos/firmware/lib/inc/../cnl/include/cnl/_impl/fixed_point/../rounding/rounding_tag.h
..... /home/elco/repos/firmware/lib/inc/../cnl/include/cnl/_impl/fixed_point/../rounding/rounding_tag.h
..... /home/elco/repos/firmware/lib/inc/../cnl/include/cnl/_impl/fixed_point/../type_traits/enable_if.h
..... /home/elco/repos/firmware/lib/inc/../cnl/include/cnl/_impl/fixed_point/from_rep.h
...... /home/elco/repos/firmware/lib/inc/../cnl/include/cnl/_impl/fixed_point/../num_traits/from_rep.h
.... /home/elco/repos/firmware/lib/inc/../cnl/include/cnl/_impl/fixed_point/declaration.h
.... /home/elco/repos/firmware/lib/inc/../cnl/include/cnl/_impl/fixed_point/extras.h
..... /home/elco/repos/firmware/lib/inc/../cnl/include/cnl/_impl/fixed_point/../cmath/abs.h
...... /home/elco/repos/firmware/lib/inc/../cnl/include/cnl/_impl/fixed_point/../cmath/../type_traits/is_signed.h
...... /home/elco/repos/firmware/lib/inc/../cnl/include/cnl/_impl/fixed_point/../cmath/../type_traits/enable_if.h
..... /home/elco/repos/firmware/lib/inc/../cnl/include/cnl/_impl/fixed_point/../config.h
..... /home/elco/repos/firmware/lib/inc/../cnl/include/cnl/_impl/fixed_point/../num_traits/fixed_width_scale.h
...... /home/elco/repos/firmware/lib/inc/../cnl/include/cnl/_impl/fixed_point/../num_traits/scale.h
..... /home/elco/repos/firmware/lib/inc/../cnl/include/cnl/_impl/fixed_point/../num_traits/unwrap.h
..... /home/elco/repos/firmware/lib/inc/../cnl/include/cnl/_impl/fixed_point/../unreachable.h
...... /home/elco/repos/firmware/lib/inc/../cnl/include/cnl/_impl/fixed_point/../config.h
...... /home/elco/repos/firmware/lib/inc/../cnl/include/cnl/_impl/fixed_point/../terminate.h
.... /home/elco/repos/firmware/lib/inc/../cnl/include/cnl/_impl/fixed_point/from_rep.h
.... /home/elco/repos/firmware/lib/inc/../cnl/include/cnl/_impl/fixed_point/is_fixed_point.h
.... /home/elco/repos/firmware/lib/inc/../cnl/include/cnl/_impl/fixed_point/named.h
..... /home/elco/repos/firmware/lib/inc/../cnl/include/cnl/_impl/fixed_point/../common.h
..... /home/elco/repos/firmware/lib/inc/../cnl/include/cnl/_impl/fixed_point/num_traits.h
.... /home/elco/repos/firmware/lib/inc/../cnl/include/cnl/_impl/fixed_point/operators.h
.... /home/elco/repos/firmware/lib/inc/../cnl/include/cnl/_impl/fixed_point/to_chars.h
..... /home/elco/repos/firmware/lib/inc/../cnl/include/cnl/_impl/fixed_point/../../rounding_integer.h
...... /home/elco/repos/firmware/lib/inc/../cnl/include/cnl/_impl/fixed_point/../../_impl/num_traits/fixed_width_scale.h
...... /home/elco/repos/firmware/lib/inc/../cnl/include/cnl/_impl/fixed_point/../../_impl/number_base.h
...... /home/elco/repos/firmware/lib/inc/../cnl/include/cnl/_impl/fixed_point/../../_impl/rounding.h
....... /home/elco/repos/firmware/lib/inc/../cnl/include/cnl/_impl/fixed_point/../../_impl/native_tag.h
....... /home/elco/repos/firmware/lib/inc/../cnl/include/cnl/_impl/fixed_point/../../_impl/rounding/convert.h
....... /home/elco/repos/firmware/lib/inc/../cnl/include/cnl/_impl/fixed_point/../../_impl/rounding/rounding_tag.h
....... /home/elco/repos/firmware/lib/inc/../cnl/include/cnl/_impl/fixed_point/../../_impl/operators.h
....... /home/elco/repos/firmware/lib/inc/../cnl/include/cnl/_impl/fixed_point/../../_impl/num_traits/from_value.h
....... /home/elco/repos/firmware/lib/inc/../cnl/include/cnl/_impl/fixed_point/../../_impl/num_traits/unwrap.h
...... /home/elco/repos/firmware/lib/inc/../cnl/include/cnl/_impl/fixed_point/../../_impl/type_traits/common_type.h
.... /home/elco/repos/firmware/lib/inc/../cnl/include/cnl/_impl/fixed_point/type.h
.... /home/elco/repos/firmware/lib/inc/../cnl/include/cnl/elastic_integer.h
..... /home/elco/repos/firmware/lib/inc/../cnl/include/cnl/constant.h
..... /home/elco/repos/firmware/lib/inc/../cnl/include/cnl/_impl/limits/lowest.h
..... /home/elco/repos/firmware/lib/inc/../cnl/include/cnl/_impl/num_traits/adopt.h
...... /home/elco/repos/firmware/lib/inc/../cnl/include/cnl/_impl/num_traits/adopt_digits.h
....... /home/elco/repos/firmware/lib/inc/../cnl/include/cnl/_impl/num_traits/digits.h
....... /home/elco/repos/firmware/lib/inc/../cnl/include/cnl/_impl/num_traits/set_digits.h
...... /home/elco/repos/firmware/lib/inc/../cnl/include/cnl/_impl/num_traits/adopt_signedness.h
....... /home/elco/repos/firmware/lib/inc/../cnl/include/cnl/_impl/num_traits/../type_traits/is_signed.h
....... /home/elco/repos/firmware/lib/inc/../cnl/include/cnl/_impl/num_traits/../type_traits/set_signedness.h
........ /home/elco/repos/firmware/lib/inc/../cnl/include/cnl/_impl/num_traits/../type_traits/make_signed.h
........ /home/elco/repos/firmware/lib/inc/../cnl/include/cnl/_impl/num_traits/../type_traits/make_unsigned.h
..... /home/elco/repos/firmware/lib/inc/../cnl/include/cnl/_impl/num_traits/adopt_signedness.h
..... /home/elco/repos/firmware/lib/inc/../cnl/include/cnl/_impl/num_traits/fixed_width_scale.h
..... /home/elco/repos/firmware/lib/inc/../cnl/include/cnl/_impl/num_traits/width.h
..... /home/elco/repos/firmware/lib/inc/../cnl/include/cnl/_impl/number_base.h
..... /home/elco/repos/firmware/lib/inc/../cnl/include/cnl/_impl/type_traits/common_type.h
..... /home/elco/repos/firmware/lib/inc/../cnl/include/cnl/_impl/type_traits/is_signed.h
..... /home/elco/repos/firmware/lib/inc/../cnl/include/cnl/_impl/type_traits/make_signed.h
..... /home/elco/repos/firmware/lib/inc/../cnl/include/cnl/_impl/type_traits/set_signedness.h
.... /home/elco/repos/firmware/lib/inc/../cnl/include/cnl/num_traits.h
..... /home/elco/repos/firmware/lib/inc/../cnl/include/cnl/_impl/num_traits/digits.h
..... /home/elco/repos/firmware/lib/inc/../cnl/include/cnl/_impl/num_traits/from_rep.h
..... /home/elco/repos/firmware/lib/inc/../cnl/include/cnl/_impl/num_traits/from_value.h
..... /home/elco/repos/firmware/lib/inc/../cnl/include/cnl/_impl/num_traits/is_composite.h
..... /home/elco/repos/firmware/lib/inc/../cnl/include/cnl/_impl/num_traits/set_digits.h
..... /home/elco/repos/firmware/lib/inc/../cnl/include/cnl/_impl/num_traits/scale.h
..... /home/elco/repos/firmware/lib/inc/../cnl/include/cnl/_impl/num_traits/to_rep.h
..... /home/elco/repos/firmware/lib/inc/../cnl/include/cnl/_impl/num_traits/unwrap.h
..... /home/elco/repos/firmware/lib/inc/../cnl/include/cnl/_impl/num_traits/wrap.h
...... /home/elco/repos/firmware/lib/inc/../cnl/include/cnl/_impl/num_traits/../type_traits/enable_if.h
...... /home/elco/repos/firmware/lib/inc/../cnl/include/cnl/_impl/num_traits/is_composite.h
...... /home/elco/repos/firmware/lib/inc/../cnl/include/cnl/_impl/num_traits/to_rep.h
.... /home/elco/repos/firmware/lib/inc/../cnl/include/cnl/overflow_integer.h
..... /home/elco/repos/firmware/lib/inc/../cnl/include/cnl/overflow.h
...... /home/elco/repos/firmware/lib/inc/../cnl/include/cnl/_impl/overflow/common.h
....... /home/elco/repos/firmware/lib/inc/../cnl/include/cnl/_impl/overflow/../../limits.h
....... /home/elco/repos/firmware/lib/inc/../cnl/include/cnl/_impl/overflow/../../numeric.h
....... /home/elco/repos/firmware/lib/inc/../cnl/include/cnl/_impl/overflow/../native_tag.h
....... /home/elco/repos/firmware/lib/inc/../cnl/include/cnl/_impl/overflow/../num_traits/digits.h
....... /home/elco/repos/firmware/lib/inc/../cnl/include/cnl/_impl/overflow/../operators.h
....... /home/elco/repos/firmware/lib/inc/../cnl/include/cnl/_impl/overflow/../type_traits/is_signed.h
...... /home/elco/repos/firmware/lib/inc/../cnl/include/cnl/_impl/overflow/native.h
...... /home/elco/repos/firmware/lib/inc/../cnl/include/cnl/_impl/overflow/saturated.h
....... /home/elco/repos/firmware/lib/inc/../cnl/include/cnl/_impl/overflow/common.h
....... /home/elco/repos/firmware/lib/inc/../cnl/include/cnl/_impl/overflow/../terminate.h
...... /home/elco/repos/firmware/lib/inc/../cnl/include/cnl/_impl/overflow/throwing.h
....... /home/elco/repos/firmware/lib/inc/../cnl/include/cnl/_impl/overflow/../throw_exception.h
........ /home/elco/repos/firmware/lib/inc/../cnl/include/cnl/_impl/overflow/../config.h
........ /home/elco/repos/firmware/lib/inc/../cnl/include/cnl/_impl/overflow/../terminate.h
...... /home/elco/repos/firmware/lib/inc/../cnl/include/cnl/_impl/overflow/trapping.h
...... /home/elco/repos/firmware/lib/inc/../cnl/include/cnl/_impl/overflow/undefined.h
....... /home/elco/repos/firmware/lib/inc/../cnl/include/cnl/_impl/overflow/../unreachable.h
..... /home/elco/repos/firmware/lib/inc/../cnl/include/cnl/_impl/native_tag.h
..... /home/elco/repos/firmware/lib/inc/../cnl/include/cnl/_impl/operators.h
..... /home/elco/repos/firmware/lib/inc/../cnl/include/cnl/_impl/type_traits/identical.h
.... /home/elco/repos/firmware/lib/inc/../cnl/include/cnl/rounding_integer.h
... /home/elco/repos/firmware/lib/inc/ProcessValue.h
.. /home/elco/repos/firmware/lib/inc/ActuatorDigitalChangeLogged.h
... /home/elco/repos/firmware/lib/inc/ActuatorDigital.h
... /home/elco/repos/firmware/lib/inc/TicksTypes.h
. /home/elco/repos/firmware/lib/inc/future_std.h
Multiple include guards may be useful for:
/home/elco/repos/firmware/lib/inc/future_std.h
. /home/elco/repos/firmware/lib/src/../inc/OneWireDevice.h
.. /home/elco/repos/firmware/lib/src/../inc/OneWire.h
... /home/elco/repos/firmware/lib/src/../inc/OneWireLowLevelInterface.h
.. /home/elco/repos/firmware/lib/src/../inc/OneWireAddress.h
Multiple include guards may be useful for:
. /home/elco/repos/firmware/lib/inc/ValveController.h
.. /home/elco/repos/firmware/lib/inc/ActuatorDigital.h
.. /home/elco/repos/firmware/lib/inc/DS2408.h
... /home/elco/repos/firmware/lib/inc/OneWireDevice.h
.... /home/elco/repos/firmware/lib/inc/OneWire.h
..... /home/elco/repos/firmware/lib/inc/OneWireLowLevelInterface.h
.... /home/elco/repos/firmware/lib/inc/OneWireAddress.h
Multiple include guards may be useful for:
. /home/elco/repos/firmware/lib/inc/OneWireAddress.h
Multiple include guards may be useful for:
. /home/elco/repos/firmware/lib/inc/../inc/DS248x.h
.. /home/elco/repos/firmware/lib/inc/../inc/OneWireLowLevelInterface.h
. ../wiring/inc/spark_wiring.h
.. ../hal/inc/pinmap_hal.h
.. ../hal/inc/gpio_hal.h
... ../hal/inc/pinmap_hal.h
.. ../hal/inc/adc_hal.h
.. ../hal/inc/dac_hal.h
.. ../hal/inc/pwm_hal.h
.. ../hal/inc/rng_hal.h
.. ../services/inc/config.h
.. ../services/inc/spark_macros.h
.. ../services/inc/debug.h
... ../services/inc/service_debug.h
.... ../services/inc/logging.h
..... ../services/inc/panic.h
...... ../services/inc/panic_codes.h
..... ../services/inc/config.h
..... ../services/inc/preprocessor.h
.. ../wiring/inc/spark_wiring_constants.h
.. ../wiring/inc/spark_wiring_stream.h
... ../wiring/inc/spark_wiring_string.h
.... ../wiring/inc/spark_wiring_print.h
..... ../hal/shared/system_tick_hal.h
..... ../wiring/inc/spark_wiring_string.h
..... ../wiring/inc/spark_wiring_printable.h
.. ../wiring/inc/spark_wiring_ipaddress.h
... ../hal/inc/inet_hal.h
.... ../services/inc/static_assert.h
.. ../wiring/inc/spark_wiring_cellular_printable.h
... ../wiring/inc/spark_wiring_platform.h
.... ../platform/shared/inc/platforms.h
... ../wiring/inc/spark_wiring_signal.h
.... ../hal/inc/net_hal.h
.. ../wiring/inc/spark_wiring_wifi.h
... ../wiring/inc/spark_wiring_network.h
... ../hal/inc/wlan_hal.h
.... ../services/inc/debug.h
.... ../hal/inc/inet_hal.h
.... ../hal/inc/socket_hal.h
..... ../services/inc/debug.h
.... ../hal/inc/timer_hal.h
... ../system/inc/system_network.h
... ../wiring/inc/spark_wiring_wifi_credentials.h
.... ../wiring/inc/spark_wiring_vector.h
.. ../wiring/inc/spark_wiring_cellular.h
.. ../wiring/inc/spark_wiring_character.h
.. ../wiring/inc/spark_wiring_random.h
.. ../wiring/inc/spark_wiring_system.h
... ../wiring/inc/spark_wiring_ticks.h
.... ../hal/inc/timer_hal.h
.... ../hal/inc/delay_hal.h
... ../wiring/inc/spark_wiring_version.h
.... ../communication/src/spark_protocol_functions.h
..... ../communication/src/spark_descriptor.h
...... ../services/inc/appender.h
...... ../communication/src/events.h
..... ../communication/src/dsakeygen.h
..... ../communication/src/eckeygen.h
..... ../communication/src/file_transfer.h
..... ../communication/src/protocol_selector.h
...... ../hal/inc/hal_platform.h
..... ../communication/src/protocol_defs.h
...... ../services/inc/system_error.h
..... ../services/inc/completion_handler.h
...... ../services/inc/system_error.h
...... ../wiring/inc/spark_wiring_vector.h
... ../system/inc/system_mode.h
... ../system/inc/system_update.h
... ../system/inc/system_sleep.h
.... ../hal/inc/interrupts_hal.h
..... ../hal/inc/hal_irq_flag.h
... ../system/inc/system_cloud.h
.... ../wiring/inc/spark_wiring_string.h
... ../system/inc/system_event.h
... ../hal/inc/core_hal.h
.... ../hal/inc/watchdog_hal.h
.... ../hal/inc/core_subsys_hal.h
.... ../hal/inc/interrupts_hal.h
... ../system/inc/system_user.h
... ../system/inc/system_version.h
... ../wiring/inc/spark_wiring_flags.h
.. ../wiring/inc/spark_wiring_cloud.h
... ../communication/src/events.h
... ../wiring/inc/spark_wiring_watchdog.h
.... ../wiring/inc/spark_wiring_thread.h
... ../wiring/inc/spark_wiring_async.h
.... ../wiring/inc/spark_wiring_error.h
.... ../system/inc/system_task.h
..... ../hal/inc/socket_hal.h
... ../wiring/inc/spark_wiring_global.h
.. ../wiring/inc/spark_wiring_rgb.h
... ../services/inc/rgbled.h
. ../wiring/inc/spark_wiring_i2c.h
.. ../hal/inc/i2c_hal.h
Multiple include guards may be useful for:
../services/inc/panic_codes.h
. /home/elco/repos/firmware/controlbox/src/cbox//DataStreamConverters.h
.. /home/elco/repos/firmware/controlbox/src/cbox//DataStream.h
Multiple include guards may be useful for:
. /home/elco/repos/firmware/controlbox/src/cbox//ObjectBase.h
.. /home/elco/repos/firmware/controlbox/src/cbox//Object.h
... /home/elco/repos/firmware/controlbox/src/cbox//CboxError.h
... /home/elco/repos/firmware/controlbox/src/cbox//DataStream.h
... /home/elco/repos/firmware/controlbox/src/cbox//ObjectIds.h
Multiple include guards may be useful for:
. /home/elco/repos/firmware/controlbox/src/cbox//Box.h
.. /home/elco/repos/firmware/controlbox/src/cbox//CboxError.h
.. /home/elco/repos/firmware/controlbox/src/cbox//CboxPtr.h
... /home/elco/repos/firmware/controlbox/src/cbox//Object.h
.... /home/elco/repos/firmware/controlbox/src/cbox//DataStream.h
.... /home/elco/repos/firmware/controlbox/src/cbox//ObjectIds.h
... /home/elco/repos/firmware/controlbox/src/cbox//ObjectContainer.h
.... /home/elco/repos/firmware/controlbox/src/cbox//ContainedObject.h
..... /home/elco/repos/firmware/controlbox/src/cbox//InactiveObject.h
...... /home/elco/repos/firmware/controlbox/src/cbox//ObjectBase.h
.. /home/elco/repos/firmware/controlbox/src/cbox//Connections.h
... /home/elco/repos/firmware/controlbox/src/cbox//CompositeDataStream.h
... /home/elco/repos/firmware/controlbox/src/cbox//DataStreamConverters.h
.. /home/elco/repos/firmware/controlbox/src/cbox//EepromObjectStorage.h
... /home/elco/repos/firmware/controlbox/src/cbox//DataStreamEeprom.h
.... /home/elco/repos/firmware/controlbox/src/cbox//EepromAccess.h
... /home/elco/repos/firmware/controlbox/src/cbox//EepromLayout.h
... /home/elco/repos/firmware/controlbox/src/cbox//ObjectStorage.h
.. /home/elco/repos/firmware/controlbox/src/cbox//ObjectFactory.h
.. /home/elco/repos/firmware/controlbox/src/cbox//ScanningFactory.h
Multiple include guards may be useful for:
/home/elco/repos/firmware/controlbox/src/cbox//EepromLayout.h
. /home/elco/repos/firmware/app/brewblox/AppTicks.h
.. /home/elco/repos/firmware/app/brewblox/blox/TicksBlock.h
... /home/elco/repos/firmware/lib/inc/Ticks.h
.... /home/elco/repos/firmware/lib/inc/TicksTypes.h
... /home/elco/repos/firmware/app/brewblox/blox/Block.h
.... /home/elco/repos/firmware/controlbox/src/cbox/ObjectBase.h
..... /home/elco/repos/firmware/controlbox/src/cbox/Object.h
...... /home/elco/repos/firmware/controlbox/src/cbox/CboxError.h
...... /home/elco/repos/firmware/controlbox/src/cbox/DataStream.h
...... /home/elco/repos/firmware/controlbox/src/cbox/ObjectIds.h
.... ../nanopb/nanopb/pb.h
... /home/elco/repos/firmware/app/brewblox/proto/cpp/Ticks.pb.h
.... /home/elco/repos/firmware/app/brewblox/proto/cpp/brewblox.pb.h
.. /home/elco/repos/firmware/controlbox/src/cbox/spark/ConnectionsTcp.h
... /home/elco/repos/firmware/controlbox/src/cbox/spark/../Connections.h
.... /home/elco/repos/firmware/controlbox/src/cbox/spark/../CompositeDataStream.h
.... /home/elco/repos/firmware/controlbox/src/cbox/spark/../DataStreamConverters.h
... ../wiring/inc/spark_wiring_tcpclient.h
.... ../system/inc/system_network.h
..... ../hal/inc/inet_hal.h
...... ../services/inc/static_assert.h
..... ../hal/inc/wlan_hal.h
...... ../services/inc/debug.h
....... ../services/inc/service_debug.h
........ ../services/inc/logging.h
......... ../services/inc/panic.h
.......... ../services/inc/panic_codes.h
......... ../services/inc/config.h
......... ../services/inc/preprocessor.h
...... ../hal/inc/inet_hal.h
...... ../hal/inc/socket_hal.h
....... ../services/inc/debug.h
....... ../hal/shared/system_tick_hal.h
...... ../hal/inc/timer_hal.h
...... ../hal/inc/net_hal.h
..... ../services/inc/spark_macros.h
.... ../wiring/inc/spark_wiring_client.h
..... ../wiring/inc/spark_wiring_print.h
...... ../wiring/inc/spark_wiring_string.h
....... ../wiring/inc/spark_wiring_print.h
....... ../wiring/inc/spark_wiring_printable.h
..... ../wiring/inc/spark_wiring_stream.h
..... ../wiring/inc/spark_wiring_ipaddress.h
.... ../hal/inc/socket_hal.h
... ../wiring/inc/spark_wiring_tcpserver.h
.... ../wiring/inc/spark_wiring.h
..... ../hal/inc/pinmap_hal.h
..... ../hal/inc/gpio_hal.h
...... ../hal/inc/pinmap_hal.h
..... ../hal/inc/adc_hal.h
..... ../hal/inc/dac_hal.h
..... ../hal/inc/pwm_hal.h
..... ../hal/inc/rng_hal.h
..... ../services/inc/config.h
..... ../services/inc/debug.h
..... ../wiring/inc/spark_wiring_constants.h
..... ../wiring/inc/spark_wiring_cellular_printable.h
...... ../wiring/inc/spark_wiring_platform.h
....... ../platform/shared/inc/platforms.h
...... ../wiring/inc/spark_wiring_signal.h
..... ../wiring/inc/spark_wiring_wifi.h
...... ../wiring/inc/spark_wiring_network.h
...... ../wiring/inc/spark_wiring_wifi_credentials.h
....... ../wiring/inc/spark_wiring_vector.h
..... ../wiring/inc/spark_wiring_cellular.h
..... ../wiring/inc/spark_wiring_character.h
..... ../wiring/inc/spark_wiring_random.h
..... ../wiring/inc/spark_wiring_system.h
...... ../wiring/inc/spark_wiring_ticks.h
....... ../hal/inc/timer_hal.h
....... ../hal/inc/delay_hal.h
...... ../wiring/inc/spark_wiring_version.h
....... ../communication/src/spark_protocol_functions.h
........ ../communication/src/spark_descriptor.h
......... ../services/inc/appender.h
......... ../communication/src/events.h
........ ../communication/src/dsakeygen.h
........ ../communication/src/eckeygen.h
........ ../communication/src/file_transfer.h
........ ../communication/src/protocol_selector.h
......... ../hal/inc/hal_platform.h
........ ../communication/src/protocol_defs.h
......... ../services/inc/system_error.h
........ ../services/inc/completion_handler.h
......... ../services/inc/system_error.h
......... ../wiring/inc/spark_wiring_vector.h
...... ../system/inc/system_mode.h
...... ../system/inc/system_update.h
...... ../system/inc/system_sleep.h
....... ../hal/inc/interrupts_hal.h
........ ../hal/inc/hal_irq_flag.h
...... ../system/inc/system_cloud.h
....... ../wiring/inc/spark_wiring_string.h
...... ../system/inc/system_event.h
...... ../hal/inc/core_hal.h
....... ../hal/inc/watchdog_hal.h
....... ../hal/inc/core_subsys_hal.h
....... ../hal/inc/interrupts_hal.h
...... ../system/inc/system_user.h
...... ../system/inc/system_version.h
...... ../wiring/inc/spark_wiring_flags.h
..... ../wiring/inc/spark_wiring_cloud.h
...... ../communication/src/events.h
...... ../wiring/inc/spark_wiring_watchdog.h
....... ../wiring/inc/spark_wiring_thread.h
...... ../wiring/inc/spark_wiring_async.h
....... ../wiring/inc/spark_wiring_error.h
....... ../system/inc/system_task.h
...... ../wiring/inc/spark_wiring_global.h
..... ../wiring/inc/spark_wiring_rgb.h
...... ../services/inc/rgbled.h
... ../wiring/inc/spark_wiring_wifi.h
.. /home/elco/repos/firmware/platform/wiring/TicksWiring.h
.. /home/elco/repos/firmware/lib/inc/OneWireNull.h
... /home/elco/repos/firmware/lib/inc/OneWireLowLevelInterface.h
.. /home/elco/repos/firmware/app/brewblox/test/MockOneWireScanningFactory.h
... /home/elco/repos/firmware/lib/inc/OneWire.h
... /home/elco/repos/firmware/lib/inc/OneWireAddress.h
... /home/elco/repos/firmware/lib/inc/OneWireDevice.h
... /home/elco/repos/firmware/app/brewblox/blox/TempSensorOneWireBlock.h
.... /home/elco/repos/firmware/lib/inc/TempSensorOneWire.h
..... /home/elco/repos/firmware/lib/inc/DallasTemperature.h
..... /home/elco/repos/firmware/lib/inc/TempSensor.h
...... /home/elco/repos/firmware/lib/inc/Temperature.h
....... /home/elco/repos/firmware/lib/inc/FixedPoint.h
........ /home/elco/repos/firmware/lib/inc/../cnl/include/cnl/_impl/fixed_point/constants.h
......... /home/elco/repos/firmware/lib/inc/../cnl/include/cnl/_impl/fixed_point/type.h
.......... /home/elco/repos/firmware/lib/inc/../cnl/include/cnl/_impl/fixed_point/../power.h
........... /home/elco/repos/firmware/lib/inc/../cnl/include/cnl/_impl/fixed_point/../../constant.h
............ /home/elco/repos/firmware/lib/inc/../cnl/include/cnl/_impl/fixed_point/../../limits.h
............. /home/elco/repos/firmware/lib/inc/../cnl/include/cnl/_impl/fixed_point/../../cstdint.h
.............. /home/elco/repos/firmware/lib/inc/../cnl/include/cnl/_impl/fixed_point/../../_impl/common.h
............... /home/elco/repos/firmware/lib/inc/../cnl/include/cnl/_impl/fixed_point/../../_impl/config.h
.............. /home/elco/repos/firmware/lib/inc/../cnl/include/cnl/_impl/fixed_point/../../_impl/config.h
.......... /home/elco/repos/firmware/lib/inc/../cnl/include/cnl/_impl/fixed_point/../num_traits/width.h
........... /home/elco/repos/firmware/lib/inc/../cnl/include/cnl/_impl/fixed_point/../num_traits/../type_traits/is_signed.h
............ /home/elco/repos/firmware/lib/inc/../cnl/include/cnl/_impl/fixed_point/../num_traits/../type_traits/../../cstdint.h
............ /home/elco/repos/firmware/lib/inc/../cnl/include/cnl/_impl/fixed_point/../num_traits/../type_traits/../num_traits/is_composite.h
............ /home/elco/repos/firmware/lib/inc/../cnl/include/cnl/_impl/fixed_point/../num_traits/../type_traits/../num_traits/to_rep.h
............. /home/elco/repos/firmware/lib/inc/../cnl/include/cnl/_impl/fixed_point/../num_traits/../type_traits/../num_traits/../type_traits/remove_cvref.h
............. /home/elco/repos/firmware/lib/inc/../cnl/include/cnl/_impl/fixed_point/../num_traits/../type_traits/../num_traits/../type_traits/enable_if.h
............. /home/elco/repos/firmware/lib/inc/../cnl/include/cnl/_impl/fixed_point/../num_traits/../type_traits/../num_traits/../type_traits/is_integral.h
.............. /home/elco/repos/firmware/lib/inc/../cnl/include/cnl/_impl/fixed_point/../num_traits/../type_traits/../num_traits/../type_traits/../../cstdint.h
.............. /home/elco/repos/firmware/lib/inc/../cnl/include/cnl/_impl/fixed_point/../num_traits/../type_traits/../num_traits/../type_traits/../config.h
............. /home/elco/repos/firmware/lib/inc/../cnl/include/cnl/_impl/fixed_point/../num_traits/../type_traits/../num_traits/../../constant.h
............ /home/elco/repos/firmware/lib/inc/../cnl/include/cnl/_impl/fixed_point/../num_traits/../type_traits/enable_if.h
............ /home/elco/repos/firmware/lib/inc/../cnl/include/cnl/_impl/fixed_point/../num_traits/../type_traits/../../constant.h
........... /home/elco/repos/firmware/lib/inc/../cnl/include/cnl/_impl/fixed_point/../num_traits/digits.h
............ /home/elco/repos/firmware/lib/inc/../cnl/include/cnl/_impl/fixed_point/../num_traits/../../constant.h
............ /home/elco/repos/firmware/lib/inc/../cnl/include/cnl/_impl/fixed_point/../num_traits/../../cstdint.h
............ /home/elco/repos/firmware/lib/inc/../cnl/include/cnl/_impl/fixed_point/../num_traits/../used_digits.h
............ /home/elco/repos/firmware/lib/inc/../cnl/include/cnl/_impl/fixed_point/../num_traits/../type_traits/enable_if.h
............ /home/elco/repos/firmware/lib/inc/../cnl/include/cnl/_impl/fixed_point/../num_traits/is_composite.h
........... /home/elco/repos/firmware/lib/inc/../cnl/include/cnl/_impl/fixed_point/../num_traits/set_digits.h
............ /home/elco/repos/firmware/lib/inc/../cnl/include/cnl/_impl/fixed_point/../num_traits/../type_traits/is_integral.h
.......... /home/elco/repos/firmware/lib/inc/../cnl/include/cnl/_impl/fixed_point/../number_base.h
........... /home/elco/repos/firmware/lib/inc/../cnl/include/cnl/_impl/fixed_point/../num_traits/from_rep.h
........... /home/elco/repos/firmware/lib/inc/../cnl/include/cnl/_impl/fixed_point/../num_traits/from_value.h
............ /home/elco/repos/firmware/lib/inc/../cnl/include/cnl/_impl/fixed_point/../num_traits/../type_traits/make_signed.h
............. /home/elco/repos/firmware/lib/inc/../cnl/include/cnl/_impl/fixed_point/../num_traits/../type_traits/../type_traits/enable_if.h
............. /home/elco/repos/firmware/lib/inc/../cnl/include/cnl/_impl/fixed_point/../num_traits/../type_traits/../num_traits/from_rep.h
............. /home/elco/repos/firmware/lib/inc/../cnl/include/cnl/_impl/fixed_point/../num_traits/../type_traits/../type_traits/type_identity.h
........... /home/elco/repos/firmware/lib/inc/../cnl/include/cnl/_impl/fixed_point/../num_traits/is_composite.h
........... /home/elco/repos/firmware/lib/inc/../cnl/include/cnl/_impl/fixed_point/../num_traits/scale.h
............ /home/elco/repos/firmware/lib/inc/../cnl/include/cnl/_impl/fixed_point/../num_traits/../power.h
........... /home/elco/repos/firmware/lib/inc/../cnl/include/cnl/_impl/fixed_point/../num_traits/to_rep.h
........... /home/elco/repos/firmware/lib/inc/../cnl/include/cnl/_impl/fixed_point/../operators.h
............ /home/elco/repos/firmware/lib/inc/../cnl/include/cnl/_impl/fixed_point/../../limits.h
............ /home/elco/repos/firmware/lib/inc/../cnl/include/cnl/_impl/fixed_point/../type_traits/enable_if.h
............ /home/elco/repos/firmware/lib/inc/../cnl/include/cnl/_impl/fixed_point/../type_traits/type_identity.h
.......... /home/elco/repos/firmware/lib/inc/../cnl/include/cnl/_impl/fixed_point/../../constant.h
.......... /home/elco/repos/firmware/lib/inc/../cnl/include/cnl/_impl/fixed_point/../../numeric.h
........... /home/elco/repos/firmware/lib/inc/../cnl/include/cnl/_impl/fixed_point/../../bit.h
............ /home/elco/repos/firmware/lib/inc/../cnl/include/cnl/_impl/fixed_point/../../_impl/num_traits/digits.h
............ /home/elco/repos/firmware/lib/inc/../cnl/include/cnl/_impl/fixed_point/../../_impl/type_traits/is_signed.h
............ /home/elco/repos/firmware/lib/inc/../cnl/include/cnl/_impl/fixed_point/../../_impl/type_traits/make_unsigned.h
............. /home/elco/repos/firmware/lib/inc/../cnl/include/cnl/_impl/fixed_point/../../_impl/type_traits/enable_if.h
............. /home/elco/repos/firmware/lib/inc/../cnl/include/cnl/_impl/fixed_point/../../_impl/type_traits/../num_traits/is_composite.h
............. /home/elco/repos/firmware/lib/inc/../cnl/include/cnl/_impl/fixed_point/../../_impl/type_traits/../num_traits/to_rep.h
............. /home/elco/repos/firmware/lib/inc/../cnl/include/cnl/_impl/fixed_point/../../_impl/type_traits/../num_traits/from_rep.h
............. /home/elco/repos/firmware/lib/inc/../cnl/include/cnl/_impl/fixed_point/../../_impl/type_traits/../type_traits/type_identity.h
........... /home/elco/repos/firmware/lib/inc/../cnl/include/cnl/_impl/fixed_point/../../_impl/num_traits/unwrap.h
............ /home/elco/repos/firmware/lib/inc/../cnl/include/cnl/_impl/fixed_point/../../_impl/num_traits/../type_traits/enable_if.h
............ /home/elco/repos/firmware/lib/inc/../cnl/include/cnl/_impl/fixed_point/../../_impl/num_traits/is_composite.h
............ /home/elco/repos/firmware/lib/inc/../cnl/include/cnl/_impl/fixed_point/../../_impl/num_traits/to_rep.h
........... /home/elco/repos/firmware/lib/inc/../cnl/include/cnl/_impl/fixed_point/../../_impl/used_digits.h
.......... /home/elco/repos/firmware/lib/inc/../cnl/include/cnl/_impl/fixed_point/declaration.h
........... /home/elco/repos/firmware/lib/inc/../cnl/include/cnl/_impl/fixed_point/../../limits.h
.......... /home/elco/repos/firmware/lib/inc/../cnl/include/cnl/_impl/fixed_point/is_fixed_point.h
......... /home/elco/repos/firmware/lib/inc/../cnl/include/cnl/_impl/fixed_point/../used_digits.h
........ /home/elco/repos/firmware/lib/inc/../cnl/include/cnl/_impl/fixed_point/convert.h
......... /home/elco/repos/firmware/lib/inc/../cnl/include/cnl/_impl/fixed_point/../rounding/convert.h
.......... /home/elco/repos/firmware/lib/inc/../cnl/include/cnl/_impl/fixed_point/../rounding/../../limits.h
.......... /home/elco/repos/firmware/lib/inc/../cnl/include/cnl/_impl/fixed_point/../rounding/../native_tag.h
........... /home/elco/repos/firmware/lib/inc/../cnl/include/cnl/_impl/fixed_point/../rounding/../type_traits/make_unsigned.h
........... /home/elco/repos/firmware/lib/inc/../cnl/include/cnl/_impl/fixed_point/../rounding/../operators.h
.......... /home/elco/repos/firmware/lib/inc/../cnl/include/cnl/_impl/fixed_point/../rounding/../type_traits/enable_if.h
.......... /home/elco/repos/firmware/lib/inc/../cnl/include/cnl/_impl/fixed_point/../rounding/rounding_tag.h
......... /home/elco/repos/firmware/lib/inc/../cnl/include/cnl/_impl/fixed_point/../rounding/rounding_tag.h
......... /home/elco/repos/firmware/lib/inc/../cnl/include/cnl/_impl/fixed_point/../type_traits/enable_if.h
......... /home/elco/repos/firmware/lib/inc/../cnl/include/cnl/_impl/fixed_point/from_rep.h
.......... /home/elco/repos/firmware/lib/inc/../cnl/include/cnl/_impl/fixed_point/../num_traits/from_rep.h
........ /home/elco/repos/firmware/lib/inc/../cnl/include/cnl/_impl/fixed_point/declaration.h
........ /home/elco/repos/firmware/lib/inc/../cnl/include/cnl/_impl/fixed_point/extras.h
......... /home/elco/repos/firmware/lib/inc/../cnl/include/cnl/_impl/fixed_point/../cmath/abs.h
.......... /home/elco/repos/firmware/lib/inc/../cnl/include/cnl/_impl/fixed_point/../cmath/../type_traits/is_signed.h
.......... /home/elco/repos/firmware/lib/inc/../cnl/include/cnl/_impl/fixed_point/../cmath/../type_traits/enable_if.h
......... /home/elco/repos/firmware/lib/inc/../cnl/include/cnl/_impl/fixed_point/../config.h
......... /home/elco/repos/firmware/lib/inc/../cnl/include/cnl/_impl/fixed_point/../num_traits/fixed_width_scale.h
.......... /home/elco/repos/firmware/lib/inc/../cnl/include/cnl/_impl/fixed_point/../num_traits/scale.h
......... /home/elco/repos/firmware/lib/inc/../cnl/include/cnl/_impl/fixed_point/../num_traits/unwrap.h
......... /home/elco/repos/firmware/lib/inc/../cnl/include/cnl/_impl/fixed_point/../unreachable.h
.......... /home/elco/repos/firmware/lib/inc/../cnl/include/cnl/_impl/fixed_point/../config.h
.......... /home/elco/repos/firmware/lib/inc/../cnl/include/cnl/_impl/fixed_point/../terminate.h
........ /home/elco/repos/firmware/lib/inc/../cnl/include/cnl/_impl/fixed_point/from_rep.h
........ /home/elco/repos/firmware/lib/inc/../cnl/include/cnl/_impl/fixed_point/is_fixed_point.h
........ /home/elco/repos/firmware/lib/inc/../cnl/include/cnl/_impl/fixed_point/named.h
......... /home/elco/repos/firmware/lib/inc/../cnl/include/cnl/_impl/fixed_point/../common.h
......... /home/elco/repos/firmware/lib/inc/../cnl/include/cnl/_impl/fixed_point/num_traits.h
........ /home/elco/repos/firmware/lib/inc/../cnl/include/cnl/_impl/fixed_point/operators.h
........ /home/elco/repos/firmware/lib/inc/../cnl/include/cnl/_impl/fixed_point/to_chars.h
......... /home/elco/repos/firmware/lib/inc/../cnl/include/cnl/_impl/fixed_point/../../rounding_integer.h
.......... /home/elco/repos/firmware/lib/inc/../cnl/include/cnl/_impl/fixed_point/../../_impl/num_traits/fixed_width_scale.h
.......... /home/elco/repos/firmware/lib/inc/../cnl/include/cnl/_impl/fixed_point/../../_impl/number_base.h
.......... /home/elco/repos/firmware/lib/inc/../cnl/include/cnl/_impl/fixed_point/../../_impl/rounding.h
........... /home/elco/repos/firmware/lib/inc/../cnl/include/cnl/_impl/fixed_point/../../_impl/native_tag.h
........... /home/elco/repos/firmware/lib/inc/../cnl/include/cnl/_impl/fixed_point/../../_impl/rounding/convert.h
........... /home/elco/repos/firmware/lib/inc/../cnl/include/cnl/_impl/fixed_point/../../_impl/rounding/rounding_tag.h
........... /home/elco/repos/firmware/lib/inc/../cnl/include/cnl/_impl/fixed_point/../../_impl/operators.h
........... /home/elco/repos/firmware/lib/inc/../cnl/include/cnl/_impl/fixed_point/../../_impl/num_traits/from_value.h
........... /home/elco/repos/firmware/lib/inc/../cnl/include/cnl/_impl/fixed_point/../../_impl/num_traits/unwrap.h
.......... /home/elco/repos/firmware/lib/inc/../cnl/include/cnl/_impl/fixed_point/../../_impl/type_traits/common_type.h
........ /home/elco/repos/firmware/lib/inc/../cnl/include/cnl/_impl/fixed_point/type.h
........ /home/elco/repos/firmware/lib/inc/../cnl/include/cnl/elastic_integer.h
......... /home/elco/repos/firmware/lib/inc/../cnl/include/cnl/constant.h
......... /home/elco/repos/firmware/lib/inc/../cnl/include/cnl/_impl/limits/lowest.h
......... /home/elco/repos/firmware/lib/inc/../cnl/include/cnl/_impl/num_traits/adopt.h
.......... /home/elco/repos/firmware/lib/inc/../cnl/include/cnl/_impl/num_traits/adopt_digits.h
........... /home/elco/repos/firmware/lib/inc/../cnl/include/cnl/_impl/num_traits/digits.h
........... /home/elco/repos/firmware/lib/inc/../cnl/include/cnl/_impl/num_traits/set_digits.h
.......... /home/elco/repos/firmware/lib/inc/../cnl/include/cnl/_impl/num_traits/adopt_signedness.h
........... /home/elco/repos/firmware/lib/inc/../cnl/include/cnl/_impl/num_traits/../type_traits/is_signed.h
........... /home/elco/repos/firmware/lib/inc/../cnl/include/cnl/_impl/num_traits/../type_traits/set_signedness.h
............ /home/elco/repos/firmware/lib/inc/../cnl/include/cnl/_impl/num_traits/../type_traits/make_signed.h
............ /home/elco/repos/firmware/lib/inc/../cnl/include/cnl/_impl/num_traits/../type_traits/make_unsigned.h
......... /home/elco/repos/firmware/lib/inc/../cnl/include/cnl/_impl/num_traits/adopt_signedness.h
......... /home/elco/repos/firmware/lib/inc/../cnl/include/cnl/_impl/num_traits/fixed_width_scale.h
......... /home/elco/repos/firmware/lib/inc/../cnl/include/cnl/_impl/num_traits/width.h
......... /home/elco/repos/firmware/lib/inc/../cnl/include/cnl/_impl/number_base.h
......... /home/elco/repos/firmware/lib/inc/../cnl/include/cnl/_impl/type_traits/common_type.h
......... /home/elco/repos/firmware/lib/inc/../cnl/include/cnl/_impl/type_traits/is_signed.h
......... /home/elco/repos/firmware/lib/inc/../cnl/include/cnl/_impl/type_traits/make_signed.h
......... /home/elco/repos/firmware/lib/inc/../cnl/include/cnl/_impl/type_traits/set_signedness.h
........ /home/elco/repos/firmware/lib/inc/../cnl/include/cnl/num_traits.h
......... /home/elco/repos/firmware/lib/inc/../cnl/include/cnl/_impl/num_traits/digits.h
......... /home/elco/repos/firmware/lib/inc/../cnl/include/cnl/_impl/num_traits/from_rep.h
......... /home/elco/repos/firmware/lib/inc/../cnl/include/cnl/_impl/num_traits/from_value.h
......... /home/elco/repos/firmware/lib/inc/../cnl/include/cnl/_impl/num_traits/is_composite.h
......... /home/elco/repos/firmware/lib/inc/../cnl/include/cnl/_impl/num_traits/set_digits.h
......... /home/elco/repos/firmware/lib/inc/../cnl/include/cnl/_impl/num_traits/scale.h
......... /home/elco/repos/firmware/lib/inc/../cnl/include/cnl/_impl/num_traits/to_rep.h
......... /home/elco/repos/firmware/lib/inc/../cnl/include/cnl/_impl/num_traits/unwrap.h
......... /home/elco/repos/firmware/lib/inc/../cnl/include/cnl/_impl/num_traits/wrap.h
.......... /home/elco/repos/firmware/lib/inc/../cnl/include/cnl/_impl/num_traits/../type_traits/enable_if.h
.......... /home/elco/repos/firmware/lib/inc/../cnl/include/cnl/_impl/num_traits/is_composite.h
.......... /home/elco/repos/firmware/lib/inc/../cnl/include/cnl/_impl/num_traits/to_rep.h
........ /home/elco/repos/firmware/lib/inc/../cnl/include/cnl/overflow_integer.h
......... /home/elco/repos/firmware/lib/inc/../cnl/include/cnl/overflow.h
.......... /home/elco/repos/firmware/lib/inc/../cnl/include/cnl/_impl/overflow/common.h
........... /home/elco/repos/firmware/lib/inc/../cnl/include/cnl/_impl/overflow/../../limits.h
........... /home/elco/repos/firmware/lib/inc/../cnl/include/cnl/_impl/overflow/../../numeric.h
........... /home/elco/repos/firmware/lib/inc/../cnl/include/cnl/_impl/overflow/../native_tag.h
........... /home/elco/repos/firmware/lib/inc/../cnl/include/cnl/_impl/overflow/../num_traits/digits.h
........... /home/elco/repos/firmware/lib/inc/../cnl/include/cnl/_impl/overflow/../operators.h
........... /home/elco/repos/firmware/lib/inc/../cnl/include/cnl/_impl/overflow/../type_traits/is_signed.h
.......... /home/elco/repos/firmware/lib/inc/../cnl/include/cnl/_impl/overflow/native.h
.......... /home/elco/repos/firmware/lib/inc/../cnl/include/cnl/_impl/overflow/saturated.h
........... /home/elco/repos/firmware/lib/inc/../cnl/include/cnl/_impl/overflow/common.h
........... /home/elco/repos/firmware/lib/inc/../cnl/include/cnl/_impl/overflow/../terminate.h
.......... /home/elco/repos/firmware/lib/inc/../cnl/include/cnl/_impl/overflow/throwing.h
........... /home/elco/repos/firmware/lib/inc/../cnl/include/cnl/_impl/overflow/../throw_exception.h
............ /home/elco/repos/firmware/lib/inc/../cnl/include/cnl/_impl/overflow/../config.h
............ /home/elco/repos/firmware/lib/inc/../cnl/include/cnl/_impl/overflow/../terminate.h
.......... /home/elco/repos/firmware/lib/inc/../cnl/include/cnl/_impl/overflow/trapping.h
.......... /home/elco/repos/firmware/lib/inc/../cnl/include/cnl/_impl/overflow/undefined.h
........... /home/elco/repos/firmware/lib/inc/../cnl/include/cnl/_impl/overflow/../unreachable.h
......... /home/elco/repos/firmware/lib/inc/../cnl/include/cnl/_impl/native_tag.h
......... /home/elco/repos/firmware/lib/inc/../cnl/include/cnl/_impl/operators.h
......... /home/elco/repos/firmware/lib/inc/../cnl/include/cnl/_impl/type_traits/identical.h
........ /home/elco/repos/firmware/lib/inc/../cnl/include/cnl/rounding_integer.h
.... /home/elco/repos/firmware/app/brewblox/proto/cpp/TempSensorOneWire.pb.h
... /home/elco/repos/firmware/controlbox/src/cbox/ObjectContainer.h
.... /home/elco/repos/firmware/controlbox/src/cbox/ContainedObject.h
..... /home/elco/repos/firmware/controlbox/src/cbox/InactiveObject.h
... /home/elco/repos/firmware/controlbox/src/cbox/ScanningFactory.h
. /home/elco/repos/firmware/platform/spark/modules/Board/Board.h
. /home/elco/repos/firmware/lib/inc/Logger.h
. /home/elco/repos/firmware/app/brewblox/OneWireScanningFactory.h
. /home/elco/repos/firmware/app/brewblox/blox/ActuatorAnalogMockBlock.h
.. /home/elco/repos/firmware/lib/inc/ActuatorAnalogConstrained.h
... /home/elco/repos/firmware/lib/inc/ActuatorAnalog.h
.... /home/elco/repos/firmware/lib/inc/ProcessValue.h
.. /home/elco/repos/firmware/lib/inc/ActuatorAnalogMock.h
... /home/elco/repos/firmware/lib/inc/future_std.h
.. /home/elco/repos/firmware/app/brewblox/proto/cpp/ActuatorAnalogMock.pb.h
. /home/elco/repos/firmware/app/brewblox/blox/ActuatorOffsetBlock.h
.. /home/elco/repos/firmware/app/brewblox/blox/ActuatorAnalogConstraintsProto.h
... /home/elco/repos/firmware/app/brewblox/proto/cpp/AnalogConstraints.pb.h
.. /home/elco/repos/firmware/lib/inc/ActuatorOffset.h
... /home/elco/repos/firmware/lib/inc/SetpointSensorPair.h
.... /home/elco/repos/firmware/lib/inc/Setpoint.h
.. /home/elco/repos/firmware/controlbox/src/cbox/CboxPtr.h
.. /home/elco/repos/firmware/app/brewblox/proto/cpp/ActuatorOffset.pb.h
... /home/elco/repos/firmware/app/brewblox/proto/cpp/AnalogConstraints.pb.h
. /home/elco/repos/firmware/app/brewblox/blox/ActuatorPinBlock.h
.. /home/elco/repos/firmware/lib/inc/ActuatorDigitalConstrained.h
... /home/elco/repos/firmware/lib/inc/ActuatorDigital.h
... /home/elco/repos/firmware/lib/inc/ActuatorDigitalChangeLogged.h
.. /home/elco/repos/firmware/app/brewblox/blox/ActuatorDigitalConstraintsProto.h
... /home/elco/repos/firmware/app/brewblox/proto/cpp/DigitalConstraints.pb.h
.... /home/elco/repos/firmware/app/brewblox/proto/cpp/ActuatorDigital.pb.h
.. /home/elco/repos/firmware/lib/inc/ActuatorPin.h
.. /home/elco/repos/firmware/app/brewblox/proto/cpp/ActuatorPin.pb.h
... /home/elco/repos/firmware/app/brewblox/proto/cpp/DigitalConstraints.pb.h
. /home/elco/repos/firmware/app/brewblox/blox/ActuatorPwmBlock.h
.. /home/elco/repos/firmware/lib/inc/ActuatorPwm.h
.. /home/elco/repos/firmware/app/brewblox/proto/cpp/ActuatorPwm.pb.h
. /home/elco/repos/firmware/app/brewblox/blox/BalancerBlock.h
.. /home/elco/repos/firmware/lib/inc/Balancer.h
.. /home/elco/repos/firmware/app/brewblox/nanopb_callbacks.h
... ../nanopb/nanopb/pb_decode.h
.... ../nanopb/nanopb/pb.h
... ../nanopb/nanopb/pb_encode.h
.. /home/elco/repos/firmware/app/brewblox/proto/cpp/Balancer.pb.h
. /home/elco/repos/firmware/app/brewblox/blox/DisplaySettingsBlock.h
.. /home/elco/repos/firmware/app/brewblox/proto/cpp/DisplaySettings.pb.h
. /home/elco/repos/firmware/app/brewblox/blox/MutexBlock.h
.. /home/elco/repos/firmware/app/brewblox/proto/cpp/Mutex.pb.h
. /home/elco/repos/firmware/app/brewblox/blox/OneWireBusBlock.h
.. /home/elco/repos/firmware/app/brewblox/proto/cpp/OneWireBus.pb.h
. /home/elco/repos/firmware/app/brewblox/blox/PidBlock.h
.. /home/elco/repos/firmware/lib/inc/Pid.h
... /home/elco/repos/firmware/lib/inc/FpFilterChain.h
.... /home/elco/repos/firmware/lib/inc/FilterChain.h
..... /home/elco/repos/firmware/lib/inc/IirFilter.h
.. /home/elco/repos/firmware/app/brewblox/proto/cpp/Pid.pb.h
. /home/elco/repos/firmware/app/brewblox/blox/SetpointProfileBlock.h
.. /home/elco/repos/firmware/lib/inc/SetpointProfile.h
.. /home/elco/repos/firmware/app/brewblox/proto/cpp/SetpointProfile.pb.h
. /home/elco/repos/firmware/app/brewblox/blox/SetpointSensorPairBlock.h
.. /home/elco/repos/firmware/app/brewblox/proto/cpp/SetpointSensorPair.pb.h
. /home/elco/repos/firmware/app/brewblox/blox/SetpointSimpleBlock.h
.. /home/elco/repos/firmware/app/brewblox/proto/cpp/SetpointSimple.pb.h
. /home/elco/repos/firmware/app/brewblox/blox/SysInfoBlock.h
.. /home/elco/repos/firmware/app/brewblox/proto/cpp/SysInfo.pb.h
. /home/elco/repos/firmware/app/brewblox/blox/TempSensorMockBlock.h
.. /home/elco/repos/firmware/lib/inc/TempSensorMock.h
.. /home/elco/repos/firmware/app/brewblox/proto/cpp/TempSensorMock.pb.h
. /home/elco/repos/firmware/app/brewblox/blox/TouchSettingsBlock.h
.. /home/elco/repos/firmware/app/brewblox/proto/cpp/TouchSettings.pb.h
. /home/elco/repos/firmware/app/brewblox/blox/WiFiSettingsBlock.h
.. /home/elco/repos/firmware/app/brewblox/proto/cpp/WiFiSettings.pb.h
. /home/elco/repos/firmware/controlbox/src/cbox/Box.h
.. /home/elco/repos/firmware/controlbox/src/cbox/EepromObjectStorage.h
... /home/elco/repos/firmware/controlbox/src/cbox/DataStreamEeprom.h
.... /home/elco/repos/firmware/controlbox/src/cbox/EepromAccess.h
... /home/elco/repos/firmware/controlbox/src/cbox/EepromLayout.h
... /home/elco/repos/firmware/controlbox/src/cbox/ObjectStorage.h
.. /home/elco/repos/firmware/controlbox/src/cbox/ObjectFactory.h
. /home/elco/repos/firmware/controlbox/src/cbox/spark/SparkEepromAccess.h
.. ../hal/inc/eeprom_hal.h
Multiple include guards may be useful for:
../services/inc/panic_codes.h
/home/elco/repos/firmware/app/brewblox/OneWireScanningFactory.h
/home/elco/repos/firmware/app/brewblox/test/MockOneWireScanningFactory.h
/home/elco/repos/firmware/controlbox/src/cbox/EepromLayout.h
/home/elco/repos/firmware/lib/inc/future_std.h
. /home/elco/repos/firmware/app/brewblox/nanopb_callbacks.h
.. ../nanopb/nanopb/pb_decode.h
... ../nanopb/nanopb/pb.h
.. ../nanopb/nanopb/pb_encode.h
. /home/elco/repos/firmware/controlbox/src/cbox/DataStream.h
Multiple include guards may be useful for:
. /home/elco/repos/firmware/app/brewblox/connectivity.h
. ./inc/application.h
.. ../system/inc/system_version.h
.. ../wiring/inc/spark_wiring.h
... ../hal/inc/pinmap_hal.h
... ../hal/inc/gpio_hal.h
.... ../hal/inc/pinmap_hal.h
... ../hal/inc/adc_hal.h
... ../hal/inc/dac_hal.h
... ../hal/inc/pwm_hal.h
... ../hal/inc/rng_hal.h
... ../services/inc/config.h
... ../services/inc/spark_macros.h
... ../services/inc/debug.h
.... ../services/inc/service_debug.h
..... ../services/inc/logging.h
...... ../services/inc/panic.h
....... ../services/inc/panic_codes.h
...... ../services/inc/config.h
...... ../services/inc/preprocessor.h
... ../wiring/inc/spark_wiring_constants.h
... ../wiring/inc/spark_wiring_stream.h
.... ../wiring/inc/spark_wiring_string.h
..... ../wiring/inc/spark_wiring_print.h
...... ../hal/shared/system_tick_hal.h
...... ../wiring/inc/spark_wiring_string.h
...... ../wiring/inc/spark_wiring_printable.h
... ../wiring/inc/spark_wiring_ipaddress.h
.... ../hal/inc/inet_hal.h
..... ../services/inc/static_assert.h
... ../wiring/inc/spark_wiring_cellular_printable.h
.... ../wiring/inc/spark_wiring_platform.h
..... ../platform/shared/inc/platforms.h
.... ../wiring/inc/spark_wiring_signal.h
..... ../hal/inc/net_hal.h
... ../wiring/inc/spark_wiring_wifi.h
.... ../wiring/inc/spark_wiring_network.h
.... ../hal/inc/wlan_hal.h
..... ../services/inc/debug.h
..... ../hal/inc/inet_hal.h
..... ../hal/inc/socket_hal.h
...... ../services/inc/debug.h
..... ../hal/inc/timer_hal.h
.... ../system/inc/system_network.h
.... ../wiring/inc/spark_wiring_wifi_credentials.h
..... ../wiring/inc/spark_wiring_vector.h
... ../wiring/inc/spark_wiring_cellular.h
... ../wiring/inc/spark_wiring_character.h
... ../wiring/inc/spark_wiring_random.h
... ../wiring/inc/spark_wiring_system.h
.... ../wiring/inc/spark_wiring_ticks.h
..... ../hal/inc/timer_hal.h
..... ../hal/inc/delay_hal.h
.... ../wiring/inc/spark_wiring_version.h
..... ../communication/src/spark_protocol_functions.h
...... ../communication/src/spark_descriptor.h
....... ../services/inc/appender.h
....... ../communication/src/events.h
...... ../communication/src/dsakeygen.h
...... ../communication/src/eckeygen.h
...... ../communication/src/file_transfer.h
...... ../communication/src/protocol_selector.h
....... ../hal/inc/hal_platform.h
...... ../communication/src/protocol_defs.h
....... ../services/inc/system_error.h
...... ../services/inc/completion_handler.h
....... ../services/inc/system_error.h
....... ../wiring/inc/spark_wiring_vector.h
.... ../system/inc/system_mode.h
.... ../system/inc/system_update.h
.... ../system/inc/system_sleep.h
..... ../hal/inc/interrupts_hal.h
...... ../hal/inc/hal_irq_flag.h
.... ../system/inc/system_cloud.h
..... ../wiring/inc/spark_wiring_string.h
.... ../system/inc/system_event.h
.... ../hal/inc/core_hal.h
..... ../hal/inc/watchdog_hal.h
..... ../hal/inc/core_subsys_hal.h
..... ../hal/inc/interrupts_hal.h
.... ../system/inc/system_user.h
.... ../wiring/inc/spark_wiring_flags.h
... ../wiring/inc/spark_wiring_cloud.h
.... ../communication/src/events.h
.... ../wiring/inc/spark_wiring_watchdog.h
..... ../wiring/inc/spark_wiring_thread.h
.... ../wiring/inc/spark_wiring_async.h
..... ../wiring/inc/spark_wiring_error.h
..... ../system/inc/system_task.h
...... ../hal/inc/socket_hal.h
.... ../wiring/inc/spark_wiring_global.h
... ../wiring/inc/spark_wiring_rgb.h
.... ../services/inc/rgbled.h
.. ../wiring/inc/spark_wiring_interrupts.h
.. ../wiring/inc/spark_wiring_power.h
... ../wiring/inc/spark_wiring.h
... ../wiring/inc/spark_wiring_i2c.h
.... ../hal/inc/i2c_hal.h
.. ../wiring/inc/spark_wiring_fuel.h
.. ../wiring/inc/spark_wiring_print.h
.. ../wiring/inc/spark_wiring_usartserial.h
... ../hal/inc/usart_hal.h
.. ../wiring/inc/spark_wiring_can.h
... ../hal/inc/can_hal.h
.. ../wiring/inc/spark_wiring_usbserial.h
... ../hal/inc/usb_hal.h
.... ../hal/inc/usb_config_hal.h
... ../wiring/inc/spark_wiring_startup.h
.. ../wiring/inc/spark_wiring_usbmouse.h
... ../hal/inc/usb_config_hal.h
.. ../wiring/inc/spark_wiring_usbkeyboard.h
.. ../wiring/inc/spark_wiring_spi.h
... ../hal/inc/spi_hal.h
.. ../wiring/inc/spark_wiring_i2c.h
.. ../wiring/inc/spark_wiring_servo.h
.. ../wiring/inc/spark_wiring_wifi.h
.. ../wiring/inc/spark_wiring_network.h
.. ../wiring/inc/spark_wiring_client.h
.. ../wiring/inc/spark_wiring_timer.h
.. ../wiring/inc/spark_wiring_tcpclient.h
... ../wiring/inc/spark_wiring_client.h
.. ../wiring/inc/spark_wiring_tcpserver.h
.. ../wiring/inc/spark_wiring_udp.h
.. ../wiring/inc/spark_wiring_time.h
.. ../wiring/inc/spark_wiring_tone.h
.. ../wiring/inc/spark_wiring_eeprom.h
... ../hal/inc/eeprom_hal.h
.. ../wiring/inc/spark_wiring_version.h
.. ../wiring/inc/spark_wiring_thread.h
.. ../wiring/inc/spark_wiring_logging.h
... ../services/inc/logging.h
... ../wiring/inc/spark_wiring_json.h
.... ../services/inc/jsmn.h
... ../system/inc/system_control.h
.. ../wiring/inc/spark_wiring_json.h
.. ../wiring/inc/spark_wiring_async.h
.. ../wiring/inc/spark_wiring_error.h
.. ../wiring/inc/spark_wiring_led.h
... ../system/inc/system_led_signal.h
.... ../services/inc/led_service.h
..... ../services/inc/rgbled.h
.. ../wiring/inc/spark_wiring_diagnostics.h
... ../wiring/inc/spark_wiring_interrupts.h
... ../services/inc/diagnostics.h
... ../services/inc/combine_hash.h
... ../services/inc/underlying_type.h
... ../services/inc/debug.h
.. ../wiring/inc/fast_pin.h
.. ../wiring/inc/string_convert.h
.. ../wiring/inc/debug_output_handler.h
... ../wiring/inc/spark_wiring_usartserial.h
... ../wiring/inc/spark_wiring_usbserial.h
... ../wiring/inc/spark_wiring_logging.h
.. ../wiring/inc/spark_wiring_arduino.h
Multiple include guards may be useful for:
../services/inc/panic_codes.h
../wiring/inc/spark_wiring_fuel.h
../wiring/inc/spark_wiring_power.h
. /home/elco/repos/firmware/app/brewblox/AppTicks.h
.. /home/elco/repos/firmware/app/brewblox/blox/TicksBlock.h
... /home/elco/repos/firmware/lib/inc/Ticks.h
.... /home/elco/repos/firmware/lib/inc/TicksTypes.h
... /home/elco/repos/firmware/app/brewblox/blox/Block.h
.... /home/elco/repos/firmware/controlbox/src/cbox/ObjectBase.h
..... /home/elco/repos/firmware/controlbox/src/cbox/Object.h
...... /home/elco/repos/firmware/controlbox/src/cbox/CboxError.h
...... /home/elco/repos/firmware/controlbox/src/cbox/DataStream.h
...... /home/elco/repos/firmware/controlbox/src/cbox/ObjectIds.h
.... ../nanopb/nanopb/pb.h
... /home/elco/repos/firmware/app/brewblox/proto/cpp/Ticks.pb.h
.... /home/elco/repos/firmware/app/brewblox/proto/cpp/brewblox.pb.h
.. /home/elco/repos/firmware/controlbox/src/cbox/spark/ConnectionsTcp.h
... /home/elco/repos/firmware/controlbox/src/cbox/spark/../Connections.h
.... /home/elco/repos/firmware/controlbox/src/cbox/spark/../CompositeDataStream.h
.... /home/elco/repos/firmware/controlbox/src/cbox/spark/../DataStreamConverters.h
... ../wiring/inc/spark_wiring_tcpclient.h
.... ../system/inc/system_network.h
..... ../hal/inc/inet_hal.h
...... ../services/inc/static_assert.h
..... ../hal/inc/wlan_hal.h
...... ../services/inc/debug.h
....... ../services/inc/service_debug.h
........ ../services/inc/logging.h
......... ../services/inc/panic.h
.......... ../services/inc/panic_codes.h
......... ../services/inc/config.h
......... ../services/inc/preprocessor.h
...... ../hal/inc/inet_hal.h
...... ../hal/inc/socket_hal.h
....... ../services/inc/debug.h
....... ../hal/shared/system_tick_hal.h
...... ../hal/inc/timer_hal.h
...... ../hal/inc/net_hal.h
..... ../services/inc/spark_macros.h
.... ../wiring/inc/spark_wiring_client.h
..... ../wiring/inc/spark_wiring_print.h
...... ../wiring/inc/spark_wiring_string.h
....... ../wiring/inc/spark_wiring_print.h
....... ../wiring/inc/spark_wiring_printable.h
..... ../wiring/inc/spark_wiring_stream.h
..... ../wiring/inc/spark_wiring_ipaddress.h
.... ../hal/inc/socket_hal.h
... ../wiring/inc/spark_wiring_tcpserver.h
.... ../wiring/inc/spark_wiring.h
..... ../hal/inc/pinmap_hal.h
..... ../hal/inc/gpio_hal.h
...... ../hal/inc/pinmap_hal.h
..... ../hal/inc/adc_hal.h
..... ../hal/inc/dac_hal.h
..... ../hal/inc/pwm_hal.h
..... ../hal/inc/rng_hal.h
..... ../services/inc/config.h
..... ../services/inc/debug.h
..... ../wiring/inc/spark_wiring_constants.h
..... ../wiring/inc/spark_wiring_cellular_printable.h
...... ../wiring/inc/spark_wiring_platform.h
....... ../platform/shared/inc/platforms.h
...... ../wiring/inc/spark_wiring_signal.h
..... ../wiring/inc/spark_wiring_wifi.h
...... ../wiring/inc/spark_wiring_network.h
...... ../wiring/inc/spark_wiring_wifi_credentials.h
....... ../wiring/inc/spark_wiring_vector.h
..... ../wiring/inc/spark_wiring_cellular.h
..... ../wiring/inc/spark_wiring_character.h
..... ../wiring/inc/spark_wiring_random.h
..... ../wiring/inc/spark_wiring_system.h
...... ../wiring/inc/spark_wiring_ticks.h
....... ../hal/inc/timer_hal.h
....... ../hal/inc/delay_hal.h
...... ../wiring/inc/spark_wiring_version.h
....... ../communication/src/spark_protocol_functions.h
........ ../communication/src/spark_descriptor.h
......... ../services/inc/appender.h
......... ../communication/src/events.h
........ ../communication/src/dsakeygen.h
........ ../communication/src/eckeygen.h
........ ../communication/src/file_transfer.h
........ ../communication/src/protocol_selector.h
......... ../hal/inc/hal_platform.h
........ ../communication/src/protocol_defs.h
......... ../services/inc/system_error.h
........ ../services/inc/completion_handler.h
......... ../services/inc/system_error.h
......... ../wiring/inc/spark_wiring_vector.h
...... ../system/inc/system_mode.h
...... ../system/inc/system_update.h
...... ../system/inc/system_sleep.h
....... ../hal/inc/interrupts_hal.h
........ ../hal/inc/hal_irq_flag.h
...... ../system/inc/system_cloud.h
....... ../wiring/inc/spark_wiring_string.h
...... ../system/inc/system_event.h
...... ../hal/inc/core_hal.h
....... ../hal/inc/watchdog_hal.h
....... ../hal/inc/core_subsys_hal.h
....... ../hal/inc/interrupts_hal.h
...... ../system/inc/system_user.h
...... ../system/inc/system_version.h
...... ../wiring/inc/spark_wiring_flags.h
..... ../wiring/inc/spark_wiring_cloud.h
...... ../communication/src/events.h
...... ../wiring/inc/spark_wiring_watchdog.h
....... ../wiring/inc/spark_wiring_thread.h
...... ../wiring/inc/spark_wiring_async.h
....... ../wiring/inc/spark_wiring_error.h
....... ../system/inc/system_task.h
...... ../wiring/inc/spark_wiring_global.h
..... ../wiring/inc/spark_wiring_rgb.h
...... ../services/inc/rgbled.h
... ../wiring/inc/spark_wiring_wifi.h
.. /home/elco/repos/firmware/platform/wiring/TicksWiring.h
.. /home/elco/repos/firmware/lib/inc/OneWireNull.h
... /home/elco/repos/firmware/lib/inc/OneWireLowLevelInterface.h
.. /home/elco/repos/firmware/app/brewblox/test/MockOneWireScanningFactory.h
... /home/elco/repos/firmware/lib/inc/OneWire.h
... /home/elco/repos/firmware/lib/inc/OneWireAddress.h
... /home/elco/repos/firmware/lib/inc/OneWireDevice.h
... /home/elco/repos/firmware/app/brewblox/blox/TempSensorOneWireBlock.h
.... /home/elco/repos/firmware/lib/inc/TempSensorOneWire.h
..... /home/elco/repos/firmware/lib/inc/DallasTemperature.h
..... /home/elco/repos/firmware/lib/inc/TempSensor.h
...... /home/elco/repos/firmware/lib/inc/Temperature.h
....... /home/elco/repos/firmware/lib/inc/FixedPoint.h
........ /home/elco/repos/firmware/lib/inc/../cnl/include/cnl/_impl/fixed_point/constants.h
......... /home/elco/repos/firmware/lib/inc/../cnl/include/cnl/_impl/fixed_point/type.h
.......... /home/elco/repos/firmware/lib/inc/../cnl/include/cnl/_impl/fixed_point/../power.h
........... /home/elco/repos/firmware/lib/inc/../cnl/include/cnl/_impl/fixed_point/../../constant.h
............ /home/elco/repos/firmware/lib/inc/../cnl/include/cnl/_impl/fixed_point/../../limits.h
............. /home/elco/repos/firmware/lib/inc/../cnl/include/cnl/_impl/fixed_point/../../cstdint.h
.............. /home/elco/repos/firmware/lib/inc/../cnl/include/cnl/_impl/fixed_point/../../_impl/common.h
............... /home/elco/repos/firmware/lib/inc/../cnl/include/cnl/_impl/fixed_point/../../_impl/config.h
.............. /home/elco/repos/firmware/lib/inc/../cnl/include/cnl/_impl/fixed_point/../../_impl/config.h
.......... /home/elco/repos/firmware/lib/inc/../cnl/include/cnl/_impl/fixed_point/../num_traits/width.h
........... /home/elco/repos/firmware/lib/inc/../cnl/include/cnl/_impl/fixed_point/../num_traits/../type_traits/is_signed.h
............ /home/elco/repos/firmware/lib/inc/../cnl/include/cnl/_impl/fixed_point/../num_traits/../type_traits/../../cstdint.h
............ /home/elco/repos/firmware/lib/inc/../cnl/include/cnl/_impl/fixed_point/../num_traits/../type_traits/../num_traits/is_composite.h
............ /home/elco/repos/firmware/lib/inc/../cnl/include/cnl/_impl/fixed_point/../num_traits/../type_traits/../num_traits/to_rep.h
............. /home/elco/repos/firmware/lib/inc/../cnl/include/cnl/_impl/fixed_point/../num_traits/../type_traits/../num_traits/../type_traits/remove_cvref.h
............. /home/elco/repos/firmware/lib/inc/../cnl/include/cnl/_impl/fixed_point/../num_traits/../type_traits/../num_traits/../type_traits/enable_if.h
............. /home/elco/repos/firmware/lib/inc/../cnl/include/cnl/_impl/fixed_point/../num_traits/../type_traits/../num_traits/../type_traits/is_integral.h
.............. /home/elco/repos/firmware/lib/inc/../cnl/include/cnl/_impl/fixed_point/../num_traits/../type_traits/../num_traits/../type_traits/../../cstdint.h
.............. /home/elco/repos/firmware/lib/inc/../cnl/include/cnl/_impl/fixed_point/../num_traits/../type_traits/../num_traits/../type_traits/../config.h
............. /home/elco/repos/firmware/lib/inc/../cnl/include/cnl/_impl/fixed_point/../num_traits/../type_traits/../num_traits/../../constant.h
............ /home/elco/repos/firmware/lib/inc/../cnl/include/cnl/_impl/fixed_point/../num_traits/../type_traits/enable_if.h
............ /home/elco/repos/firmware/lib/inc/../cnl/include/cnl/_impl/fixed_point/../num_traits/../type_traits/../../constant.h
........... /home/elco/repos/firmware/lib/inc/../cnl/include/cnl/_impl/fixed_point/../num_traits/digits.h
............ /home/elco/repos/firmware/lib/inc/../cnl/include/cnl/_impl/fixed_point/../num_traits/../../constant.h
............ /home/elco/repos/firmware/lib/inc/../cnl/include/cnl/_impl/fixed_point/../num_traits/../../cstdint.h
............ /home/elco/repos/firmware/lib/inc/../cnl/include/cnl/_impl/fixed_point/../num_traits/../used_digits.h
............ /home/elco/repos/firmware/lib/inc/../cnl/include/cnl/_impl/fixed_point/../num_traits/../type_traits/enable_if.h
............ /home/elco/repos/firmware/lib/inc/../cnl/include/cnl/_impl/fixed_point/../num_traits/is_composite.h
........... /home/elco/repos/firmware/lib/inc/../cnl/include/cnl/_impl/fixed_point/../num_traits/set_digits.h
............ /home/elco/repos/firmware/lib/inc/../cnl/include/cnl/_impl/fixed_point/../num_traits/../type_traits/is_integral.h
.......... /home/elco/repos/firmware/lib/inc/../cnl/include/cnl/_impl/fixed_point/../number_base.h
........... /home/elco/repos/firmware/lib/inc/../cnl/include/cnl/_impl/fixed_point/../num_traits/from_rep.h
........... /home/elco/repos/firmware/lib/inc/../cnl/include/cnl/_impl/fixed_point/../num_traits/from_value.h
............ /home/elco/repos/firmware/lib/inc/../cnl/include/cnl/_impl/fixed_point/../num_traits/../type_traits/make_signed.h
............. /home/elco/repos/firmware/lib/inc/../cnl/include/cnl/_impl/fixed_point/../num_traits/../type_traits/../type_traits/enable_if.h
............. /home/elco/repos/firmware/lib/inc/../cnl/include/cnl/_impl/fixed_point/../num_traits/../type_traits/../num_traits/from_rep.h
............. /home/elco/repos/firmware/lib/inc/../cnl/include/cnl/_impl/fixed_point/../num_traits/../type_traits/../type_traits/type_identity.h
........... /home/elco/repos/firmware/lib/inc/../cnl/include/cnl/_impl/fixed_point/../num_traits/is_composite.h
........... /home/elco/repos/firmware/lib/inc/../cnl/include/cnl/_impl/fixed_point/../num_traits/scale.h
............ /home/elco/repos/firmware/lib/inc/../cnl/include/cnl/_impl/fixed_point/../num_traits/../power.h
........... /home/elco/repos/firmware/lib/inc/../cnl/include/cnl/_impl/fixed_point/../num_traits/to_rep.h
........... /home/elco/repos/firmware/lib/inc/../cnl/include/cnl/_impl/fixed_point/../operators.h
............ /home/elco/repos/firmware/lib/inc/../cnl/include/cnl/_impl/fixed_point/../../limits.h
............ /home/elco/repos/firmware/lib/inc/../cnl/include/cnl/_impl/fixed_point/../type_traits/enable_if.h
............ /home/elco/repos/firmware/lib/inc/../cnl/include/cnl/_impl/fixed_point/../type_traits/type_identity.h
.......... /home/elco/repos/firmware/lib/inc/../cnl/include/cnl/_impl/fixed_point/../../constant.h
.......... /home/elco/repos/firmware/lib/inc/../cnl/include/cnl/_impl/fixed_point/../../numeric.h
........... /home/elco/repos/firmware/lib/inc/../cnl/include/cnl/_impl/fixed_point/../../bit.h
............ /home/elco/repos/firmware/lib/inc/../cnl/include/cnl/_impl/fixed_point/../../_impl/num_traits/digits.h
............ /home/elco/repos/firmware/lib/inc/../cnl/include/cnl/_impl/fixed_point/../../_impl/type_traits/is_signed.h
............ /home/elco/repos/firmware/lib/inc/../cnl/include/cnl/_impl/fixed_point/../../_impl/type_traits/make_unsigned.h
............. /home/elco/repos/firmware/lib/inc/../cnl/include/cnl/_impl/fixed_point/../../_impl/type_traits/enable_if.h
............. /home/elco/repos/firmware/lib/inc/../cnl/include/cnl/_impl/fixed_point/../../_impl/type_traits/../num_traits/is_composite.h
............. /home/elco/repos/firmware/lib/inc/../cnl/include/cnl/_impl/fixed_point/../../_impl/type_traits/../num_traits/to_rep.h
............. /home/elco/repos/firmware/lib/inc/../cnl/include/cnl/_impl/fixed_point/../../_impl/type_traits/../num_traits/from_rep.h
............. /home/elco/repos/firmware/lib/inc/../cnl/include/cnl/_impl/fixed_point/../../_impl/type_traits/../type_traits/type_identity.h
........... /home/elco/repos/firmware/lib/inc/../cnl/include/cnl/_impl/fixed_point/../../_impl/num_traits/unwrap.h
............ /home/elco/repos/firmware/lib/inc/../cnl/include/cnl/_impl/fixed_point/../../_impl/num_traits/../type_traits/enable_if.h
............ /home/elco/repos/firmware/lib/inc/../cnl/include/cnl/_impl/fixed_point/../../_impl/num_traits/is_composite.h
............ /home/elco/repos/firmware/lib/inc/../cnl/include/cnl/_impl/fixed_point/../../_impl/num_traits/to_rep.h
........... /home/elco/repos/firmware/lib/inc/../cnl/include/cnl/_impl/fixed_point/../../_impl/used_digits.h
.......... /home/elco/repos/firmware/lib/inc/../cnl/include/cnl/_impl/fixed_point/declaration.h
........... /home/elco/repos/firmware/lib/inc/../cnl/include/cnl/_impl/fixed_point/../../limits.h
.......... /home/elco/repos/firmware/lib/inc/../cnl/include/cnl/_impl/fixed_point/is_fixed_point.h
......... /home/elco/repos/firmware/lib/inc/../cnl/include/cnl/_impl/fixed_point/../used_digits.h
........ /home/elco/repos/firmware/lib/inc/../cnl/include/cnl/_impl/fixed_point/convert.h
......... /home/elco/repos/firmware/lib/inc/../cnl/include/cnl/_impl/fixed_point/../rounding/convert.h
.......... /home/elco/repos/firmware/lib/inc/../cnl/include/cnl/_impl/fixed_point/../rounding/../../limits.h
.......... /home/elco/repos/firmware/lib/inc/../cnl/include/cnl/_impl/fixed_point/../rounding/../native_tag.h
........... /home/elco/repos/firmware/lib/inc/../cnl/include/cnl/_impl/fixed_point/../rounding/../type_traits/make_unsigned.h
........... /home/elco/repos/firmware/lib/inc/../cnl/include/cnl/_impl/fixed_point/../rounding/../operators.h
.......... /home/elco/repos/firmware/lib/inc/../cnl/include/cnl/_impl/fixed_point/../rounding/../type_traits/enable_if.h
.......... /home/elco/repos/firmware/lib/inc/../cnl/include/cnl/_impl/fixed_point/../rounding/rounding_tag.h
......... /home/elco/repos/firmware/lib/inc/../cnl/include/cnl/_impl/fixed_point/../rounding/rounding_tag.h
......... /home/elco/repos/firmware/lib/inc/../cnl/include/cnl/_impl/fixed_point/../type_traits/enable_if.h
......... /home/elco/repos/firmware/lib/inc/../cnl/include/cnl/_impl/fixed_point/from_rep.h
.......... /home/elco/repos/firmware/lib/inc/../cnl/include/cnl/_impl/fixed_point/../num_traits/from_rep.h
........ /home/elco/repos/firmware/lib/inc/../cnl/include/cnl/_impl/fixed_point/declaration.h
........ /home/elco/repos/firmware/lib/inc/../cnl/include/cnl/_impl/fixed_point/extras.h
......... /home/elco/repos/firmware/lib/inc/../cnl/include/cnl/_impl/fixed_point/../cmath/abs.h
.......... /home/elco/repos/firmware/lib/inc/../cnl/include/cnl/_impl/fixed_point/../cmath/../type_traits/is_signed.h
.......... /home/elco/repos/firmware/lib/inc/../cnl/include/cnl/_impl/fixed_point/../cmath/../type_traits/enable_if.h
......... /home/elco/repos/firmware/lib/inc/../cnl/include/cnl/_impl/fixed_point/../config.h
......... /home/elco/repos/firmware/lib/inc/../cnl/include/cnl/_impl/fixed_point/../num_traits/fixed_width_scale.h
.......... /home/elco/repos/firmware/lib/inc/../cnl/include/cnl/_impl/fixed_point/../num_traits/scale.h
......... /home/elco/repos/firmware/lib/inc/../cnl/include/cnl/_impl/fixed_point/../num_traits/unwrap.h
......... /home/elco/repos/firmware/lib/inc/../cnl/include/cnl/_impl/fixed_point/../unreachable.h
.......... /home/elco/repos/firmware/lib/inc/../cnl/include/cnl/_impl/fixed_point/../config.h
.......... /home/elco/repos/firmware/lib/inc/../cnl/include/cnl/_impl/fixed_point/../terminate.h
........ /home/elco/repos/firmware/lib/inc/../cnl/include/cnl/_impl/fixed_point/from_rep.h
........ /home/elco/repos/firmware/lib/inc/../cnl/include/cnl/_impl/fixed_point/is_fixed_point.h
........ /home/elco/repos/firmware/lib/inc/../cnl/include/cnl/_impl/fixed_point/named.h
......... /home/elco/repos/firmware/lib/inc/../cnl/include/cnl/_impl/fixed_point/../common.h
......... /home/elco/repos/firmware/lib/inc/../cnl/include/cnl/_impl/fixed_point/num_traits.h
........ /home/elco/repos/firmware/lib/inc/../cnl/include/cnl/_impl/fixed_point/operators.h
........ /home/elco/repos/firmware/lib/inc/../cnl/include/cnl/_impl/fixed_point/to_chars.h
......... /home/elco/repos/firmware/lib/inc/../cnl/include/cnl/_impl/fixed_point/../../rounding_integer.h
.......... /home/elco/repos/firmware/lib/inc/../cnl/include/cnl/_impl/fixed_point/../../_impl/num_traits/fixed_width_scale.h
.......... /home/elco/repos/firmware/lib/inc/../cnl/include/cnl/_impl/fixed_point/../../_impl/number_base.h
.......... /home/elco/repos/firmware/lib/inc/../cnl/include/cnl/_impl/fixed_point/../../_impl/rounding.h
........... /home/elco/repos/firmware/lib/inc/../cnl/include/cnl/_impl/fixed_point/../../_impl/native_tag.h
........... /home/elco/repos/firmware/lib/inc/../cnl/include/cnl/_impl/fixed_point/../../_impl/rounding/convert.h
........... /home/elco/repos/firmware/lib/inc/../cnl/include/cnl/_impl/fixed_point/../../_impl/rounding/rounding_tag.h
........... /home/elco/repos/firmware/lib/inc/../cnl/include/cnl/_impl/fixed_point/../../_impl/operators.h
........... /home/elco/repos/firmware/lib/inc/../cnl/include/cnl/_impl/fixed_point/../../_impl/num_traits/from_value.h
........... /home/elco/repos/firmware/lib/inc/../cnl/include/cnl/_impl/fixed_point/../../_impl/num_traits/unwrap.h
.......... /home/elco/repos/firmware/lib/inc/../cnl/include/cnl/_impl/fixed_point/../../_impl/type_traits/common_type.h
........ /home/elco/repos/firmware/lib/inc/../cnl/include/cnl/_impl/fixed_point/type.h
........ /home/elco/repos/firmware/lib/inc/../cnl/include/cnl/elastic_integer.h
......... /home/elco/repos/firmware/lib/inc/../cnl/include/cnl/constant.h
......... /home/elco/repos/firmware/lib/inc/../cnl/include/cnl/_impl/limits/lowest.h
......... /home/elco/repos/firmware/lib/inc/../cnl/include/cnl/_impl/num_traits/adopt.h
.......... /home/elco/repos/firmware/lib/inc/../cnl/include/cnl/_impl/num_traits/adopt_digits.h
........... /home/elco/repos/firmware/lib/inc/../cnl/include/cnl/_impl/num_traits/digits.h
........... /home/elco/repos/firmware/lib/inc/../cnl/include/cnl/_impl/num_traits/set_digits.h
.......... /home/elco/repos/firmware/lib/inc/../cnl/include/cnl/_impl/num_traits/adopt_signedness.h
........... /home/elco/repos/firmware/lib/inc/../cnl/include/cnl/_impl/num_traits/../type_traits/is_signed.h
........... /home/elco/repos/firmware/lib/inc/../cnl/include/cnl/_impl/num_traits/../type_traits/set_signedness.h
............ /home/elco/repos/firmware/lib/inc/../cnl/include/cnl/_impl/num_traits/../type_traits/make_signed.h
............ /home/elco/repos/firmware/lib/inc/../cnl/include/cnl/_impl/num_traits/../type_traits/make_unsigned.h
......... /home/elco/repos/firmware/lib/inc/../cnl/include/cnl/_impl/num_traits/adopt_signedness.h
......... /home/elco/repos/firmware/lib/inc/../cnl/include/cnl/_impl/num_traits/fixed_width_scale.h
......... /home/elco/repos/firmware/lib/inc/../cnl/include/cnl/_impl/num_traits/width.h
......... /home/elco/repos/firmware/lib/inc/../cnl/include/cnl/_impl/number_base.h
......... /home/elco/repos/firmware/lib/inc/../cnl/include/cnl/_impl/type_traits/common_type.h
......... /home/elco/repos/firmware/lib/inc/../cnl/include/cnl/_impl/type_traits/is_signed.h
......... /home/elco/repos/firmware/lib/inc/../cnl/include/cnl/_impl/type_traits/make_signed.h
......... /home/elco/repos/firmware/lib/inc/../cnl/include/cnl/_impl/type_traits/set_signedness.h
........ /home/elco/repos/firmware/lib/inc/../cnl/include/cnl/num_traits.h
......... /home/elco/repos/firmware/lib/inc/../cnl/include/cnl/_impl/num_traits/digits.h
......... /home/elco/repos/firmware/lib/inc/../cnl/include/cnl/_impl/num_traits/from_rep.h
......... /home/elco/repos/firmware/lib/inc/../cnl/include/cnl/_impl/num_traits/from_value.h
......... /home/elco/repos/firmware/lib/inc/../cnl/include/cnl/_impl/num_traits/is_composite.h
......... /home/elco/repos/firmware/lib/inc/../cnl/include/cnl/_impl/num_traits/set_digits.h
......... /home/elco/repos/firmware/lib/inc/../cnl/include/cnl/_impl/num_traits/scale.h
......... /home/elco/repos/firmware/lib/inc/../cnl/include/cnl/_impl/num_traits/to_rep.h
......... /home/elco/repos/firmware/lib/inc/../cnl/include/cnl/_impl/num_traits/unwrap.h
......... /home/elco/repos/firmware/lib/inc/../cnl/include/cnl/_impl/num_traits/wrap.h
.......... /home/elco/repos/firmware/lib/inc/../cnl/include/cnl/_impl/num_traits/../type_traits/enable_if.h
.......... /home/elco/repos/firmware/lib/inc/../cnl/include/cnl/_impl/num_traits/is_composite.h
.......... /home/elco/repos/firmware/lib/inc/../cnl/include/cnl/_impl/num_traits/to_rep.h
........ /home/elco/repos/firmware/lib/inc/../cnl/include/cnl/overflow_integer.h
......... /home/elco/repos/firmware/lib/inc/../cnl/include/cnl/overflow.h
.......... /home/elco/repos/firmware/lib/inc/../cnl/include/cnl/_impl/overflow/common.h
........... /home/elco/repos/firmware/lib/inc/../cnl/include/cnl/_impl/overflow/../../limits.h
........... /home/elco/repos/firmware/lib/inc/../cnl/include/cnl/_impl/overflow/../../numeric.h
........... /home/elco/repos/firmware/lib/inc/../cnl/include/cnl/_impl/overflow/../native_tag.h
........... /home/elco/repos/firmware/lib/inc/../cnl/include/cnl/_impl/overflow/../num_traits/digits.h
........... /home/elco/repos/firmware/lib/inc/../cnl/include/cnl/_impl/overflow/../operators.h
........... /home/elco/repos/firmware/lib/inc/../cnl/include/cnl/_impl/overflow/../type_traits/is_signed.h
.......... /home/elco/repos/firmware/lib/inc/../cnl/include/cnl/_impl/overflow/native.h
.......... /home/elco/repos/firmware/lib/inc/../cnl/include/cnl/_impl/overflow/saturated.h
........... /home/elco/repos/firmware/lib/inc/../cnl/include/cnl/_impl/overflow/common.h
........... /home/elco/repos/firmware/lib/inc/../cnl/include/cnl/_impl/overflow/../terminate.h
.......... /home/elco/repos/firmware/lib/inc/../cnl/include/cnl/_impl/overflow/throwing.h
........... /home/elco/repos/firmware/lib/inc/../cnl/include/cnl/_impl/overflow/../throw_exception.h
............ /home/elco/repos/firmware/lib/inc/../cnl/include/cnl/_impl/overflow/../config.h
............ /home/elco/repos/firmware/lib/inc/../cnl/include/cnl/_impl/overflow/../terminate.h
.......... /home/elco/repos/firmware/lib/inc/../cnl/include/cnl/_impl/overflow/trapping.h
.......... /home/elco/repos/firmware/lib/inc/../cnl/include/cnl/_impl/overflow/undefined.h
........... /home/elco/repos/firmware/lib/inc/../cnl/include/cnl/_impl/overflow/../unreachable.h
......... /home/elco/repos/firmware/lib/inc/../cnl/include/cnl/_impl/native_tag.h
......... /home/elco/repos/firmware/lib/inc/../cnl/include/cnl/_impl/operators.h
......... /home/elco/repos/firmware/lib/inc/../cnl/include/cnl/_impl/type_traits/identical.h
........ /home/elco/repos/firmware/lib/inc/../cnl/include/cnl/rounding_integer.h
.... /home/elco/repos/firmware/app/brewblox/proto/cpp/TempSensorOneWire.pb.h
... /home/elco/repos/firmware/controlbox/src/cbox/ObjectContainer.h
.... /home/elco/repos/firmware/controlbox/src/cbox/ContainedObject.h
..... /home/elco/repos/firmware/controlbox/src/cbox/InactiveObject.h
... /home/elco/repos/firmware/controlbox/src/cbox/ScanningFactory.h
. /home/elco/repos/firmware/platform/spark/modules/Board/Board.h
. /home/elco/repos/firmware/app/brewblox/BrewBlox.h
.. /home/elco/repos/firmware/controlbox/src/cbox/Box.h
... /home/elco/repos/firmware/controlbox/src/cbox/CboxPtr.h
... /home/elco/repos/firmware/controlbox/src/cbox/EepromObjectStorage.h
.... /home/elco/repos/firmware/controlbox/src/cbox/DataStreamEeprom.h
..... /home/elco/repos/firmware/controlbox/src/cbox/EepromAccess.h
.... /home/elco/repos/firmware/controlbox/src/cbox/EepromLayout.h
.... /home/elco/repos/firmware/controlbox/src/cbox/ObjectStorage.h
... /home/elco/repos/firmware/controlbox/src/cbox/ObjectFactory.h
. /home/elco/repos/firmware/platform/spark/modules/Buzzer/Buzzer.h
. /home/elco/repos/firmware/platform/spark/modules/mdns/src/MDNS.h
.. ./inc/application.h
... ../wiring/inc/spark_wiring.h
... ../wiring/inc/spark_wiring_interrupts.h
... ../wiring/inc/spark_wiring_power.h
.... ../wiring/inc/spark_wiring_i2c.h
..... ../hal/inc/i2c_hal.h
... ../wiring/inc/spark_wiring_fuel.h
... ../wiring/inc/spark_wiring_print.h
... ../wiring/inc/spark_wiring_usartserial.h
.... ../hal/inc/usart_hal.h
... ../wiring/inc/spark_wiring_can.h
.... ../hal/inc/can_hal.h
... ../wiring/inc/spark_wiring_usbserial.h
.... ../hal/inc/usb_hal.h
..... ../hal/inc/usb_config_hal.h
.... ../wiring/inc/spark_wiring_startup.h
... ../wiring/inc/spark_wiring_usbmouse.h
.... ../hal/inc/usb_config_hal.h
... ../wiring/inc/spark_wiring_usbkeyboard.h
... ../wiring/inc/spark_wiring_spi.h
.... ../hal/inc/spi_hal.h
... ../wiring/inc/spark_wiring_i2c.h
... ../wiring/inc/spark_wiring_servo.h
... ../wiring/inc/spark_wiring_network.h
... ../wiring/inc/spark_wiring_client.h
... ../wiring/inc/spark_wiring_timer.h
... ../wiring/inc/spark_wiring_udp.h
... ../wiring/inc/spark_wiring_time.h
... ../wiring/inc/spark_wiring_tone.h
... ../wiring/inc/spark_wiring_eeprom.h
.... ../hal/inc/eeprom_hal.h
... ../wiring/inc/spark_wiring_version.h
... ../wiring/inc/spark_wiring_thread.h
... ../wiring/inc/spark_wiring_logging.h
.... ../services/inc/logging.h
.... ../wiring/inc/spark_wiring_json.h
..... ../services/inc/jsmn.h
.... ../system/inc/system_control.h
... ../wiring/inc/spark_wiring_json.h
... ../wiring/inc/spark_wiring_async.h
... ../wiring/inc/spark_wiring_error.h
... ../wiring/inc/spark_wiring_led.h
.... ../system/inc/system_led_signal.h
..... ../services/inc/led_service.h
...... ../services/inc/rgbled.h
... ../wiring/inc/spark_wiring_diagnostics.h
.... ../wiring/inc/spark_wiring_interrupts.h
.... ../services/inc/diagnostics.h
.... ../services/inc/combine_hash.h
.... ../services/inc/underlying_type.h
.... ../services/inc/debug.h
... ../wiring/inc/fast_pin.h
... ../wiring/inc/string_convert.h
... ../wiring/inc/debug_output_handler.h
.... ../wiring/inc/spark_wiring_usartserial.h
.... ../wiring/inc/spark_wiring_usbserial.h
.... ../wiring/inc/spark_wiring_logging.h
... ../wiring/inc/spark_wiring_arduino.h
.. /home/elco/repos/firmware/platform/spark/modules/mdns/src/Buffer.h
.. /home/elco/repos/firmware/platform/spark/modules/mdns/src/Label.h
... /home/elco/repos/firmware/platform/spark/modules/mdns/src/Buffer.h
... /home/elco/repos/firmware/platform/spark/modules/mdns/src/Record.h
.... /home/elco/repos/firmware/platform/spark/modules/mdns/src/Buffer.h
.. /home/elco/repos/firmware/platform/spark/modules/mdns/src/Record.h
. /home/elco/repos/firmware/app/brewblox/display/d4d.hpp
.. /home/elco/repos/firmware/platform/spark/modules/eGUI/D4D/d4d.h
... /home/elco/repos/firmware/platform/spark/modules/eGUI/D4D/d4d_user_cfg.h
.... /home/elco/repos/firmware/platform/spark/modules/eGUI/D4D/d4d_id.h
.... /home/elco/repos/firmware/app/brewblox/display/d4d_user_cfg_app.h
... /home/elco/repos/firmware/platform/spark/modules/eGUI/D4D/common_files/d4d_types.h
.... /home/elco/repos/firmware/platform/spark/modules/eGUI/D4D/common_files/d4d_scheme.h
... /home/elco/repos/firmware/platform/spark/modules/eGUI/D4D/common_files/d4d_base.h
... /home/elco/repos/firmware/platform/spark/modules/eGUI/D4D/common_files/d4d_string.h
.... /home/elco/repos/firmware/platform/spark/modules/eGUI/D4D/common_files/d4d_font.h
... /home/elco/repos/firmware/platform/spark/modules/eGUI/D4D/common_files/d4d_basic_draw.h
... /home/elco/repos/firmware/platform/spark/modules/eGUI/D4D/common_files/d4d_object.h
... /home/elco/repos/firmware/platform/spark/modules/eGUI/D4D/common_files/d4d_low.h
... /home/elco/repos/firmware/platform/spark/modules/eGUI/D4D/common_files/d4d_bmp.h
.... /home/elco/repos/firmware/platform/spark/modules/eGUI/D4D/common_files/d4d_imgdec_d4dint.h
.... /home/elco/repos/firmware/platform/spark/modules/eGUI/D4D/common_files/d4d_imgdec_d4d.h
.... /home/elco/repos/firmware/platform/spark/modules/eGUI/D4D/common_files/d4d_imgdec_bmp.h
... /home/elco/repos/firmware/platform/spark/modules/eGUI/D4D/common_files/d4d_extsrc.h
... /home/elco/repos/firmware/platform/spark/modules/eGUI/D4D/common_files/d4d_font.h
... /home/elco/repos/firmware/platform/spark/modules/eGUI/D4D/common_files/d4d_math.h
... /home/elco/repos/firmware/platform/spark/modules/eGUI/D4D/common_files/d4d_scheme.h
... /home/elco/repos/firmware/platform/spark/modules/eGUI/D4D/common_files/d4d_screen.h
... /home/elco/repos/firmware/platform/spark/modules/eGUI/D4D/common_files/d4d_mouse.h
... /home/elco/repos/firmware/platform/spark/modules/eGUI/D4D/graphic_objects/d4d_picture.h
... /home/elco/repos/firmware/platform/spark/modules/eGUI/D4D/graphic_objects/d4d_button.h
... /home/elco/repos/firmware/platform/spark/modules/eGUI/D4D/graphic_objects/d4d_check_box.h
... /home/elco/repos/firmware/platform/spark/modules/eGUI/D4D/graphic_objects/d4d_gauge.h
... /home/elco/repos/firmware/platform/spark/modules/eGUI/D4D/graphic_objects/d4d_slider.h
... /home/elco/repos/firmware/platform/spark/modules/eGUI/D4D/graphic_objects/d4d_label.h
... /home/elco/repos/firmware/platform/spark/modules/eGUI/D4D/graphic_objects/d4d_icon.h
... /home/elco/repos/firmware/platform/spark/modules/eGUI/D4D/graphic_objects/d4d_menu.h
... /home/elco/repos/firmware/platform/spark/modules/eGUI/D4D/graphic_objects/d4d_graph.h
... /home/elco/repos/firmware/platform/spark/modules/eGUI/D4D/graphic_objects/d4d_scroll_bar.h
... /home/elco/repos/firmware/platform/spark/modules/eGUI/D4D/graphic_objects/d4d_console.h
... /home/elco/repos/firmware/platform/spark/modules/eGUI/D4D/graphic_objects/d4d_text_box.h
... /home/elco/repos/firmware/platform/spark/modules/eGUI/D4D/graphic_objects/d4d_progress_bar.h
... /home/elco/repos/firmware/platform/spark/modules/eGUI/D4D/graphic_objects/d4d_radio_button.h
... /home/elco/repos/firmware/platform/spark/modules/eGUI/D4D/graphic_objects/d4d_group_box.h
... /home/elco/repos/firmware/platform/spark/modules/eGUI/D4D/graphic_objects/d4d_list_box.h
... /home/elco/repos/firmware/platform/spark/modules/eGUI/D4D/graphic_objects/d4d_edit_box.h
... /home/elco/repos/firmware/platform/spark/modules/eGUI/D4D/graphic_objects/d4d_combo_box.h
. /home/elco/repos/firmware/app/brewblox/display/screens/WidgetsScreen.h
.. /home/elco/repos/firmware/app/brewblox/display/screens/WidgetBase.h
... /home/elco/repos/firmware/app/brewblox/display/screens/WidgetWrapper.h
.... /home/elco/repos/firmware/app/brewblox/display/screens/SmallColorScheme.h
..... /home/elco/repos/firmware/app/brewblox/display/d4d.hpp
.... /home/elco/repos/firmware/app/brewblox/display/screens/screen.h
..... /home/elco/repos/firmware/app/brewblox/display/screens/../d4d.hpp
..... /home/elco/repos/firmware/app/brewblox/display/fonts/fonts.h
.. /home/elco/repos/firmware/app/brewblox/display/d4d.hpp
. /home/elco/repos/firmware/app/brewblox/display/screens/startup_screen.h
.. /home/elco/repos/firmware/app/brewblox/display/d4d.hpp
Multiple include guards may be useful for:
../services/inc/panic_codes.h
../wiring/inc/spark_wiring_fuel.h
../wiring/inc/spark_wiring_power.h
/home/elco/repos/firmware/app/brewblox/display/screens/../d4d.hpp
/home/elco/repos/firmware/app/brewblox/display/screens/WidgetsScreen.h
/home/elco/repos/firmware/app/brewblox/display/screens/startup_screen.h
/home/elco/repos/firmware/app/brewblox/test/MockOneWireScanningFactory.h
/home/elco/repos/firmware/controlbox/src/cbox/EepromLayout.h
/home/elco/repos/firmware/platform/spark/modules/eGUI/D4D/d4d_id.h
/home/elco/repos/firmware/platform/spark/modules/mdns/src/Label.h
/home/elco/repos/firmware/platform/spark/modules/mdns/src/MDNS.h
. /home/elco/repos/firmware/app/brewblox/AppTicks.h
.. /home/elco/repos/firmware/app/brewblox/blox/TicksBlock.h
... /home/elco/repos/firmware/lib/inc/Ticks.h
.... /home/elco/repos/firmware/lib/inc/TicksTypes.h
... /home/elco/repos/firmware/app/brewblox/blox/Block.h
.... /home/elco/repos/firmware/controlbox/src/cbox/ObjectBase.h
..... /home/elco/repos/firmware/controlbox/src/cbox/Object.h
...... /home/elco/repos/firmware/controlbox/src/cbox/CboxError.h
...... /home/elco/repos/firmware/controlbox/src/cbox/DataStream.h
...... /home/elco/repos/firmware/controlbox/src/cbox/ObjectIds.h
.... ../nanopb/nanopb/pb.h
... /home/elco/repos/firmware/app/brewblox/proto/cpp/Ticks.pb.h
.... /home/elco/repos/firmware/app/brewblox/proto/cpp/brewblox.pb.h
.. /home/elco/repos/firmware/controlbox/src/cbox/spark/ConnectionsTcp.h
... /home/elco/repos/firmware/controlbox/src/cbox/spark/../Connections.h
.... /home/elco/repos/firmware/controlbox/src/cbox/spark/../CompositeDataStream.h
.... /home/elco/repos/firmware/controlbox/src/cbox/spark/../DataStreamConverters.h
... ../wiring/inc/spark_wiring_tcpclient.h
.... ../system/inc/system_network.h
..... ../hal/inc/inet_hal.h
...... ../services/inc/static_assert.h
..... ../hal/inc/wlan_hal.h
...... ../services/inc/debug.h
....... ../services/inc/service_debug.h
........ ../services/inc/logging.h
......... ../services/inc/panic.h
.......... ../services/inc/panic_codes.h
......... ../services/inc/config.h
......... ../services/inc/preprocessor.h
...... ../hal/inc/inet_hal.h
...... ../hal/inc/socket_hal.h
....... ../services/inc/debug.h
....... ../hal/shared/system_tick_hal.h
...... ../hal/inc/timer_hal.h
...... ../hal/inc/net_hal.h
..... ../services/inc/spark_macros.h
.... ../wiring/inc/spark_wiring_client.h
..... ../wiring/inc/spark_wiring_print.h
...... ../wiring/inc/spark_wiring_string.h
....... ../wiring/inc/spark_wiring_print.h
....... ../wiring/inc/spark_wiring_printable.h
..... ../wiring/inc/spark_wiring_stream.h
..... ../wiring/inc/spark_wiring_ipaddress.h
.... ../hal/inc/socket_hal.h
... ../wiring/inc/spark_wiring_tcpserver.h
.... ../wiring/inc/spark_wiring.h
..... ../hal/inc/pinmap_hal.h
..... ../hal/inc/gpio_hal.h
...... ../hal/inc/pinmap_hal.h
..... ../hal/inc/adc_hal.h
..... ../hal/inc/dac_hal.h
..... ../hal/inc/pwm_hal.h
..... ../hal/inc/rng_hal.h
..... ../services/inc/config.h
..... ../services/inc/debug.h
..... ../wiring/inc/spark_wiring_constants.h
..... ../wiring/inc/spark_wiring_cellular_printable.h
...... ../wiring/inc/spark_wiring_platform.h
....... ../platform/shared/inc/platforms.h
...... ../wiring/inc/spark_wiring_signal.h
..... ../wiring/inc/spark_wiring_wifi.h
...... ../wiring/inc/spark_wiring_network.h
...... ../wiring/inc/spark_wiring_wifi_credentials.h
....... ../wiring/inc/spark_wiring_vector.h
..... ../wiring/inc/spark_wiring_cellular.h
..... ../wiring/inc/spark_wiring_character.h
..... ../wiring/inc/spark_wiring_random.h
..... ../wiring/inc/spark_wiring_system.h
...... ../wiring/inc/spark_wiring_ticks.h
....... ../hal/inc/timer_hal.h
....... ../hal/inc/delay_hal.h
...... ../wiring/inc/spark_wiring_version.h
....... ../communication/src/spark_protocol_functions.h
........ ../communication/src/spark_descriptor.h
......... ../services/inc/appender.h
......... ../communication/src/events.h
........ ../communication/src/dsakeygen.h
........ ../communication/src/eckeygen.h
........ ../communication/src/file_transfer.h
........ ../communication/src/protocol_selector.h
......... ../hal/inc/hal_platform.h
........ ../communication/src/protocol_defs.h
......... ../services/inc/system_error.h
........ ../services/inc/completion_handler.h
......... ../services/inc/system_error.h
......... ../wiring/inc/spark_wiring_vector.h
...... ../system/inc/system_mode.h
...... ../system/inc/system_update.h
...... ../system/inc/system_sleep.h
....... ../hal/inc/interrupts_hal.h
........ ../hal/inc/hal_irq_flag.h
...... ../system/inc/system_cloud.h
....... ../wiring/inc/spark_wiring_string.h
...... ../system/inc/system_event.h
...... ../hal/inc/core_hal.h
....... ../hal/inc/watchdog_hal.h
....... ../hal/inc/core_subsys_hal.h
....... ../hal/inc/interrupts_hal.h
...... ../system/inc/system_user.h
...... ../system/inc/system_version.h
...... ../wiring/inc/spark_wiring_flags.h
..... ../wiring/inc/spark_wiring_cloud.h
...... ../communication/src/events.h
...... ../wiring/inc/spark_wiring_watchdog.h
....... ../wiring/inc/spark_wiring_thread.h
...... ../wiring/inc/spark_wiring_async.h
....... ../wiring/inc/spark_wiring_error.h
....... ../system/inc/system_task.h
...... ../wiring/inc/spark_wiring_global.h
..... ../wiring/inc/spark_wiring_rgb.h
...... ../services/inc/rgbled.h
... ../wiring/inc/spark_wiring_wifi.h
.. /home/elco/repos/firmware/platform/wiring/TicksWiring.h
.. /home/elco/repos/firmware/lib/inc/OneWireNull.h
... /home/elco/repos/firmware/lib/inc/OneWireLowLevelInterface.h
.. /home/elco/repos/firmware/app/brewblox/test/MockOneWireScanningFactory.h
... /home/elco/repos/firmware/lib/inc/OneWire.h
... /home/elco/repos/firmware/lib/inc/OneWireAddress.h
... /home/elco/repos/firmware/lib/inc/OneWireDevice.h
... /home/elco/repos/firmware/app/brewblox/blox/TempSensorOneWireBlock.h
.... /home/elco/repos/firmware/lib/inc/TempSensorOneWire.h
..... /home/elco/repos/firmware/lib/inc/DallasTemperature.h
..... /home/elco/repos/firmware/lib/inc/TempSensor.h
...... /home/elco/repos/firmware/lib/inc/Temperature.h
....... /home/elco/repos/firmware/lib/inc/FixedPoint.h
........ /home/elco/repos/firmware/lib/inc/../cnl/include/cnl/_impl/fixed_point/constants.h
......... /home/elco/repos/firmware/lib/inc/../cnl/include/cnl/_impl/fixed_point/type.h
.......... /home/elco/repos/firmware/lib/inc/../cnl/include/cnl/_impl/fixed_point/../power.h
........... /home/elco/repos/firmware/lib/inc/../cnl/include/cnl/_impl/fixed_point/../../constant.h
............ /home/elco/repos/firmware/lib/inc/../cnl/include/cnl/_impl/fixed_point/../../limits.h
............. /home/elco/repos/firmware/lib/inc/../cnl/include/cnl/_impl/fixed_point/../../cstdint.h
.............. /home/elco/repos/firmware/lib/inc/../cnl/include/cnl/_impl/fixed_point/../../_impl/common.h
............... /home/elco/repos/firmware/lib/inc/../cnl/include/cnl/_impl/fixed_point/../../_impl/config.h
.............. /home/elco/repos/firmware/lib/inc/../cnl/include/cnl/_impl/fixed_point/../../_impl/config.h
.......... /home/elco/repos/firmware/lib/inc/../cnl/include/cnl/_impl/fixed_point/../num_traits/width.h
........... /home/elco/repos/firmware/lib/inc/../cnl/include/cnl/_impl/fixed_point/../num_traits/../type_traits/is_signed.h
............ /home/elco/repos/firmware/lib/inc/../cnl/include/cnl/_impl/fixed_point/../num_traits/../type_traits/../../cstdint.h
............ /home/elco/repos/firmware/lib/inc/../cnl/include/cnl/_impl/fixed_point/../num_traits/../type_traits/../num_traits/is_composite.h
............ /home/elco/repos/firmware/lib/inc/../cnl/include/cnl/_impl/fixed_point/../num_traits/../type_traits/../num_traits/to_rep.h
............. /home/elco/repos/firmware/lib/inc/../cnl/include/cnl/_impl/fixed_point/../num_traits/../type_traits/../num_traits/../type_traits/remove_cvref.h
............. /home/elco/repos/firmware/lib/inc/../cnl/include/cnl/_impl/fixed_point/../num_traits/../type_traits/../num_traits/../type_traits/enable_if.h
............. /home/elco/repos/firmware/lib/inc/../cnl/include/cnl/_impl/fixed_point/../num_traits/../type_traits/../num_traits/../type_traits/is_integral.h
.............. /home/elco/repos/firmware/lib/inc/../cnl/include/cnl/_impl/fixed_point/../num_traits/../type_traits/../num_traits/../type_traits/../../cstdint.h
.............. /home/elco/repos/firmware/lib/inc/../cnl/include/cnl/_impl/fixed_point/../num_traits/../type_traits/../num_traits/../type_traits/../config.h
............. /home/elco/repos/firmware/lib/inc/../cnl/include/cnl/_impl/fixed_point/../num_traits/../type_traits/../num_traits/../../constant.h
............ /home/elco/repos/firmware/lib/inc/../cnl/include/cnl/_impl/fixed_point/../num_traits/../type_traits/enable_if.h
............ /home/elco/repos/firmware/lib/inc/../cnl/include/cnl/_impl/fixed_point/../num_traits/../type_traits/../../constant.h
........... /home/elco/repos/firmware/lib/inc/../cnl/include/cnl/_impl/fixed_point/../num_traits/digits.h
............ /home/elco/repos/firmware/lib/inc/../cnl/include/cnl/_impl/fixed_point/../num_traits/../../constant.h
............ /home/elco/repos/firmware/lib/inc/../cnl/include/cnl/_impl/fixed_point/../num_traits/../../cstdint.h
............ /home/elco/repos/firmware/lib/inc/../cnl/include/cnl/_impl/fixed_point/../num_traits/../used_digits.h
............ /home/elco/repos/firmware/lib/inc/../cnl/include/cnl/_impl/fixed_point/../num_traits/../type_traits/enable_if.h
............ /home/elco/repos/firmware/lib/inc/../cnl/include/cnl/_impl/fixed_point/../num_traits/is_composite.h
........... /home/elco/repos/firmware/lib/inc/../cnl/include/cnl/_impl/fixed_point/../num_traits/set_digits.h
............ /home/elco/repos/firmware/lib/inc/../cnl/include/cnl/_impl/fixed_point/../num_traits/../type_traits/is_integral.h
.......... /home/elco/repos/firmware/lib/inc/../cnl/include/cnl/_impl/fixed_point/../number_base.h
........... /home/elco/repos/firmware/lib/inc/../cnl/include/cnl/_impl/fixed_point/../num_traits/from_rep.h
........... /home/elco/repos/firmware/lib/inc/../cnl/include/cnl/_impl/fixed_point/../num_traits/from_value.h
............ /home/elco/repos/firmware/lib/inc/../cnl/include/cnl/_impl/fixed_point/../num_traits/../type_traits/make_signed.h
............. /home/elco/repos/firmware/lib/inc/../cnl/include/cnl/_impl/fixed_point/../num_traits/../type_traits/../type_traits/enable_if.h
............. /home/elco/repos/firmware/lib/inc/../cnl/include/cnl/_impl/fixed_point/../num_traits/../type_traits/../num_traits/from_rep.h
............. /home/elco/repos/firmware/lib/inc/../cnl/include/cnl/_impl/fixed_point/../num_traits/../type_traits/../type_traits/type_identity.h
........... /home/elco/repos/firmware/lib/inc/../cnl/include/cnl/_impl/fixed_point/../num_traits/is_composite.h
........... /home/elco/repos/firmware/lib/inc/../cnl/include/cnl/_impl/fixed_point/../num_traits/scale.h
............ /home/elco/repos/firmware/lib/inc/../cnl/include/cnl/_impl/fixed_point/../num_traits/../power.h
........... /home/elco/repos/firmware/lib/inc/../cnl/include/cnl/_impl/fixed_point/../num_traits/to_rep.h
........... /home/elco/repos/firmware/lib/inc/../cnl/include/cnl/_impl/fixed_point/../operators.h
............ /home/elco/repos/firmware/lib/inc/../cnl/include/cnl/_impl/fixed_point/../../limits.h
............ /home/elco/repos/firmware/lib/inc/../cnl/include/cnl/_impl/fixed_point/../type_traits/enable_if.h
............ /home/elco/repos/firmware/lib/inc/../cnl/include/cnl/_impl/fixed_point/../type_traits/type_identity.h
.......... /home/elco/repos/firmware/lib/inc/../cnl/include/cnl/_impl/fixed_point/../../constant.h
.......... /home/elco/repos/firmware/lib/inc/../cnl/include/cnl/_impl/fixed_point/../../numeric.h
........... /home/elco/repos/firmware/lib/inc/../cnl/include/cnl/_impl/fixed_point/../../bit.h
............ /home/elco/repos/firmware/lib/inc/../cnl/include/cnl/_impl/fixed_point/../../_impl/num_traits/digits.h
............ /home/elco/repos/firmware/lib/inc/../cnl/include/cnl/_impl/fixed_point/../../_impl/type_traits/is_signed.h
............ /home/elco/repos/firmware/lib/inc/../cnl/include/cnl/_impl/fixed_point/../../_impl/type_traits/make_unsigned.h
............. /home/elco/repos/firmware/lib/inc/../cnl/include/cnl/_impl/fixed_point/../../_impl/type_traits/enable_if.h
............. /home/elco/repos/firmware/lib/inc/../cnl/include/cnl/_impl/fixed_point/../../_impl/type_traits/../num_traits/is_composite.h
............. /home/elco/repos/firmware/lib/inc/../cnl/include/cnl/_impl/fixed_point/../../_impl/type_traits/../num_traits/to_rep.h
............. /home/elco/repos/firmware/lib/inc/../cnl/include/cnl/_impl/fixed_point/../../_impl/type_traits/../num_traits/from_rep.h
............. /home/elco/repos/firmware/lib/inc/../cnl/include/cnl/_impl/fixed_point/../../_impl/type_traits/../type_traits/type_identity.h
........... /home/elco/repos/firmware/lib/inc/../cnl/include/cnl/_impl/fixed_point/../../_impl/num_traits/unwrap.h
............ /home/elco/repos/firmware/lib/inc/../cnl/include/cnl/_impl/fixed_point/../../_impl/num_traits/../type_traits/enable_if.h
............ /home/elco/repos/firmware/lib/inc/../cnl/include/cnl/_impl/fixed_point/../../_impl/num_traits/is_composite.h
............ /home/elco/repos/firmware/lib/inc/../cnl/include/cnl/_impl/fixed_point/../../_impl/num_traits/to_rep.h
........... /home/elco/repos/firmware/lib/inc/../cnl/include/cnl/_impl/fixed_point/../../_impl/used_digits.h
.......... /home/elco/repos/firmware/lib/inc/../cnl/include/cnl/_impl/fixed_point/declaration.h
........... /home/elco/repos/firmware/lib/inc/../cnl/include/cnl/_impl/fixed_point/../../limits.h
.......... /home/elco/repos/firmware/lib/inc/../cnl/include/cnl/_impl/fixed_point/is_fixed_point.h
......... /home/elco/repos/firmware/lib/inc/../cnl/include/cnl/_impl/fixed_point/../used_digits.h
........ /home/elco/repos/firmware/lib/inc/../cnl/include/cnl/_impl/fixed_point/convert.h
......... /home/elco/repos/firmware/lib/inc/../cnl/include/cnl/_impl/fixed_point/../rounding/convert.h
.......... /home/elco/repos/firmware/lib/inc/../cnl/include/cnl/_impl/fixed_point/../rounding/../../limits.h
.......... /home/elco/repos/firmware/lib/inc/../cnl/include/cnl/_impl/fixed_point/../rounding/../native_tag.h
........... /home/elco/repos/firmware/lib/inc/../cnl/include/cnl/_impl/fixed_point/../rounding/../type_traits/make_unsigned.h
........... /home/elco/repos/firmware/lib/inc/../cnl/include/cnl/_impl/fixed_point/../rounding/../operators.h
.......... /home/elco/repos/firmware/lib/inc/../cnl/include/cnl/_impl/fixed_point/../rounding/../type_traits/enable_if.h
.......... /home/elco/repos/firmware/lib/inc/../cnl/include/cnl/_impl/fixed_point/../rounding/rounding_tag.h
......... /home/elco/repos/firmware/lib/inc/../cnl/include/cnl/_impl/fixed_point/../rounding/rounding_tag.h
......... /home/elco/repos/firmware/lib/inc/../cnl/include/cnl/_impl/fixed_point/../type_traits/enable_if.h
......... /home/elco/repos/firmware/lib/inc/../cnl/include/cnl/_impl/fixed_point/from_rep.h
.......... /home/elco/repos/firmware/lib/inc/../cnl/include/cnl/_impl/fixed_point/../num_traits/from_rep.h
........ /home/elco/repos/firmware/lib/inc/../cnl/include/cnl/_impl/fixed_point/declaration.h
........ /home/elco/repos/firmware/lib/inc/../cnl/include/cnl/_impl/fixed_point/extras.h
......... /home/elco/repos/firmware/lib/inc/../cnl/include/cnl/_impl/fixed_point/../cmath/abs.h
.......... /home/elco/repos/firmware/lib/inc/../cnl/include/cnl/_impl/fixed_point/../cmath/../type_traits/is_signed.h
.......... /home/elco/repos/firmware/lib/inc/../cnl/include/cnl/_impl/fixed_point/../cmath/../type_traits/enable_if.h
......... /home/elco/repos/firmware/lib/inc/../cnl/include/cnl/_impl/fixed_point/../config.h
......... /home/elco/repos/firmware/lib/inc/../cnl/include/cnl/_impl/fixed_point/../num_traits/fixed_width_scale.h
.......... /home/elco/repos/firmware/lib/inc/../cnl/include/cnl/_impl/fixed_point/../num_traits/scale.h
......... /home/elco/repos/firmware/lib/inc/../cnl/include/cnl/_impl/fixed_point/../num_traits/unwrap.h
......... /home/elco/repos/firmware/lib/inc/../cnl/include/cnl/_impl/fixed_point/../unreachable.h
.......... /home/elco/repos/firmware/lib/inc/../cnl/include/cnl/_impl/fixed_point/../config.h
.......... /home/elco/repos/firmware/lib/inc/../cnl/include/cnl/_impl/fixed_point/../terminate.h
........ /home/elco/repos/firmware/lib/inc/../cnl/include/cnl/_impl/fixed_point/from_rep.h
........ /home/elco/repos/firmware/lib/inc/../cnl/include/cnl/_impl/fixed_point/is_fixed_point.h
........ /home/elco/repos/firmware/lib/inc/../cnl/include/cnl/_impl/fixed_point/named.h
......... /home/elco/repos/firmware/lib/inc/../cnl/include/cnl/_impl/fixed_point/../common.h
......... /home/elco/repos/firmware/lib/inc/../cnl/include/cnl/_impl/fixed_point/num_traits.h
........ /home/elco/repos/firmware/lib/inc/../cnl/include/cnl/_impl/fixed_point/operators.h
........ /home/elco/repos/firmware/lib/inc/../cnl/include/cnl/_impl/fixed_point/to_chars.h
......... /home/elco/repos/firmware/lib/inc/../cnl/include/cnl/_impl/fixed_point/../../rounding_integer.h
.......... /home/elco/repos/firmware/lib/inc/../cnl/include/cnl/_impl/fixed_point/../../_impl/num_traits/fixed_width_scale.h
.......... /home/elco/repos/firmware/lib/inc/../cnl/include/cnl/_impl/fixed_point/../../_impl/number_base.h
.......... /home/elco/repos/firmware/lib/inc/../cnl/include/cnl/_impl/fixed_point/../../_impl/rounding.h
........... /home/elco/repos/firmware/lib/inc/../cnl/include/cnl/_impl/fixed_point/../../_impl/native_tag.h
........... /home/elco/repos/firmware/lib/inc/../cnl/include/cnl/_impl/fixed_point/../../_impl/rounding/convert.h
........... /home/elco/repos/firmware/lib/inc/../cnl/include/cnl/_impl/fixed_point/../../_impl/rounding/rounding_tag.h
........... /home/elco/repos/firmware/lib/inc/../cnl/include/cnl/_impl/fixed_point/../../_impl/operators.h
........... /home/elco/repos/firmware/lib/inc/../cnl/include/cnl/_impl/fixed_point/../../_impl/num_traits/from_value.h
........... /home/elco/repos/firmware/lib/inc/../cnl/include/cnl/_impl/fixed_point/../../_impl/num_traits/unwrap.h
.......... /home/elco/repos/firmware/lib/inc/../cnl/include/cnl/_impl/fixed_point/../../_impl/type_traits/common_type.h
........ /home/elco/repos/firmware/lib/inc/../cnl/include/cnl/_impl/fixed_point/type.h
........ /home/elco/repos/firmware/lib/inc/../cnl/include/cnl/elastic_integer.h
......... /home/elco/repos/firmware/lib/inc/../cnl/include/cnl/constant.h
......... /home/elco/repos/firmware/lib/inc/../cnl/include/cnl/_impl/limits/lowest.h
......... /home/elco/repos/firmware/lib/inc/../cnl/include/cnl/_impl/num_traits/adopt.h
.......... /home/elco/repos/firmware/lib/inc/../cnl/include/cnl/_impl/num_traits/adopt_digits.h
........... /home/elco/repos/firmware/lib/inc/../cnl/include/cnl/_impl/num_traits/digits.h
........... /home/elco/repos/firmware/lib/inc/../cnl/include/cnl/_impl/num_traits/set_digits.h
.......... /home/elco/repos/firmware/lib/inc/../cnl/include/cnl/_impl/num_traits/adopt_signedness.h
........... /home/elco/repos/firmware/lib/inc/../cnl/include/cnl/_impl/num_traits/../type_traits/is_signed.h
........... /home/elco/repos/firmware/lib/inc/../cnl/include/cnl/_impl/num_traits/../type_traits/set_signedness.h
............ /home/elco/repos/firmware/lib/inc/../cnl/include/cnl/_impl/num_traits/../type_traits/make_signed.h
............ /home/elco/repos/firmware/lib/inc/../cnl/include/cnl/_impl/num_traits/../type_traits/make_unsigned.h
......... /home/elco/repos/firmware/lib/inc/../cnl/include/cnl/_impl/num_traits/adopt_signedness.h
......... /home/elco/repos/firmware/lib/inc/../cnl/include/cnl/_impl/num_traits/fixed_width_scale.h
......... /home/elco/repos/firmware/lib/inc/../cnl/include/cnl/_impl/num_traits/width.h
......... /home/elco/repos/firmware/lib/inc/../cnl/include/cnl/_impl/number_base.h
......... /home/elco/repos/firmware/lib/inc/../cnl/include/cnl/_impl/type_traits/common_type.h
......... /home/elco/repos/firmware/lib/inc/../cnl/include/cnl/_impl/type_traits/is_signed.h
......... /home/elco/repos/firmware/lib/inc/../cnl/include/cnl/_impl/type_traits/make_signed.h
......... /home/elco/repos/firmware/lib/inc/../cnl/include/cnl/_impl/type_traits/set_signedness.h
........ /home/elco/repos/firmware/lib/inc/../cnl/include/cnl/num_traits.h
......... /home/elco/repos/firmware/lib/inc/../cnl/include/cnl/_impl/num_traits/digits.h
......... /home/elco/repos/firmware/lib/inc/../cnl/include/cnl/_impl/num_traits/from_rep.h
......... /home/elco/repos/firmware/lib/inc/../cnl/include/cnl/_impl/num_traits/from_value.h
......... /home/elco/repos/firmware/lib/inc/../cnl/include/cnl/_impl/num_traits/is_composite.h
......... /home/elco/repos/firmware/lib/inc/../cnl/include/cnl/_impl/num_traits/set_digits.h
......... /home/elco/repos/firmware/lib/inc/../cnl/include/cnl/_impl/num_traits/scale.h
......... /home/elco/repos/firmware/lib/inc/../cnl/include/cnl/_impl/num_traits/to_rep.h
......... /home/elco/repos/firmware/lib/inc/../cnl/include/cnl/_impl/num_traits/unwrap.h
......... /home/elco/repos/firmware/lib/inc/../cnl/include/cnl/_impl/num_traits/wrap.h
.......... /home/elco/repos/firmware/lib/inc/../cnl/include/cnl/_impl/num_traits/../type_traits/enable_if.h
.......... /home/elco/repos/firmware/lib/inc/../cnl/include/cnl/_impl/num_traits/is_composite.h
.......... /home/elco/repos/firmware/lib/inc/../cnl/include/cnl/_impl/num_traits/to_rep.h
........ /home/elco/repos/firmware/lib/inc/../cnl/include/cnl/overflow_integer.h
......... /home/elco/repos/firmware/lib/inc/../cnl/include/cnl/overflow.h
.......... /home/elco/repos/firmware/lib/inc/../cnl/include/cnl/_impl/overflow/common.h
........... /home/elco/repos/firmware/lib/inc/../cnl/include/cnl/_impl/overflow/../../limits.h
........... /home/elco/repos/firmware/lib/inc/../cnl/include/cnl/_impl/overflow/../../numeric.h
........... /home/elco/repos/firmware/lib/inc/../cnl/include/cnl/_impl/overflow/../native_tag.h
........... /home/elco/repos/firmware/lib/inc/../cnl/include/cnl/_impl/overflow/../num_traits/digits.h
........... /home/elco/repos/firmware/lib/inc/../cnl/include/cnl/_impl/overflow/../operators.h
........... /home/elco/repos/firmware/lib/inc/../cnl/include/cnl/_impl/overflow/../type_traits/is_signed.h
.......... /home/elco/repos/firmware/lib/inc/../cnl/include/cnl/_impl/overflow/native.h
.......... /home/elco/repos/firmware/lib/inc/../cnl/include/cnl/_impl/overflow/saturated.h
........... /home/elco/repos/firmware/lib/inc/../cnl/include/cnl/_impl/overflow/common.h
........... /home/elco/repos/firmware/lib/inc/../cnl/include/cnl/_impl/overflow/../terminate.h
.......... /home/elco/repos/firmware/lib/inc/../cnl/include/cnl/_impl/overflow/throwing.h
........... /home/elco/repos/firmware/lib/inc/../cnl/include/cnl/_impl/overflow/../throw_exception.h
............ /home/elco/repos/firmware/lib/inc/../cnl/include/cnl/_impl/overflow/../config.h
............ /home/elco/repos/firmware/lib/inc/../cnl/include/cnl/_impl/overflow/../terminate.h
.......... /home/elco/repos/firmware/lib/inc/../cnl/include/cnl/_impl/overflow/trapping.h
.......... /home/elco/repos/firmware/lib/inc/../cnl/include/cnl/_impl/overflow/undefined.h
........... /home/elco/repos/firmware/lib/inc/../cnl/include/cnl/_impl/overflow/../unreachable.h
......... /home/elco/repos/firmware/lib/inc/../cnl/include/cnl/_impl/native_tag.h
......... /home/elco/repos/firmware/lib/inc/../cnl/include/cnl/_impl/operators.h
......... /home/elco/repos/firmware/lib/inc/../cnl/include/cnl/_impl/type_traits/identical.h
........ /home/elco/repos/firmware/lib/inc/../cnl/include/cnl/rounding_integer.h
.... /home/elco/repos/firmware/app/brewblox/proto/cpp/TempSensorOneWire.pb.h
... /home/elco/repos/firmware/controlbox/src/cbox/ObjectContainer.h
.... /home/elco/repos/firmware/controlbox/src/cbox/ContainedObject.h
..... /home/elco/repos/firmware/controlbox/src/cbox/InactiveObject.h
... /home/elco/repos/firmware/controlbox/src/cbox/ScanningFactory.h
Multiple include guards may be useful for:
../services/inc/panic_codes.h
/home/elco/repos/firmware/app/brewblox/test/MockOneWireScanningFactory.h
. /home/elco/repos/firmware/lib/inc/ActuatorAnalogConstrained.h
.. /home/elco/repos/firmware/lib/inc/ActuatorAnalog.h
... /home/elco/repos/firmware/lib/inc/FixedPoint.h
.... /home/elco/repos/firmware/lib/inc/../cnl/include/cnl/_impl/fixed_point/constants.h
..... /home/elco/repos/firmware/lib/inc/../cnl/include/cnl/_impl/fixed_point/type.h
...... /home/elco/repos/firmware/lib/inc/../cnl/include/cnl/_impl/fixed_point/../power.h
....... /home/elco/repos/firmware/lib/inc/../cnl/include/cnl/_impl/fixed_point/../../constant.h
........ /home/elco/repos/firmware/lib/inc/../cnl/include/cnl/_impl/fixed_point/../../limits.h
......... /home/elco/repos/firmware/lib/inc/../cnl/include/cnl/_impl/fixed_point/../../cstdint.h
.......... /home/elco/repos/firmware/lib/inc/../cnl/include/cnl/_impl/fixed_point/../../_impl/common.h
........... /home/elco/repos/firmware/lib/inc/../cnl/include/cnl/_impl/fixed_point/../../_impl/config.h
.......... /home/elco/repos/firmware/lib/inc/../cnl/include/cnl/_impl/fixed_point/../../_impl/config.h
...... /home/elco/repos/firmware/lib/inc/../cnl/include/cnl/_impl/fixed_point/../num_traits/width.h
....... /home/elco/repos/firmware/lib/inc/../cnl/include/cnl/_impl/fixed_point/../num_traits/../type_traits/is_signed.h
........ /home/elco/repos/firmware/lib/inc/../cnl/include/cnl/_impl/fixed_point/../num_traits/../type_traits/../../cstdint.h
........ /home/elco/repos/firmware/lib/inc/../cnl/include/cnl/_impl/fixed_point/../num_traits/../type_traits/../num_traits/is_composite.h
........ /home/elco/repos/firmware/lib/inc/../cnl/include/cnl/_impl/fixed_point/../num_traits/../type_traits/../num_traits/to_rep.h
......... /home/elco/repos/firmware/lib/inc/../cnl/include/cnl/_impl/fixed_point/../num_traits/../type_traits/../num_traits/../type_traits/remove_cvref.h
......... /home/elco/repos/firmware/lib/inc/../cnl/include/cnl/_impl/fixed_point/../num_traits/../type_traits/../num_traits/../type_traits/enable_if.h
......... /home/elco/repos/firmware/lib/inc/../cnl/include/cnl/_impl/fixed_point/../num_traits/../type_traits/../num_traits/../type_traits/is_integral.h
.......... /home/elco/repos/firmware/lib/inc/../cnl/include/cnl/_impl/fixed_point/../num_traits/../type_traits/../num_traits/../type_traits/../../cstdint.h
.......... /home/elco/repos/firmware/lib/inc/../cnl/include/cnl/_impl/fixed_point/../num_traits/../type_traits/../num_traits/../type_traits/../config.h
......... /home/elco/repos/firmware/lib/inc/../cnl/include/cnl/_impl/fixed_point/../num_traits/../type_traits/../num_traits/../../constant.h
........ /home/elco/repos/firmware/lib/inc/../cnl/include/cnl/_impl/fixed_point/../num_traits/../type_traits/enable_if.h
........ /home/elco/repos/firmware/lib/inc/../cnl/include/cnl/_impl/fixed_point/../num_traits/../type_traits/../../constant.h
....... /home/elco/repos/firmware/lib/inc/../cnl/include/cnl/_impl/fixed_point/../num_traits/digits.h
........ /home/elco/repos/firmware/lib/inc/../cnl/include/cnl/_impl/fixed_point/../num_traits/../../constant.h
........ /home/elco/repos/firmware/lib/inc/../cnl/include/cnl/_impl/fixed_point/../num_traits/../../cstdint.h
........ /home/elco/repos/firmware/lib/inc/../cnl/include/cnl/_impl/fixed_point/../num_traits/../used_digits.h
........ /home/elco/repos/firmware/lib/inc/../cnl/include/cnl/_impl/fixed_point/../num_traits/../type_traits/enable_if.h
........ /home/elco/repos/firmware/lib/inc/../cnl/include/cnl/_impl/fixed_point/../num_traits/is_composite.h
....... /home/elco/repos/firmware/lib/inc/../cnl/include/cnl/_impl/fixed_point/../num_traits/set_digits.h
........ /home/elco/repos/firmware/lib/inc/../cnl/include/cnl/_impl/fixed_point/../num_traits/../type_traits/is_integral.h
...... /home/elco/repos/firmware/lib/inc/../cnl/include/cnl/_impl/fixed_point/../number_base.h
....... /home/elco/repos/firmware/lib/inc/../cnl/include/cnl/_impl/fixed_point/../num_traits/from_rep.h
....... /home/elco/repos/firmware/lib/inc/../cnl/include/cnl/_impl/fixed_point/../num_traits/from_value.h
........ /home/elco/repos/firmware/lib/inc/../cnl/include/cnl/_impl/fixed_point/../num_traits/../type_traits/make_signed.h
......... /home/elco/repos/firmware/lib/inc/../cnl/include/cnl/_impl/fixed_point/../num_traits/../type_traits/../type_traits/enable_if.h
......... /home/elco/repos/firmware/lib/inc/../cnl/include/cnl/_impl/fixed_point/../num_traits/../type_traits/../num_traits/from_rep.h
......... /home/elco/repos/firmware/lib/inc/../cnl/include/cnl/_impl/fixed_point/../num_traits/../type_traits/../type_traits/type_identity.h
....... /home/elco/repos/firmware/lib/inc/../cnl/include/cnl/_impl/fixed_point/../num_traits/is_composite.h
....... /home/elco/repos/firmware/lib/inc/../cnl/include/cnl/_impl/fixed_point/../num_traits/scale.h
........ /home/elco/repos/firmware/lib/inc/../cnl/include/cnl/_impl/fixed_point/../num_traits/../power.h
....... /home/elco/repos/firmware/lib/inc/../cnl/include/cnl/_impl/fixed_point/../num_traits/to_rep.h
....... /home/elco/repos/firmware/lib/inc/../cnl/include/cnl/_impl/fixed_point/../operators.h
........ /home/elco/repos/firmware/lib/inc/../cnl/include/cnl/_impl/fixed_point/../../limits.h
........ /home/elco/repos/firmware/lib/inc/../cnl/include/cnl/_impl/fixed_point/../type_traits/enable_if.h
........ /home/elco/repos/firmware/lib/inc/../cnl/include/cnl/_impl/fixed_point/../type_traits/type_identity.h
...... /home/elco/repos/firmware/lib/inc/../cnl/include/cnl/_impl/fixed_point/../../constant.h
...... /home/elco/repos/firmware/lib/inc/../cnl/include/cnl/_impl/fixed_point/../../numeric.h
....... /home/elco/repos/firmware/lib/inc/../cnl/include/cnl/_impl/fixed_point/../../bit.h
........ /home/elco/repos/firmware/lib/inc/../cnl/include/cnl/_impl/fixed_point/../../_impl/num_traits/digits.h
........ /home/elco/repos/firmware/lib/inc/../cnl/include/cnl/_impl/fixed_point/../../_impl/type_traits/is_signed.h
........ /home/elco/repos/firmware/lib/inc/../cnl/include/cnl/_impl/fixed_point/../../_impl/type_traits/make_unsigned.h
......... /home/elco/repos/firmware/lib/inc/../cnl/include/cnl/_impl/fixed_point/../../_impl/type_traits/enable_if.h
......... /home/elco/repos/firmware/lib/inc/../cnl/include/cnl/_impl/fixed_point/../../_impl/type_traits/../num_traits/is_composite.h
......... /home/elco/repos/firmware/lib/inc/../cnl/include/cnl/_impl/fixed_point/../../_impl/type_traits/../num_traits/to_rep.h
......... /home/elco/repos/firmware/lib/inc/../cnl/include/cnl/_impl/fixed_point/../../_impl/type_traits/../num_traits/from_rep.h
......... /home/elco/repos/firmware/lib/inc/../cnl/include/cnl/_impl/fixed_point/../../_impl/type_traits/../type_traits/type_identity.h
....... /home/elco/repos/firmware/lib/inc/../cnl/include/cnl/_impl/fixed_point/../../_impl/num_traits/unwrap.h
........ /home/elco/repos/firmware/lib/inc/../cnl/include/cnl/_impl/fixed_point/../../_impl/num_traits/../type_traits/enable_if.h
........ /home/elco/repos/firmware/lib/inc/../cnl/include/cnl/_impl/fixed_point/../../_impl/num_traits/is_composite.h
........ /home/elco/repos/firmware/lib/inc/../cnl/include/cnl/_impl/fixed_point/../../_impl/num_traits/to_rep.h
....... /home/elco/repos/firmware/lib/inc/../cnl/include/cnl/_impl/fixed_point/../../_impl/used_digits.h
...... /home/elco/repos/firmware/lib/inc/../cnl/include/cnl/_impl/fixed_point/declaration.h
....... /home/elco/repos/firmware/lib/inc/../cnl/include/cnl/_impl/fixed_point/../../limits.h
...... /home/elco/repos/firmware/lib/inc/../cnl/include/cnl/_impl/fixed_point/is_fixed_point.h
..... /home/elco/repos/firmware/lib/inc/../cnl/include/cnl/_impl/fixed_point/../used_digits.h
.... /home/elco/repos/firmware/lib/inc/../cnl/include/cnl/_impl/fixed_point/convert.h
..... /home/elco/repos/firmware/lib/inc/../cnl/include/cnl/_impl/fixed_point/../rounding/convert.h
...... /home/elco/repos/firmware/lib/inc/../cnl/include/cnl/_impl/fixed_point/../rounding/../../limits.h
...... /home/elco/repos/firmware/lib/inc/../cnl/include/cnl/_impl/fixed_point/../rounding/../native_tag.h
....... /home/elco/repos/firmware/lib/inc/../cnl/include/cnl/_impl/fixed_point/../rounding/../type_traits/make_unsigned.h
....... /home/elco/repos/firmware/lib/inc/../cnl/include/cnl/_impl/fixed_point/../rounding/../operators.h
...... /home/elco/repos/firmware/lib/inc/../cnl/include/cnl/_impl/fixed_point/../rounding/../type_traits/enable_if.h
...... /home/elco/repos/firmware/lib/inc/../cnl/include/cnl/_impl/fixed_point/../rounding/rounding_tag.h
..... /home/elco/repos/firmware/lib/inc/../cnl/include/cnl/_impl/fixed_point/../rounding/rounding_tag.h
..... /home/elco/repos/firmware/lib/inc/../cnl/include/cnl/_impl/fixed_point/../type_traits/enable_if.h
..... /home/elco/repos/firmware/lib/inc/../cnl/include/cnl/_impl/fixed_point/from_rep.h
...... /home/elco/repos/firmware/lib/inc/../cnl/include/cnl/_impl/fixed_point/../num_traits/from_rep.h
.... /home/elco/repos/firmware/lib/inc/../cnl/include/cnl/_impl/fixed_point/declaration.h
.... /home/elco/repos/firmware/lib/inc/../cnl/include/cnl/_impl/fixed_point/extras.h
..... /home/elco/repos/firmware/lib/inc/../cnl/include/cnl/_impl/fixed_point/../cmath/abs.h
...... /home/elco/repos/firmware/lib/inc/../cnl/include/cnl/_impl/fixed_point/../cmath/../type_traits/is_signed.h
...... /home/elco/repos/firmware/lib/inc/../cnl/include/cnl/_impl/fixed_point/../cmath/../type_traits/enable_if.h
..... /home/elco/repos/firmware/lib/inc/../cnl/include/cnl/_impl/fixed_point/../config.h
..... /home/elco/repos/firmware/lib/inc/../cnl/include/cnl/_impl/fixed_point/../num_traits/fixed_width_scale.h
...... /home/elco/repos/firmware/lib/inc/../cnl/include/cnl/_impl/fixed_point/../num_traits/scale.h
..... /home/elco/repos/firmware/lib/inc/../cnl/include/cnl/_impl/fixed_point/../num_traits/unwrap.h
..... /home/elco/repos/firmware/lib/inc/../cnl/include/cnl/_impl/fixed_point/../unreachable.h
...... /home/elco/repos/firmware/lib/inc/../cnl/include/cnl/_impl/fixed_point/../config.h
...... /home/elco/repos/firmware/lib/inc/../cnl/include/cnl/_impl/fixed_point/../terminate.h
.... /home/elco/repos/firmware/lib/inc/../cnl/include/cnl/_impl/fixed_point/from_rep.h
.... /home/elco/repos/firmware/lib/inc/../cnl/include/cnl/_impl/fixed_point/is_fixed_point.h
.... /home/elco/repos/firmware/lib/inc/../cnl/include/cnl/_impl/fixed_point/named.h
..... /home/elco/repos/firmware/lib/inc/../cnl/include/cnl/_impl/fixed_point/../common.h
..... /home/elco/repos/firmware/lib/inc/../cnl/include/cnl/_impl/fixed_point/num_traits.h
.... /home/elco/repos/firmware/lib/inc/../cnl/include/cnl/_impl/fixed_point/operators.h
.... /home/elco/repos/firmware/lib/inc/../cnl/include/cnl/_impl/fixed_point/to_chars.h
..... /home/elco/repos/firmware/lib/inc/../cnl/include/cnl/_impl/fixed_point/../../rounding_integer.h
...... /home/elco/repos/firmware/lib/inc/../cnl/include/cnl/_impl/fixed_point/../../_impl/num_traits/fixed_width_scale.h
...... /home/elco/repos/firmware/lib/inc/../cnl/include/cnl/_impl/fixed_point/../../_impl/number_base.h
...... /home/elco/repos/firmware/lib/inc/../cnl/include/cnl/_impl/fixed_point/../../_impl/rounding.h
....... /home/elco/repos/firmware/lib/inc/../cnl/include/cnl/_impl/fixed_point/../../_impl/native_tag.h
....... /home/elco/repos/firmware/lib/inc/../cnl/include/cnl/_impl/fixed_point/../../_impl/rounding/convert.h
....... /home/elco/repos/firmware/lib/inc/../cnl/include/cnl/_impl/fixed_point/../../_impl/rounding/rounding_tag.h
....... /home/elco/repos/firmware/lib/inc/../cnl/include/cnl/_impl/fixed_point/../../_impl/operators.h
....... /home/elco/repos/firmware/lib/inc/../cnl/include/cnl/_impl/fixed_point/../../_impl/num_traits/from_value.h
....... /home/elco/repos/firmware/lib/inc/../cnl/include/cnl/_impl/fixed_point/../../_impl/num_traits/unwrap.h
...... /home/elco/repos/firmware/lib/inc/../cnl/include/cnl/_impl/fixed_point/../../_impl/type_traits/common_type.h
.... /home/elco/repos/firmware/lib/inc/../cnl/include/cnl/_impl/fixed_point/type.h
.... /home/elco/repos/firmware/lib/inc/../cnl/include/cnl/elastic_integer.h
..... /home/elco/repos/firmware/lib/inc/../cnl/include/cnl/constant.h
..... /home/elco/repos/firmware/lib/inc/../cnl/include/cnl/_impl/limits/lowest.h
..... /home/elco/repos/firmware/lib/inc/../cnl/include/cnl/_impl/num_traits/adopt.h
...... /home/elco/repos/firmware/lib/inc/../cnl/include/cnl/_impl/num_traits/adopt_digits.h
....... /home/elco/repos/firmware/lib/inc/../cnl/include/cnl/_impl/num_traits/digits.h
....... /home/elco/repos/firmware/lib/inc/../cnl/include/cnl/_impl/num_traits/set_digits.h
...... /home/elco/repos/firmware/lib/inc/../cnl/include/cnl/_impl/num_traits/adopt_signedness.h
....... /home/elco/repos/firmware/lib/inc/../cnl/include/cnl/_impl/num_traits/../type_traits/is_signed.h
....... /home/elco/repos/firmware/lib/inc/../cnl/include/cnl/_impl/num_traits/../type_traits/set_signedness.h
........ /home/elco/repos/firmware/lib/inc/../cnl/include/cnl/_impl/num_traits/../type_traits/make_signed.h
........ /home/elco/repos/firmware/lib/inc/../cnl/include/cnl/_impl/num_traits/../type_traits/make_unsigned.h
..... /home/elco/repos/firmware/lib/inc/../cnl/include/cnl/_impl/num_traits/adopt_signedness.h
..... /home/elco/repos/firmware/lib/inc/../cnl/include/cnl/_impl/num_traits/fixed_width_scale.h
..... /home/elco/repos/firmware/lib/inc/../cnl/include/cnl/_impl/num_traits/width.h
..... /home/elco/repos/firmware/lib/inc/../cnl/include/cnl/_impl/number_base.h
..... /home/elco/repos/firmware/lib/inc/../cnl/include/cnl/_impl/type_traits/common_type.h
..... /home/elco/repos/firmware/lib/inc/../cnl/include/cnl/_impl/type_traits/is_signed.h
..... /home/elco/repos/firmware/lib/inc/../cnl/include/cnl/_impl/type_traits/make_signed.h
..... /home/elco/repos/firmware/lib/inc/../cnl/include/cnl/_impl/type_traits/set_signedness.h
.... /home/elco/repos/firmware/lib/inc/../cnl/include/cnl/num_traits.h
..... /home/elco/repos/firmware/lib/inc/../cnl/include/cnl/_impl/num_traits/digits.h
..... /home/elco/repos/firmware/lib/inc/../cnl/include/cnl/_impl/num_traits/from_rep.h
..... /home/elco/repos/firmware/lib/inc/../cnl/include/cnl/_impl/num_traits/from_value.h
..... /home/elco/repos/firmware/lib/inc/../cnl/include/cnl/_impl/num_traits/is_composite.h
..... /home/elco/repos/firmware/lib/inc/../cnl/include/cnl/_impl/num_traits/set_digits.h
..... /home/elco/repos/firmware/lib/inc/../cnl/include/cnl/_impl/num_traits/scale.h
..... /home/elco/repos/firmware/lib/inc/../cnl/include/cnl/_impl/num_traits/to_rep.h
..... /home/elco/repos/firmware/lib/inc/../cnl/include/cnl/_impl/num_traits/unwrap.h
..... /home/elco/repos/firmware/lib/inc/../cnl/include/cnl/_impl/num_traits/wrap.h
...... /home/elco/repos/firmware/lib/inc/../cnl/include/cnl/_impl/num_traits/../type_traits/enable_if.h
...... /home/elco/repos/firmware/lib/inc/../cnl/include/cnl/_impl/num_traits/is_composite.h
...... /home/elco/repos/firmware/lib/inc/../cnl/include/cnl/_impl/num_traits/to_rep.h
.... /home/elco/repos/firmware/lib/inc/../cnl/include/cnl/overflow_integer.h
..... /home/elco/repos/firmware/lib/inc/../cnl/include/cnl/overflow.h
...... /home/elco/repos/firmware/lib/inc/../cnl/include/cnl/_impl/overflow/common.h
....... /home/elco/repos/firmware/lib/inc/../cnl/include/cnl/_impl/overflow/../../limits.h
....... /home/elco/repos/firmware/lib/inc/../cnl/include/cnl/_impl/overflow/../../numeric.h
....... /home/elco/repos/firmware/lib/inc/../cnl/include/cnl/_impl/overflow/../native_tag.h
....... /home/elco/repos/firmware/lib/inc/../cnl/include/cnl/_impl/overflow/../num_traits/digits.h
....... /home/elco/repos/firmware/lib/inc/../cnl/include/cnl/_impl/overflow/../operators.h
....... /home/elco/repos/firmware/lib/inc/../cnl/include/cnl/_impl/overflow/../type_traits/is_signed.h
...... /home/elco/repos/firmware/lib/inc/../cnl/include/cnl/_impl/overflow/native.h
...... /home/elco/repos/firmware/lib/inc/../cnl/include/cnl/_impl/overflow/saturated.h
....... /home/elco/repos/firmware/lib/inc/../cnl/include/cnl/_impl/overflow/common.h
....... /home/elco/repos/firmware/lib/inc/../cnl/include/cnl/_impl/overflow/../terminate.h
...... /home/elco/repos/firmware/lib/inc/../cnl/include/cnl/_impl/overflow/throwing.h
....... /home/elco/repos/firmware/lib/inc/../cnl/include/cnl/_impl/overflow/../throw_exception.h
........ /home/elco/repos/firmware/lib/inc/../cnl/include/cnl/_impl/overflow/../config.h
........ /home/elco/repos/firmware/lib/inc/../cnl/include/cnl/_impl/overflow/../terminate.h
...... /home/elco/repos/firmware/lib/inc/../cnl/include/cnl/_impl/overflow/trapping.h
...... /home/elco/repos/firmware/lib/inc/../cnl/include/cnl/_impl/overflow/undefined.h
....... /home/elco/repos/firmware/lib/inc/../cnl/include/cnl/_impl/overflow/../unreachable.h
..... /home/elco/repos/firmware/lib/inc/../cnl/include/cnl/_impl/native_tag.h
..... /home/elco/repos/firmware/lib/inc/../cnl/include/cnl/_impl/operators.h
..... /home/elco/repos/firmware/lib/inc/../cnl/include/cnl/_impl/type_traits/identical.h
.... /home/elco/repos/firmware/lib/inc/../cnl/include/cnl/rounding_integer.h
... /home/elco/repos/firmware/lib/inc/ProcessValue.h
. /home/elco/repos/firmware/lib/inc/ActuatorDigitalConstrained.h
.. /home/elco/repos/firmware/lib/inc/ActuatorDigital.h
.. /home/elco/repos/firmware/lib/inc/ActuatorDigitalChangeLogged.h
... /home/elco/repos/firmware/lib/inc/TicksTypes.h
. /home/elco/repos/firmware/lib/inc/Balancer.h
. /home/elco/repos/firmware/app/brewblox/proto/cpp/DigitalConstraints.pb.h
.. ../nanopb/nanopb/pb.h
.. /home/elco/repos/firmware/app/brewblox/proto/cpp/brewblox.pb.h
.. /home/elco/repos/firmware/app/brewblox/proto/cpp/ActuatorDigital.pb.h
. /home/elco/repos/firmware/lib/inc/OneWireDevice.h
.. /home/elco/repos/firmware/lib/inc/OneWire.h
... /home/elco/repos/firmware/lib/inc/OneWireLowLevelInterface.h
.. /home/elco/repos/firmware/lib/inc/OneWireAddress.h
. /home/elco/repos/firmware/lib/inc/Setpoint.h
.. /home/elco/repos/firmware/lib/inc/Temperature.h
. /home/elco/repos/firmware/lib/inc/SetpointSensorPair.h
.. /home/elco/repos/firmware/lib/inc/TempSensor.h
. /home/elco/repos/firmware/app/brewblox/proto/cpp/brewblox.pb.h
. /home/elco/repos/firmware/controlbox/src/cbox/ObjectBase.h
.. /home/elco/repos/firmware/controlbox/src/cbox/Object.h
... /home/elco/repos/firmware/controlbox/src/cbox/CboxError.h
... /home/elco/repos/firmware/controlbox/src/cbox/DataStream.h
... /home/elco/repos/firmware/controlbox/src/cbox/ObjectIds.h
Multiple include guards may be useful for:
. /home/elco/repos/firmware/app/brewblox/blox/DisplaySettingsBlock.h
.. /home/elco/repos/firmware/app/brewblox/blox/Block.h
... /home/elco/repos/firmware/controlbox/src/cbox/ObjectBase.h
.... /home/elco/repos/firmware/controlbox/src/cbox/Object.h
..... /home/elco/repos/firmware/controlbox/src/cbox/CboxError.h
..... /home/elco/repos/firmware/controlbox/src/cbox/DataStream.h
..... /home/elco/repos/firmware/controlbox/src/cbox/ObjectIds.h
... ../nanopb/nanopb/pb.h
.. /home/elco/repos/firmware/app/brewblox/proto/cpp/DisplaySettings.pb.h
... /home/elco/repos/firmware/app/brewblox/proto/cpp/brewblox.pb.h
. ../hal/inc/deviceid_hal.h
Multiple include guards may be useful for:
. /home/elco/repos/firmware/app/brewblox/blox/TouchSettingsBlock.h
.. /home/elco/repos/firmware/app/brewblox/blox/Block.h
... /home/elco/repos/firmware/controlbox/src/cbox/ObjectBase.h
.... /home/elco/repos/firmware/controlbox/src/cbox/Object.h
..... /home/elco/repos/firmware/controlbox/src/cbox/CboxError.h
..... /home/elco/repos/firmware/controlbox/src/cbox/DataStream.h
..... /home/elco/repos/firmware/controlbox/src/cbox/ObjectIds.h
... ../nanopb/nanopb/pb.h
.. /home/elco/repos/firmware/app/brewblox/proto/cpp/TouchSettings.pb.h
... /home/elco/repos/firmware/app/brewblox/proto/cpp/brewblox.pb.h
. /home/elco/repos/firmware/app/brewblox/display/d4d.hpp
.. /home/elco/repos/firmware/platform/spark/modules/eGUI/D4D/d4d.h
... /home/elco/repos/firmware/platform/spark/modules/eGUI/D4D/d4d_user_cfg.h
.... /home/elco/repos/firmware/platform/spark/modules/eGUI/D4D/d4d_id.h
.... /home/elco/repos/firmware/app/brewblox/display/d4d_user_cfg_app.h
... /home/elco/repos/firmware/platform/spark/modules/eGUI/D4D/common_files/d4d_types.h
.... /home/elco/repos/firmware/platform/spark/modules/eGUI/D4D/common_files/d4d_scheme.h
... /home/elco/repos/firmware/platform/spark/modules/eGUI/D4D/common_files/d4d_base.h
... /home/elco/repos/firmware/platform/spark/modules/eGUI/D4D/common_files/d4d_string.h
.... /home/elco/repos/firmware/platform/spark/modules/eGUI/D4D/common_files/d4d_font.h
... /home/elco/repos/firmware/platform/spark/modules/eGUI/D4D/common_files/d4d_basic_draw.h
... /home/elco/repos/firmware/platform/spark/modules/eGUI/D4D/common_files/d4d_object.h
... /home/elco/repos/firmware/platform/spark/modules/eGUI/D4D/common_files/d4d_low.h
... /home/elco/repos/firmware/platform/spark/modules/eGUI/D4D/common_files/d4d_bmp.h
.... /home/elco/repos/firmware/platform/spark/modules/eGUI/D4D/common_files/d4d_imgdec_d4dint.h
.... /home/elco/repos/firmware/platform/spark/modules/eGUI/D4D/common_files/d4d_imgdec_d4d.h
.... /home/elco/repos/firmware/platform/spark/modules/eGUI/D4D/common_files/d4d_imgdec_bmp.h
... /home/elco/repos/firmware/platform/spark/modules/eGUI/D4D/common_files/d4d_extsrc.h
... /home/elco/repos/firmware/platform/spark/modules/eGUI/D4D/common_files/d4d_font.h
... /home/elco/repos/firmware/platform/spark/modules/eGUI/D4D/common_files/d4d_math.h
... /home/elco/repos/firmware/platform/spark/modules/eGUI/D4D/common_files/d4d_scheme.h
... /home/elco/repos/firmware/platform/spark/modules/eGUI/D4D/common_files/d4d_screen.h
... /home/elco/repos/firmware/platform/spark/modules/eGUI/D4D/common_files/d4d_mouse.h
... /home/elco/repos/firmware/platform/spark/modules/eGUI/D4D/graphic_objects/d4d_picture.h
... /home/elco/repos/firmware/platform/spark/modules/eGUI/D4D/graphic_objects/d4d_button.h
... /home/elco/repos/firmware/platform/spark/modules/eGUI/D4D/graphic_objects/d4d_check_box.h
... /home/elco/repos/firmware/platform/spark/modules/eGUI/D4D/graphic_objects/d4d_gauge.h
... /home/elco/repos/firmware/platform/spark/modules/eGUI/D4D/graphic_objects/d4d_slider.h
... /home/elco/repos/firmware/platform/spark/modules/eGUI/D4D/graphic_objects/d4d_label.h
... /home/elco/repos/firmware/platform/spark/modules/eGUI/D4D/graphic_objects/d4d_icon.h
... /home/elco/repos/firmware/platform/spark/modules/eGUI/D4D/graphic_objects/d4d_menu.h
... /home/elco/repos/firmware/platform/spark/modules/eGUI/D4D/graphic_objects/d4d_graph.h
... /home/elco/repos/firmware/platform/spark/modules/eGUI/D4D/graphic_objects/d4d_scroll_bar.h
... /home/elco/repos/firmware/platform/spark/modules/eGUI/D4D/graphic_objects/d4d_console.h
... /home/elco/repos/firmware/platform/spark/modules/eGUI/D4D/graphic_objects/d4d_text_box.h
... /home/elco/repos/firmware/platform/spark/modules/eGUI/D4D/graphic_objects/d4d_progress_bar.h
... /home/elco/repos/firmware/platform/spark/modules/eGUI/D4D/graphic_objects/d4d_radio_button.h
... /home/elco/repos/firmware/platform/spark/modules/eGUI/D4D/graphic_objects/d4d_group_box.h
... /home/elco/repos/firmware/platform/spark/modules/eGUI/D4D/graphic_objects/d4d_list_box.h
... /home/elco/repos/firmware/platform/spark/modules/eGUI/D4D/graphic_objects/d4d_edit_box.h
... /home/elco/repos/firmware/platform/spark/modules/eGUI/D4D/graphic_objects/d4d_combo_box.h
Multiple include guards may be useful for:
/home/elco/repos/firmware/app/brewblox/display/d4d.hpp
/home/elco/repos/firmware/platform/spark/modules/eGUI/D4D/d4d_id.h
. /home/elco/repos/firmware/app/brewblox/blox/Block.h
.. /home/elco/repos/firmware/controlbox/src/cbox/ObjectBase.h
... /home/elco/repos/firmware/controlbox/src/cbox/Object.h
.... /home/elco/repos/firmware/controlbox/src/cbox/CboxError.h
.... /home/elco/repos/firmware/controlbox/src/cbox/DataStream.h
.... /home/elco/repos/firmware/controlbox/src/cbox/ObjectIds.h
.. ../nanopb/nanopb/pb.h
. /home/elco/repos/firmware/app/brewblox/nanopb_callbacks.h
.. ../nanopb/nanopb/pb_decode.h
... ../nanopb/nanopb/pb.h
.. ../nanopb/nanopb/pb_encode.h
Multiple include guards may be useful for:
. /home/elco/repos/firmware/app/brewblox/blox/WiFiSettingsBlock.h
.. /home/elco/repos/firmware/app/brewblox/blox/Block.h
... /home/elco/repos/firmware/controlbox/src/cbox/ObjectBase.h
.... /home/elco/repos/firmware/controlbox/src/cbox/Object.h
..... /home/elco/repos/firmware/controlbox/src/cbox/CboxError.h
..... /home/elco/repos/firmware/controlbox/src/cbox/DataStream.h
..... /home/elco/repos/firmware/controlbox/src/cbox/ObjectIds.h
... ../nanopb/nanopb/pb.h
.. /home/elco/repos/firmware/app/brewblox/proto/cpp/WiFiSettings.pb.h
... /home/elco/repos/firmware/app/brewblox/proto/cpp/brewblox.pb.h
. /home/elco/repos/firmware/app/brewblox/connectivity.h
. /home/elco/repos/firmware/app/brewblox/display/d4d.hpp
.. /home/elco/repos/firmware/platform/spark/modules/eGUI/D4D/d4d.h
... /home/elco/repos/firmware/platform/spark/modules/eGUI/D4D/d4d_user_cfg.h
.... /home/elco/repos/firmware/platform/spark/modules/eGUI/D4D/d4d_id.h
.... /home/elco/repos/firmware/app/brewblox/display/d4d_user_cfg_app.h
... /home/elco/repos/firmware/platform/spark/modules/eGUI/D4D/common_files/d4d_types.h
.... /home/elco/repos/firmware/platform/spark/modules/eGUI/D4D/common_files/d4d_scheme.h
... /home/elco/repos/firmware/platform/spark/modules/eGUI/D4D/common_files/d4d_base.h
... /home/elco/repos/firmware/platform/spark/modules/eGUI/D4D/common_files/d4d_string.h
.... /home/elco/repos/firmware/platform/spark/modules/eGUI/D4D/common_files/d4d_font.h
... /home/elco/repos/firmware/platform/spark/modules/eGUI/D4D/common_files/d4d_basic_draw.h
... /home/elco/repos/firmware/platform/spark/modules/eGUI/D4D/common_files/d4d_object.h
... /home/elco/repos/firmware/platform/spark/modules/eGUI/D4D/common_files/d4d_low.h
... /home/elco/repos/firmware/platform/spark/modules/eGUI/D4D/common_files/d4d_bmp.h
.... /home/elco/repos/firmware/platform/spark/modules/eGUI/D4D/common_files/d4d_imgdec_d4dint.h
.... /home/elco/repos/firmware/platform/spark/modules/eGUI/D4D/common_files/d4d_imgdec_d4d.h
.... /home/elco/repos/firmware/platform/spark/modules/eGUI/D4D/common_files/d4d_imgdec_bmp.h
... /home/elco/repos/firmware/platform/spark/modules/eGUI/D4D/common_files/d4d_extsrc.h
... /home/elco/repos/firmware/platform/spark/modules/eGUI/D4D/common_files/d4d_font.h
... /home/elco/repos/firmware/platform/spark/modules/eGUI/D4D/common_files/d4d_math.h
... /home/elco/repos/firmware/platform/spark/modules/eGUI/D4D/common_files/d4d_scheme.h
... /home/elco/repos/firmware/platform/spark/modules/eGUI/D4D/common_files/d4d_screen.h
... /home/elco/repos/firmware/platform/spark/modules/eGUI/D4D/common_files/d4d_mouse.h
... /home/elco/repos/firmware/platform/spark/modules/eGUI/D4D/graphic_objects/d4d_picture.h
... /home/elco/repos/firmware/platform/spark/modules/eGUI/D4D/graphic_objects/d4d_button.h
... /home/elco/repos/firmware/platform/spark/modules/eGUI/D4D/graphic_objects/d4d_check_box.h
... /home/elco/repos/firmware/platform/spark/modules/eGUI/D4D/graphic_objects/d4d_gauge.h
... /home/elco/repos/firmware/platform/spark/modules/eGUI/D4D/graphic_objects/d4d_slider.h
... /home/elco/repos/firmware/platform/spark/modules/eGUI/D4D/graphic_objects/d4d_label.h
... /home/elco/repos/firmware/platform/spark/modules/eGUI/D4D/graphic_objects/d4d_icon.h
... /home/elco/repos/firmware/platform/spark/modules/eGUI/D4D/graphic_objects/d4d_menu.h
... /home/elco/repos/firmware/platform/spark/modules/eGUI/D4D/graphic_objects/d4d_graph.h
... /home/elco/repos/firmware/platform/spark/modules/eGUI/D4D/graphic_objects/d4d_scroll_bar.h
... /home/elco/repos/firmware/platform/spark/modules/eGUI/D4D/graphic_objects/d4d_console.h
... /home/elco/repos/firmware/platform/spark/modules/eGUI/D4D/graphic_objects/d4d_text_box.h
... /home/elco/repos/firmware/platform/spark/modules/eGUI/D4D/graphic_objects/d4d_progress_bar.h
... /home/elco/repos/firmware/platform/spark/modules/eGUI/D4D/graphic_objects/d4d_radio_button.h
... /home/elco/repos/firmware/platform/spark/modules/eGUI/D4D/graphic_objects/d4d_group_box.h
... /home/elco/repos/firmware/platform/spark/modules/eGUI/D4D/graphic_objects/d4d_list_box.h
... /home/elco/repos/firmware/platform/spark/modules/eGUI/D4D/graphic_objects/d4d_edit_box.h
... /home/elco/repos/firmware/platform/spark/modules/eGUI/D4D/graphic_objects/d4d_combo_box.h
. ../hal/inc/deviceid_hal.h
Multiple include guards may be useful for:
/home/elco/repos/firmware/app/brewblox/display/d4d.hpp
/home/elco/repos/firmware/platform/spark/modules/eGUI/D4D/d4d_id.h
. /home/elco/repos/firmware/app/brewblox/blox/SysInfoBlock.h
.. /home/elco/repos/firmware/app/brewblox/blox/Block.h
... /home/elco/repos/firmware/controlbox/src/cbox/ObjectBase.h
.... /home/elco/repos/firmware/controlbox/src/cbox/Object.h
..... /home/elco/repos/firmware/controlbox/src/cbox/CboxError.h
..... /home/elco/repos/firmware/controlbox/src/cbox/DataStream.h
..... /home/elco/repos/firmware/controlbox/src/cbox/ObjectIds.h
... ../nanopb/nanopb/pb.h
.. /home/elco/repos/firmware/app/brewblox/proto/cpp/SysInfo.pb.h
... /home/elco/repos/firmware/app/brewblox/proto/cpp/brewblox.pb.h
. ../hal/inc/deviceid_hal.h
Multiple include guards may be useful for:
. /home/elco/repos/firmware/lib/inc/ActuatorAnalogConstrained.h
.. /home/elco/repos/firmware/lib/inc/ActuatorAnalog.h
... /home/elco/repos/firmware/lib/inc/FixedPoint.h
.... /home/elco/repos/firmware/lib/inc/../cnl/include/cnl/_impl/fixed_point/constants.h
..... /home/elco/repos/firmware/lib/inc/../cnl/include/cnl/_impl/fixed_point/type.h
...... /home/elco/repos/firmware/lib/inc/../cnl/include/cnl/_impl/fixed_point/../power.h
....... /home/elco/repos/firmware/lib/inc/../cnl/include/cnl/_impl/fixed_point/../../constant.h
........ /home/elco/repos/firmware/lib/inc/../cnl/include/cnl/_impl/fixed_point/../../limits.h
......... /home/elco/repos/firmware/lib/inc/../cnl/include/cnl/_impl/fixed_point/../../cstdint.h
.......... /home/elco/repos/firmware/lib/inc/../cnl/include/cnl/_impl/fixed_point/../../_impl/common.h
........... /home/elco/repos/firmware/lib/inc/../cnl/include/cnl/_impl/fixed_point/../../_impl/config.h
.......... /home/elco/repos/firmware/lib/inc/../cnl/include/cnl/_impl/fixed_point/../../_impl/config.h
...... /home/elco/repos/firmware/lib/inc/../cnl/include/cnl/_impl/fixed_point/../num_traits/width.h
....... /home/elco/repos/firmware/lib/inc/../cnl/include/cnl/_impl/fixed_point/../num_traits/../type_traits/is_signed.h
........ /home/elco/repos/firmware/lib/inc/../cnl/include/cnl/_impl/fixed_point/../num_traits/../type_traits/../../cstdint.h
........ /home/elco/repos/firmware/lib/inc/../cnl/include/cnl/_impl/fixed_point/../num_traits/../type_traits/../num_traits/is_composite.h
........ /home/elco/repos/firmware/lib/inc/../cnl/include/cnl/_impl/fixed_point/../num_traits/../type_traits/../num_traits/to_rep.h
......... /home/elco/repos/firmware/lib/inc/../cnl/include/cnl/_impl/fixed_point/../num_traits/../type_traits/../num_traits/../type_traits/remove_cvref.h
......... /home/elco/repos/firmware/lib/inc/../cnl/include/cnl/_impl/fixed_point/../num_traits/../type_traits/../num_traits/../type_traits/enable_if.h
......... /home/elco/repos/firmware/lib/inc/../cnl/include/cnl/_impl/fixed_point/../num_traits/../type_traits/../num_traits/../type_traits/is_integral.h
.......... /home/elco/repos/firmware/lib/inc/../cnl/include/cnl/_impl/fixed_point/../num_traits/../type_traits/../num_traits/../type_traits/../../cstdint.h
.......... /home/elco/repos/firmware/lib/inc/../cnl/include/cnl/_impl/fixed_point/../num_traits/../type_traits/../num_traits/../type_traits/../config.h
......... /home/elco/repos/firmware/lib/inc/../cnl/include/cnl/_impl/fixed_point/../num_traits/../type_traits/../num_traits/../../constant.h
........ /home/elco/repos/firmware/lib/inc/../cnl/include/cnl/_impl/fixed_point/../num_traits/../type_traits/enable_if.h
........ /home/elco/repos/firmware/lib/inc/../cnl/include/cnl/_impl/fixed_point/../num_traits/../type_traits/../../constant.h
....... /home/elco/repos/firmware/lib/inc/../cnl/include/cnl/_impl/fixed_point/../num_traits/digits.h
........ /home/elco/repos/firmware/lib/inc/../cnl/include/cnl/_impl/fixed_point/../num_traits/../../constant.h
........ /home/elco/repos/firmware/lib/inc/../cnl/include/cnl/_impl/fixed_point/../num_traits/../../cstdint.h
........ /home/elco/repos/firmware/lib/inc/../cnl/include/cnl/_impl/fixed_point/../num_traits/../used_digits.h
........ /home/elco/repos/firmware/lib/inc/../cnl/include/cnl/_impl/fixed_point/../num_traits/../type_traits/enable_if.h
........ /home/elco/repos/firmware/lib/inc/../cnl/include/cnl/_impl/fixed_point/../num_traits/is_composite.h
....... /home/elco/repos/firmware/lib/inc/../cnl/include/cnl/_impl/fixed_point/../num_traits/set_digits.h
........ /home/elco/repos/firmware/lib/inc/../cnl/include/cnl/_impl/fixed_point/../num_traits/../type_traits/is_integral.h
...... /home/elco/repos/firmware/lib/inc/../cnl/include/cnl/_impl/fixed_point/../number_base.h
....... /home/elco/repos/firmware/lib/inc/../cnl/include/cnl/_impl/fixed_point/../num_traits/from_rep.h
....... /home/elco/repos/firmware/lib/inc/../cnl/include/cnl/_impl/fixed_point/../num_traits/from_value.h
........ /home/elco/repos/firmware/lib/inc/../cnl/include/cnl/_impl/fixed_point/../num_traits/../type_traits/make_signed.h
......... /home/elco/repos/firmware/lib/inc/../cnl/include/cnl/_impl/fixed_point/../num_traits/../type_traits/../type_traits/enable_if.h
......... /home/elco/repos/firmware/lib/inc/../cnl/include/cnl/_impl/fixed_point/../num_traits/../type_traits/../num_traits/from_rep.h
......... /home/elco/repos/firmware/lib/inc/../cnl/include/cnl/_impl/fixed_point/../num_traits/../type_traits/../type_traits/type_identity.h
....... /home/elco/repos/firmware/lib/inc/../cnl/include/cnl/_impl/fixed_point/../num_traits/is_composite.h
....... /home/elco/repos/firmware/lib/inc/../cnl/include/cnl/_impl/fixed_point/../num_traits/scale.h
........ /home/elco/repos/firmware/lib/inc/../cnl/include/cnl/_impl/fixed_point/../num_traits/../power.h
....... /home/elco/repos/firmware/lib/inc/../cnl/include/cnl/_impl/fixed_point/../num_traits/to_rep.h
....... /home/elco/repos/firmware/lib/inc/../cnl/include/cnl/_impl/fixed_point/../operators.h
........ /home/elco/repos/firmware/lib/inc/../cnl/include/cnl/_impl/fixed_point/../../limits.h
........ /home/elco/repos/firmware/lib/inc/../cnl/include/cnl/_impl/fixed_point/../type_traits/enable_if.h
........ /home/elco/repos/firmware/lib/inc/../cnl/include/cnl/_impl/fixed_point/../type_traits/type_identity.h
...... /home/elco/repos/firmware/lib/inc/../cnl/include/cnl/_impl/fixed_point/../../constant.h
...... /home/elco/repos/firmware/lib/inc/../cnl/include/cnl/_impl/fixed_point/../../numeric.h
....... /home/elco/repos/firmware/lib/inc/../cnl/include/cnl/_impl/fixed_point/../../bit.h
........ /home/elco/repos/firmware/lib/inc/../cnl/include/cnl/_impl/fixed_point/../../_impl/num_traits/digits.h
........ /home/elco/repos/firmware/lib/inc/../cnl/include/cnl/_impl/fixed_point/../../_impl/type_traits/is_signed.h
........ /home/elco/repos/firmware/lib/inc/../cnl/include/cnl/_impl/fixed_point/../../_impl/type_traits/make_unsigned.h
......... /home/elco/repos/firmware/lib/inc/../cnl/include/cnl/_impl/fixed_point/../../_impl/type_traits/enable_if.h
......... /home/elco/repos/firmware/lib/inc/../cnl/include/cnl/_impl/fixed_point/../../_impl/type_traits/../num_traits/is_composite.h
......... /home/elco/repos/firmware/lib/inc/../cnl/include/cnl/_impl/fixed_point/../../_impl/type_traits/../num_traits/to_rep.h
......... /home/elco/repos/firmware/lib/inc/../cnl/include/cnl/_impl/fixed_point/../../_impl/type_traits/../num_traits/from_rep.h
......... /home/elco/repos/firmware/lib/inc/../cnl/include/cnl/_impl/fixed_point/../../_impl/type_traits/../type_traits/type_identity.h
....... /home/elco/repos/firmware/lib/inc/../cnl/include/cnl/_impl/fixed_point/../../_impl/num_traits/unwrap.h
........ /home/elco/repos/firmware/lib/inc/../cnl/include/cnl/_impl/fixed_point/../../_impl/num_traits/../type_traits/enable_if.h
........ /home/elco/repos/firmware/lib/inc/../cnl/include/cnl/_impl/fixed_point/../../_impl/num_traits/is_composite.h
........ /home/elco/repos/firmware/lib/inc/../cnl/include/cnl/_impl/fixed_point/../../_impl/num_traits/to_rep.h
....... /home/elco/repos/firmware/lib/inc/../cnl/include/cnl/_impl/fixed_point/../../_impl/used_digits.h
...... /home/elco/repos/firmware/lib/inc/../cnl/include/cnl/_impl/fixed_point/declaration.h
....... /home/elco/repos/firmware/lib/inc/../cnl/include/cnl/_impl/fixed_point/../../limits.h
...... /home/elco/repos/firmware/lib/inc/../cnl/include/cnl/_impl/fixed_point/is_fixed_point.h
..... /home/elco/repos/firmware/lib/inc/../cnl/include/cnl/_impl/fixed_point/../used_digits.h
.... /home/elco/repos/firmware/lib/inc/../cnl/include/cnl/_impl/fixed_point/convert.h
..... /home/elco/repos/firmware/lib/inc/../cnl/include/cnl/_impl/fixed_point/../rounding/convert.h
...... /home/elco/repos/firmware/lib/inc/../cnl/include/cnl/_impl/fixed_point/../rounding/../../limits.h
...... /home/elco/repos/firmware/lib/inc/../cnl/include/cnl/_impl/fixed_point/../rounding/../native_tag.h
....... /home/elco/repos/firmware/lib/inc/../cnl/include/cnl/_impl/fixed_point/../rounding/../type_traits/make_unsigned.h
....... /home/elco/repos/firmware/lib/inc/../cnl/include/cnl/_impl/fixed_point/../rounding/../operators.h
...... /home/elco/repos/firmware/lib/inc/../cnl/include/cnl/_impl/fixed_point/../rounding/../type_traits/enable_if.h
...... /home/elco/repos/firmware/lib/inc/../cnl/include/cnl/_impl/fixed_point/../rounding/rounding_tag.h
..... /home/elco/repos/firmware/lib/inc/../cnl/include/cnl/_impl/fixed_point/../rounding/rounding_tag.h
..... /home/elco/repos/firmware/lib/inc/../cnl/include/cnl/_impl/fixed_point/../type_traits/enable_if.h
..... /home/elco/repos/firmware/lib/inc/../cnl/include/cnl/_impl/fixed_point/from_rep.h
...... /home/elco/repos/firmware/lib/inc/../cnl/include/cnl/_impl/fixed_point/../num_traits/from_rep.h
.... /home/elco/repos/firmware/lib/inc/../cnl/include/cnl/_impl/fixed_point/declaration.h
.... /home/elco/repos/firmware/lib/inc/../cnl/include/cnl/_impl/fixed_point/extras.h
..... /home/elco/repos/firmware/lib/inc/../cnl/include/cnl/_impl/fixed_point/../cmath/abs.h
...... /home/elco/repos/firmware/lib/inc/../cnl/include/cnl/_impl/fixed_point/../cmath/../type_traits/is_signed.h
...... /home/elco/repos/firmware/lib/inc/../cnl/include/cnl/_impl/fixed_point/../cmath/../type_traits/enable_if.h
..... /home/elco/repos/firmware/lib/inc/../cnl/include/cnl/_impl/fixed_point/../config.h
..... /home/elco/repos/firmware/lib/inc/../cnl/include/cnl/_impl/fixed_point/../num_traits/fixed_width_scale.h
...... /home/elco/repos/firmware/lib/inc/../cnl/include/cnl/_impl/fixed_point/../num_traits/scale.h
..... /home/elco/repos/firmware/lib/inc/../cnl/include/cnl/_impl/fixed_point/../num_traits/unwrap.h
..... /home/elco/repos/firmware/lib/inc/../cnl/include/cnl/_impl/fixed_point/../unreachable.h
...... /home/elco/repos/firmware/lib/inc/../cnl/include/cnl/_impl/fixed_point/../config.h
...... /home/elco/repos/firmware/lib/inc/../cnl/include/cnl/_impl/fixed_point/../terminate.h
.... /home/elco/repos/firmware/lib/inc/../cnl/include/cnl/_impl/fixed_point/from_rep.h
.... /home/elco/repos/firmware/lib/inc/../cnl/include/cnl/_impl/fixed_point/is_fixed_point.h
.... /home/elco/repos/firmware/lib/inc/../cnl/include/cnl/_impl/fixed_point/named.h
..... /home/elco/repos/firmware/lib/inc/../cnl/include/cnl/_impl/fixed_point/../common.h
..... /home/elco/repos/firmware/lib/inc/../cnl/include/cnl/_impl/fixed_point/num_traits.h
.... /home/elco/repos/firmware/lib/inc/../cnl/include/cnl/_impl/fixed_point/operators.h
.... /home/elco/repos/firmware/lib/inc/../cnl/include/cnl/_impl/fixed_point/to_chars.h
..... /home/elco/repos/firmware/lib/inc/../cnl/include/cnl/_impl/fixed_point/../../rounding_integer.h
...... /home/elco/repos/firmware/lib/inc/../cnl/include/cnl/_impl/fixed_point/../../_impl/num_traits/fixed_width_scale.h
...... /home/elco/repos/firmware/lib/inc/../cnl/include/cnl/_impl/fixed_point/../../_impl/number_base.h
...... /home/elco/repos/firmware/lib/inc/../cnl/include/cnl/_impl/fixed_point/../../_impl/rounding.h
....... /home/elco/repos/firmware/lib/inc/../cnl/include/cnl/_impl/fixed_point/../../_impl/native_tag.h
....... /home/elco/repos/firmware/lib/inc/../cnl/include/cnl/_impl/fixed_point/../../_impl/rounding/convert.h
....... /home/elco/repos/firmware/lib/inc/../cnl/include/cnl/_impl/fixed_point/../../_impl/rounding/rounding_tag.h
....... /home/elco/repos/firmware/lib/inc/../cnl/include/cnl/_impl/fixed_point/../../_impl/operators.h
....... /home/elco/repos/firmware/lib/inc/../cnl/include/cnl/_impl/fixed_point/../../_impl/num_traits/from_value.h
....... /home/elco/repos/firmware/lib/inc/../cnl/include/cnl/_impl/fixed_point/../../_impl/num_traits/unwrap.h
...... /home/elco/repos/firmware/lib/inc/../cnl/include/cnl/_impl/fixed_point/../../_impl/type_traits/common_type.h
.... /home/elco/repos/firmware/lib/inc/../cnl/include/cnl/_impl/fixed_point/type.h
.... /home/elco/repos/firmware/lib/inc/../cnl/include/cnl/elastic_integer.h
..... /home/elco/repos/firmware/lib/inc/../cnl/include/cnl/constant.h
..... /home/elco/repos/firmware/lib/inc/../cnl/include/cnl/_impl/limits/lowest.h
..... /home/elco/repos/firmware/lib/inc/../cnl/include/cnl/_impl/num_traits/adopt.h
...... /home/elco/repos/firmware/lib/inc/../cnl/include/cnl/_impl/num_traits/adopt_digits.h
....... /home/elco/repos/firmware/lib/inc/../cnl/include/cnl/_impl/num_traits/digits.h
....... /home/elco/repos/firmware/lib/inc/../cnl/include/cnl/_impl/num_traits/set_digits.h
...... /home/elco/repos/firmware/lib/inc/../cnl/include/cnl/_impl/num_traits/adopt_signedness.h
....... /home/elco/repos/firmware/lib/inc/../cnl/include/cnl/_impl/num_traits/../type_traits/is_signed.h
....... /home/elco/repos/firmware/lib/inc/../cnl/include/cnl/_impl/num_traits/../type_traits/set_signedness.h
........ /home/elco/repos/firmware/lib/inc/../cnl/include/cnl/_impl/num_traits/../type_traits/make_signed.h
........ /home/elco/repos/firmware/lib/inc/../cnl/include/cnl/_impl/num_traits/../type_traits/make_unsigned.h
..... /home/elco/repos/firmware/lib/inc/../cnl/include/cnl/_impl/num_traits/adopt_signedness.h
..... /home/elco/repos/firmware/lib/inc/../cnl/include/cnl/_impl/num_traits/fixed_width_scale.h
..... /home/elco/repos/firmware/lib/inc/../cnl/include/cnl/_impl/num_traits/width.h
..... /home/elco/repos/firmware/lib/inc/../cnl/include/cnl/_impl/number_base.h
..... /home/elco/repos/firmware/lib/inc/../cnl/include/cnl/_impl/type_traits/common_type.h
..... /home/elco/repos/firmware/lib/inc/../cnl/include/cnl/_impl/type_traits/is_signed.h
..... /home/elco/repos/firmware/lib/inc/../cnl/include/cnl/_impl/type_traits/make_signed.h
..... /home/elco/repos/firmware/lib/inc/../cnl/include/cnl/_impl/type_traits/set_signedness.h
.... /home/elco/repos/firmware/lib/inc/../cnl/include/cnl/num_traits.h
..... /home/elco/repos/firmware/lib/inc/../cnl/include/cnl/_impl/num_traits/digits.h
..... /home/elco/repos/firmware/lib/inc/../cnl/include/cnl/_impl/num_traits/from_rep.h
..... /home/elco/repos/firmware/lib/inc/../cnl/include/cnl/_impl/num_traits/from_value.h
..... /home/elco/repos/firmware/lib/inc/../cnl/include/cnl/_impl/num_traits/is_composite.h
..... /home/elco/repos/firmware/lib/inc/../cnl/include/cnl/_impl/num_traits/set_digits.h
..... /home/elco/repos/firmware/lib/inc/../cnl/include/cnl/_impl/num_traits/scale.h
..... /home/elco/repos/firmware/lib/inc/../cnl/include/cnl/_impl/num_traits/to_rep.h
..... /home/elco/repos/firmware/lib/inc/../cnl/include/cnl/_impl/num_traits/unwrap.h
..... /home/elco/repos/firmware/lib/inc/../cnl/include/cnl/_impl/num_traits/wrap.h
...... /home/elco/repos/firmware/lib/inc/../cnl/include/cnl/_impl/num_traits/../type_traits/enable_if.h
...... /home/elco/repos/firmware/lib/inc/../cnl/include/cnl/_impl/num_traits/is_composite.h
...... /home/elco/repos/firmware/lib/inc/../cnl/include/cnl/_impl/num_traits/to_rep.h
.... /home/elco/repos/firmware/lib/inc/../cnl/include/cnl/overflow_integer.h
..... /home/elco/repos/firmware/lib/inc/../cnl/include/cnl/overflow.h
...... /home/elco/repos/firmware/lib/inc/../cnl/include/cnl/_impl/overflow/common.h
....... /home/elco/repos/firmware/lib/inc/../cnl/include/cnl/_impl/overflow/../../limits.h
....... /home/elco/repos/firmware/lib/inc/../cnl/include/cnl/_impl/overflow/../../numeric.h
....... /home/elco/repos/firmware/lib/inc/../cnl/include/cnl/_impl/overflow/../native_tag.h
....... /home/elco/repos/firmware/lib/inc/../cnl/include/cnl/_impl/overflow/../num_traits/digits.h
....... /home/elco/repos/firmware/lib/inc/../cnl/include/cnl/_impl/overflow/../operators.h
....... /home/elco/repos/firmware/lib/inc/../cnl/include/cnl/_impl/overflow/../type_traits/is_signed.h
...... /home/elco/repos/firmware/lib/inc/../cnl/include/cnl/_impl/overflow/native.h
...... /home/elco/repos/firmware/lib/inc/../cnl/include/cnl/_impl/overflow/saturated.h
....... /home/elco/repos/firmware/lib/inc/../cnl/include/cnl/_impl/overflow/common.h
....... /home/elco/repos/firmware/lib/inc/../cnl/include/cnl/_impl/overflow/../terminate.h
...... /home/elco/repos/firmware/lib/inc/../cnl/include/cnl/_impl/overflow/throwing.h
....... /home/elco/repos/firmware/lib/inc/../cnl/include/cnl/_impl/overflow/../throw_exception.h
........ /home/elco/repos/firmware/lib/inc/../cnl/include/cnl/_impl/overflow/../config.h
........ /home/elco/repos/firmware/lib/inc/../cnl/include/cnl/_impl/overflow/../terminate.h
...... /home/elco/repos/firmware/lib/inc/../cnl/include/cnl/_impl/overflow/trapping.h
...... /home/elco/repos/firmware/lib/inc/../cnl/include/cnl/_impl/overflow/undefined.h
....... /home/elco/repos/firmware/lib/inc/../cnl/include/cnl/_impl/overflow/../unreachable.h
..... /home/elco/repos/firmware/lib/inc/../cnl/include/cnl/_impl/native_tag.h
..... /home/elco/repos/firmware/lib/inc/../cnl/include/cnl/_impl/operators.h
..... /home/elco/repos/firmware/lib/inc/../cnl/include/cnl/_impl/type_traits/identical.h
.... /home/elco/repos/firmware/lib/inc/../cnl/include/cnl/rounding_integer.h
... /home/elco/repos/firmware/lib/inc/ProcessValue.h
. /home/elco/repos/firmware/lib/inc/Balancer.h
. /home/elco/repos/firmware/controlbox/src/cbox/CboxPtr.h
.. /home/elco/repos/firmware/controlbox/src/cbox/Object.h
... /home/elco/repos/firmware/controlbox/src/cbox/CboxError.h
... /home/elco/repos/firmware/controlbox/src/cbox/DataStream.h
... /home/elco/repos/firmware/controlbox/src/cbox/ObjectIds.h
.. /home/elco/repos/firmware/controlbox/src/cbox/ObjectContainer.h
... /home/elco/repos/firmware/controlbox/src/cbox/ContainedObject.h
.... /home/elco/repos/firmware/controlbox/src/cbox/InactiveObject.h
..... /home/elco/repos/firmware/controlbox/src/cbox/ObjectBase.h
. /home/elco/repos/firmware/app/brewblox/proto/cpp/AnalogConstraints.pb.h
.. ../nanopb/nanopb/pb.h
.. /home/elco/repos/firmware/app/brewblox/proto/cpp/brewblox.pb.h
Multiple include guards may be useful for:
. /home/elco/repos/firmware/lib/inc/ActuatorDigitalConstrained.h
.. /home/elco/repos/firmware/lib/inc/ActuatorDigital.h
.. /home/elco/repos/firmware/lib/inc/ActuatorDigitalChangeLogged.h
... /home/elco/repos/firmware/lib/inc/TicksTypes.h
. /home/elco/repos/firmware/controlbox/src/cbox/CboxPtr.h
.. /home/elco/repos/firmware/controlbox/src/cbox/Object.h
... /home/elco/repos/firmware/controlbox/src/cbox/CboxError.h
... /home/elco/repos/firmware/controlbox/src/cbox/DataStream.h
... /home/elco/repos/firmware/controlbox/src/cbox/ObjectIds.h
.. /home/elco/repos/firmware/controlbox/src/cbox/ObjectContainer.h
... /home/elco/repos/firmware/controlbox/src/cbox/ContainedObject.h
.... /home/elco/repos/firmware/controlbox/src/cbox/InactiveObject.h
..... /home/elco/repos/firmware/controlbox/src/cbox/ObjectBase.h
. /home/elco/repos/firmware/app/brewblox/proto/cpp/DigitalConstraints.pb.h
.. ../nanopb/nanopb/pb.h
.. /home/elco/repos/firmware/app/brewblox/proto/cpp/brewblox.pb.h
.. /home/elco/repos/firmware/app/brewblox/proto/cpp/ActuatorDigital.pb.h
Multiple include guards may be useful for:
. /home/elco/repos/firmware/platform/wiring//TicksWiring.h
.. /home/elco/repos/firmware/lib/inc/TicksTypes.h
. /home/elco/repos/firmware/lib/inc/Ticks.h
. ./inc/application.h
.. ../system/inc/system_version.h
.. ../wiring/inc/spark_wiring.h
... ../hal/inc/pinmap_hal.h
... ../hal/inc/gpio_hal.h
.... ../hal/inc/pinmap_hal.h
... ../hal/inc/adc_hal.h
... ../hal/inc/dac_hal.h
... ../hal/inc/pwm_hal.h
... ../hal/inc/rng_hal.h
... ../services/inc/config.h
... ../services/inc/spark_macros.h
... ../services/inc/debug.h
.... ../services/inc/service_debug.h
..... ../services/inc/logging.h
...... ../services/inc/panic.h
....... ../services/inc/panic_codes.h
...... ../services/inc/config.h
...... ../services/inc/preprocessor.h
... ../wiring/inc/spark_wiring_constants.h
... ../wiring/inc/spark_wiring_stream.h
.... ../wiring/inc/spark_wiring_string.h
..... ../wiring/inc/spark_wiring_print.h
...... ../hal/shared/system_tick_hal.h
...... ../wiring/inc/spark_wiring_string.h
...... ../wiring/inc/spark_wiring_printable.h
... ../wiring/inc/spark_wiring_ipaddress.h
.... ../hal/inc/inet_hal.h
..... ../services/inc/static_assert.h
... ../wiring/inc/spark_wiring_cellular_printable.h
.... ../wiring/inc/spark_wiring_platform.h
..... ../platform/shared/inc/platforms.h
.... ../wiring/inc/spark_wiring_signal.h
..... ../hal/inc/net_hal.h
... ../wiring/inc/spark_wiring_wifi.h
.... ../wiring/inc/spark_wiring_network.h
.... ../hal/inc/wlan_hal.h
..... ../services/inc/debug.h
..... ../hal/inc/inet_hal.h
..... ../hal/inc/socket_hal.h
...... ../services/inc/debug.h
..... ../hal/inc/timer_hal.h
.... ../system/inc/system_network.h
.... ../wiring/inc/spark_wiring_wifi_credentials.h
..... ../wiring/inc/spark_wiring_vector.h
... ../wiring/inc/spark_wiring_cellular.h
... ../wiring/inc/spark_wiring_character.h
... ../wiring/inc/spark_wiring_random.h
... ../wiring/inc/spark_wiring_system.h
.... ../wiring/inc/spark_wiring_ticks.h
..... ../hal/inc/timer_hal.h
..... ../hal/inc/delay_hal.h
.... ../wiring/inc/spark_wiring_version.h
..... ../communication/src/spark_protocol_functions.h
...... ../communication/src/spark_descriptor.h
....... ../services/inc/appender.h
....... ../communication/src/events.h
...... ../communication/src/dsakeygen.h
...... ../communication/src/eckeygen.h
...... ../communication/src/file_transfer.h
...... ../communication/src/protocol_selector.h
....... ../hal/inc/hal_platform.h
...... ../communication/src/protocol_defs.h
....... ../services/inc/system_error.h
...... ../services/inc/completion_handler.h
....... ../services/inc/system_error.h
....... ../wiring/inc/spark_wiring_vector.h
.... ../system/inc/system_mode.h
.... ../system/inc/system_update.h
.... ../system/inc/system_sleep.h
..... ../hal/inc/interrupts_hal.h
...... ../hal/inc/hal_irq_flag.h
.... ../system/inc/system_cloud.h
..... ../wiring/inc/spark_wiring_string.h
.... ../system/inc/system_event.h
.... ../hal/inc/core_hal.h
..... ../hal/inc/watchdog_hal.h
..... ../hal/inc/core_subsys_hal.h
..... ../hal/inc/interrupts_hal.h
.... ../system/inc/system_user.h
.... ../wiring/inc/spark_wiring_flags.h
... ../wiring/inc/spark_wiring_cloud.h
.... ../communication/src/events.h
.... ../wiring/inc/spark_wiring_watchdog.h
..... ../wiring/inc/spark_wiring_thread.h
.... ../wiring/inc/spark_wiring_async.h
..... ../wiring/inc/spark_wiring_error.h
..... ../system/inc/system_task.h
...... ../hal/inc/socket_hal.h
.... ../wiring/inc/spark_wiring_global.h
... ../wiring/inc/spark_wiring_rgb.h
.... ../services/inc/rgbled.h
.. ../wiring/inc/spark_wiring_interrupts.h
.. ../wiring/inc/spark_wiring_power.h
... ../wiring/inc/spark_wiring.h
... ../wiring/inc/spark_wiring_i2c.h
.... ../hal/inc/i2c_hal.h
.. ../wiring/inc/spark_wiring_fuel.h
.. ../wiring/inc/spark_wiring_print.h
.. ../wiring/inc/spark_wiring_usartserial.h
... ../hal/inc/usart_hal.h
.. ../wiring/inc/spark_wiring_can.h
... ../hal/inc/can_hal.h
.. ../wiring/inc/spark_wiring_usbserial.h
... ../hal/inc/usb_hal.h
.... ../hal/inc/usb_config_hal.h
... ../wiring/inc/spark_wiring_startup.h
.. ../wiring/inc/spark_wiring_usbmouse.h
... ../hal/inc/usb_config_hal.h
.. ../wiring/inc/spark_wiring_usbkeyboard.h
.. ../wiring/inc/spark_wiring_spi.h
... ../hal/inc/spi_hal.h
.. ../wiring/inc/spark_wiring_i2c.h
.. ../wiring/inc/spark_wiring_servo.h
.. ../wiring/inc/spark_wiring_wifi.h
.. ../wiring/inc/spark_wiring_network.h
.. ../wiring/inc/spark_wiring_client.h
.. ../wiring/inc/spark_wiring_timer.h
.. ../wiring/inc/spark_wiring_tcpclient.h
... ../wiring/inc/spark_wiring_client.h
.. ../wiring/inc/spark_wiring_tcpserver.h
.. ../wiring/inc/spark_wiring_udp.h
.. ../wiring/inc/spark_wiring_time.h
.. ../wiring/inc/spark_wiring_tone.h
.. ../wiring/inc/spark_wiring_eeprom.h
... ../hal/inc/eeprom_hal.h
.. ../wiring/inc/spark_wiring_version.h
.. ../wiring/inc/spark_wiring_thread.h
.. ../wiring/inc/spark_wiring_logging.h
... ../services/inc/logging.h
... ../wiring/inc/spark_wiring_json.h
.... ../services/inc/jsmn.h
... ../system/inc/system_control.h
.. ../wiring/inc/spark_wiring_json.h
.. ../wiring/inc/spark_wiring_async.h
.. ../wiring/inc/spark_wiring_error.h
.. ../wiring/inc/spark_wiring_led.h
... ../system/inc/system_led_signal.h
.... ../services/inc/led_service.h
..... ../services/inc/rgbled.h
.. ../wiring/inc/spark_wiring_diagnostics.h
... ../wiring/inc/spark_wiring_interrupts.h
... ../services/inc/diagnostics.h
... ../services/inc/combine_hash.h
... ../services/inc/underlying_type.h
... ../services/inc/debug.h
.. ../wiring/inc/fast_pin.h
.. ../wiring/inc/string_convert.h
.. ../wiring/inc/debug_output_handler.h
... ../wiring/inc/spark_wiring_usartserial.h
... ../wiring/inc/spark_wiring_usbserial.h
... ../wiring/inc/spark_wiring_logging.h
.. ../wiring/inc/spark_wiring_arduino.h
Multiple include guards may be useful for:
../services/inc/panic_codes.h
../wiring/inc/spark_wiring_fuel.h
../wiring/inc/spark_wiring_power.h
. /home/elco/repos/firmware/platform/spark/modules/Board/Board.h
.. ../hal/inc/core_hal.h
... ../hal/inc/watchdog_hal.h
... ../hal/inc/core_subsys_hal.h
... ../hal/inc/interrupts_hal.h
.... ../hal/inc/pinmap_hal.h
.... ../hal/inc/hal_irq_flag.h
.. ../hal/inc/gpio_hal.h
.. ../hal/inc/pinmap_hal.h
. ../hal/inc/delay_hal.h
Multiple include guards may be useful for:
. /home/elco/repos/firmware/platform/spark/modules/Buzzer/Buzzer.h
.. /home/elco/repos/firmware/platform/spark/modules/Board/Board.h
... ../hal/inc/core_hal.h
.... ../hal/inc/watchdog_hal.h
.... ../hal/inc/core_subsys_hal.h
.... ../hal/inc/interrupts_hal.h
..... ../hal/inc/pinmap_hal.h
..... ../hal/inc/hal_irq_flag.h
... ../hal/inc/gpio_hal.h
... ../hal/inc/pinmap_hal.h
. ../hal/inc/delay_hal.h
. ../wiring/inc/spark_wiring.h
.. ../hal/inc/adc_hal.h
.. ../hal/inc/dac_hal.h
.. ../hal/inc/pwm_hal.h
.. ../hal/inc/rng_hal.h
.. ../services/inc/config.h
.. ../services/inc/spark_macros.h
.. ../services/inc/debug.h
... ../services/inc/service_debug.h
.... ../services/inc/logging.h
..... ../services/inc/panic.h
...... ../services/inc/panic_codes.h
..... ../services/inc/config.h
..... ../services/inc/preprocessor.h
.. ../wiring/inc/spark_wiring_constants.h
.. ../wiring/inc/spark_wiring_stream.h
... ../wiring/inc/spark_wiring_string.h
.... ../wiring/inc/spark_wiring_print.h
..... ../hal/shared/system_tick_hal.h
..... ../wiring/inc/spark_wiring_string.h
..... ../wiring/inc/spark_wiring_printable.h
.. ../wiring/inc/spark_wiring_ipaddress.h
... ../hal/inc/inet_hal.h
.... ../services/inc/static_assert.h
.. ../wiring/inc/spark_wiring_cellular_printable.h
... ../wiring/inc/spark_wiring_platform.h
.... ../platform/shared/inc/platforms.h
... ../wiring/inc/spark_wiring_signal.h
.... ../hal/inc/net_hal.h
.. ../wiring/inc/spark_wiring_wifi.h
... ../wiring/inc/spark_wiring_network.h
... ../hal/inc/wlan_hal.h
.... ../services/inc/debug.h
.... ../hal/inc/inet_hal.h
.... ../hal/inc/socket_hal.h
..... ../services/inc/debug.h
.... ../hal/inc/timer_hal.h
... ../system/inc/system_network.h
... ../wiring/inc/spark_wiring_wifi_credentials.h
.... ../wiring/inc/spark_wiring_vector.h
.. ../wiring/inc/spark_wiring_cellular.h
.. ../wiring/inc/spark_wiring_character.h
.. ../wiring/inc/spark_wiring_random.h
.. ../wiring/inc/spark_wiring_system.h
... ../wiring/inc/spark_wiring_ticks.h
.... ../hal/inc/timer_hal.h
... ../wiring/inc/spark_wiring_version.h
.... ../communication/src/spark_protocol_functions.h
..... ../communication/src/spark_descriptor.h
...... ../services/inc/appender.h
...... ../communication/src/events.h
..... ../communication/src/dsakeygen.h
..... ../communication/src/eckeygen.h
..... ../communication/src/file_transfer.h
..... ../communication/src/protocol_selector.h
...... ../hal/inc/hal_platform.h
..... ../communication/src/protocol_defs.h
...... ../services/inc/system_error.h
..... ../services/inc/completion_handler.h
...... ../services/inc/system_error.h
...... ../wiring/inc/spark_wiring_vector.h
... ../system/inc/system_mode.h
... ../system/inc/system_update.h
... ../system/inc/system_sleep.h
.... ../hal/inc/interrupts_hal.h
... ../system/inc/system_cloud.h
.... ../wiring/inc/spark_wiring_string.h
... ../system/inc/system_event.h
... ../system/inc/system_user.h
... ../system/inc/system_version.h
... ../wiring/inc/spark_wiring_flags.h
.. ../wiring/inc/spark_wiring_cloud.h
... ../communication/src/events.h
... ../wiring/inc/spark_wiring_watchdog.h
.... ../wiring/inc/spark_wiring_thread.h
... ../wiring/inc/spark_wiring_async.h
.... ../wiring/inc/spark_wiring_error.h
.... ../system/inc/system_task.h
..... ../hal/inc/socket_hal.h
... ../wiring/inc/spark_wiring_global.h
.. ../wiring/inc/spark_wiring_rgb.h
... ../services/inc/rgbled.h
Multiple include guards may be useful for:
../services/inc/panic_codes.h
. /home/elco/repos/firmware/app/brewblox/display/fonts/icons.h
.. /home/elco/repos/firmware/platform/spark/modules/eGUI/D4D/d4d.h
... /home/elco/repos/firmware/platform/spark/modules/eGUI/D4D/d4d_user_cfg.h
.... /home/elco/repos/firmware/platform/spark/modules/eGUI/D4D/d4d_id.h
.... /home/elco/repos/firmware/app/brewblox/display/d4d_user_cfg_app.h
... /home/elco/repos/firmware/platform/spark/modules/eGUI/D4D/common_files/d4d_types.h
.... /home/elco/repos/firmware/platform/spark/modules/eGUI/D4D/common_files/d4d_scheme.h
... /home/elco/repos/firmware/platform/spark/modules/eGUI/D4D/common_files/d4d_base.h
... /home/elco/repos/firmware/platform/spark/modules/eGUI/D4D/common_files/d4d_string.h
.... /home/elco/repos/firmware/platform/spark/modules/eGUI/D4D/common_files/d4d_font.h
... /home/elco/repos/firmware/platform/spark/modules/eGUI/D4D/common_files/d4d_basic_draw.h
... /home/elco/repos/firmware/platform/spark/modules/eGUI/D4D/common_files/d4d_object.h
... /home/elco/repos/firmware/platform/spark/modules/eGUI/D4D/common_files/d4d_low.h
... /home/elco/repos/firmware/platform/spark/modules/eGUI/D4D/common_files/d4d_bmp.h
.... /home/elco/repos/firmware/platform/spark/modules/eGUI/D4D/common_files/d4d_imgdec_d4dint.h
.... /home/elco/repos/firmware/platform/spark/modules/eGUI/D4D/common_files/d4d_imgdec_d4d.h
.... /home/elco/repos/firmware/platform/spark/modules/eGUI/D4D/common_files/d4d_imgdec_bmp.h
... /home/elco/repos/firmware/platform/spark/modules/eGUI/D4D/common_files/d4d_extsrc.h
... /home/elco/repos/firmware/platform/spark/modules/eGUI/D4D/common_files/d4d_font.h
... /home/elco/repos/firmware/platform/spark/modules/eGUI/D4D/common_files/d4d_math.h
... /home/elco/repos/firmware/platform/spark/modules/eGUI/D4D/common_files/d4d_scheme.h
... /home/elco/repos/firmware/platform/spark/modules/eGUI/D4D/common_files/d4d_screen.h
... /home/elco/repos/firmware/platform/spark/modules/eGUI/D4D/common_files/d4d_mouse.h
... /home/elco/repos/firmware/platform/spark/modules/eGUI/D4D/graphic_objects/d4d_picture.h
... /home/elco/repos/firmware/platform/spark/modules/eGUI/D4D/graphic_objects/d4d_button.h
... /home/elco/repos/firmware/platform/spark/modules/eGUI/D4D/graphic_objects/d4d_check_box.h
... /home/elco/repos/firmware/platform/spark/modules/eGUI/D4D/graphic_objects/d4d_gauge.h
... /home/elco/repos/firmware/platform/spark/modules/eGUI/D4D/graphic_objects/d4d_slider.h
... /home/elco/repos/firmware/platform/spark/modules/eGUI/D4D/graphic_objects/d4d_label.h
... /home/elco/repos/firmware/platform/spark/modules/eGUI/D4D/graphic_objects/d4d_icon.h
... /home/elco/repos/firmware/platform/spark/modules/eGUI/D4D/graphic_objects/d4d_menu.h
... /home/elco/repos/firmware/platform/spark/modules/eGUI/D4D/graphic_objects/d4d_graph.h
... /home/elco/repos/firmware/platform/spark/modules/eGUI/D4D/graphic_objects/d4d_scroll_bar.h
... /home/elco/repos/firmware/platform/spark/modules/eGUI/D4D/graphic_objects/d4d_console.h
... /home/elco/repos/firmware/platform/spark/modules/eGUI/D4D/graphic_objects/d4d_text_box.h
... /home/elco/repos/firmware/platform/spark/modules/eGUI/D4D/graphic_objects/d4d_progress_bar.h
... /home/elco/repos/firmware/platform/spark/modules/eGUI/D4D/graphic_objects/d4d_radio_button.h
... /home/elco/repos/firmware/platform/spark/modules/eGUI/D4D/graphic_objects/d4d_group_box.h
... /home/elco/repos/firmware/platform/spark/modules/eGUI/D4D/graphic_objects/d4d_list_box.h
... /home/elco/repos/firmware/platform/spark/modules/eGUI/D4D/graphic_objects/d4d_edit_box.h
... /home/elco/repos/firmware/platform/spark/modules/eGUI/D4D/graphic_objects/d4d_combo_box.h
Multiple include guards may be useful for:
/home/elco/repos/firmware/platform/spark/modules/eGUI/D4D/d4d_id.h
. /home/elco/repos/firmware/app/brewblox/display/screens/startup_screen.h
.. /home/elco/repos/firmware/app/brewblox/display/d4d.hpp
... /home/elco/repos/firmware/platform/spark/modules/eGUI/D4D/d4d.h
.... /home/elco/repos/firmware/platform/spark/modules/eGUI/D4D/d4d_user_cfg.h
..... /home/elco/repos/firmware/platform/spark/modules/eGUI/D4D/d4d_id.h
..... /home/elco/repos/firmware/app/brewblox/display/d4d_user_cfg_app.h
.... /home/elco/repos/firmware/platform/spark/modules/eGUI/D4D/common_files/d4d_types.h
..... /home/elco/repos/firmware/platform/spark/modules/eGUI/D4D/common_files/d4d_scheme.h
.... /home/elco/repos/firmware/platform/spark/modules/eGUI/D4D/common_files/d4d_base.h
.... /home/elco/repos/firmware/platform/spark/modules/eGUI/D4D/common_files/d4d_string.h
..... /home/elco/repos/firmware/platform/spark/modules/eGUI/D4D/common_files/d4d_font.h
.... /home/elco/repos/firmware/platform/spark/modules/eGUI/D4D/common_files/d4d_basic_draw.h
.... /home/elco/repos/firmware/platform/spark/modules/eGUI/D4D/common_files/d4d_object.h
.... /home/elco/repos/firmware/platform/spark/modules/eGUI/D4D/common_files/d4d_low.h
.... /home/elco/repos/firmware/platform/spark/modules/eGUI/D4D/common_files/d4d_bmp.h
..... /home/elco/repos/firmware/platform/spark/modules/eGUI/D4D/common_files/d4d_imgdec_d4dint.h
..... /home/elco/repos/firmware/platform/spark/modules/eGUI/D4D/common_files/d4d_imgdec_d4d.h
..... /home/elco/repos/firmware/platform/spark/modules/eGUI/D4D/common_files/d4d_imgdec_bmp.h
.... /home/elco/repos/firmware/platform/spark/modules/eGUI/D4D/common_files/d4d_extsrc.h
.... /home/elco/repos/firmware/platform/spark/modules/eGUI/D4D/common_files/d4d_font.h
.... /home/elco/repos/firmware/platform/spark/modules/eGUI/D4D/common_files/d4d_math.h
.... /home/elco/repos/firmware/platform/spark/modules/eGUI/D4D/common_files/d4d_scheme.h
.... /home/elco/repos/firmware/platform/spark/modules/eGUI/D4D/common_files/d4d_screen.h
.... /home/elco/repos/firmware/platform/spark/modules/eGUI/D4D/common_files/d4d_mouse.h
.... /home/elco/repos/firmware/platform/spark/modules/eGUI/D4D/graphic_objects/d4d_picture.h
.... /home/elco/repos/firmware/platform/spark/modules/eGUI/D4D/graphic_objects/d4d_button.h
.... /home/elco/repos/firmware/platform/spark/modules/eGUI/D4D/graphic_objects/d4d_check_box.h
.... /home/elco/repos/firmware/platform/spark/modules/eGUI/D4D/graphic_objects/d4d_gauge.h
.... /home/elco/repos/firmware/platform/spark/modules/eGUI/D4D/graphic_objects/d4d_slider.h
.... /home/elco/repos/firmware/platform/spark/modules/eGUI/D4D/graphic_objects/d4d_label.h
.... /home/elco/repos/firmware/platform/spark/modules/eGUI/D4D/graphic_objects/d4d_icon.h
.... /home/elco/repos/firmware/platform/spark/modules/eGUI/D4D/graphic_objects/d4d_menu.h
.... /home/elco/repos/firmware/platform/spark/modules/eGUI/D4D/graphic_objects/d4d_graph.h
.... /home/elco/repos/firmware/platform/spark/modules/eGUI/D4D/graphic_objects/d4d_scroll_bar.h
.... /home/elco/repos/firmware/platform/spark/modules/eGUI/D4D/graphic_objects/d4d_console.h
.... /home/elco/repos/firmware/platform/spark/modules/eGUI/D4D/graphic_objects/d4d_text_box.h
.... /home/elco/repos/firmware/platform/spark/modules/eGUI/D4D/graphic_objects/d4d_progress_bar.h
.... /home/elco/repos/firmware/platform/spark/modules/eGUI/D4D/graphic_objects/d4d_radio_button.h
.... /home/elco/repos/firmware/platform/spark/modules/eGUI/D4D/graphic_objects/d4d_group_box.h
.... /home/elco/repos/firmware/platform/spark/modules/eGUI/D4D/graphic_objects/d4d_list_box.h
.... /home/elco/repos/firmware/platform/spark/modules/eGUI/D4D/graphic_objects/d4d_edit_box.h
.... /home/elco/repos/firmware/platform/spark/modules/eGUI/D4D/graphic_objects/d4d_combo_box.h
. /home/elco/repos/firmware/app/brewblox/BrewBlox.h
.. /home/elco/repos/firmware/lib/inc/OneWire.h
... /home/elco/repos/firmware/lib/inc/OneWireLowLevelInterface.h
.. /home/elco/repos/firmware/lib/inc/TicksTypes.h
.. /home/elco/repos/firmware/controlbox/src/cbox/Box.h
... /home/elco/repos/firmware/controlbox/src/cbox/CboxError.h
... /home/elco/repos/firmware/controlbox/src/cbox/CboxPtr.h
.... /home/elco/repos/firmware/controlbox/src/cbox/Object.h
..... /home/elco/repos/firmware/controlbox/src/cbox/DataStream.h
..... /home/elco/repos/firmware/controlbox/src/cbox/ObjectIds.h
.... /home/elco/repos/firmware/controlbox/src/cbox/ObjectContainer.h
..... /home/elco/repos/firmware/controlbox/src/cbox/ContainedObject.h
...... /home/elco/repos/firmware/controlbox/src/cbox/InactiveObject.h
....... /home/elco/repos/firmware/controlbox/src/cbox/ObjectBase.h
... /home/elco/repos/firmware/controlbox/src/cbox/Connections.h
.... /home/elco/repos/firmware/controlbox/src/cbox/CompositeDataStream.h
.... /home/elco/repos/firmware/controlbox/src/cbox/DataStreamConverters.h
... /home/elco/repos/firmware/controlbox/src/cbox/EepromObjectStorage.h
.... /home/elco/repos/firmware/controlbox/src/cbox/DataStreamEeprom.h
..... /home/elco/repos/firmware/controlbox/src/cbox/EepromAccess.h
.... /home/elco/repos/firmware/controlbox/src/cbox/EepromLayout.h
.... /home/elco/repos/firmware/controlbox/src/cbox/ObjectStorage.h
... /home/elco/repos/firmware/controlbox/src/cbox/ObjectFactory.h
... /home/elco/repos/firmware/controlbox/src/cbox/ScanningFactory.h
. /home/elco/repos/firmware/app/brewblox/display/screens/screen.h
.. /home/elco/repos/firmware/app/brewblox/display/screens/../d4d.hpp
.. /home/elco/repos/firmware/app/brewblox/display/fonts/fonts.h
. ../wiring/inc/spark_wiring_ticks.h
.. ../hal/inc/timer_hal.h
... ../hal/shared/system_tick_hal.h
.. ../hal/inc/delay_hal.h
. ../wiring/inc/spark_wiring_timer.h
Multiple include guards may be useful for:
/home/elco/repos/firmware/app/brewblox/display/d4d.hpp
/home/elco/repos/firmware/app/brewblox/display/screens/../d4d.hpp
/home/elco/repos/firmware/app/brewblox/display/screens/startup_screen.h
/home/elco/repos/firmware/controlbox/src/cbox/EepromLayout.h
/home/elco/repos/firmware/platform/spark/modules/eGUI/D4D/d4d_id.h
. /home/elco/repos/firmware/app/brewblox/display/screens/ProcessValueWidgetBase.h
.. /home/elco/repos/firmware/lib/inc/ProcessValue.h
... /home/elco/repos/firmware/lib/inc/FixedPoint.h
.... /home/elco/repos/firmware/lib/inc/../cnl/include/cnl/_impl/fixed_point/constants.h
..... /home/elco/repos/firmware/lib/inc/../cnl/include/cnl/_impl/fixed_point/type.h
...... /home/elco/repos/firmware/lib/inc/../cnl/include/cnl/_impl/fixed_point/../power.h
....... /home/elco/repos/firmware/lib/inc/../cnl/include/cnl/_impl/fixed_point/../../constant.h
........ /home/elco/repos/firmware/lib/inc/../cnl/include/cnl/_impl/fixed_point/../../limits.h
......... /home/elco/repos/firmware/lib/inc/../cnl/include/cnl/_impl/fixed_point/../../cstdint.h
.......... /home/elco/repos/firmware/lib/inc/../cnl/include/cnl/_impl/fixed_point/../../_impl/common.h
........... /home/elco/repos/firmware/lib/inc/../cnl/include/cnl/_impl/fixed_point/../../_impl/config.h
.......... /home/elco/repos/firmware/lib/inc/../cnl/include/cnl/_impl/fixed_point/../../_impl/config.h
...... /home/elco/repos/firmware/lib/inc/../cnl/include/cnl/_impl/fixed_point/../num_traits/width.h
....... /home/elco/repos/firmware/lib/inc/../cnl/include/cnl/_impl/fixed_point/../num_traits/../type_traits/is_signed.h
........ /home/elco/repos/firmware/lib/inc/../cnl/include/cnl/_impl/fixed_point/../num_traits/../type_traits/../../cstdint.h
........ /home/elco/repos/firmware/lib/inc/../cnl/include/cnl/_impl/fixed_point/../num_traits/../type_traits/../num_traits/is_composite.h
........ /home/elco/repos/firmware/lib/inc/../cnl/include/cnl/_impl/fixed_point/../num_traits/../type_traits/../num_traits/to_rep.h
......... /home/elco/repos/firmware/lib/inc/../cnl/include/cnl/_impl/fixed_point/../num_traits/../type_traits/../num_traits/../type_traits/remove_cvref.h
......... /home/elco/repos/firmware/lib/inc/../cnl/include/cnl/_impl/fixed_point/../num_traits/../type_traits/../num_traits/../type_traits/enable_if.h
......... /home/elco/repos/firmware/lib/inc/../cnl/include/cnl/_impl/fixed_point/../num_traits/../type_traits/../num_traits/../type_traits/is_integral.h
.......... /home/elco/repos/firmware/lib/inc/../cnl/include/cnl/_impl/fixed_point/../num_traits/../type_traits/../num_traits/../type_traits/../../cstdint.h
.......... /home/elco/repos/firmware/lib/inc/../cnl/include/cnl/_impl/fixed_point/../num_traits/../type_traits/../num_traits/../type_traits/../config.h
......... /home/elco/repos/firmware/lib/inc/../cnl/include/cnl/_impl/fixed_point/../num_traits/../type_traits/../num_traits/../../constant.h
........ /home/elco/repos/firmware/lib/inc/../cnl/include/cnl/_impl/fixed_point/../num_traits/../type_traits/enable_if.h
........ /home/elco/repos/firmware/lib/inc/../cnl/include/cnl/_impl/fixed_point/../num_traits/../type_traits/../../constant.h
....... /home/elco/repos/firmware/lib/inc/../cnl/include/cnl/_impl/fixed_point/../num_traits/digits.h
........ /home/elco/repos/firmware/lib/inc/../cnl/include/cnl/_impl/fixed_point/../num_traits/../../constant.h
........ /home/elco/repos/firmware/lib/inc/../cnl/include/cnl/_impl/fixed_point/../num_traits/../../cstdint.h
........ /home/elco/repos/firmware/lib/inc/../cnl/include/cnl/_impl/fixed_point/../num_traits/../used_digits.h
........ /home/elco/repos/firmware/lib/inc/../cnl/include/cnl/_impl/fixed_point/../num_traits/../type_traits/enable_if.h
........ /home/elco/repos/firmware/lib/inc/../cnl/include/cnl/_impl/fixed_point/../num_traits/is_composite.h
....... /home/elco/repos/firmware/lib/inc/../cnl/include/cnl/_impl/fixed_point/../num_traits/set_digits.h
........ /home/elco/repos/firmware/lib/inc/../cnl/include/cnl/_impl/fixed_point/../num_traits/../type_traits/is_integral.h
...... /home/elco/repos/firmware/lib/inc/../cnl/include/cnl/_impl/fixed_point/../number_base.h
....... /home/elco/repos/firmware/lib/inc/../cnl/include/cnl/_impl/fixed_point/../num_traits/from_rep.h
....... /home/elco/repos/firmware/lib/inc/../cnl/include/cnl/_impl/fixed_point/../num_traits/from_value.h
........ /home/elco/repos/firmware/lib/inc/../cnl/include/cnl/_impl/fixed_point/../num_traits/../type_traits/make_signed.h
......... /home/elco/repos/firmware/lib/inc/../cnl/include/cnl/_impl/fixed_point/../num_traits/../type_traits/../type_traits/enable_if.h
......... /home/elco/repos/firmware/lib/inc/../cnl/include/cnl/_impl/fixed_point/../num_traits/../type_traits/../num_traits/from_rep.h
......... /home/elco/repos/firmware/lib/inc/../cnl/include/cnl/_impl/fixed_point/../num_traits/../type_traits/../type_traits/type_identity.h
....... /home/elco/repos/firmware/lib/inc/../cnl/include/cnl/_impl/fixed_point/../num_traits/is_composite.h
....... /home/elco/repos/firmware/lib/inc/../cnl/include/cnl/_impl/fixed_point/../num_traits/scale.h
........ /home/elco/repos/firmware/lib/inc/../cnl/include/cnl/_impl/fixed_point/../num_traits/../power.h
....... /home/elco/repos/firmware/lib/inc/../cnl/include/cnl/_impl/fixed_point/../num_traits/to_rep.h
....... /home/elco/repos/firmware/lib/inc/../cnl/include/cnl/_impl/fixed_point/../operators.h
........ /home/elco/repos/firmware/lib/inc/../cnl/include/cnl/_impl/fixed_point/../../limits.h
........ /home/elco/repos/firmware/lib/inc/../cnl/include/cnl/_impl/fixed_point/../type_traits/enable_if.h
........ /home/elco/repos/firmware/lib/inc/../cnl/include/cnl/_impl/fixed_point/../type_traits/type_identity.h
...... /home/elco/repos/firmware/lib/inc/../cnl/include/cnl/_impl/fixed_point/../../constant.h
...... /home/elco/repos/firmware/lib/inc/../cnl/include/cnl/_impl/fixed_point/../../numeric.h
....... /home/elco/repos/firmware/lib/inc/../cnl/include/cnl/_impl/fixed_point/../../bit.h
........ /home/elco/repos/firmware/lib/inc/../cnl/include/cnl/_impl/fixed_point/../../_impl/num_traits/digits.h
........ /home/elco/repos/firmware/lib/inc/../cnl/include/cnl/_impl/fixed_point/../../_impl/type_traits/is_signed.h
........ /home/elco/repos/firmware/lib/inc/../cnl/include/cnl/_impl/fixed_point/../../_impl/type_traits/make_unsigned.h
......... /home/elco/repos/firmware/lib/inc/../cnl/include/cnl/_impl/fixed_point/../../_impl/type_traits/enable_if.h
......... /home/elco/repos/firmware/lib/inc/../cnl/include/cnl/_impl/fixed_point/../../_impl/type_traits/../num_traits/is_composite.h
......... /home/elco/repos/firmware/lib/inc/../cnl/include/cnl/_impl/fixed_point/../../_impl/type_traits/../num_traits/to_rep.h
......... /home/elco/repos/firmware/lib/inc/../cnl/include/cnl/_impl/fixed_point/../../_impl/type_traits/../num_traits/from_rep.h
......... /home/elco/repos/firmware/lib/inc/../cnl/include/cnl/_impl/fixed_point/../../_impl/type_traits/../type_traits/type_identity.h
....... /home/elco/repos/firmware/lib/inc/../cnl/include/cnl/_impl/fixed_point/../../_impl/num_traits/unwrap.h
........ /home/elco/repos/firmware/lib/inc/../cnl/include/cnl/_impl/fixed_point/../../_impl/num_traits/../type_traits/enable_if.h
........ /home/elco/repos/firmware/lib/inc/../cnl/include/cnl/_impl/fixed_point/../../_impl/num_traits/is_composite.h
........ /home/elco/repos/firmware/lib/inc/../cnl/include/cnl/_impl/fixed_point/../../_impl/num_traits/to_rep.h
....... /home/elco/repos/firmware/lib/inc/../cnl/include/cnl/_impl/fixed_point/../../_impl/used_digits.h
...... /home/elco/repos/firmware/lib/inc/../cnl/include/cnl/_impl/fixed_point/declaration.h
....... /home/elco/repos/firmware/lib/inc/../cnl/include/cnl/_impl/fixed_point/../../limits.h
...... /home/elco/repos/firmware/lib/inc/../cnl/include/cnl/_impl/fixed_point/is_fixed_point.h
..... /home/elco/repos/firmware/lib/inc/../cnl/include/cnl/_impl/fixed_point/../used_digits.h
.... /home/elco/repos/firmware/lib/inc/../cnl/include/cnl/_impl/fixed_point/convert.h
..... /home/elco/repos/firmware/lib/inc/../cnl/include/cnl/_impl/fixed_point/../rounding/convert.h
...... /home/elco/repos/firmware/lib/inc/../cnl/include/cnl/_impl/fixed_point/../rounding/../../limits.h
...... /home/elco/repos/firmware/lib/inc/../cnl/include/cnl/_impl/fixed_point/../rounding/../native_tag.h
....... /home/elco/repos/firmware/lib/inc/../cnl/include/cnl/_impl/fixed_point/../rounding/../type_traits/make_unsigned.h
....... /home/elco/repos/firmware/lib/inc/../cnl/include/cnl/_impl/fixed_point/../rounding/../operators.h
...... /home/elco/repos/firmware/lib/inc/../cnl/include/cnl/_impl/fixed_point/../rounding/../type_traits/enable_if.h
...... /home/elco/repos/firmware/lib/inc/../cnl/include/cnl/_impl/fixed_point/../rounding/rounding_tag.h
..... /home/elco/repos/firmware/lib/inc/../cnl/include/cnl/_impl/fixed_point/../rounding/rounding_tag.h
..... /home/elco/repos/firmware/lib/inc/../cnl/include/cnl/_impl/fixed_point/../type_traits/enable_if.h
..... /home/elco/repos/firmware/lib/inc/../cnl/include/cnl/_impl/fixed_point/from_rep.h
...... /home/elco/repos/firmware/lib/inc/../cnl/include/cnl/_impl/fixed_point/../num_traits/from_rep.h
.... /home/elco/repos/firmware/lib/inc/../cnl/include/cnl/_impl/fixed_point/declaration.h
.... /home/elco/repos/firmware/lib/inc/../cnl/include/cnl/_impl/fixed_point/extras.h
..... /home/elco/repos/firmware/lib/inc/../cnl/include/cnl/_impl/fixed_point/../cmath/abs.h
...... /home/elco/repos/firmware/lib/inc/../cnl/include/cnl/_impl/fixed_point/../cmath/../type_traits/is_signed.h
...... /home/elco/repos/firmware/lib/inc/../cnl/include/cnl/_impl/fixed_point/../cmath/../type_traits/enable_if.h
..... /home/elco/repos/firmware/lib/inc/../cnl/include/cnl/_impl/fixed_point/../config.h
..... /home/elco/repos/firmware/lib/inc/../cnl/include/cnl/_impl/fixed_point/../num_traits/fixed_width_scale.h
...... /home/elco/repos/firmware/lib/inc/../cnl/include/cnl/_impl/fixed_point/../num_traits/scale.h
..... /home/elco/repos/firmware/lib/inc/../cnl/include/cnl/_impl/fixed_point/../num_traits/unwrap.h
..... /home/elco/repos/firmware/lib/inc/../cnl/include/cnl/_impl/fixed_point/../unreachable.h
...... /home/elco/repos/firmware/lib/inc/../cnl/include/cnl/_impl/fixed_point/../config.h
...... /home/elco/repos/firmware/lib/inc/../cnl/include/cnl/_impl/fixed_point/../terminate.h
.... /home/elco/repos/firmware/lib/inc/../cnl/include/cnl/_impl/fixed_point/from_rep.h
.... /home/elco/repos/firmware/lib/inc/../cnl/include/cnl/_impl/fixed_point/is_fixed_point.h
.... /home/elco/repos/firmware/lib/inc/../cnl/include/cnl/_impl/fixed_point/named.h
..... /home/elco/repos/firmware/lib/inc/../cnl/include/cnl/_impl/fixed_point/../common.h
..... /home/elco/repos/firmware/lib/inc/../cnl/include/cnl/_impl/fixed_point/num_traits.h
.... /home/elco/repos/firmware/lib/inc/../cnl/include/cnl/_impl/fixed_point/operators.h
.... /home/elco/repos/firmware/lib/inc/../cnl/include/cnl/_impl/fixed_point/to_chars.h
..... /home/elco/repos/firmware/lib/inc/../cnl/include/cnl/_impl/fixed_point/../../rounding_integer.h
...... /home/elco/repos/firmware/lib/inc/../cnl/include/cnl/_impl/fixed_point/../../_impl/num_traits/fixed_width_scale.h
...... /home/elco/repos/firmware/lib/inc/../cnl/include/cnl/_impl/fixed_point/../../_impl/number_base.h
...... /home/elco/repos/firmware/lib/inc/../cnl/include/cnl/_impl/fixed_point/../../_impl/rounding.h
....... /home/elco/repos/firmware/lib/inc/../cnl/include/cnl/_impl/fixed_point/../../_impl/native_tag.h
....... /home/elco/repos/firmware/lib/inc/../cnl/include/cnl/_impl/fixed_point/../../_impl/rounding/convert.h
....... /home/elco/repos/firmware/lib/inc/../cnl/include/cnl/_impl/fixed_point/../../_impl/rounding/rounding_tag.h
....... /home/elco/repos/firmware/lib/inc/../cnl/include/cnl/_impl/fixed_point/../../_impl/operators.h
....... /home/elco/repos/firmware/lib/inc/../cnl/include/cnl/_impl/fixed_point/../../_impl/num_traits/from_value.h
....... /home/elco/repos/firmware/lib/inc/../cnl/include/cnl/_impl/fixed_point/../../_impl/num_traits/unwrap.h
...... /home/elco/repos/firmware/lib/inc/../cnl/include/cnl/_impl/fixed_point/../../_impl/type_traits/common_type.h
.... /home/elco/repos/firmware/lib/inc/../cnl/include/cnl/_impl/fixed_point/type.h
.... /home/elco/repos/firmware/lib/inc/../cnl/include/cnl/elastic_integer.h
..... /home/elco/repos/firmware/lib/inc/../cnl/include/cnl/constant.h
..... /home/elco/repos/firmware/lib/inc/../cnl/include/cnl/_impl/limits/lowest.h
..... /home/elco/repos/firmware/lib/inc/../cnl/include/cnl/_impl/num_traits/adopt.h
...... /home/elco/repos/firmware/lib/inc/../cnl/include/cnl/_impl/num_traits/adopt_digits.h
....... /home/elco/repos/firmware/lib/inc/../cnl/include/cnl/_impl/num_traits/digits.h
....... /home/elco/repos/firmware/lib/inc/../cnl/include/cnl/_impl/num_traits/set_digits.h
...... /home/elco/repos/firmware/lib/inc/../cnl/include/cnl/_impl/num_traits/adopt_signedness.h
....... /home/elco/repos/firmware/lib/inc/../cnl/include/cnl/_impl/num_traits/../type_traits/is_signed.h
....... /home/elco/repos/firmware/lib/inc/../cnl/include/cnl/_impl/num_traits/../type_traits/set_signedness.h
........ /home/elco/repos/firmware/lib/inc/../cnl/include/cnl/_impl/num_traits/../type_traits/make_signed.h
........ /home/elco/repos/firmware/lib/inc/../cnl/include/cnl/_impl/num_traits/../type_traits/make_unsigned.h
..... /home/elco/repos/firmware/lib/inc/../cnl/include/cnl/_impl/num_traits/adopt_signedness.h
..... /home/elco/repos/firmware/lib/inc/../cnl/include/cnl/_impl/num_traits/fixed_width_scale.h
..... /home/elco/repos/firmware/lib/inc/../cnl/include/cnl/_impl/num_traits/width.h
..... /home/elco/repos/firmware/lib/inc/../cnl/include/cnl/_impl/number_base.h
..... /home/elco/repos/firmware/lib/inc/../cnl/include/cnl/_impl/type_traits/common_type.h
..... /home/elco/repos/firmware/lib/inc/../cnl/include/cnl/_impl/type_traits/is_signed.h
..... /home/elco/repos/firmware/lib/inc/../cnl/include/cnl/_impl/type_traits/make_signed.h
..... /home/elco/repos/firmware/lib/inc/../cnl/include/cnl/_impl/type_traits/set_signedness.h
.... /home/elco/repos/firmware/lib/inc/../cnl/include/cnl/num_traits.h
..... /home/elco/repos/firmware/lib/inc/../cnl/include/cnl/_impl/num_traits/digits.h
..... /home/elco/repos/firmware/lib/inc/../cnl/include/cnl/_impl/num_traits/from_rep.h
..... /home/elco/repos/firmware/lib/inc/../cnl/include/cnl/_impl/num_traits/from_value.h
..... /home/elco/repos/firmware/lib/inc/../cnl/include/cnl/_impl/num_traits/is_composite.h
..... /home/elco/repos/firmware/lib/inc/../cnl/include/cnl/_impl/num_traits/set_digits.h
..... /home/elco/repos/firmware/lib/inc/../cnl/include/cnl/_impl/num_traits/scale.h
..... /home/elco/repos/firmware/lib/inc/../cnl/include/cnl/_impl/num_traits/to_rep.h
..... /home/elco/repos/firmware/lib/inc/../cnl/include/cnl/_impl/num_traits/unwrap.h
..... /home/elco/repos/firmware/lib/inc/../cnl/include/cnl/_impl/num_traits/wrap.h
...... /home/elco/repos/firmware/lib/inc/../cnl/include/cnl/_impl/num_traits/../type_traits/enable_if.h
...... /home/elco/repos/firmware/lib/inc/../cnl/include/cnl/_impl/num_traits/is_composite.h
...... /home/elco/repos/firmware/lib/inc/../cnl/include/cnl/_impl/num_traits/to_rep.h
.... /home/elco/repos/firmware/lib/inc/../cnl/include/cnl/overflow_integer.h
..... /home/elco/repos/firmware/lib/inc/../cnl/include/cnl/overflow.h
...... /home/elco/repos/firmware/lib/inc/../cnl/include/cnl/_impl/overflow/common.h
....... /home/elco/repos/firmware/lib/inc/../cnl/include/cnl/_impl/overflow/../../limits.h
....... /home/elco/repos/firmware/lib/inc/../cnl/include/cnl/_impl/overflow/../../numeric.h
....... /home/elco/repos/firmware/lib/inc/../cnl/include/cnl/_impl/overflow/../native_tag.h
....... /home/elco/repos/firmware/lib/inc/../cnl/include/cnl/_impl/overflow/../num_traits/digits.h
....... /home/elco/repos/firmware/lib/inc/../cnl/include/cnl/_impl/overflow/../operators.h
....... /home/elco/repos/firmware/lib/inc/../cnl/include/cnl/_impl/overflow/../type_traits/is_signed.h
...... /home/elco/repos/firmware/lib/inc/../cnl/include/cnl/_impl/overflow/native.h
...... /home/elco/repos/firmware/lib/inc/../cnl/include/cnl/_impl/overflow/saturated.h
....... /home/elco/repos/firmware/lib/inc/../cnl/include/cnl/_impl/overflow/common.h
....... /home/elco/repos/firmware/lib/inc/../cnl/include/cnl/_impl/overflow/../terminate.h
...... /home/elco/repos/firmware/lib/inc/../cnl/include/cnl/_impl/overflow/throwing.h
....... /home/elco/repos/firmware/lib/inc/../cnl/include/cnl/_impl/overflow/../throw_exception.h
........ /home/elco/repos/firmware/lib/inc/../cnl/include/cnl/_impl/overflow/../config.h
........ /home/elco/repos/firmware/lib/inc/../cnl/include/cnl/_impl/overflow/../terminate.h
...... /home/elco/repos/firmware/lib/inc/../cnl/include/cnl/_impl/overflow/trapping.h
...... /home/elco/repos/firmware/lib/inc/../cnl/include/cnl/_impl/overflow/undefined.h
....... /home/elco/repos/firmware/lib/inc/../cnl/include/cnl/_impl/overflow/../unreachable.h
..... /home/elco/repos/firmware/lib/inc/../cnl/include/cnl/_impl/native_tag.h
..... /home/elco/repos/firmware/lib/inc/../cnl/include/cnl/_impl/operators.h
..... /home/elco/repos/firmware/lib/inc/../cnl/include/cnl/_impl/type_traits/identical.h
.... /home/elco/repos/firmware/lib/inc/../cnl/include/cnl/rounding_integer.h
.. /home/elco/repos/firmware/lib/inc/Temperature.h
.. /home/elco/repos/firmware/app/brewblox/display/screens/WidgetBase.h
... /home/elco/repos/firmware/app/brewblox/display/screens/WidgetWrapper.h
.... /home/elco/repos/firmware/app/brewblox/display/screens/SmallColorScheme.h
..... /home/elco/repos/firmware/app/brewblox/display/d4d.hpp
...... /home/elco/repos/firmware/platform/spark/modules/eGUI/D4D/d4d.h
....... /home/elco/repos/firmware/platform/spark/modules/eGUI/D4D/d4d_user_cfg.h
........ /home/elco/repos/firmware/platform/spark/modules/eGUI/D4D/d4d_id.h
........ /home/elco/repos/firmware/app/brewblox/display/d4d_user_cfg_app.h
....... /home/elco/repos/firmware/platform/spark/modules/eGUI/D4D/common_files/d4d_types.h
........ /home/elco/repos/firmware/platform/spark/modules/eGUI/D4D/common_files/d4d_scheme.h
....... /home/elco/repos/firmware/platform/spark/modules/eGUI/D4D/common_files/d4d_base.h
....... /home/elco/repos/firmware/platform/spark/modules/eGUI/D4D/common_files/d4d_string.h
........ /home/elco/repos/firmware/platform/spark/modules/eGUI/D4D/common_files/d4d_font.h
....... /home/elco/repos/firmware/platform/spark/modules/eGUI/D4D/common_files/d4d_basic_draw.h
....... /home/elco/repos/firmware/platform/spark/modules/eGUI/D4D/common_files/d4d_object.h
....... /home/elco/repos/firmware/platform/spark/modules/eGUI/D4D/common_files/d4d_low.h
....... /home/elco/repos/firmware/platform/spark/modules/eGUI/D4D/common_files/d4d_bmp.h
........ /home/elco/repos/firmware/platform/spark/modules/eGUI/D4D/common_files/d4d_imgdec_d4dint.h
........ /home/elco/repos/firmware/platform/spark/modules/eGUI/D4D/common_files/d4d_imgdec_d4d.h
........ /home/elco/repos/firmware/platform/spark/modules/eGUI/D4D/common_files/d4d_imgdec_bmp.h
....... /home/elco/repos/firmware/platform/spark/modules/eGUI/D4D/common_files/d4d_extsrc.h
....... /home/elco/repos/firmware/platform/spark/modules/eGUI/D4D/common_files/d4d_font.h
....... /home/elco/repos/firmware/platform/spark/modules/eGUI/D4D/common_files/d4d_math.h
....... /home/elco/repos/firmware/platform/spark/modules/eGUI/D4D/common_files/d4d_scheme.h
....... /home/elco/repos/firmware/platform/spark/modules/eGUI/D4D/common_files/d4d_screen.h
....... /home/elco/repos/firmware/platform/spark/modules/eGUI/D4D/common_files/d4d_mouse.h
....... /home/elco/repos/firmware/platform/spark/modules/eGUI/D4D/graphic_objects/d4d_picture.h
....... /home/elco/repos/firmware/platform/spark/modules/eGUI/D4D/graphic_objects/d4d_button.h
....... /home/elco/repos/firmware/platform/spark/modules/eGUI/D4D/graphic_objects/d4d_check_box.h
....... /home/elco/repos/firmware/platform/spark/modules/eGUI/D4D/graphic_objects/d4d_gauge.h
....... /home/elco/repos/firmware/platform/spark/modules/eGUI/D4D/graphic_objects/d4d_slider.h
....... /home/elco/repos/firmware/platform/spark/modules/eGUI/D4D/graphic_objects/d4d_label.h
....... /home/elco/repos/firmware/platform/spark/modules/eGUI/D4D/graphic_objects/d4d_icon.h
....... /home/elco/repos/firmware/platform/spark/modules/eGUI/D4D/graphic_objects/d4d_menu.h
....... /home/elco/repos/firmware/platform/spark/modules/eGUI/D4D/graphic_objects/d4d_graph.h
....... /home/elco/repos/firmware/platform/spark/modules/eGUI/D4D/graphic_objects/d4d_scroll_bar.h
....... /home/elco/repos/firmware/platform/spark/modules/eGUI/D4D/graphic_objects/d4d_console.h
....... /home/elco/repos/firmware/platform/spark/modules/eGUI/D4D/graphic_objects/d4d_text_box.h
....... /home/elco/repos/firmware/platform/spark/modules/eGUI/D4D/graphic_objects/d4d_progress_bar.h
....... /home/elco/repos/firmware/platform/spark/modules/eGUI/D4D/graphic_objects/d4d_radio_button.h
....... /home/elco/repos/firmware/platform/spark/modules/eGUI/D4D/graphic_objects/d4d_group_box.h
....... /home/elco/repos/firmware/platform/spark/modules/eGUI/D4D/graphic_objects/d4d_list_box.h
....... /home/elco/repos/firmware/platform/spark/modules/eGUI/D4D/graphic_objects/d4d_edit_box.h
....... /home/elco/repos/firmware/platform/spark/modules/eGUI/D4D/graphic_objects/d4d_combo_box.h
.... /home/elco/repos/firmware/controlbox/src/cbox/CboxPtr.h
..... /home/elco/repos/firmware/controlbox/src/cbox/Object.h
...... /home/elco/repos/firmware/controlbox/src/cbox/CboxError.h
...... /home/elco/repos/firmware/controlbox/src/cbox/DataStream.h
...... /home/elco/repos/firmware/controlbox/src/cbox/ObjectIds.h
..... /home/elco/repos/firmware/controlbox/src/cbox/ObjectContainer.h
...... /home/elco/repos/firmware/controlbox/src/cbox/ContainedObject.h
....... /home/elco/repos/firmware/controlbox/src/cbox/InactiveObject.h
........ /home/elco/repos/firmware/controlbox/src/cbox/ObjectBase.h
.... /home/elco/repos/firmware/app/brewblox/display/screens/screen.h
..... /home/elco/repos/firmware/app/brewblox/display/screens/../d4d.hpp
..... /home/elco/repos/firmware/app/brewblox/display/fonts/fonts.h
. /home/elco/repos/firmware/app/brewblox/BrewBlox.h
.. /home/elco/repos/firmware/lib/inc/OneWire.h
... /home/elco/repos/firmware/lib/inc/OneWireLowLevelInterface.h
.. /home/elco/repos/firmware/lib/inc/TicksTypes.h
.. /home/elco/repos/firmware/controlbox/src/cbox/Box.h
... /home/elco/repos/firmware/controlbox/src/cbox/Connections.h
.... /home/elco/repos/firmware/controlbox/src/cbox/CompositeDataStream.h
.... /home/elco/repos/firmware/controlbox/src/cbox/DataStreamConverters.h
... /home/elco/repos/firmware/controlbox/src/cbox/EepromObjectStorage.h
.... /home/elco/repos/firmware/controlbox/src/cbox/DataStreamEeprom.h
..... /home/elco/repos/firmware/controlbox/src/cbox/EepromAccess.h
.... /home/elco/repos/firmware/controlbox/src/cbox/EepromLayout.h
.... /home/elco/repos/firmware/controlbox/src/cbox/ObjectStorage.h
... /home/elco/repos/firmware/controlbox/src/cbox/ObjectFactory.h
... /home/elco/repos/firmware/controlbox/src/cbox/ScanningFactory.h
Multiple include guards may be useful for:
/home/elco/repos/firmware/app/brewblox/display/d4d.hpp
/home/elco/repos/firmware/app/brewblox/display/screens/../d4d.hpp
/home/elco/repos/firmware/controlbox/src/cbox/EepromLayout.h
/home/elco/repos/firmware/platform/spark/modules/eGUI/D4D/d4d_id.h
. /home/elco/repos/firmware/app/brewblox/display/screens/WidgetsScreen.h
.. /home/elco/repos/firmware/app/brewblox/display/screens/WidgetBase.h
... /home/elco/repos/firmware/app/brewblox/display/screens/WidgetWrapper.h
.... /home/elco/repos/firmware/app/brewblox/display/screens/SmallColorScheme.h
..... /home/elco/repos/firmware/app/brewblox/display/d4d.hpp
...... /home/elco/repos/firmware/platform/spark/modules/eGUI/D4D/d4d.h
....... /home/elco/repos/firmware/platform/spark/modules/eGUI/D4D/d4d_user_cfg.h
........ /home/elco/repos/firmware/platform/spark/modules/eGUI/D4D/d4d_id.h
........ /home/elco/repos/firmware/app/brewblox/display/d4d_user_cfg_app.h
....... /home/elco/repos/firmware/platform/spark/modules/eGUI/D4D/common_files/d4d_types.h
........ /home/elco/repos/firmware/platform/spark/modules/eGUI/D4D/common_files/d4d_scheme.h
....... /home/elco/repos/firmware/platform/spark/modules/eGUI/D4D/common_files/d4d_base.h
....... /home/elco/repos/firmware/platform/spark/modules/eGUI/D4D/common_files/d4d_string.h
........ /home/elco/repos/firmware/platform/spark/modules/eGUI/D4D/common_files/d4d_font.h
....... /home/elco/repos/firmware/platform/spark/modules/eGUI/D4D/common_files/d4d_basic_draw.h
....... /home/elco/repos/firmware/platform/spark/modules/eGUI/D4D/common_files/d4d_object.h
....... /home/elco/repos/firmware/platform/spark/modules/eGUI/D4D/common_files/d4d_low.h
....... /home/elco/repos/firmware/platform/spark/modules/eGUI/D4D/common_files/d4d_bmp.h
........ /home/elco/repos/firmware/platform/spark/modules/eGUI/D4D/common_files/d4d_imgdec_d4dint.h
........ /home/elco/repos/firmware/platform/spark/modules/eGUI/D4D/common_files/d4d_imgdec_d4d.h
........ /home/elco/repos/firmware/platform/spark/modules/eGUI/D4D/common_files/d4d_imgdec_bmp.h
....... /home/elco/repos/firmware/platform/spark/modules/eGUI/D4D/common_files/d4d_extsrc.h
....... /home/elco/repos/firmware/platform/spark/modules/eGUI/D4D/common_files/d4d_font.h
....... /home/elco/repos/firmware/platform/spark/modules/eGUI/D4D/common_files/d4d_math.h
....... /home/elco/repos/firmware/platform/spark/modules/eGUI/D4D/common_files/d4d_scheme.h
....... /home/elco/repos/firmware/platform/spark/modules/eGUI/D4D/common_files/d4d_screen.h
....... /home/elco/repos/firmware/platform/spark/modules/eGUI/D4D/common_files/d4d_mouse.h
....... /home/elco/repos/firmware/platform/spark/modules/eGUI/D4D/graphic_objects/d4d_picture.h
....... /home/elco/repos/firmware/platform/spark/modules/eGUI/D4D/graphic_objects/d4d_button.h
....... /home/elco/repos/firmware/platform/spark/modules/eGUI/D4D/graphic_objects/d4d_check_box.h
....... /home/elco/repos/firmware/platform/spark/modules/eGUI/D4D/graphic_objects/d4d_gauge.h
....... /home/elco/repos/firmware/platform/spark/modules/eGUI/D4D/graphic_objects/d4d_slider.h
....... /home/elco/repos/firmware/platform/spark/modules/eGUI/D4D/graphic_objects/d4d_label.h
....... /home/elco/repos/firmware/platform/spark/modules/eGUI/D4D/graphic_objects/d4d_icon.h
....... /home/elco/repos/firmware/platform/spark/modules/eGUI/D4D/graphic_objects/d4d_menu.h
....... /home/elco/repos/firmware/platform/spark/modules/eGUI/D4D/graphic_objects/d4d_graph.h
....... /home/elco/repos/firmware/platform/spark/modules/eGUI/D4D/graphic_objects/d4d_scroll_bar.h
....... /home/elco/repos/firmware/platform/spark/modules/eGUI/D4D/graphic_objects/d4d_console.h
....... /home/elco/repos/firmware/platform/spark/modules/eGUI/D4D/graphic_objects/d4d_text_box.h
....... /home/elco/repos/firmware/platform/spark/modules/eGUI/D4D/graphic_objects/d4d_progress_bar.h
....... /home/elco/repos/firmware/platform/spark/modules/eGUI/D4D/graphic_objects/d4d_radio_button.h
....... /home/elco/repos/firmware/platform/spark/modules/eGUI/D4D/graphic_objects/d4d_group_box.h
....... /home/elco/repos/firmware/platform/spark/modules/eGUI/D4D/graphic_objects/d4d_list_box.h
....... /home/elco/repos/firmware/platform/spark/modules/eGUI/D4D/graphic_objects/d4d_edit_box.h
....... /home/elco/repos/firmware/platform/spark/modules/eGUI/D4D/graphic_objects/d4d_combo_box.h
.... /home/elco/repos/firmware/controlbox/src/cbox/CboxPtr.h
..... /home/elco/repos/firmware/controlbox/src/cbox/Object.h
...... /home/elco/repos/firmware/controlbox/src/cbox/CboxError.h
...... /home/elco/repos/firmware/controlbox/src/cbox/DataStream.h
...... /home/elco/repos/firmware/controlbox/src/cbox/ObjectIds.h
..... /home/elco/repos/firmware/controlbox/src/cbox/ObjectContainer.h
...... /home/elco/repos/firmware/controlbox/src/cbox/ContainedObject.h
....... /home/elco/repos/firmware/controlbox/src/cbox/InactiveObject.h
........ /home/elco/repos/firmware/controlbox/src/cbox/ObjectBase.h
.... /home/elco/repos/firmware/app/brewblox/display/screens/screen.h
..... /home/elco/repos/firmware/app/brewblox/display/screens/../d4d.hpp
..... /home/elco/repos/firmware/app/brewblox/display/fonts/fonts.h
.. /home/elco/repos/firmware/app/brewblox/display/d4d.hpp
. /home/elco/repos/firmware/app/brewblox/BrewBlox.h
.. /home/elco/repos/firmware/lib/inc/OneWire.h
... /home/elco/repos/firmware/lib/inc/OneWireLowLevelInterface.h
.. /home/elco/repos/firmware/lib/inc/TicksTypes.h
.. /home/elco/repos/firmware/controlbox/src/cbox/Box.h
... /home/elco/repos/firmware/controlbox/src/cbox/Connections.h
.... /home/elco/repos/firmware/controlbox/src/cbox/CompositeDataStream.h
.... /home/elco/repos/firmware/controlbox/src/cbox/DataStreamConverters.h
... /home/elco/repos/firmware/controlbox/src/cbox/EepromObjectStorage.h
.... /home/elco/repos/firmware/controlbox/src/cbox/DataStreamEeprom.h
..... /home/elco/repos/firmware/controlbox/src/cbox/EepromAccess.h
.... /home/elco/repos/firmware/controlbox/src/cbox/EepromLayout.h
.... /home/elco/repos/firmware/controlbox/src/cbox/ObjectStorage.h
... /home/elco/repos/firmware/controlbox/src/cbox/ObjectFactory.h
... /home/elco/repos/firmware/controlbox/src/cbox/ScanningFactory.h
. /home/elco/repos/firmware/app/brewblox/display/screens/ProcessValueWidgetBase.h
.. /home/elco/repos/firmware/lib/inc/ProcessValue.h
... /home/elco/repos/firmware/lib/inc/FixedPoint.h
.... /home/elco/repos/firmware/lib/inc/../cnl/include/cnl/_impl/fixed_point/constants.h
..... /home/elco/repos/firmware/lib/inc/../cnl/include/cnl/_impl/fixed_point/type.h
...... /home/elco/repos/firmware/lib/inc/../cnl/include/cnl/_impl/fixed_point/../power.h
....... /home/elco/repos/firmware/lib/inc/../cnl/include/cnl/_impl/fixed_point/../../constant.h
........ /home/elco/repos/firmware/lib/inc/../cnl/include/cnl/_impl/fixed_point/../../limits.h
......... /home/elco/repos/firmware/lib/inc/../cnl/include/cnl/_impl/fixed_point/../../cstdint.h
.......... /home/elco/repos/firmware/lib/inc/../cnl/include/cnl/_impl/fixed_point/../../_impl/common.h
........... /home/elco/repos/firmware/lib/inc/../cnl/include/cnl/_impl/fixed_point/../../_impl/config.h
.......... /home/elco/repos/firmware/lib/inc/../cnl/include/cnl/_impl/fixed_point/../../_impl/config.h
...... /home/elco/repos/firmware/lib/inc/../cnl/include/cnl/_impl/fixed_point/../num_traits/width.h
....... /home/elco/repos/firmware/lib/inc/../cnl/include/cnl/_impl/fixed_point/../num_traits/../type_traits/is_signed.h
........ /home/elco/repos/firmware/lib/inc/../cnl/include/cnl/_impl/fixed_point/../num_traits/../type_traits/../../cstdint.h
........ /home/elco/repos/firmware/lib/inc/../cnl/include/cnl/_impl/fixed_point/../num_traits/../type_traits/../num_traits/is_composite.h
........ /home/elco/repos/firmware/lib/inc/../cnl/include/cnl/_impl/fixed_point/../num_traits/../type_traits/../num_traits/to_rep.h
......... /home/elco/repos/firmware/lib/inc/../cnl/include/cnl/_impl/fixed_point/../num_traits/../type_traits/../num_traits/../type_traits/remove_cvref.h
......... /home/elco/repos/firmware/lib/inc/../cnl/include/cnl/_impl/fixed_point/../num_traits/../type_traits/../num_traits/../type_traits/enable_if.h
......... /home/elco/repos/firmware/lib/inc/../cnl/include/cnl/_impl/fixed_point/../num_traits/../type_traits/../num_traits/../type_traits/is_integral.h
.......... /home/elco/repos/firmware/lib/inc/../cnl/include/cnl/_impl/fixed_point/../num_traits/../type_traits/../num_traits/../type_traits/../../cstdint.h
.......... /home/elco/repos/firmware/lib/inc/../cnl/include/cnl/_impl/fixed_point/../num_traits/../type_traits/../num_traits/../type_traits/../config.h
......... /home/elco/repos/firmware/lib/inc/../cnl/include/cnl/_impl/fixed_point/../num_traits/../type_traits/../num_traits/../../constant.h
........ /home/elco/repos/firmware/lib/inc/../cnl/include/cnl/_impl/fixed_point/../num_traits/../type_traits/enable_if.h
........ /home/elco/repos/firmware/lib/inc/../cnl/include/cnl/_impl/fixed_point/../num_traits/../type_traits/../../constant.h
....... /home/elco/repos/firmware/lib/inc/../cnl/include/cnl/_impl/fixed_point/../num_traits/digits.h
........ /home/elco/repos/firmware/lib/inc/../cnl/include/cnl/_impl/fixed_point/../num_traits/../../constant.h
........ /home/elco/repos/firmware/lib/inc/../cnl/include/cnl/_impl/fixed_point/../num_traits/../../cstdint.h
........ /home/elco/repos/firmware/lib/inc/../cnl/include/cnl/_impl/fixed_point/../num_traits/../used_digits.h
........ /home/elco/repos/firmware/lib/inc/../cnl/include/cnl/_impl/fixed_point/../num_traits/../type_traits/enable_if.h
........ /home/elco/repos/firmware/lib/inc/../cnl/include/cnl/_impl/fixed_point/../num_traits/is_composite.h
....... /home/elco/repos/firmware/lib/inc/../cnl/include/cnl/_impl/fixed_point/../num_traits/set_digits.h
........ /home/elco/repos/firmware/lib/inc/../cnl/include/cnl/_impl/fixed_point/../num_traits/../type_traits/is_integral.h
...... /home/elco/repos/firmware/lib/inc/../cnl/include/cnl/_impl/fixed_point/../number_base.h
....... /home/elco/repos/firmware/lib/inc/../cnl/include/cnl/_impl/fixed_point/../num_traits/from_rep.h
....... /home/elco/repos/firmware/lib/inc/../cnl/include/cnl/_impl/fixed_point/../num_traits/from_value.h
........ /home/elco/repos/firmware/lib/inc/../cnl/include/cnl/_impl/fixed_point/../num_traits/../type_traits/make_signed.h
......... /home/elco/repos/firmware/lib/inc/../cnl/include/cnl/_impl/fixed_point/../num_traits/../type_traits/../type_traits/enable_if.h
......... /home/elco/repos/firmware/lib/inc/../cnl/include/cnl/_impl/fixed_point/../num_traits/../type_traits/../num_traits/from_rep.h
......... /home/elco/repos/firmware/lib/inc/../cnl/include/cnl/_impl/fixed_point/../num_traits/../type_traits/../type_traits/type_identity.h
....... /home/elco/repos/firmware/lib/inc/../cnl/include/cnl/_impl/fixed_point/../num_traits/is_composite.h
....... /home/elco/repos/firmware/lib/inc/../cnl/include/cnl/_impl/fixed_point/../num_traits/scale.h
........ /home/elco/repos/firmware/lib/inc/../cnl/include/cnl/_impl/fixed_point/../num_traits/../power.h
....... /home/elco/repos/firmware/lib/inc/../cnl/include/cnl/_impl/fixed_point/../num_traits/to_rep.h
....... /home/elco/repos/firmware/lib/inc/../cnl/include/cnl/_impl/fixed_point/../operators.h
........ /home/elco/repos/firmware/lib/inc/../cnl/include/cnl/_impl/fixed_point/../../limits.h
........ /home/elco/repos/firmware/lib/inc/../cnl/include/cnl/_impl/fixed_point/../type_traits/enable_if.h
........ /home/elco/repos/firmware/lib/inc/../cnl/include/cnl/_impl/fixed_point/../type_traits/type_identity.h
...... /home/elco/repos/firmware/lib/inc/../cnl/include/cnl/_impl/fixed_point/../../constant.h
...... /home/elco/repos/firmware/lib/inc/../cnl/include/cnl/_impl/fixed_point/../../numeric.h
....... /home/elco/repos/firmware/lib/inc/../cnl/include/cnl/_impl/fixed_point/../../bit.h
........ /home/elco/repos/firmware/lib/inc/../cnl/include/cnl/_impl/fixed_point/../../_impl/num_traits/digits.h
........ /home/elco/repos/firmware/lib/inc/../cnl/include/cnl/_impl/fixed_point/../../_impl/type_traits/is_signed.h
........ /home/elco/repos/firmware/lib/inc/../cnl/include/cnl/_impl/fixed_point/../../_impl/type_traits/make_unsigned.h
......... /home/elco/repos/firmware/lib/inc/../cnl/include/cnl/_impl/fixed_point/../../_impl/type_traits/enable_if.h
......... /home/elco/repos/firmware/lib/inc/../cnl/include/cnl/_impl/fixed_point/../../_impl/type_traits/../num_traits/is_composite.h
......... /home/elco/repos/firmware/lib/inc/../cnl/include/cnl/_impl/fixed_point/../../_impl/type_traits/../num_traits/to_rep.h
......... /home/elco/repos/firmware/lib/inc/../cnl/include/cnl/_impl/fixed_point/../../_impl/type_traits/../num_traits/from_rep.h
......... /home/elco/repos/firmware/lib/inc/../cnl/include/cnl/_impl/fixed_point/../../_impl/type_traits/../type_traits/type_identity.h
....... /home/elco/repos/firmware/lib/inc/../cnl/include/cnl/_impl/fixed_point/../../_impl/num_traits/unwrap.h
........ /home/elco/repos/firmware/lib/inc/../cnl/include/cnl/_impl/fixed_point/../../_impl/num_traits/../type_traits/enable_if.h
........ /home/elco/repos/firmware/lib/inc/../cnl/include/cnl/_impl/fixed_point/../../_impl/num_traits/is_composite.h
........ /home/elco/repos/firmware/lib/inc/../cnl/include/cnl/_impl/fixed_point/../../_impl/num_traits/to_rep.h
....... /home/elco/repos/firmware/lib/inc/../cnl/include/cnl/_impl/fixed_point/../../_impl/used_digits.h
...... /home/elco/repos/firmware/lib/inc/../cnl/include/cnl/_impl/fixed_point/declaration.h
....... /home/elco/repos/firmware/lib/inc/../cnl/include/cnl/_impl/fixed_point/../../limits.h
...... /home/elco/repos/firmware/lib/inc/../cnl/include/cnl/_impl/fixed_point/is_fixed_point.h
..... /home/elco/repos/firmware/lib/inc/../cnl/include/cnl/_impl/fixed_point/../used_digits.h
.... /home/elco/repos/firmware/lib/inc/../cnl/include/cnl/_impl/fixed_point/convert.h
..... /home/elco/repos/firmware/lib/inc/../cnl/include/cnl/_impl/fixed_point/../rounding/convert.h
...... /home/elco/repos/firmware/lib/inc/../cnl/include/cnl/_impl/fixed_point/../rounding/../../limits.h
...... /home/elco/repos/firmware/lib/inc/../cnl/include/cnl/_impl/fixed_point/../rounding/../native_tag.h
....... /home/elco/repos/firmware/lib/inc/../cnl/include/cnl/_impl/fixed_point/../rounding/../type_traits/make_unsigned.h
....... /home/elco/repos/firmware/lib/inc/../cnl/include/cnl/_impl/fixed_point/../rounding/../operators.h
...... /home/elco/repos/firmware/lib/inc/../cnl/include/cnl/_impl/fixed_point/../rounding/../type_traits/enable_if.h
...... /home/elco/repos/firmware/lib/inc/../cnl/include/cnl/_impl/fixed_point/../rounding/rounding_tag.h
..... /home/elco/repos/firmware/lib/inc/../cnl/include/cnl/_impl/fixed_point/../rounding/rounding_tag.h
..... /home/elco/repos/firmware/lib/inc/../cnl/include/cnl/_impl/fixed_point/../type_traits/enable_if.h
..... /home/elco/repos/firmware/lib/inc/../cnl/include/cnl/_impl/fixed_point/from_rep.h
...... /home/elco/repos/firmware/lib/inc/../cnl/include/cnl/_impl/fixed_point/../num_traits/from_rep.h
.... /home/elco/repos/firmware/lib/inc/../cnl/include/cnl/_impl/fixed_point/declaration.h
.... /home/elco/repos/firmware/lib/inc/../cnl/include/cnl/_impl/fixed_point/extras.h
..... /home/elco/repos/firmware/lib/inc/../cnl/include/cnl/_impl/fixed_point/../cmath/abs.h
...... /home/elco/repos/firmware/lib/inc/../cnl/include/cnl/_impl/fixed_point/../cmath/../type_traits/is_signed.h
...... /home/elco/repos/firmware/lib/inc/../cnl/include/cnl/_impl/fixed_point/../cmath/../type_traits/enable_if.h
..... /home/elco/repos/firmware/lib/inc/../cnl/include/cnl/_impl/fixed_point/../config.h
..... /home/elco/repos/firmware/lib/inc/../cnl/include/cnl/_impl/fixed_point/../num_traits/fixed_width_scale.h
...... /home/elco/repos/firmware/lib/inc/../cnl/include/cnl/_impl/fixed_point/../num_traits/scale.h
..... /home/elco/repos/firmware/lib/inc/../cnl/include/cnl/_impl/fixed_point/../num_traits/unwrap.h
..... /home/elco/repos/firmware/lib/inc/../cnl/include/cnl/_impl/fixed_point/../unreachable.h
...... /home/elco/repos/firmware/lib/inc/../cnl/include/cnl/_impl/fixed_point/../config.h
...... /home/elco/repos/firmware/lib/inc/../cnl/include/cnl/_impl/fixed_point/../terminate.h
.... /home/elco/repos/firmware/lib/inc/../cnl/include/cnl/_impl/fixed_point/from_rep.h
.... /home/elco/repos/firmware/lib/inc/../cnl/include/cnl/_impl/fixed_point/is_fixed_point.h
.... /home/elco/repos/firmware/lib/inc/../cnl/include/cnl/_impl/fixed_point/named.h
..... /home/elco/repos/firmware/lib/inc/../cnl/include/cnl/_impl/fixed_point/../common.h
..... /home/elco/repos/firmware/lib/inc/../cnl/include/cnl/_impl/fixed_point/num_traits.h
.... /home/elco/repos/firmware/lib/inc/../cnl/include/cnl/_impl/fixed_point/operators.h
.... /home/elco/repos/firmware/lib/inc/../cnl/include/cnl/_impl/fixed_point/to_chars.h
..... /home/elco/repos/firmware/lib/inc/../cnl/include/cnl/_impl/fixed_point/../../rounding_integer.h
...... /home/elco/repos/firmware/lib/inc/../cnl/include/cnl/_impl/fixed_point/../../_impl/num_traits/fixed_width_scale.h
...... /home/elco/repos/firmware/lib/inc/../cnl/include/cnl/_impl/fixed_point/../../_impl/number_base.h
...... /home/elco/repos/firmware/lib/inc/../cnl/include/cnl/_impl/fixed_point/../../_impl/rounding.h
....... /home/elco/repos/firmware/lib/inc/../cnl/include/cnl/_impl/fixed_point/../../_impl/native_tag.h
....... /home/elco/repos/firmware/lib/inc/../cnl/include/cnl/_impl/fixed_point/../../_impl/rounding/convert.h
....... /home/elco/repos/firmware/lib/inc/../cnl/include/cnl/_impl/fixed_point/../../_impl/rounding/rounding_tag.h
....... /home/elco/repos/firmware/lib/inc/../cnl/include/cnl/_impl/fixed_point/../../_impl/operators.h
....... /home/elco/repos/firmware/lib/inc/../cnl/include/cnl/_impl/fixed_point/../../_impl/num_traits/from_value.h
....... /home/elco/repos/firmware/lib/inc/../cnl/include/cnl/_impl/fixed_point/../../_impl/num_traits/unwrap.h
...... /home/elco/repos/firmware/lib/inc/../cnl/include/cnl/_impl/fixed_point/../../_impl/type_traits/common_type.h
.... /home/elco/repos/firmware/lib/inc/../cnl/include/cnl/_impl/fixed_point/type.h
.... /home/elco/repos/firmware/lib/inc/../cnl/include/cnl/elastic_integer.h
..... /home/elco/repos/firmware/lib/inc/../cnl/include/cnl/constant.h
..... /home/elco/repos/firmware/lib/inc/../cnl/include/cnl/_impl/limits/lowest.h
..... /home/elco/repos/firmware/lib/inc/../cnl/include/cnl/_impl/num_traits/adopt.h
...... /home/elco/repos/firmware/lib/inc/../cnl/include/cnl/_impl/num_traits/adopt_digits.h
....... /home/elco/repos/firmware/lib/inc/../cnl/include/cnl/_impl/num_traits/digits.h
....... /home/elco/repos/firmware/lib/inc/../cnl/include/cnl/_impl/num_traits/set_digits.h
...... /home/elco/repos/firmware/lib/inc/../cnl/include/cnl/_impl/num_traits/adopt_signedness.h
....... /home/elco/repos/firmware/lib/inc/../cnl/include/cnl/_impl/num_traits/../type_traits/is_signed.h
....... /home/elco/repos/firmware/lib/inc/../cnl/include/cnl/_impl/num_traits/../type_traits/set_signedness.h
........ /home/elco/repos/firmware/lib/inc/../cnl/include/cnl/_impl/num_traits/../type_traits/make_signed.h
........ /home/elco/repos/firmware/lib/inc/../cnl/include/cnl/_impl/num_traits/../type_traits/make_unsigned.h
..... /home/elco/repos/firmware/lib/inc/../cnl/include/cnl/_impl/num_traits/adopt_signedness.h
..... /home/elco/repos/firmware/lib/inc/../cnl/include/cnl/_impl/num_traits/fixed_width_scale.h
..... /home/elco/repos/firmware/lib/inc/../cnl/include/cnl/_impl/num_traits/width.h
..... /home/elco/repos/firmware/lib/inc/../cnl/include/cnl/_impl/number_base.h
..... /home/elco/repos/firmware/lib/inc/../cnl/include/cnl/_impl/type_traits/common_type.h
..... /home/elco/repos/firmware/lib/inc/../cnl/include/cnl/_impl/type_traits/is_signed.h
..... /home/elco/repos/firmware/lib/inc/../cnl/include/cnl/_impl/type_traits/make_signed.h
..... /home/elco/repos/firmware/lib/inc/../cnl/include/cnl/_impl/type_traits/set_signedness.h
.... /home/elco/repos/firmware/lib/inc/../cnl/include/cnl/num_traits.h
..... /home/elco/repos/firmware/lib/inc/../cnl/include/cnl/_impl/num_traits/digits.h
..... /home/elco/repos/firmware/lib/inc/../cnl/include/cnl/_impl/num_traits/from_rep.h
..... /home/elco/repos/firmware/lib/inc/../cnl/include/cnl/_impl/num_traits/from_value.h
..... /home/elco/repos/firmware/lib/inc/../cnl/include/cnl/_impl/num_traits/is_composite.h
..... /home/elco/repos/firmware/lib/inc/../cnl/include/cnl/_impl/num_traits/set_digits.h
..... /home/elco/repos/firmware/lib/inc/../cnl/include/cnl/_impl/num_traits/scale.h
..... /home/elco/repos/firmware/lib/inc/../cnl/include/cnl/_impl/num_traits/to_rep.h
..... /home/elco/repos/firmware/lib/inc/../cnl/include/cnl/_impl/num_traits/unwrap.h
..... /home/elco/repos/firmware/lib/inc/../cnl/include/cnl/_impl/num_traits/wrap.h
...... /home/elco/repos/firmware/lib/inc/../cnl/include/cnl/_impl/num_traits/../type_traits/enable_if.h
...... /home/elco/repos/firmware/lib/inc/../cnl/include/cnl/_impl/num_traits/is_composite.h
...... /home/elco/repos/firmware/lib/inc/../cnl/include/cnl/_impl/num_traits/to_rep.h
.... /home/elco/repos/firmware/lib/inc/../cnl/include/cnl/overflow_integer.h
..... /home/elco/repos/firmware/lib/inc/../cnl/include/cnl/overflow.h
...... /home/elco/repos/firmware/lib/inc/../cnl/include/cnl/_impl/overflow/common.h
....... /home/elco/repos/firmware/lib/inc/../cnl/include/cnl/_impl/overflow/../../limits.h
....... /home/elco/repos/firmware/lib/inc/../cnl/include/cnl/_impl/overflow/../../numeric.h
....... /home/elco/repos/firmware/lib/inc/../cnl/include/cnl/_impl/overflow/../native_tag.h
....... /home/elco/repos/firmware/lib/inc/../cnl/include/cnl/_impl/overflow/../num_traits/digits.h
....... /home/elco/repos/firmware/lib/inc/../cnl/include/cnl/_impl/overflow/../operators.h
....... /home/elco/repos/firmware/lib/inc/../cnl/include/cnl/_impl/overflow/../type_traits/is_signed.h
...... /home/elco/repos/firmware/lib/inc/../cnl/include/cnl/_impl/overflow/native.h
...... /home/elco/repos/firmware/lib/inc/../cnl/include/cnl/_impl/overflow/saturated.h
....... /home/elco/repos/firmware/lib/inc/../cnl/include/cnl/_impl/overflow/common.h
....... /home/elco/repos/firmware/lib/inc/../cnl/include/cnl/_impl/overflow/../terminate.h
...... /home/elco/repos/firmware/lib/inc/../cnl/include/cnl/_impl/overflow/throwing.h
....... /home/elco/repos/firmware/lib/inc/../cnl/include/cnl/_impl/overflow/../throw_exception.h
........ /home/elco/repos/firmware/lib/inc/../cnl/include/cnl/_impl/overflow/../config.h
........ /home/elco/repos/firmware/lib/inc/../cnl/include/cnl/_impl/overflow/../terminate.h
...... /home/elco/repos/firmware/lib/inc/../cnl/include/cnl/_impl/overflow/trapping.h
...... /home/elco/repos/firmware/lib/inc/../cnl/include/cnl/_impl/overflow/undefined.h
....... /home/elco/repos/firmware/lib/inc/../cnl/include/cnl/_impl/overflow/../unreachable.h
..... /home/elco/repos/firmware/lib/inc/../cnl/include/cnl/_impl/native_tag.h
..... /home/elco/repos/firmware/lib/inc/../cnl/include/cnl/_impl/operators.h
..... /home/elco/repos/firmware/lib/inc/../cnl/include/cnl/_impl/type_traits/identical.h
.... /home/elco/repos/firmware/lib/inc/../cnl/include/cnl/rounding_integer.h
.. /home/elco/repos/firmware/lib/inc/Temperature.h
. /home/elco/repos/firmware/app/brewblox/blox/DisplaySettingsBlock.h
.. /home/elco/repos/firmware/app/brewblox/blox/Block.h
... ../nanopb/nanopb/pb.h
.. /home/elco/repos/firmware/app/brewblox/proto/cpp/DisplaySettings.pb.h
... /home/elco/repos/firmware/app/brewblox/proto/cpp/brewblox.pb.h
. /home/elco/repos/firmware/app/brewblox/connectivity.h
Multiple include guards may be useful for:
/home/elco/repos/firmware/app/brewblox/display/screens/../d4d.hpp
/home/elco/repos/firmware/app/brewblox/display/screens/WidgetsScreen.h
/home/elco/repos/firmware/controlbox/src/cbox/EepromLayout.h
/home/elco/repos/firmware/platform/spark/modules/eGUI/D4D/d4d_id.h
. /home/elco/repos/firmware/app/brewblox/display/screens/WidgetWrapper.h
.. /home/elco/repos/firmware/app/brewblox/display/screens/SmallColorScheme.h
... /home/elco/repos/firmware/app/brewblox/display/d4d.hpp
.... /home/elco/repos/firmware/platform/spark/modules/eGUI/D4D/d4d.h
..... /home/elco/repos/firmware/platform/spark/modules/eGUI/D4D/d4d_user_cfg.h
...... /home/elco/repos/firmware/platform/spark/modules/eGUI/D4D/d4d_id.h
...... /home/elco/repos/firmware/app/brewblox/display/d4d_user_cfg_app.h
..... /home/elco/repos/firmware/platform/spark/modules/eGUI/D4D/common_files/d4d_types.h
...... /home/elco/repos/firmware/platform/spark/modules/eGUI/D4D/common_files/d4d_scheme.h
..... /home/elco/repos/firmware/platform/spark/modules/eGUI/D4D/common_files/d4d_base.h
..... /home/elco/repos/firmware/platform/spark/modules/eGUI/D4D/common_files/d4d_string.h
...... /home/elco/repos/firmware/platform/spark/modules/eGUI/D4D/common_files/d4d_font.h
..... /home/elco/repos/firmware/platform/spark/modules/eGUI/D4D/common_files/d4d_basic_draw.h
..... /home/elco/repos/firmware/platform/spark/modules/eGUI/D4D/common_files/d4d_object.h
..... /home/elco/repos/firmware/platform/spark/modules/eGUI/D4D/common_files/d4d_low.h
..... /home/elco/repos/firmware/platform/spark/modules/eGUI/D4D/common_files/d4d_bmp.h
...... /home/elco/repos/firmware/platform/spark/modules/eGUI/D4D/common_files/d4d_imgdec_d4dint.h
...... /home/elco/repos/firmware/platform/spark/modules/eGUI/D4D/common_files/d4d_imgdec_d4d.h
...... /home/elco/repos/firmware/platform/spark/modules/eGUI/D4D/common_files/d4d_imgdec_bmp.h
..... /home/elco/repos/firmware/platform/spark/modules/eGUI/D4D/common_files/d4d_extsrc.h
..... /home/elco/repos/firmware/platform/spark/modules/eGUI/D4D/common_files/d4d_font.h
..... /home/elco/repos/firmware/platform/spark/modules/eGUI/D4D/common_files/d4d_math.h
..... /home/elco/repos/firmware/platform/spark/modules/eGUI/D4D/common_files/d4d_scheme.h
..... /home/elco/repos/firmware/platform/spark/modules/eGUI/D4D/common_files/d4d_screen.h
..... /home/elco/repos/firmware/platform/spark/modules/eGUI/D4D/common_files/d4d_mouse.h
..... /home/elco/repos/firmware/platform/spark/modules/eGUI/D4D/graphic_objects/d4d_picture.h
..... /home/elco/repos/firmware/platform/spark/modules/eGUI/D4D/graphic_objects/d4d_button.h
..... /home/elco/repos/firmware/platform/spark/modules/eGUI/D4D/graphic_objects/d4d_check_box.h
..... /home/elco/repos/firmware/platform/spark/modules/eGUI/D4D/graphic_objects/d4d_gauge.h
..... /home/elco/repos/firmware/platform/spark/modules/eGUI/D4D/graphic_objects/d4d_slider.h
..... /home/elco/repos/firmware/platform/spark/modules/eGUI/D4D/graphic_objects/d4d_label.h
..... /home/elco/repos/firmware/platform/spark/modules/eGUI/D4D/graphic_objects/d4d_icon.h
..... /home/elco/repos/firmware/platform/spark/modules/eGUI/D4D/graphic_objects/d4d_menu.h
..... /home/elco/repos/firmware/platform/spark/modules/eGUI/D4D/graphic_objects/d4d_graph.h
..... /home/elco/repos/firmware/platform/spark/modules/eGUI/D4D/graphic_objects/d4d_scroll_bar.h
..... /home/elco/repos/firmware/platform/spark/modules/eGUI/D4D/graphic_objects/d4d_console.h
..... /home/elco/repos/firmware/platform/spark/modules/eGUI/D4D/graphic_objects/d4d_text_box.h
..... /home/elco/repos/firmware/platform/spark/modules/eGUI/D4D/graphic_objects/d4d_progress_bar.h
..... /home/elco/repos/firmware/platform/spark/modules/eGUI/D4D/graphic_objects/d4d_radio_button.h
..... /home/elco/repos/firmware/platform/spark/modules/eGUI/D4D/graphic_objects/d4d_group_box.h
..... /home/elco/repos/firmware/platform/spark/modules/eGUI/D4D/graphic_objects/d4d_list_box.h
..... /home/elco/repos/firmware/platform/spark/modules/eGUI/D4D/graphic_objects/d4d_edit_box.h
..... /home/elco/repos/firmware/platform/spark/modules/eGUI/D4D/graphic_objects/d4d_combo_box.h
.. /home/elco/repos/firmware/controlbox/src/cbox/CboxPtr.h
... /home/elco/repos/firmware/controlbox/src/cbox/Object.h
.... /home/elco/repos/firmware/controlbox/src/cbox/CboxError.h
.... /home/elco/repos/firmware/controlbox/src/cbox/DataStream.h
.... /home/elco/repos/firmware/controlbox/src/cbox/ObjectIds.h
... /home/elco/repos/firmware/controlbox/src/cbox/ObjectContainer.h
.... /home/elco/repos/firmware/controlbox/src/cbox/ContainedObject.h
..... /home/elco/repos/firmware/controlbox/src/cbox/InactiveObject.h
...... /home/elco/repos/firmware/controlbox/src/cbox/ObjectBase.h
.. /home/elco/repos/firmware/app/brewblox/display/screens/screen.h
... /home/elco/repos/firmware/app/brewblox/display/screens/../d4d.hpp
... /home/elco/repos/firmware/app/brewblox/display/fonts/fonts.h
. /home/elco/repos/firmware/platform/spark/modules/eGUI/D4D/common_files/d4d_private.h
Multiple include guards may be useful for:
/home/elco/repos/firmware/app/brewblox/display/d4d.hpp
/home/elco/repos/firmware/app/brewblox/display/screens/../d4d.hpp
/home/elco/repos/firmware/platform/spark/modules/eGUI/D4D/d4d_id.h
. /home/elco/repos/firmware/platform/spark/modules/eGUI/D4D/d4d.h
.. /home/elco/repos/firmware/platform/spark/modules/eGUI/D4D/d4d_user_cfg.h
... /home/elco/repos/firmware/platform/spark/modules/eGUI/D4D/d4d_id.h
... /home/elco/repos/firmware/app/brewblox/display/d4d_user_cfg_app.h
.. /home/elco/repos/firmware/platform/spark/modules/eGUI/D4D/common_files/d4d_types.h
... /home/elco/repos/firmware/platform/spark/modules/eGUI/D4D/common_files/d4d_scheme.h
.. /home/elco/repos/firmware/platform/spark/modules/eGUI/D4D/common_files/d4d_base.h
.. /home/elco/repos/firmware/platform/spark/modules/eGUI/D4D/common_files/d4d_string.h
... /home/elco/repos/firmware/platform/spark/modules/eGUI/D4D/common_files/d4d_font.h
.. /home/elco/repos/firmware/platform/spark/modules/eGUI/D4D/common_files/d4d_basic_draw.h
.. /home/elco/repos/firmware/platform/spark/modules/eGUI/D4D/common_files/d4d_object.h
.. /home/elco/repos/firmware/platform/spark/modules/eGUI/D4D/common_files/d4d_low.h
.. /home/elco/repos/firmware/platform/spark/modules/eGUI/D4D/common_files/d4d_bmp.h
... /home/elco/repos/firmware/platform/spark/modules/eGUI/D4D/common_files/d4d_imgdec_d4dint.h
... /home/elco/repos/firmware/platform/spark/modules/eGUI/D4D/common_files/d4d_imgdec_d4d.h
... /home/elco/repos/firmware/platform/spark/modules/eGUI/D4D/common_files/d4d_imgdec_bmp.h
.. /home/elco/repos/firmware/platform/spark/modules/eGUI/D4D/common_files/d4d_extsrc.h
.. /home/elco/repos/firmware/platform/spark/modules/eGUI/D4D/common_files/d4d_font.h
.. /home/elco/repos/firmware/platform/spark/modules/eGUI/D4D/common_files/d4d_math.h
.. /home/elco/repos/firmware/platform/spark/modules/eGUI/D4D/common_files/d4d_scheme.h
.. /home/elco/repos/firmware/platform/spark/modules/eGUI/D4D/common_files/d4d_screen.h
.. /home/elco/repos/firmware/platform/spark/modules/eGUI/D4D/common_files/d4d_mouse.h
.. /home/elco/repos/firmware/platform/spark/modules/eGUI/D4D/graphic_objects/d4d_picture.h
.. /home/elco/repos/firmware/platform/spark/modules/eGUI/D4D/graphic_objects/d4d_button.h
.. /home/elco/repos/firmware/platform/spark/modules/eGUI/D4D/graphic_objects/d4d_check_box.h
.. /home/elco/repos/firmware/platform/spark/modules/eGUI/D4D/graphic_objects/d4d_gauge.h
.. /home/elco/repos/firmware/platform/spark/modules/eGUI/D4D/graphic_objects/d4d_slider.h
.. /home/elco/repos/firmware/platform/spark/modules/eGUI/D4D/graphic_objects/d4d_label.h
.. /home/elco/repos/firmware/platform/spark/modules/eGUI/D4D/graphic_objects/d4d_icon.h
.. /home/elco/repos/firmware/platform/spark/modules/eGUI/D4D/graphic_objects/d4d_menu.h
.. /home/elco/repos/firmware/platform/spark/modules/eGUI/D4D/graphic_objects/d4d_graph.h
.. /home/elco/repos/firmware/platform/spark/modules/eGUI/D4D/graphic_objects/d4d_scroll_bar.h
.. /home/elco/repos/firmware/platform/spark/modules/eGUI/D4D/graphic_objects/d4d_console.h
.. /home/elco/repos/firmware/platform/spark/modules/eGUI/D4D/graphic_objects/d4d_text_box.h
.. /home/elco/repos/firmware/platform/spark/modules/eGUI/D4D/graphic_objects/d4d_progress_bar.h
.. /home/elco/repos/firmware/platform/spark/modules/eGUI/D4D/graphic_objects/d4d_radio_button.h
.. /home/elco/repos/firmware/platform/spark/modules/eGUI/D4D/graphic_objects/d4d_group_box.h
.. /home/elco/repos/firmware/platform/spark/modules/eGUI/D4D/graphic_objects/d4d_list_box.h
.. /home/elco/repos/firmware/platform/spark/modules/eGUI/D4D/graphic_objects/d4d_edit_box.h
.. /home/elco/repos/firmware/platform/spark/modules/eGUI/D4D/graphic_objects/d4d_combo_box.h
. /home/elco/repos/firmware/platform/spark/modules/eGUI/D4D/common_files/d4d_lldapi.h
.. /home/elco/repos/firmware/platform/spark/modules/eGUI/D4D/d4d_user_cfg.h
.. /home/elco/repos/firmware/platform/spark/modules/eGUI/D4D/common_files/d4d_types.h
. /home/elco/repos/firmware/platform/spark/modules/eGUI/D4D/common_files/d4d_private.h
. /home/elco/repos/firmware/platform/spark/modules/BrewPiTouch/BrewPiTouch.h
.. /home/elco/repos/firmware/platform/spark/modules/SPIArbiter/SPIArbiter.h
... ../wiring/inc/spark_wiring_spi.h
.... ../wiring/inc/spark_wiring.h
..... ../hal/inc/pinmap_hal.h
..... ../hal/inc/gpio_hal.h
...... ../hal/inc/pinmap_hal.h
..... ../hal/inc/adc_hal.h
..... ../hal/inc/dac_hal.h
..... ../hal/inc/pwm_hal.h
..... ../hal/inc/rng_hal.h
..... ../services/inc/config.h
..... ../services/inc/spark_macros.h
..... ../services/inc/debug.h
...... ../services/inc/service_debug.h
....... ../services/inc/logging.h
........ ../services/inc/panic.h
......... ../services/inc/panic_codes.h
........ ../services/inc/config.h
........ ../services/inc/preprocessor.h
..... ../wiring/inc/spark_wiring_constants.h
..... ../wiring/inc/spark_wiring_stream.h
...... ../wiring/inc/spark_wiring_string.h
....... ../wiring/inc/spark_wiring_print.h
........ ../hal/shared/system_tick_hal.h
........ ../wiring/inc/spark_wiring_string.h
........ ../wiring/inc/spark_wiring_printable.h
..... ../wiring/inc/spark_wiring_ipaddress.h
...... ../hal/inc/inet_hal.h
....... ../services/inc/static_assert.h
..... ../wiring/inc/spark_wiring_cellular_printable.h
...... ../wiring/inc/spark_wiring_platform.h
....... ../platform/shared/inc/platforms.h
...... ../wiring/inc/spark_wiring_signal.h
....... ../hal/inc/net_hal.h
..... ../wiring/inc/spark_wiring_wifi.h
...... ../wiring/inc/spark_wiring_network.h
...... ../hal/inc/wlan_hal.h
....... ../services/inc/debug.h
....... ../hal/inc/inet_hal.h
....... ../hal/inc/socket_hal.h
........ ../services/inc/debug.h
....... ../hal/inc/timer_hal.h
...... ../system/inc/system_network.h
...... ../wiring/inc/spark_wiring_wifi_credentials.h
....... ../wiring/inc/spark_wiring_vector.h
..... ../wiring/inc/spark_wiring_cellular.h
..... ../wiring/inc/spark_wiring_character.h
..... ../wiring/inc/spark_wiring_random.h
..... ../wiring/inc/spark_wiring_system.h
...... ../wiring/inc/spark_wiring_ticks.h
....... ../hal/inc/timer_hal.h
....... ../hal/inc/delay_hal.h
...... ../wiring/inc/spark_wiring_version.h
....... ../communication/src/spark_protocol_functions.h
........ ../communication/src/spark_descriptor.h
......... ../services/inc/appender.h
......... ../communication/src/events.h
........ ../communication/src/dsakeygen.h
........ ../communication/src/eckeygen.h
........ ../communication/src/file_transfer.h
........ ../communication/src/protocol_selector.h
......... ../hal/inc/hal_platform.h
........ ../communication/src/protocol_defs.h
......... ../services/inc/system_error.h
........ ../services/inc/completion_handler.h
......... ../services/inc/system_error.h
......... ../wiring/inc/spark_wiring_vector.h
...... ../system/inc/system_mode.h
...... ../system/inc/system_update.h
...... ../system/inc/system_sleep.h
....... ../hal/inc/interrupts_hal.h
........ ../hal/inc/hal_irq_flag.h
...... ../system/inc/system_cloud.h
....... ../wiring/inc/spark_wiring_string.h
...... ../system/inc/system_event.h
...... ../hal/inc/core_hal.h
....... ../hal/inc/watchdog_hal.h
....... ../hal/inc/core_subsys_hal.h
....... ../hal/inc/interrupts_hal.h
...... ../system/inc/system_user.h
...... ../system/inc/system_version.h
...... ../wiring/inc/spark_wiring_flags.h
..... ../wiring/inc/spark_wiring_cloud.h
...... ../communication/src/events.h
...... ../wiring/inc/spark_wiring_watchdog.h
....... ../wiring/inc/spark_wiring_thread.h
...... ../wiring/inc/spark_wiring_async.h
....... ../wiring/inc/spark_wiring_error.h
....... ../system/inc/system_task.h
........ ../hal/inc/socket_hal.h
...... ../wiring/inc/spark_wiring_global.h
..... ../wiring/inc/spark_wiring_rgb.h
...... ../services/inc/rgbled.h
.... ../hal/inc/spi_hal.h
.. /home/elco/repos/firmware/platform/spark/modules/BrewPiTouch/LowPassFilter.h
Multiple include guards may be useful for:
../services/inc/panic_codes.h
/home/elco/repos/firmware/platform/spark/modules/eGUI/D4D/d4d_id.h
. /home/elco/repos/firmware/platform/spark/modules/eGUI/D4D/d4d.h
.. /home/elco/repos/firmware/platform/spark/modules/eGUI/D4D/d4d_user_cfg.h
... /home/elco/repos/firmware/platform/spark/modules/eGUI/D4D/d4d_id.h
... /home/elco/repos/firmware/app/brewblox/display/d4d_user_cfg_app.h
.. /home/elco/repos/firmware/platform/spark/modules/eGUI/D4D/common_files/d4d_types.h
... /home/elco/repos/firmware/platform/spark/modules/eGUI/D4D/common_files/d4d_scheme.h
.. /home/elco/repos/firmware/platform/spark/modules/eGUI/D4D/common_files/d4d_base.h
.. /home/elco/repos/firmware/platform/spark/modules/eGUI/D4D/common_files/d4d_string.h
... /home/elco/repos/firmware/platform/spark/modules/eGUI/D4D/common_files/d4d_font.h
.. /home/elco/repos/firmware/platform/spark/modules/eGUI/D4D/common_files/d4d_basic_draw.h
.. /home/elco/repos/firmware/platform/spark/modules/eGUI/D4D/common_files/d4d_object.h
.. /home/elco/repos/firmware/platform/spark/modules/eGUI/D4D/common_files/d4d_low.h
.. /home/elco/repos/firmware/platform/spark/modules/eGUI/D4D/common_files/d4d_bmp.h
... /home/elco/repos/firmware/platform/spark/modules/eGUI/D4D/common_files/d4d_imgdec_d4dint.h
... /home/elco/repos/firmware/platform/spark/modules/eGUI/D4D/common_files/d4d_imgdec_d4d.h
... /home/elco/repos/firmware/platform/spark/modules/eGUI/D4D/common_files/d4d_imgdec_bmp.h
.. /home/elco/repos/firmware/platform/spark/modules/eGUI/D4D/common_files/d4d_extsrc.h
.. /home/elco/repos/firmware/platform/spark/modules/eGUI/D4D/common_files/d4d_font.h
.. /home/elco/repos/firmware/platform/spark/modules/eGUI/D4D/common_files/d4d_math.h
.. /home/elco/repos/firmware/platform/spark/modules/eGUI/D4D/common_files/d4d_scheme.h
.. /home/elco/repos/firmware/platform/spark/modules/eGUI/D4D/common_files/d4d_screen.h
.. /home/elco/repos/firmware/platform/spark/modules/eGUI/D4D/common_files/d4d_mouse.h
.. /home/elco/repos/firmware/platform/spark/modules/eGUI/D4D/graphic_objects/d4d_picture.h
.. /home/elco/repos/firmware/platform/spark/modules/eGUI/D4D/graphic_objects/d4d_button.h
.. /home/elco/repos/firmware/platform/spark/modules/eGUI/D4D/graphic_objects/d4d_check_box.h
.. /home/elco/repos/firmware/platform/spark/modules/eGUI/D4D/graphic_objects/d4d_gauge.h
.. /home/elco/repos/firmware/platform/spark/modules/eGUI/D4D/graphic_objects/d4d_slider.h
.. /home/elco/repos/firmware/platform/spark/modules/eGUI/D4D/graphic_objects/d4d_label.h
.. /home/elco/repos/firmware/platform/spark/modules/eGUI/D4D/graphic_objects/d4d_icon.h
.. /home/elco/repos/firmware/platform/spark/modules/eGUI/D4D/graphic_objects/d4d_menu.h
.. /home/elco/repos/firmware/platform/spark/modules/eGUI/D4D/graphic_objects/d4d_graph.h
.. /home/elco/repos/firmware/platform/spark/modules/eGUI/D4D/graphic_objects/d4d_scroll_bar.h
.. /home/elco/repos/firmware/platform/spark/modules/eGUI/D4D/graphic_objects/d4d_console.h
.. /home/elco/repos/firmware/platform/spark/modules/eGUI/D4D/graphic_objects/d4d_text_box.h
.. /home/elco/repos/firmware/platform/spark/modules/eGUI/D4D/graphic_objects/d4d_progress_bar.h
.. /home/elco/repos/firmware/platform/spark/modules/eGUI/D4D/graphic_objects/d4d_radio_button.h
.. /home/elco/repos/firmware/platform/spark/modules/eGUI/D4D/graphic_objects/d4d_group_box.h
.. /home/elco/repos/firmware/platform/spark/modules/eGUI/D4D/graphic_objects/d4d_list_box.h
.. /home/elco/repos/firmware/platform/spark/modules/eGUI/D4D/graphic_objects/d4d_edit_box.h
.. /home/elco/repos/firmware/platform/spark/modules/eGUI/D4D/graphic_objects/d4d_combo_box.h
. /home/elco/repos/firmware/platform/spark/modules/eGUI/D4D/common_files/d4d_lldapi.h
.. /home/elco/repos/firmware/platform/spark/modules/eGUI/D4D/d4d_user_cfg.h
.. /home/elco/repos/firmware/platform/spark/modules/eGUI/D4D/common_files/d4d_types.h
. /home/elco/repos/firmware/platform/spark/modules/eGUI/D4D/common_files/d4d_private.h
Multiple include guards may be useful for:
/home/elco/repos/firmware/platform/spark/modules/eGUI/D4D/d4d_id.h
. /home/elco/repos/firmware/platform/spark/modules/eGUI/D4D/d4d.h
.. /home/elco/repos/firmware/platform/spark/modules/eGUI/D4D/d4d_user_cfg.h
... /home/elco/repos/firmware/platform/spark/modules/eGUI/D4D/d4d_id.h
... /home/elco/repos/firmware/app/brewblox/display/d4d_user_cfg_app.h
.. /home/elco/repos/firmware/platform/spark/modules/eGUI/D4D/common_files/d4d_types.h
... /home/elco/repos/firmware/platform/spark/modules/eGUI/D4D/common_files/d4d_scheme.h
.. /home/elco/repos/firmware/platform/spark/modules/eGUI/D4D/common_files/d4d_base.h
.. /home/elco/repos/firmware/platform/spark/modules/eGUI/D4D/common_files/d4d_string.h
... /home/elco/repos/firmware/platform/spark/modules/eGUI/D4D/common_files/d4d_font.h
.. /home/elco/repos/firmware/platform/spark/modules/eGUI/D4D/common_files/d4d_basic_draw.h
.. /home/elco/repos/firmware/platform/spark/modules/eGUI/D4D/common_files/d4d_object.h
.. /home/elco/repos/firmware/platform/spark/modules/eGUI/D4D/common_files/d4d_low.h
.. /home/elco/repos/firmware/platform/spark/modules/eGUI/D4D/common_files/d4d_bmp.h
... /home/elco/repos/firmware/platform/spark/modules/eGUI/D4D/common_files/d4d_imgdec_d4dint.h
... /home/elco/repos/firmware/platform/spark/modules/eGUI/D4D/common_files/d4d_imgdec_d4d.h
... /home/elco/repos/firmware/platform/spark/modules/eGUI/D4D/common_files/d4d_imgdec_bmp.h
.. /home/elco/repos/firmware/platform/spark/modules/eGUI/D4D/common_files/d4d_extsrc.h
.. /home/elco/repos/firmware/platform/spark/modules/eGUI/D4D/common_files/d4d_font.h
.. /home/elco/repos/firmware/platform/spark/modules/eGUI/D4D/common_files/d4d_math.h
.. /home/elco/repos/firmware/platform/spark/modules/eGUI/D4D/common_files/d4d_scheme.h
.. /home/elco/repos/firmware/platform/spark/modules/eGUI/D4D/common_files/d4d_screen.h
.. /home/elco/repos/firmware/platform/spark/modules/eGUI/D4D/common_files/d4d_mouse.h
.. /home/elco/repos/firmware/platform/spark/modules/eGUI/D4D/graphic_objects/d4d_picture.h
.. /home/elco/repos/firmware/platform/spark/modules/eGUI/D4D/graphic_objects/d4d_button.h
.. /home/elco/repos/firmware/platform/spark/modules/eGUI/D4D/graphic_objects/d4d_check_box.h
.. /home/elco/repos/firmware/platform/spark/modules/eGUI/D4D/graphic_objects/d4d_gauge.h
.. /home/elco/repos/firmware/platform/spark/modules/eGUI/D4D/graphic_objects/d4d_slider.h
.. /home/elco/repos/firmware/platform/spark/modules/eGUI/D4D/graphic_objects/d4d_label.h
.. /home/elco/repos/firmware/platform/spark/modules/eGUI/D4D/graphic_objects/d4d_icon.h
.. /home/elco/repos/firmware/platform/spark/modules/eGUI/D4D/graphic_objects/d4d_menu.h
.. /home/elco/repos/firmware/platform/spark/modules/eGUI/D4D/graphic_objects/d4d_graph.h
.. /home/elco/repos/firmware/platform/spark/modules/eGUI/D4D/graphic_objects/d4d_scroll_bar.h
.. /home/elco/repos/firmware/platform/spark/modules/eGUI/D4D/graphic_objects/d4d_console.h
.. /home/elco/repos/firmware/platform/spark/modules/eGUI/D4D/graphic_objects/d4d_text_box.h
.. /home/elco/repos/firmware/platform/spark/modules/eGUI/D4D/graphic_objects/d4d_progress_bar.h
.. /home/elco/repos/firmware/platform/spark/modules/eGUI/D4D/graphic_objects/d4d_radio_button.h
.. /home/elco/repos/firmware/platform/spark/modules/eGUI/D4D/graphic_objects/d4d_group_box.h
.. /home/elco/repos/firmware/platform/spark/modules/eGUI/D4D/graphic_objects/d4d_list_box.h
.. /home/elco/repos/firmware/platform/spark/modules/eGUI/D4D/graphic_objects/d4d_edit_box.h
.. /home/elco/repos/firmware/platform/spark/modules/eGUI/D4D/graphic_objects/d4d_combo_box.h
. /home/elco/repos/firmware/platform/spark/modules/eGUI/D4D/common_files/d4d_lldapi.h
.. /home/elco/repos/firmware/platform/spark/modules/eGUI/D4D/d4d_user_cfg.h
.. /home/elco/repos/firmware/platform/spark/modules/eGUI/D4D/common_files/d4d_types.h
. /home/elco/repos/firmware/platform/spark/modules/eGUI/D4D/common_files/d4d_private.h
. /home/elco/repos/firmware/platform/spark/modules/WebSockets/firmware/WebSocketsServer.h
.. ./inc/Particle.h
... ./inc/application.h
.... ../system/inc/system_version.h
.... ../wiring/inc/spark_wiring.h
..... ../hal/inc/pinmap_hal.h
..... ../hal/inc/gpio_hal.h
...... ../hal/inc/pinmap_hal.h
..... ../hal/inc/adc_hal.h
..... ../hal/inc/dac_hal.h
..... ../hal/inc/pwm_hal.h
..... ../hal/inc/rng_hal.h
..... ../services/inc/config.h
..... ../services/inc/spark_macros.h
..... ../services/inc/debug.h
...... ../services/inc/service_debug.h
....... ../services/inc/logging.h
........ ../services/inc/panic.h
......... ../services/inc/panic_codes.h
........ ../services/inc/config.h
........ ../services/inc/preprocessor.h
..... ../wiring/inc/spark_wiring_constants.h
..... ../wiring/inc/spark_wiring_stream.h
...... ../wiring/inc/spark_wiring_string.h
....... ../wiring/inc/spark_wiring_print.h
........ ../hal/shared/system_tick_hal.h
........ ../wiring/inc/spark_wiring_string.h
........ ../wiring/inc/spark_wiring_printable.h
..... ../wiring/inc/spark_wiring_ipaddress.h
...... ../hal/inc/inet_hal.h
....... ../services/inc/static_assert.h
..... ../wiring/inc/spark_wiring_cellular_printable.h
...... ../wiring/inc/spark_wiring_platform.h
....... ../platform/shared/inc/platforms.h
...... ../wiring/inc/spark_wiring_signal.h
....... ../hal/inc/net_hal.h
..... ../wiring/inc/spark_wiring_wifi.h
...... ../wiring/inc/spark_wiring_network.h
...... ../hal/inc/wlan_hal.h
....... ../services/inc/debug.h
....... ../hal/inc/inet_hal.h
....... ../hal/inc/socket_hal.h
........ ../services/inc/debug.h
....... ../hal/inc/timer_hal.h
...... ../system/inc/system_network.h
...... ../wiring/inc/spark_wiring_wifi_credentials.h
....... ../wiring/inc/spark_wiring_vector.h
..... ../wiring/inc/spark_wiring_cellular.h
..... ../wiring/inc/spark_wiring_character.h
..... ../wiring/inc/spark_wiring_random.h
..... ../wiring/inc/spark_wiring_system.h
...... ../wiring/inc/spark_wiring_ticks.h
....... ../hal/inc/timer_hal.h
....... ../hal/inc/delay_hal.h
...... ../wiring/inc/spark_wiring_version.h
....... ../communication/src/spark_protocol_functions.h
........ ../communication/src/spark_descriptor.h
......... ../services/inc/appender.h
......... ../communication/src/events.h
........ ../communication/src/dsakeygen.h
........ ../communication/src/eckeygen.h
........ ../communication/src/file_transfer.h
........ ../communication/src/protocol_selector.h
......... ../hal/inc/hal_platform.h
........ ../communication/src/protocol_defs.h
......... ../services/inc/system_error.h
........ ../services/inc/completion_handler.h
......... ../services/inc/system_error.h
......... ../wiring/inc/spark_wiring_vector.h
...... ../system/inc/system_mode.h
...... ../system/inc/system_update.h
...... ../system/inc/system_sleep.h
....... ../hal/inc/interrupts_hal.h
........ ../hal/inc/hal_irq_flag.h
...... ../system/inc/system_cloud.h
....... ../wiring/inc/spark_wiring_string.h
...... ../system/inc/system_event.h
...... ../hal/inc/core_hal.h
....... ../hal/inc/watchdog_hal.h
....... ../hal/inc/core_subsys_hal.h
....... ../hal/inc/interrupts_hal.h
...... ../system/inc/system_user.h
...... ../wiring/inc/spark_wiring_flags.h
..... ../wiring/inc/spark_wiring_cloud.h
...... ../communication/src/events.h
...... ../wiring/inc/spark_wiring_watchdog.h
....... ../wiring/inc/spark_wiring_thread.h
...... ../wiring/inc/spark_wiring_async.h
....... ../wiring/inc/spark_wiring_error.h
....... ../system/inc/system_task.h
........ ../hal/inc/socket_hal.h
...... ../wiring/inc/spark_wiring_global.h
..... ../wiring/inc/spark_wiring_rgb.h
...... ../services/inc/rgbled.h
.... ../wiring/inc/spark_wiring_interrupts.h
.... ../wiring/inc/spark_wiring_power.h
..... ../wiring/inc/spark_wiring.h
..... ../wiring/inc/spark_wiring_i2c.h
...... ../hal/inc/i2c_hal.h
.... ../wiring/inc/spark_wiring_fuel.h
.... ../wiring/inc/spark_wiring_print.h
.... ../wiring/inc/spark_wiring_usartserial.h
..... ../hal/inc/usart_hal.h
.... ../wiring/inc/spark_wiring_can.h
..... ../hal/inc/can_hal.h
.... ../wiring/inc/spark_wiring_usbserial.h
..... ../hal/inc/usb_hal.h
...... ../hal/inc/usb_config_hal.h
..... ../wiring/inc/spark_wiring_startup.h
.... ../wiring/inc/spark_wiring_usbmouse.h
..... ../hal/inc/usb_config_hal.h
.... ../wiring/inc/spark_wiring_usbkeyboard.h
.... ../wiring/inc/spark_wiring_spi.h
..... ../hal/inc/spi_hal.h
.... ../wiring/inc/spark_wiring_i2c.h
.... ../wiring/inc/spark_wiring_servo.h
.... ../wiring/inc/spark_wiring_wifi.h
.... ../wiring/inc/spark_wiring_network.h
.... ../wiring/inc/spark_wiring_client.h
.... ../wiring/inc/spark_wiring_timer.h
.... ../wiring/inc/spark_wiring_tcpclient.h
..... ../wiring/inc/spark_wiring_client.h
.... ../wiring/inc/spark_wiring_tcpserver.h
.... ../wiring/inc/spark_wiring_udp.h
.... ../wiring/inc/spark_wiring_time.h
.... ../wiring/inc/spark_wiring_tone.h
.... ../wiring/inc/spark_wiring_eeprom.h
..... ../hal/inc/eeprom_hal.h
.... ../wiring/inc/spark_wiring_version.h
.... ../wiring/inc/spark_wiring_thread.h
.... ../wiring/inc/spark_wiring_logging.h
..... ../services/inc/logging.h
..... ../wiring/inc/spark_wiring_json.h
...... ../services/inc/jsmn.h
..... ../system/inc/system_control.h
.... ../wiring/inc/spark_wiring_json.h
.... ../wiring/inc/spark_wiring_async.h
.... ../wiring/inc/spark_wiring_error.h
.... ../wiring/inc/spark_wiring_led.h
..... ../system/inc/system_led_signal.h
...... ../services/inc/led_service.h
....... ../services/inc/rgbled.h
.... ../wiring/inc/spark_wiring_diagnostics.h
..... ../wiring/inc/spark_wiring_interrupts.h
..... ../services/inc/diagnostics.h
..... ../services/inc/combine_hash.h
..... ../services/inc/underlying_type.h
..... ../services/inc/debug.h
.... ../wiring/inc/fast_pin.h
.... ../wiring/inc/string_convert.h
.... ../wiring/inc/debug_output_handler.h
..... ../wiring/inc/spark_wiring_usartserial.h
..... ../wiring/inc/spark_wiring_usbserial.h
..... ../wiring/inc/spark_wiring_logging.h
.... ../wiring/inc/spark_wiring_arduino.h
.. /home/elco/repos/firmware/platform/spark/modules/WebSockets/firmware/WebSocketsBase.h
... ./inc/application.h
. /home/elco/repos/firmware/platform/spark/modules/eGUI/D4D/low_level_drivers/LCD/lcd_hw_interface/websocket_server_fb/d4dlcdhw_websocket_server_fb.h
.. /home/elco/repos/firmware/platform/spark/modules/eGUI/D4D/d4dlcdhw_websocket_server_fb_cfg.h
Multiple include guards may be useful for:
../services/inc/panic_codes.h
../wiring/inc/spark_wiring_fuel.h
../wiring/inc/spark_wiring_power.h
/home/elco/repos/firmware/platform/spark/modules/eGUI/D4D/d4d_id.h
. /home/elco/repos/firmware/platform/spark/modules/eGUI/D4D/d4d.h
.. /home/elco/repos/firmware/platform/spark/modules/eGUI/D4D/d4d_user_cfg.h
... /home/elco/repos/firmware/platform/spark/modules/eGUI/D4D/d4d_id.h
... /home/elco/repos/firmware/app/brewblox/display/d4d_user_cfg_app.h
.. /home/elco/repos/firmware/platform/spark/modules/eGUI/D4D/common_files/d4d_types.h
... /home/elco/repos/firmware/platform/spark/modules/eGUI/D4D/common_files/d4d_scheme.h
.. /home/elco/repos/firmware/platform/spark/modules/eGUI/D4D/common_files/d4d_base.h
.. /home/elco/repos/firmware/platform/spark/modules/eGUI/D4D/common_files/d4d_string.h
... /home/elco/repos/firmware/platform/spark/modules/eGUI/D4D/common_files/d4d_font.h
.. /home/elco/repos/firmware/platform/spark/modules/eGUI/D4D/common_files/d4d_basic_draw.h
.. /home/elco/repos/firmware/platform/spark/modules/eGUI/D4D/common_files/d4d_object.h
.. /home/elco/repos/firmware/platform/spark/modules/eGUI/D4D/common_files/d4d_low.h
.. /home/elco/repos/firmware/platform/spark/modules/eGUI/D4D/common_files/d4d_bmp.h
... /home/elco/repos/firmware/platform/spark/modules/eGUI/D4D/common_files/d4d_imgdec_d4dint.h
... /home/elco/repos/firmware/platform/spark/modules/eGUI/D4D/common_files/d4d_imgdec_d4d.h
... /home/elco/repos/firmware/platform/spark/modules/eGUI/D4D/common_files/d4d_imgdec_bmp.h
.. /home/elco/repos/firmware/platform/spark/modules/eGUI/D4D/common_files/d4d_extsrc.h
.. /home/elco/repos/firmware/platform/spark/modules/eGUI/D4D/common_files/d4d_font.h
.. /home/elco/repos/firmware/platform/spark/modules/eGUI/D4D/common_files/d4d_math.h
.. /home/elco/repos/firmware/platform/spark/modules/eGUI/D4D/common_files/d4d_scheme.h
.. /home/elco/repos/firmware/platform/spark/modules/eGUI/D4D/common_files/d4d_screen.h
.. /home/elco/repos/firmware/platform/spark/modules/eGUI/D4D/common_files/d4d_mouse.h
.. /home/elco/repos/firmware/platform/spark/modules/eGUI/D4D/graphic_objects/d4d_picture.h
.. /home/elco/repos/firmware/platform/spark/modules/eGUI/D4D/graphic_objects/d4d_button.h
.. /home/elco/repos/firmware/platform/spark/modules/eGUI/D4D/graphic_objects/d4d_check_box.h
.. /home/elco/repos/firmware/platform/spark/modules/eGUI/D4D/graphic_objects/d4d_gauge.h
.. /home/elco/repos/firmware/platform/spark/modules/eGUI/D4D/graphic_objects/d4d_slider.h
.. /home/elco/repos/firmware/platform/spark/modules/eGUI/D4D/graphic_objects/d4d_label.h
.. /home/elco/repos/firmware/platform/spark/modules/eGUI/D4D/graphic_objects/d4d_icon.h
.. /home/elco/repos/firmware/platform/spark/modules/eGUI/D4D/graphic_objects/d4d_menu.h
.. /home/elco/repos/firmware/platform/spark/modules/eGUI/D4D/graphic_objects/d4d_graph.h
.. /home/elco/repos/firmware/platform/spark/modules/eGUI/D4D/graphic_objects/d4d_scroll_bar.h
.. /home/elco/repos/firmware/platform/spark/modules/eGUI/D4D/graphic_objects/d4d_console.h
.. /home/elco/repos/firmware/platform/spark/modules/eGUI/D4D/graphic_objects/d4d_text_box.h
.. /home/elco/repos/firmware/platform/spark/modules/eGUI/D4D/graphic_objects/d4d_progress_bar.h
.. /home/elco/repos/firmware/platform/spark/modules/eGUI/D4D/graphic_objects/d4d_radio_button.h
.. /home/elco/repos/firmware/platform/spark/modules/eGUI/D4D/graphic_objects/d4d_group_box.h
.. /home/elco/repos/firmware/platform/spark/modules/eGUI/D4D/graphic_objects/d4d_list_box.h
.. /home/elco/repos/firmware/platform/spark/modules/eGUI/D4D/graphic_objects/d4d_edit_box.h
.. /home/elco/repos/firmware/platform/spark/modules/eGUI/D4D/graphic_objects/d4d_combo_box.h
. /home/elco/repos/firmware/platform/spark/modules/eGUI/D4D/common_files/d4d_lldapi.h
.. /home/elco/repos/firmware/platform/spark/modules/eGUI/D4D/d4d_user_cfg.h
.. /home/elco/repos/firmware/platform/spark/modules/eGUI/D4D/common_files/d4d_types.h
. /home/elco/repos/firmware/platform/spark/modules/eGUI/D4D/common_files/d4d_private.h
. /home/elco/repos/firmware/platform/spark/modules/SPIArbiter/SPIArbiter.h
.. ../wiring/inc/spark_wiring_spi.h
... ../wiring/inc/spark_wiring.h
.... ../hal/inc/pinmap_hal.h
.... ../hal/inc/gpio_hal.h
..... ../hal/inc/pinmap_hal.h
.... ../hal/inc/adc_hal.h
.... ../hal/inc/dac_hal.h
.... ../hal/inc/pwm_hal.h
.... ../hal/inc/rng_hal.h
.... ../services/inc/config.h
.... ../services/inc/spark_macros.h
.... ../services/inc/debug.h
..... ../services/inc/service_debug.h
...... ../services/inc/logging.h
....... ../services/inc/panic.h
........ ../services/inc/panic_codes.h
....... ../services/inc/config.h
....... ../services/inc/preprocessor.h
.... ../wiring/inc/spark_wiring_constants.h
.... ../wiring/inc/spark_wiring_stream.h
..... ../wiring/inc/spark_wiring_string.h
...... ../wiring/inc/spark_wiring_print.h
....... ../hal/shared/system_tick_hal.h
....... ../wiring/inc/spark_wiring_string.h
....... ../wiring/inc/spark_wiring_printable.h
.... ../wiring/inc/spark_wiring_ipaddress.h
..... ../hal/inc/inet_hal.h
...... ../services/inc/static_assert.h
.... ../wiring/inc/spark_wiring_cellular_printable.h
..... ../wiring/inc/spark_wiring_platform.h
...... ../platform/shared/inc/platforms.h
..... ../wiring/inc/spark_wiring_signal.h
...... ../hal/inc/net_hal.h
.... ../wiring/inc/spark_wiring_wifi.h
..... ../wiring/inc/spark_wiring_network.h
..... ../hal/inc/wlan_hal.h
...... ../services/inc/debug.h
...... ../hal/inc/inet_hal.h
...... ../hal/inc/socket_hal.h
....... ../services/inc/debug.h
...... ../hal/inc/timer_hal.h
..... ../system/inc/system_network.h
..... ../wiring/inc/spark_wiring_wifi_credentials.h
...... ../wiring/inc/spark_wiring_vector.h
.... ../wiring/inc/spark_wiring_cellular.h
.... ../wiring/inc/spark_wiring_character.h
.... ../wiring/inc/spark_wiring_random.h
.... ../wiring/inc/spark_wiring_system.h
..... ../wiring/inc/spark_wiring_ticks.h
...... ../hal/inc/timer_hal.h
...... ../hal/inc/delay_hal.h
..... ../wiring/inc/spark_wiring_version.h
...... ../communication/src/spark_protocol_functions.h
....... ../communication/src/spark_descriptor.h
........ ../services/inc/appender.h
........ ../communication/src/events.h
....... ../communication/src/dsakeygen.h
....... ../communication/src/eckeygen.h
....... ../communication/src/file_transfer.h
....... ../communication/src/protocol_selector.h
........ ../hal/inc/hal_platform.h
....... ../communication/src/protocol_defs.h
........ ../services/inc/system_error.h
....... ../services/inc/completion_handler.h
........ ../services/inc/system_error.h
........ ../wiring/inc/spark_wiring_vector.h
..... ../system/inc/system_mode.h
..... ../system/inc/system_update.h
..... ../system/inc/system_sleep.h
...... ../hal/inc/interrupts_hal.h
....... ../hal/inc/hal_irq_flag.h
..... ../system/inc/system_cloud.h
...... ../wiring/inc/spark_wiring_string.h
..... ../system/inc/system_event.h
..... ../hal/inc/core_hal.h
...... ../hal/inc/watchdog_hal.h
...... ../hal/inc/core_subsys_hal.h
...... ../hal/inc/interrupts_hal.h
..... ../system/inc/system_user.h
..... ../system/inc/system_version.h
..... ../wiring/inc/spark_wiring_flags.h
.... ../wiring/inc/spark_wiring_cloud.h
..... ../communication/src/events.h
..... ../wiring/inc/spark_wiring_watchdog.h
...... ../wiring/inc/spark_wiring_thread.h
..... ../wiring/inc/spark_wiring_async.h
...... ../wiring/inc/spark_wiring_error.h
...... ../system/inc/system_task.h
....... ../hal/inc/socket_hal.h
..... ../wiring/inc/spark_wiring_global.h
.... ../wiring/inc/spark_wiring_rgb.h
..... ../services/inc/rgbled.h
... ../hal/inc/spi_hal.h
Multiple include guards may be useful for:
../services/inc/panic_codes.h
/home/elco/repos/firmware/platform/spark/modules/eGUI/D4D/d4d_id.h
. /home/elco/repos/firmware/platform/spark/modules/BrewPiTouch/LowPassFilter.h
Multiple include guards may be useful for:
. /home/elco/repos/firmware/platform/spark/modules/BrewPiTouch/BrewPiTouch.h
.. /home/elco/repos/firmware/platform/spark/modules/SPIArbiter/SPIArbiter.h
... ../wiring/inc/spark_wiring_spi.h
.... ../wiring/inc/spark_wiring.h
..... ../hal/inc/pinmap_hal.h
..... ../hal/inc/gpio_hal.h
...... ../hal/inc/pinmap_hal.h
..... ../hal/inc/adc_hal.h
..... ../hal/inc/dac_hal.h
..... ../hal/inc/pwm_hal.h
..... ../hal/inc/rng_hal.h
..... ../services/inc/config.h
..... ../services/inc/spark_macros.h
..... ../services/inc/debug.h
...... ../services/inc/service_debug.h
....... ../services/inc/logging.h
........ ../services/inc/panic.h
......... ../services/inc/panic_codes.h
........ ../services/inc/config.h
........ ../services/inc/preprocessor.h
..... ../wiring/inc/spark_wiring_constants.h
..... ../wiring/inc/spark_wiring_stream.h
...... ../wiring/inc/spark_wiring_string.h
....... ../wiring/inc/spark_wiring_print.h
........ ../hal/shared/system_tick_hal.h
........ ../wiring/inc/spark_wiring_string.h
........ ../wiring/inc/spark_wiring_printable.h
..... ../wiring/inc/spark_wiring_ipaddress.h
...... ../hal/inc/inet_hal.h
....... ../services/inc/static_assert.h
..... ../wiring/inc/spark_wiring_cellular_printable.h
...... ../wiring/inc/spark_wiring_platform.h
....... ../platform/shared/inc/platforms.h
...... ../wiring/inc/spark_wiring_signal.h
....... ../hal/inc/net_hal.h
..... ../wiring/inc/spark_wiring_wifi.h
...... ../wiring/inc/spark_wiring_network.h
...... ../hal/inc/wlan_hal.h
....... ../services/inc/debug.h
....... ../hal/inc/inet_hal.h
....... ../hal/inc/socket_hal.h
........ ../services/inc/debug.h
....... ../hal/inc/timer_hal.h
...... ../system/inc/system_network.h
...... ../wiring/inc/spark_wiring_wifi_credentials.h
....... ../wiring/inc/spark_wiring_vector.h
..... ../wiring/inc/spark_wiring_cellular.h
..... ../wiring/inc/spark_wiring_character.h
..... ../wiring/inc/spark_wiring_random.h
..... ../wiring/inc/spark_wiring_system.h
...... ../wiring/inc/spark_wiring_ticks.h
....... ../hal/inc/timer_hal.h
....... ../hal/inc/delay_hal.h
...... ../wiring/inc/spark_wiring_version.h
....... ../communication/src/spark_protocol_functions.h
........ ../communication/src/spark_descriptor.h
......... ../services/inc/appender.h
......... ../communication/src/events.h
........ ../communication/src/dsakeygen.h
........ ../communication/src/eckeygen.h
........ ../communication/src/file_transfer.h
........ ../communication/src/protocol_selector.h
......... ../hal/inc/hal_platform.h
........ ../communication/src/protocol_defs.h
......... ../services/inc/system_error.h
........ ../services/inc/completion_handler.h
......... ../services/inc/system_error.h
......... ../wiring/inc/spark_wiring_vector.h
...... ../system/inc/system_mode.h
...... ../system/inc/system_update.h
...... ../system/inc/system_sleep.h
....... ../hal/inc/interrupts_hal.h
........ ../hal/inc/hal_irq_flag.h
...... ../system/inc/system_cloud.h
....... ../wiring/inc/spark_wiring_string.h
...... ../system/inc/system_event.h
...... ../hal/inc/core_hal.h
....... ../hal/inc/watchdog_hal.h
....... ../hal/inc/core_subsys_hal.h
....... ../hal/inc/interrupts_hal.h
...... ../system/inc/system_user.h
...... ../system/inc/system_version.h
...... ../wiring/inc/spark_wiring_flags.h
..... ../wiring/inc/spark_wiring_cloud.h
...... ../communication/src/events.h
...... ../wiring/inc/spark_wiring_watchdog.h
....... ../wiring/inc/spark_wiring_thread.h
...... ../wiring/inc/spark_wiring_async.h
....... ../wiring/inc/spark_wiring_error.h
....... ../system/inc/system_task.h
........ ../hal/inc/socket_hal.h
...... ../wiring/inc/spark_wiring_global.h
..... ../wiring/inc/spark_wiring_rgb.h
...... ../services/inc/rgbled.h
.... ../hal/inc/spi_hal.h
.. /home/elco/repos/firmware/platform/spark/modules/BrewPiTouch/LowPassFilter.h
. ../wiring/inc/spark_wiring.h
Multiple include guards may be useful for:
../services/inc/panic_codes.h
. /home/elco/repos/firmware/platform/spark/modules/SPIArbiter/SPIArbiter.h
.. ../wiring/inc/spark_wiring_spi.h
... ../wiring/inc/spark_wiring.h
.... ../hal/inc/pinmap_hal.h
.... ../hal/inc/gpio_hal.h
..... ../hal/inc/pinmap_hal.h
.... ../hal/inc/adc_hal.h
.... ../hal/inc/dac_hal.h
.... ../hal/inc/pwm_hal.h
.... ../hal/inc/rng_hal.h
.... ../services/inc/config.h
.... ../services/inc/spark_macros.h
.... ../services/inc/debug.h
..... ../services/inc/service_debug.h
...... ../services/inc/logging.h
....... ../services/inc/panic.h
........ ../services/inc/panic_codes.h
....... ../services/inc/config.h
....... ../services/inc/preprocessor.h
.... ../wiring/inc/spark_wiring_constants.h
.... ../wiring/inc/spark_wiring_stream.h
..... ../wiring/inc/spark_wiring_string.h
...... ../wiring/inc/spark_wiring_print.h
....... ../hal/shared/system_tick_hal.h
....... ../wiring/inc/spark_wiring_string.h
....... ../wiring/inc/spark_wiring_printable.h
.... ../wiring/inc/spark_wiring_ipaddress.h
..... ../hal/inc/inet_hal.h
...... ../services/inc/static_assert.h
.... ../wiring/inc/spark_wiring_cellular_printable.h
..... ../wiring/inc/spark_wiring_platform.h
...... ../platform/shared/inc/platforms.h
..... ../wiring/inc/spark_wiring_signal.h
...... ../hal/inc/net_hal.h
.... ../wiring/inc/spark_wiring_wifi.h
..... ../wiring/inc/spark_wiring_network.h
..... ../hal/inc/wlan_hal.h
...... ../services/inc/debug.h
...... ../hal/inc/inet_hal.h
...... ../hal/inc/socket_hal.h
....... ../services/inc/debug.h
...... ../hal/inc/timer_hal.h
..... ../system/inc/system_network.h
..... ../wiring/inc/spark_wiring_wifi_credentials.h
...... ../wiring/inc/spark_wiring_vector.h
.... ../wiring/inc/spark_wiring_cellular.h
.... ../wiring/inc/spark_wiring_character.h
.... ../wiring/inc/spark_wiring_random.h
.... ../wiring/inc/spark_wiring_system.h
..... ../wiring/inc/spark_wiring_ticks.h
...... ../hal/inc/timer_hal.h
...... ../hal/inc/delay_hal.h
..... ../wiring/inc/spark_wiring_version.h
...... ../communication/src/spark_protocol_functions.h
....... ../communication/src/spark_descriptor.h
........ ../services/inc/appender.h
........ ../communication/src/events.h
....... ../communication/src/dsakeygen.h
....... ../communication/src/eckeygen.h
....... ../communication/src/file_transfer.h
....... ../communication/src/protocol_selector.h
........ ../hal/inc/hal_platform.h
....... ../communication/src/protocol_defs.h
........ ../services/inc/system_error.h
....... ../services/inc/completion_handler.h
........ ../services/inc/system_error.h
........ ../wiring/inc/spark_wiring_vector.h
..... ../system/inc/system_mode.h
..... ../system/inc/system_update.h
..... ../system/inc/system_sleep.h
...... ../hal/inc/interrupts_hal.h
....... ../hal/inc/hal_irq_flag.h
..... ../system/inc/system_cloud.h
...... ../wiring/inc/spark_wiring_string.h
..... ../system/inc/system_event.h
..... ../hal/inc/core_hal.h
...... ../hal/inc/watchdog_hal.h
...... ../hal/inc/core_subsys_hal.h
...... ../hal/inc/interrupts_hal.h
..... ../system/inc/system_user.h
..... ../system/inc/system_version.h
..... ../wiring/inc/spark_wiring_flags.h
.... ../wiring/inc/spark_wiring_cloud.h
..... ../communication/src/events.h
..... ../wiring/inc/spark_wiring_watchdog.h
...... ../wiring/inc/spark_wiring_thread.h
..... ../wiring/inc/spark_wiring_async.h
...... ../wiring/inc/spark_wiring_error.h
...... ../system/inc/system_task.h
....... ../hal/inc/socket_hal.h
..... ../wiring/inc/spark_wiring_global.h
.... ../wiring/inc/spark_wiring_rgb.h
..... ../services/inc/rgbled.h
... ../hal/inc/spi_hal.h
Multiple include guards may be useful for:
../services/inc/panic_codes.h
. /home/elco/repos/firmware/platform/spark/modules/WebSockets/firmware/WebSockets.h
.. /home/elco/repos/firmware/platform/spark/modules/WebSockets/firmware/WebSocketsClient.h
... ./inc/Particle.h
.... ./inc/application.h
..... ../system/inc/system_version.h
..... ../wiring/inc/spark_wiring.h
...... ../hal/inc/pinmap_hal.h
...... ../hal/inc/gpio_hal.h
....... ../hal/inc/pinmap_hal.h
...... ../hal/inc/adc_hal.h
...... ../hal/inc/dac_hal.h
...... ../hal/inc/pwm_hal.h
...... ../hal/inc/rng_hal.h
...... ../services/inc/config.h
...... ../services/inc/spark_macros.h
...... ../services/inc/debug.h
....... ../services/inc/service_debug.h
........ ../services/inc/logging.h
......... ../services/inc/panic.h
.......... ../services/inc/panic_codes.h
......... ../services/inc/config.h
......... ../services/inc/preprocessor.h
...... ../wiring/inc/spark_wiring_constants.h
...... ../wiring/inc/spark_wiring_stream.h
....... ../wiring/inc/spark_wiring_string.h
........ ../wiring/inc/spark_wiring_print.h
......... ../hal/shared/system_tick_hal.h
......... ../wiring/inc/spark_wiring_string.h
......... ../wiring/inc/spark_wiring_printable.h
...... ../wiring/inc/spark_wiring_ipaddress.h
....... ../hal/inc/inet_hal.h
........ ../services/inc/static_assert.h
...... ../wiring/inc/spark_wiring_cellular_printable.h
....... ../wiring/inc/spark_wiring_platform.h
........ ../platform/shared/inc/platforms.h
....... ../wiring/inc/spark_wiring_signal.h
........ ../hal/inc/net_hal.h
...... ../wiring/inc/spark_wiring_wifi.h
....... ../wiring/inc/spark_wiring_network.h
....... ../hal/inc/wlan_hal.h
........ ../services/inc/debug.h
........ ../hal/inc/inet_hal.h
........ ../hal/inc/socket_hal.h
......... ../services/inc/debug.h
........ ../hal/inc/timer_hal.h
....... ../system/inc/system_network.h
....... ../wiring/inc/spark_wiring_wifi_credentials.h
........ ../wiring/inc/spark_wiring_vector.h
...... ../wiring/inc/spark_wiring_cellular.h
...... ../wiring/inc/spark_wiring_character.h
...... ../wiring/inc/spark_wiring_random.h
...... ../wiring/inc/spark_wiring_system.h
....... ../wiring/inc/spark_wiring_ticks.h
........ ../hal/inc/timer_hal.h
........ ../hal/inc/delay_hal.h
....... ../wiring/inc/spark_wiring_version.h
........ ../communication/src/spark_protocol_functions.h
......... ../communication/src/spark_descriptor.h
.......... ../services/inc/appender.h
.......... ../communication/src/events.h
......... ../communication/src/dsakeygen.h
......... ../communication/src/eckeygen.h
......... ../communication/src/file_transfer.h
......... ../communication/src/protocol_selector.h
.......... ../hal/inc/hal_platform.h
......... ../communication/src/protocol_defs.h
.......... ../services/inc/system_error.h
......... ../services/inc/completion_handler.h
.......... ../services/inc/system_error.h
.......... ../wiring/inc/spark_wiring_vector.h
....... ../system/inc/system_mode.h
....... ../system/inc/system_update.h
....... ../system/inc/system_sleep.h
........ ../hal/inc/interrupts_hal.h
......... ../hal/inc/hal_irq_flag.h
....... ../system/inc/system_cloud.h
........ ../wiring/inc/spark_wiring_string.h
....... ../system/inc/system_event.h
....... ../hal/inc/core_hal.h
........ ../hal/inc/watchdog_hal.h
........ ../hal/inc/core_subsys_hal.h
........ ../hal/inc/interrupts_hal.h
....... ../system/inc/system_user.h
....... ../wiring/inc/spark_wiring_flags.h
...... ../wiring/inc/spark_wiring_cloud.h
....... ../communication/src/events.h
....... ../wiring/inc/spark_wiring_watchdog.h
........ ../wiring/inc/spark_wiring_thread.h
....... ../wiring/inc/spark_wiring_async.h
........ ../wiring/inc/spark_wiring_error.h
........ ../system/inc/system_task.h
......... ../hal/inc/socket_hal.h
....... ../wiring/inc/spark_wiring_global.h
...... ../wiring/inc/spark_wiring_rgb.h
....... ../services/inc/rgbled.h
..... ../wiring/inc/spark_wiring_interrupts.h
..... ../wiring/inc/spark_wiring_power.h
...... ../wiring/inc/spark_wiring.h
...... ../wiring/inc/spark_wiring_i2c.h
....... ../hal/inc/i2c_hal.h
..... ../wiring/inc/spark_wiring_fuel.h
..... ../wiring/inc/spark_wiring_print.h
..... ../wiring/inc/spark_wiring_usartserial.h
...... ../hal/inc/usart_hal.h
..... ../wiring/inc/spark_wiring_can.h
...... ../hal/inc/can_hal.h
..... ../wiring/inc/spark_wiring_usbserial.h
...... ../hal/inc/usb_hal.h
....... ../hal/inc/usb_config_hal.h
...... ../wiring/inc/spark_wiring_startup.h
..... ../wiring/inc/spark_wiring_usbmouse.h
...... ../hal/inc/usb_config_hal.h
..... ../wiring/inc/spark_wiring_usbkeyboard.h
..... ../wiring/inc/spark_wiring_spi.h
...... ../hal/inc/spi_hal.h
..... ../wiring/inc/spark_wiring_i2c.h
..... ../wiring/inc/spark_wiring_servo.h
..... ../wiring/inc/spark_wiring_wifi.h
..... ../wiring/inc/spark_wiring_network.h
..... ../wiring/inc/spark_wiring_client.h
..... ../wiring/inc/spark_wiring_timer.h
..... ../wiring/inc/spark_wiring_tcpclient.h
...... ../wiring/inc/spark_wiring_client.h
..... ../wiring/inc/spark_wiring_tcpserver.h
..... ../wiring/inc/spark_wiring_udp.h
..... ../wiring/inc/spark_wiring_time.h
..... ../wiring/inc/spark_wiring_tone.h
..... ../wiring/inc/spark_wiring_eeprom.h
...... ../hal/inc/eeprom_hal.h
..... ../wiring/inc/spark_wiring_version.h
..... ../wiring/inc/spark_wiring_thread.h
..... ../wiring/inc/spark_wiring_logging.h
...... ../services/inc/logging.h
...... ../wiring/inc/spark_wiring_json.h
....... ../services/inc/jsmn.h
...... ../system/inc/system_control.h
..... ../wiring/inc/spark_wiring_json.h
..... ../wiring/inc/spark_wiring_async.h
..... ../wiring/inc/spark_wiring_error.h
..... ../wiring/inc/spark_wiring_led.h
...... ../system/inc/system_led_signal.h
....... ../services/inc/led_service.h
........ ../services/inc/rgbled.h
..... ../wiring/inc/spark_wiring_diagnostics.h
...... ../wiring/inc/spark_wiring_interrupts.h
...... ../services/inc/diagnostics.h
...... ../services/inc/combine_hash.h
...... ../services/inc/underlying_type.h
...... ../services/inc/debug.h
..... ../wiring/inc/fast_pin.h
..... ../wiring/inc/string_convert.h
..... ../wiring/inc/debug_output_handler.h
...... ../wiring/inc/spark_wiring_usartserial.h
...... ../wiring/inc/spark_wiring_usbserial.h
...... ../wiring/inc/spark_wiring_logging.h
..... ../wiring/inc/spark_wiring_arduino.h
... /home/elco/repos/firmware/platform/spark/modules/WebSockets/firmware/WebSocketsBase.h
.... ./inc/application.h
.. /home/elco/repos/firmware/platform/spark/modules/WebSockets/firmware/WebSocketsServer.h
Multiple include guards may be useful for:
../services/inc/panic_codes.h
../wiring/inc/spark_wiring_fuel.h
../wiring/inc/spark_wiring_power.h
. /home/elco/repos/firmware/platform/spark/modules/WebSockets/firmware/WebSockets.h
.. /home/elco/repos/firmware/platform/spark/modules/WebSockets/firmware/WebSocketsClient.h
... ./inc/Particle.h
.... ./inc/application.h
..... ../system/inc/system_version.h
..... ../wiring/inc/spark_wiring.h
...... ../hal/inc/pinmap_hal.h
...... ../hal/inc/gpio_hal.h
....... ../hal/inc/pinmap_hal.h
...... ../hal/inc/adc_hal.h
...... ../hal/inc/dac_hal.h
...... ../hal/inc/pwm_hal.h
...... ../hal/inc/rng_hal.h
...... ../services/inc/config.h
...... ../services/inc/spark_macros.h
...... ../services/inc/debug.h
....... ../services/inc/service_debug.h
........ ../services/inc/logging.h
......... ../services/inc/panic.h
.......... ../services/inc/panic_codes.h
......... ../services/inc/config.h
......... ../services/inc/preprocessor.h
...... ../wiring/inc/spark_wiring_constants.h
...... ../wiring/inc/spark_wiring_stream.h
....... ../wiring/inc/spark_wiring_string.h
........ ../wiring/inc/spark_wiring_print.h
......... ../hal/shared/system_tick_hal.h
......... ../wiring/inc/spark_wiring_string.h
......... ../wiring/inc/spark_wiring_printable.h
...... ../wiring/inc/spark_wiring_ipaddress.h
....... ../hal/inc/inet_hal.h
........ ../services/inc/static_assert.h
...... ../wiring/inc/spark_wiring_cellular_printable.h
....... ../wiring/inc/spark_wiring_platform.h
........ ../platform/shared/inc/platforms.h
....... ../wiring/inc/spark_wiring_signal.h
........ ../hal/inc/net_hal.h
...... ../wiring/inc/spark_wiring_wifi.h
....... ../wiring/inc/spark_wiring_network.h
....... ../hal/inc/wlan_hal.h
........ ../services/inc/debug.h
........ ../hal/inc/inet_hal.h
........ ../hal/inc/socket_hal.h
......... ../services/inc/debug.h
........ ../hal/inc/timer_hal.h
....... ../system/inc/system_network.h
....... ../wiring/inc/spark_wiring_wifi_credentials.h
........ ../wiring/inc/spark_wiring_vector.h
...... ../wiring/inc/spark_wiring_cellular.h
...... ../wiring/inc/spark_wiring_character.h
...... ../wiring/inc/spark_wiring_random.h
...... ../wiring/inc/spark_wiring_system.h
....... ../wiring/inc/spark_wiring_ticks.h
........ ../hal/inc/timer_hal.h
........ ../hal/inc/delay_hal.h
....... ../wiring/inc/spark_wiring_version.h
........ ../communication/src/spark_protocol_functions.h
......... ../communication/src/spark_descriptor.h
.......... ../services/inc/appender.h
.......... ../communication/src/events.h
......... ../communication/src/dsakeygen.h
......... ../communication/src/eckeygen.h
......... ../communication/src/file_transfer.h
......... ../communication/src/protocol_selector.h
.......... ../hal/inc/hal_platform.h
......... ../communication/src/protocol_defs.h
.......... ../services/inc/system_error.h
......... ../services/inc/completion_handler.h
.......... ../services/inc/system_error.h
.......... ../wiring/inc/spark_wiring_vector.h
....... ../system/inc/system_mode.h
....... ../system/inc/system_update.h
....... ../system/inc/system_sleep.h
........ ../hal/inc/interrupts_hal.h
......... ../hal/inc/hal_irq_flag.h
....... ../system/inc/system_cloud.h
........ ../wiring/inc/spark_wiring_string.h
....... ../system/inc/system_event.h
....... ../hal/inc/core_hal.h
........ ../hal/inc/watchdog_hal.h
........ ../hal/inc/core_subsys_hal.h
........ ../hal/inc/interrupts_hal.h
....... ../system/inc/system_user.h
....... ../wiring/inc/spark_wiring_flags.h
...... ../wiring/inc/spark_wiring_cloud.h
....... ../communication/src/events.h
....... ../wiring/inc/spark_wiring_watchdog.h
........ ../wiring/inc/spark_wiring_thread.h
....... ../wiring/inc/spark_wiring_async.h
........ ../wiring/inc/spark_wiring_error.h
........ ../system/inc/system_task.h
......... ../hal/inc/socket_hal.h
....... ../wiring/inc/spark_wiring_global.h
...... ../wiring/inc/spark_wiring_rgb.h
....... ../services/inc/rgbled.h
..... ../wiring/inc/spark_wiring_interrupts.h
..... ../wiring/inc/spark_wiring_power.h
...... ../wiring/inc/spark_wiring.h
...... ../wiring/inc/spark_wiring_i2c.h
....... ../hal/inc/i2c_hal.h
..... ../wiring/inc/spark_wiring_fuel.h
..... ../wiring/inc/spark_wiring_print.h
..... ../wiring/inc/spark_wiring_usartserial.h
...... ../hal/inc/usart_hal.h
..... ../wiring/inc/spark_wiring_can.h
...... ../hal/inc/can_hal.h
..... ../wiring/inc/spark_wiring_usbserial.h
...... ../hal/inc/usb_hal.h
....... ../hal/inc/usb_config_hal.h
...... ../wiring/inc/spark_wiring_startup.h
..... ../wiring/inc/spark_wiring_usbmouse.h
...... ../hal/inc/usb_config_hal.h
..... ../wiring/inc/spark_wiring_usbkeyboard.h
..... ../wiring/inc/spark_wiring_spi.h
...... ../hal/inc/spi_hal.h
..... ../wiring/inc/spark_wiring_i2c.h
..... ../wiring/inc/spark_wiring_servo.h
..... ../wiring/inc/spark_wiring_wifi.h
..... ../wiring/inc/spark_wiring_network.h
..... ../wiring/inc/spark_wiring_client.h
..... ../wiring/inc/spark_wiring_timer.h
..... ../wiring/inc/spark_wiring_tcpclient.h
...... ../wiring/inc/spark_wiring_client.h
..... ../wiring/inc/spark_wiring_tcpserver.h
..... ../wiring/inc/spark_wiring_udp.h
..... ../wiring/inc/spark_wiring_time.h
..... ../wiring/inc/spark_wiring_tone.h
..... ../wiring/inc/spark_wiring_eeprom.h
...... ../hal/inc/eeprom_hal.h
..... ../wiring/inc/spark_wiring_version.h
..... ../wiring/inc/spark_wiring_thread.h
..... ../wiring/inc/spark_wiring_logging.h
...... ../services/inc/logging.h
...... ../wiring/inc/spark_wiring_json.h
....... ../services/inc/jsmn.h
...... ../system/inc/system_control.h
..... ../wiring/inc/spark_wiring_json.h
..... ../wiring/inc/spark_wiring_async.h
..... ../wiring/inc/spark_wiring_error.h
..... ../wiring/inc/spark_wiring_led.h
...... ../system/inc/system_led_signal.h
....... ../services/inc/led_service.h
........ ../services/inc/rgbled.h
..... ../wiring/inc/spark_wiring_diagnostics.h
...... ../wiring/inc/spark_wiring_interrupts.h
...... ../services/inc/diagnostics.h
...... ../services/inc/combine_hash.h
...... ../services/inc/underlying_type.h
...... ../services/inc/debug.h
..... ../wiring/inc/fast_pin.h
..... ../wiring/inc/string_convert.h
..... ../wiring/inc/debug_output_handler.h
...... ../wiring/inc/spark_wiring_usartserial.h
...... ../wiring/inc/spark_wiring_usbserial.h
...... ../wiring/inc/spark_wiring_logging.h
..... ../wiring/inc/spark_wiring_arduino.h
... /home/elco/repos/firmware/platform/spark/modules/WebSockets/firmware/WebSocketsBase.h
.... ./inc/application.h
.. /home/elco/repos/firmware/platform/spark/modules/WebSockets/firmware/WebSocketsServer.h
. /home/elco/repos/firmware/platform/spark/modules/WebSockets/firmware/libb64/cencode_inc.h
. /home/elco/repos/firmware/platform/spark/modules/WebSockets/firmware/libsha1/libsha1.h
Multiple include guards may be useful for:
../services/inc/panic_codes.h
../wiring/inc/spark_wiring_fuel.h
../wiring/inc/spark_wiring_power.h
. /home/elco/repos/firmware/platform/spark/modules/WebSockets/firmware/WebSockets.h
.. /home/elco/repos/firmware/platform/spark/modules/WebSockets/firmware/WebSocketsClient.h
... ./inc/Particle.h
.... ./inc/application.h
..... ../system/inc/system_version.h
..... ../wiring/inc/spark_wiring.h
...... ../hal/inc/pinmap_hal.h
...... ../hal/inc/gpio_hal.h
....... ../hal/inc/pinmap_hal.h
...... ../hal/inc/adc_hal.h
...... ../hal/inc/dac_hal.h
...... ../hal/inc/pwm_hal.h
...... ../hal/inc/rng_hal.h
...... ../services/inc/config.h
...... ../services/inc/spark_macros.h
...... ../services/inc/debug.h
....... ../services/inc/service_debug.h
........ ../services/inc/logging.h
......... ../services/inc/panic.h
.......... ../services/inc/panic_codes.h
......... ../services/inc/config.h
......... ../services/inc/preprocessor.h
...... ../wiring/inc/spark_wiring_constants.h
...... ../wiring/inc/spark_wiring_stream.h
....... ../wiring/inc/spark_wiring_string.h
........ ../wiring/inc/spark_wiring_print.h
......... ../hal/shared/system_tick_hal.h
......... ../wiring/inc/spark_wiring_string.h
......... ../wiring/inc/spark_wiring_printable.h
...... ../wiring/inc/spark_wiring_ipaddress.h
....... ../hal/inc/inet_hal.h
........ ../services/inc/static_assert.h
...... ../wiring/inc/spark_wiring_cellular_printable.h
....... ../wiring/inc/spark_wiring_platform.h
........ ../platform/shared/inc/platforms.h
....... ../wiring/inc/spark_wiring_signal.h
........ ../hal/inc/net_hal.h
...... ../wiring/inc/spark_wiring_wifi.h
....... ../wiring/inc/spark_wiring_network.h
....... ../hal/inc/wlan_hal.h
........ ../services/inc/debug.h
........ ../hal/inc/inet_hal.h
........ ../hal/inc/socket_hal.h
......... ../services/inc/debug.h
........ ../hal/inc/timer_hal.h
....... ../system/inc/system_network.h
....... ../wiring/inc/spark_wiring_wifi_credentials.h
........ ../wiring/inc/spark_wiring_vector.h
...... ../wiring/inc/spark_wiring_cellular.h
...... ../wiring/inc/spark_wiring_character.h
...... ../wiring/inc/spark_wiring_random.h
...... ../wiring/inc/spark_wiring_system.h
....... ../wiring/inc/spark_wiring_ticks.h
........ ../hal/inc/timer_hal.h
........ ../hal/inc/delay_hal.h
....... ../wiring/inc/spark_wiring_version.h
........ ../communication/src/spark_protocol_functions.h
......... ../communication/src/spark_descriptor.h
.......... ../services/inc/appender.h
.......... ../communication/src/events.h
......... ../communication/src/dsakeygen.h
......... ../communication/src/eckeygen.h
......... ../communication/src/file_transfer.h
......... ../communication/src/protocol_selector.h
.......... ../hal/inc/hal_platform.h
......... ../communication/src/protocol_defs.h
.......... ../services/inc/system_error.h
......... ../services/inc/completion_handler.h
.......... ../services/inc/system_error.h
.......... ../wiring/inc/spark_wiring_vector.h
....... ../system/inc/system_mode.h
....... ../system/inc/system_update.h
....... ../system/inc/system_sleep.h
........ ../hal/inc/interrupts_hal.h
......... ../hal/inc/hal_irq_flag.h
....... ../system/inc/system_cloud.h
........ ../wiring/inc/spark_wiring_string.h
....... ../system/inc/system_event.h
....... ../hal/inc/core_hal.h
........ ../hal/inc/watchdog_hal.h
........ ../hal/inc/core_subsys_hal.h
........ ../hal/inc/interrupts_hal.h
....... ../system/inc/system_user.h
....... ../wiring/inc/spark_wiring_flags.h
...... ../wiring/inc/spark_wiring_cloud.h
....... ../communication/src/events.h
....... ../wiring/inc/spark_wiring_watchdog.h
........ ../wiring/inc/spark_wiring_thread.h
....... ../wiring/inc/spark_wiring_async.h
........ ../wiring/inc/spark_wiring_error.h
........ ../system/inc/system_task.h
......... ../hal/inc/socket_hal.h
....... ../wiring/inc/spark_wiring_global.h
...... ../wiring/inc/spark_wiring_rgb.h
....... ../services/inc/rgbled.h
..... ../wiring/inc/spark_wiring_interrupts.h
..... ../wiring/inc/spark_wiring_power.h
...... ../wiring/inc/spark_wiring.h
...... ../wiring/inc/spark_wiring_i2c.h
....... ../hal/inc/i2c_hal.h
..... ../wiring/inc/spark_wiring_fuel.h
..... ../wiring/inc/spark_wiring_print.h
..... ../wiring/inc/spark_wiring_usartserial.h
...... ../hal/inc/usart_hal.h
..... ../wiring/inc/spark_wiring_can.h
...... ../hal/inc/can_hal.h
..... ../wiring/inc/spark_wiring_usbserial.h
...... ../hal/inc/usb_hal.h
....... ../hal/inc/usb_config_hal.h
...... ../wiring/inc/spark_wiring_startup.h
..... ../wiring/inc/spark_wiring_usbmouse.h
...... ../hal/inc/usb_config_hal.h
..... ../wiring/inc/spark_wiring_usbkeyboard.h
..... ../wiring/inc/spark_wiring_spi.h
...... ../hal/inc/spi_hal.h
..... ../wiring/inc/spark_wiring_i2c.h
..... ../wiring/inc/spark_wiring_servo.h
..... ../wiring/inc/spark_wiring_wifi.h
..... ../wiring/inc/spark_wiring_network.h
..... ../wiring/inc/spark_wiring_client.h
..... ../wiring/inc/spark_wiring_timer.h
..... ../wiring/inc/spark_wiring_tcpclient.h
...... ../wiring/inc/spark_wiring_client.h
..... ../wiring/inc/spark_wiring_tcpserver.h
..... ../wiring/inc/spark_wiring_udp.h
..... ../wiring/inc/spark_wiring_time.h
..... ../wiring/inc/spark_wiring_tone.h
..... ../wiring/inc/spark_wiring_eeprom.h
...... ../hal/inc/eeprom_hal.h
..... ../wiring/inc/spark_wiring_version.h
..... ../wiring/inc/spark_wiring_thread.h
..... ../wiring/inc/spark_wiring_logging.h
...... ../services/inc/logging.h
...... ../wiring/inc/spark_wiring_json.h
....... ../services/inc/jsmn.h
...... ../system/inc/system_control.h
..... ../wiring/inc/spark_wiring_json.h
..... ../wiring/inc/spark_wiring_async.h
..... ../wiring/inc/spark_wiring_error.h
..... ../wiring/inc/spark_wiring_led.h
...... ../system/inc/system_led_signal.h
....... ../services/inc/led_service.h
........ ../services/inc/rgbled.h
..... ../wiring/inc/spark_wiring_diagnostics.h
...... ../wiring/inc/spark_wiring_interrupts.h
...... ../services/inc/diagnostics.h
...... ../services/inc/combine_hash.h
...... ../services/inc/underlying_type.h
...... ../services/inc/debug.h
..... ../wiring/inc/fast_pin.h
..... ../wiring/inc/string_convert.h
..... ../wiring/inc/debug_output_handler.h
...... ../wiring/inc/spark_wiring_usartserial.h
...... ../wiring/inc/spark_wiring_usbserial.h
...... ../wiring/inc/spark_wiring_logging.h
..... ../wiring/inc/spark_wiring_arduino.h
... /home/elco/repos/firmware/platform/spark/modules/WebSockets/firmware/WebSocketsBase.h
.... ./inc/application.h
.. /home/elco/repos/firmware/platform/spark/modules/WebSockets/firmware/WebSocketsServer.h
Multiple include guards may be useful for:
../services/inc/panic_codes.h
../wiring/inc/spark_wiring_fuel.h
../wiring/inc/spark_wiring_power.h
. /home/elco/repos/firmware/platform/spark/modules/mdns/src/Record.h
.. ./inc/application.h
... ../system/inc/system_version.h
... ../wiring/inc/spark_wiring.h
.... ../hal/inc/pinmap_hal.h
.... ../hal/inc/gpio_hal.h
..... ../hal/inc/pinmap_hal.h
.... ../hal/inc/adc_hal.h
.... ../hal/inc/dac_hal.h
.... ../hal/inc/pwm_hal.h
.... ../hal/inc/rng_hal.h
.... ../services/inc/config.h
.... ../services/inc/spark_macros.h
.... ../services/inc/debug.h
..... ../services/inc/service_debug.h
...... ../services/inc/logging.h
....... ../services/inc/panic.h
........ ../services/inc/panic_codes.h
....... ../services/inc/config.h
....... ../services/inc/preprocessor.h
.... ../wiring/inc/spark_wiring_constants.h
.... ../wiring/inc/spark_wiring_stream.h
..... ../wiring/inc/spark_wiring_string.h
...... ../wiring/inc/spark_wiring_print.h
....... ../hal/shared/system_tick_hal.h
....... ../wiring/inc/spark_wiring_string.h
....... ../wiring/inc/spark_wiring_printable.h
.... ../wiring/inc/spark_wiring_ipaddress.h
..... ../hal/inc/inet_hal.h
...... ../services/inc/static_assert.h
.... ../wiring/inc/spark_wiring_cellular_printable.h
..... ../wiring/inc/spark_wiring_platform.h
...... ../platform/shared/inc/platforms.h
..... ../wiring/inc/spark_wiring_signal.h
...... ../hal/inc/net_hal.h
.... ../wiring/inc/spark_wiring_wifi.h
..... ../wiring/inc/spark_wiring_network.h
..... ../hal/inc/wlan_hal.h
...... ../services/inc/debug.h
...... ../hal/inc/inet_hal.h
...... ../hal/inc/socket_hal.h
....... ../services/inc/debug.h
...... ../hal/inc/timer_hal.h
..... ../system/inc/system_network.h
..... ../wiring/inc/spark_wiring_wifi_credentials.h
...... ../wiring/inc/spark_wiring_vector.h
.... ../wiring/inc/spark_wiring_cellular.h
.... ../wiring/inc/spark_wiring_character.h
.... ../wiring/inc/spark_wiring_random.h
.... ../wiring/inc/spark_wiring_system.h
..... ../wiring/inc/spark_wiring_ticks.h
...... ../hal/inc/timer_hal.h
...... ../hal/inc/delay_hal.h
..... ../wiring/inc/spark_wiring_version.h
...... ../communication/src/spark_protocol_functions.h
....... ../communication/src/spark_descriptor.h
........ ../services/inc/appender.h
........ ../communication/src/events.h
....... ../communication/src/dsakeygen.h
....... ../communication/src/eckeygen.h
....... ../communication/src/file_transfer.h
....... ../communication/src/protocol_selector.h
........ ../hal/inc/hal_platform.h
....... ../communication/src/protocol_defs.h
........ ../services/inc/system_error.h
....... ../services/inc/completion_handler.h
........ ../services/inc/system_error.h
........ ../wiring/inc/spark_wiring_vector.h
..... ../system/inc/system_mode.h
..... ../system/inc/system_update.h
..... ../system/inc/system_sleep.h
...... ../hal/inc/interrupts_hal.h
....... ../hal/inc/hal_irq_flag.h
..... ../system/inc/system_cloud.h
...... ../wiring/inc/spark_wiring_string.h
..... ../system/inc/system_event.h
..... ../hal/inc/core_hal.h
...... ../hal/inc/watchdog_hal.h
...... ../hal/inc/core_subsys_hal.h
...... ../hal/inc/interrupts_hal.h
..... ../system/inc/system_user.h
..... ../wiring/inc/spark_wiring_flags.h
.... ../wiring/inc/spark_wiring_cloud.h
..... ../communication/src/events.h
..... ../wiring/inc/spark_wiring_watchdog.h
...... ../wiring/inc/spark_wiring_thread.h
..... ../wiring/inc/spark_wiring_async.h
...... ../wiring/inc/spark_wiring_error.h
...... ../system/inc/system_task.h
....... ../hal/inc/socket_hal.h
..... ../wiring/inc/spark_wiring_global.h
.... ../wiring/inc/spark_wiring_rgb.h
..... ../services/inc/rgbled.h
... ../wiring/inc/spark_wiring_interrupts.h
... ../wiring/inc/spark_wiring_power.h
.... ../wiring/inc/spark_wiring.h
.... ../wiring/inc/spark_wiring_i2c.h
..... ../hal/inc/i2c_hal.h
... ../wiring/inc/spark_wiring_fuel.h
... ../wiring/inc/spark_wiring_print.h
... ../wiring/inc/spark_wiring_usartserial.h
.... ../hal/inc/usart_hal.h
... ../wiring/inc/spark_wiring_can.h
.... ../hal/inc/can_hal.h
... ../wiring/inc/spark_wiring_usbserial.h
.... ../hal/inc/usb_hal.h
..... ../hal/inc/usb_config_hal.h
.... ../wiring/inc/spark_wiring_startup.h
... ../wiring/inc/spark_wiring_usbmouse.h
.... ../hal/inc/usb_config_hal.h
... ../wiring/inc/spark_wiring_usbkeyboard.h
... ../wiring/inc/spark_wiring_spi.h
.... ../hal/inc/spi_hal.h
... ../wiring/inc/spark_wiring_i2c.h
... ../wiring/inc/spark_wiring_servo.h
... ../wiring/inc/spark_wiring_wifi.h
... ../wiring/inc/spark_wiring_network.h
... ../wiring/inc/spark_wiring_client.h
... ../wiring/inc/spark_wiring_timer.h
... ../wiring/inc/spark_wiring_tcpclient.h
.... ../wiring/inc/spark_wiring_client.h
... ../wiring/inc/spark_wiring_tcpserver.h
... ../wiring/inc/spark_wiring_udp.h
... ../wiring/inc/spark_wiring_time.h
... ../wiring/inc/spark_wiring_tone.h
... ../wiring/inc/spark_wiring_eeprom.h
.... ../hal/inc/eeprom_hal.h
... ../wiring/inc/spark_wiring_version.h
... ../wiring/inc/spark_wiring_thread.h
... ../wiring/inc/spark_wiring_logging.h
.... ../services/inc/logging.h
.... ../wiring/inc/spark_wiring_json.h
..... ../services/inc/jsmn.h
.... ../system/inc/system_control.h
... ../wiring/inc/spark_wiring_json.h
... ../wiring/inc/spark_wiring_async.h
... ../wiring/inc/spark_wiring_error.h
... ../wiring/inc/spark_wiring_led.h
.... ../system/inc/system_led_signal.h
..... ../services/inc/led_service.h
...... ../services/inc/rgbled.h
... ../wiring/inc/spark_wiring_diagnostics.h
.... ../wiring/inc/spark_wiring_interrupts.h
.... ../services/inc/diagnostics.h
.... ../services/inc/combine_hash.h
.... ../services/inc/underlying_type.h
.... ../services/inc/debug.h
... ../wiring/inc/fast_pin.h
... ../wiring/inc/string_convert.h
... ../wiring/inc/debug_output_handler.h
.... ../wiring/inc/spark_wiring_usartserial.h
.... ../wiring/inc/spark_wiring_usbserial.h
.... ../wiring/inc/spark_wiring_logging.h
... ../wiring/inc/spark_wiring_arduino.h
.. /home/elco/repos/firmware/platform/spark/modules/mdns/src/Buffer.h
. /home/elco/repos/firmware/platform/spark/modules/mdns/src/Label.h
.. /home/elco/repos/firmware/platform/spark/modules/mdns/src/Buffer.h
.. /home/elco/repos/firmware/platform/spark/modules/mdns/src/Record.h
Multiple include guards may be useful for:
../services/inc/panic_codes.h
../wiring/inc/spark_wiring_fuel.h
../wiring/inc/spark_wiring_power.h
/home/elco/repos/firmware/platform/spark/modules/mdns/src/Label.h
. /home/elco/repos/firmware/platform/spark/modules/mdns/src/MDNS.h
.. ./inc/application.h
... ../system/inc/system_version.h
... ../wiring/inc/spark_wiring.h
.... ../hal/inc/pinmap_hal.h
.... ../hal/inc/gpio_hal.h
..... ../hal/inc/pinmap_hal.h
.... ../hal/inc/adc_hal.h
.... ../hal/inc/dac_hal.h
.... ../hal/inc/pwm_hal.h
.... ../hal/inc/rng_hal.h
.... ../services/inc/config.h
.... ../services/inc/spark_macros.h
.... ../services/inc/debug.h
..... ../services/inc/service_debug.h
...... ../services/inc/logging.h
....... ../services/inc/panic.h
........ ../services/inc/panic_codes.h
....... ../services/inc/config.h
....... ../services/inc/preprocessor.h
.... ../wiring/inc/spark_wiring_constants.h
.... ../wiring/inc/spark_wiring_stream.h
..... ../wiring/inc/spark_wiring_string.h
...... ../wiring/inc/spark_wiring_print.h
....... ../hal/shared/system_tick_hal.h
....... ../wiring/inc/spark_wiring_string.h
....... ../wiring/inc/spark_wiring_printable.h
.... ../wiring/inc/spark_wiring_ipaddress.h
..... ../hal/inc/inet_hal.h
...... ../services/inc/static_assert.h
.... ../wiring/inc/spark_wiring_cellular_printable.h
..... ../wiring/inc/spark_wiring_platform.h
...... ../platform/shared/inc/platforms.h
..... ../wiring/inc/spark_wiring_signal.h
...... ../hal/inc/net_hal.h
.... ../wiring/inc/spark_wiring_wifi.h
..... ../wiring/inc/spark_wiring_network.h
..... ../hal/inc/wlan_hal.h
...... ../services/inc/debug.h
...... ../hal/inc/inet_hal.h
...... ../hal/inc/socket_hal.h
....... ../services/inc/debug.h
...... ../hal/inc/timer_hal.h
..... ../system/inc/system_network.h
..... ../wiring/inc/spark_wiring_wifi_credentials.h
...... ../wiring/inc/spark_wiring_vector.h
.... ../wiring/inc/spark_wiring_cellular.h
.... ../wiring/inc/spark_wiring_character.h
.... ../wiring/inc/spark_wiring_random.h
.... ../wiring/inc/spark_wiring_system.h
..... ../wiring/inc/spark_wiring_ticks.h
...... ../hal/inc/timer_hal.h
...... ../hal/inc/delay_hal.h
..... ../wiring/inc/spark_wiring_version.h
...... ../communication/src/spark_protocol_functions.h
....... ../communication/src/spark_descriptor.h
........ ../services/inc/appender.h
........ ../communication/src/events.h
....... ../communication/src/dsakeygen.h
....... ../communication/src/eckeygen.h
....... ../communication/src/file_transfer.h
....... ../communication/src/protocol_selector.h
........ ../hal/inc/hal_platform.h
....... ../communication/src/protocol_defs.h
........ ../services/inc/system_error.h
....... ../services/inc/completion_handler.h
........ ../services/inc/system_error.h
........ ../wiring/inc/spark_wiring_vector.h
..... ../system/inc/system_mode.h
..... ../system/inc/system_update.h
..... ../system/inc/system_sleep.h
...... ../hal/inc/interrupts_hal.h
....... ../hal/inc/hal_irq_flag.h
..... ../system/inc/system_cloud.h
...... ../wiring/inc/spark_wiring_string.h
..... ../system/inc/system_event.h
..... ../hal/inc/core_hal.h
...... ../hal/inc/watchdog_hal.h
...... ../hal/inc/core_subsys_hal.h
...... ../hal/inc/interrupts_hal.h
..... ../system/inc/system_user.h
..... ../wiring/inc/spark_wiring_flags.h
.... ../wiring/inc/spark_wiring_cloud.h
..... ../communication/src/events.h
..... ../wiring/inc/spark_wiring_watchdog.h
...... ../wiring/inc/spark_wiring_thread.h
..... ../wiring/inc/spark_wiring_async.h
...... ../wiring/inc/spark_wiring_error.h
...... ../system/inc/system_task.h
....... ../hal/inc/socket_hal.h
..... ../wiring/inc/spark_wiring_global.h
.... ../wiring/inc/spark_wiring_rgb.h
..... ../services/inc/rgbled.h
... ../wiring/inc/spark_wiring_interrupts.h
... ../wiring/inc/spark_wiring_power.h
.... ../wiring/inc/spark_wiring.h
.... ../wiring/inc/spark_wiring_i2c.h
..... ../hal/inc/i2c_hal.h
... ../wiring/inc/spark_wiring_fuel.h
... ../wiring/inc/spark_wiring_print.h
... ../wiring/inc/spark_wiring_usartserial.h
.... ../hal/inc/usart_hal.h
... ../wiring/inc/spark_wiring_can.h
.... ../hal/inc/can_hal.h
... ../wiring/inc/spark_wiring_usbserial.h
.... ../hal/inc/usb_hal.h
..... ../hal/inc/usb_config_hal.h
.... ../wiring/inc/spark_wiring_startup.h
... ../wiring/inc/spark_wiring_usbmouse.h
.... ../hal/inc/usb_config_hal.h
... ../wiring/inc/spark_wiring_usbkeyboard.h
... ../wiring/inc/spark_wiring_spi.h
.... ../hal/inc/spi_hal.h
... ../wiring/inc/spark_wiring_i2c.h
... ../wiring/inc/spark_wiring_servo.h
... ../wiring/inc/spark_wiring_wifi.h
... ../wiring/inc/spark_wiring_network.h
... ../wiring/inc/spark_wiring_client.h
... ../wiring/inc/spark_wiring_timer.h
... ../wiring/inc/spark_wiring_tcpclient.h
.... ../wiring/inc/spark_wiring_client.h
... ../wiring/inc/spark_wiring_tcpserver.h
... ../wiring/inc/spark_wiring_udp.h
... ../wiring/inc/spark_wiring_time.h
... ../wiring/inc/spark_wiring_tone.h
... ../wiring/inc/spark_wiring_eeprom.h
.... ../hal/inc/eeprom_hal.h
... ../wiring/inc/spark_wiring_version.h
... ../wiring/inc/spark_wiring_thread.h
... ../wiring/inc/spark_wiring_logging.h
.... ../services/inc/logging.h
.... ../wiring/inc/spark_wiring_json.h
..... ../services/inc/jsmn.h
.... ../system/inc/system_control.h
... ../wiring/inc/spark_wiring_json.h
... ../wiring/inc/spark_wiring_async.h
... ../wiring/inc/spark_wiring_error.h
... ../wiring/inc/spark_wiring_led.h
.... ../system/inc/system_led_signal.h
..... ../services/inc/led_service.h
...... ../services/inc/rgbled.h
... ../wiring/inc/spark_wiring_diagnostics.h
.... ../wiring/inc/spark_wiring_interrupts.h
.... ../services/inc/diagnostics.h
.... ../services/inc/combine_hash.h
.... ../services/inc/underlying_type.h
.... ../services/inc/debug.h
... ../wiring/inc/fast_pin.h
... ../wiring/inc/string_convert.h
... ../wiring/inc/debug_output_handler.h
.... ../wiring/inc/spark_wiring_usartserial.h
.... ../wiring/inc/spark_wiring_usbserial.h
.... ../wiring/inc/spark_wiring_logging.h
... ../wiring/inc/spark_wiring_arduino.h
.. /home/elco/repos/firmware/platform/spark/modules/mdns/src/Buffer.h
.. /home/elco/repos/firmware/platform/spark/modules/mdns/src/Label.h
... /home/elco/repos/firmware/platform/spark/modules/mdns/src/Buffer.h
... /home/elco/repos/firmware/platform/spark/modules/mdns/src/Record.h
.... /home/elco/repos/firmware/platform/spark/modules/mdns/src/Buffer.h
.. /home/elco/repos/firmware/platform/spark/modules/mdns/src/Record.h
Multiple include guards may be useful for:
../services/inc/panic_codes.h
../wiring/inc/spark_wiring_fuel.h
../wiring/inc/spark_wiring_power.h
/home/elco/repos/firmware/platform/spark/modules/mdns/src/Label.h
/home/elco/repos/firmware/platform/spark/modules/mdns/src/MDNS.h
. /home/elco/repos/firmware/platform/spark/modules/mdns/src/Label.h
.. ./inc/application.h
... ../system/inc/system_version.h
... ../wiring/inc/spark_wiring.h
.... ../hal/inc/pinmap_hal.h
.... ../hal/inc/gpio_hal.h
..... ../hal/inc/pinmap_hal.h
.... ../hal/inc/adc_hal.h
.... ../hal/inc/dac_hal.h
.... ../hal/inc/pwm_hal.h
.... ../hal/inc/rng_hal.h
.... ../services/inc/config.h
.... ../services/inc/spark_macros.h
.... ../services/inc/debug.h
..... ../services/inc/service_debug.h
...... ../services/inc/logging.h
....... ../services/inc/panic.h
........ ../services/inc/panic_codes.h
....... ../services/inc/config.h
....... ../services/inc/preprocessor.h
.... ../wiring/inc/spark_wiring_constants.h
.... ../wiring/inc/spark_wiring_stream.h
..... ../wiring/inc/spark_wiring_string.h
...... ../wiring/inc/spark_wiring_print.h
....... ../hal/shared/system_tick_hal.h
....... ../wiring/inc/spark_wiring_string.h
....... ../wiring/inc/spark_wiring_printable.h
.... ../wiring/inc/spark_wiring_ipaddress.h
..... ../hal/inc/inet_hal.h
...... ../services/inc/static_assert.h
.... ../wiring/inc/spark_wiring_cellular_printable.h
..... ../wiring/inc/spark_wiring_platform.h
...... ../platform/shared/inc/platforms.h
..... ../wiring/inc/spark_wiring_signal.h
...... ../hal/inc/net_hal.h
.... ../wiring/inc/spark_wiring_wifi.h
..... ../wiring/inc/spark_wiring_network.h
..... ../hal/inc/wlan_hal.h
...... ../services/inc/debug.h
...... ../hal/inc/inet_hal.h
...... ../hal/inc/socket_hal.h
....... ../services/inc/debug.h
...... ../hal/inc/timer_hal.h
..... ../system/inc/system_network.h
..... ../wiring/inc/spark_wiring_wifi_credentials.h
...... ../wiring/inc/spark_wiring_vector.h
.... ../wiring/inc/spark_wiring_cellular.h
.... ../wiring/inc/spark_wiring_character.h
.... ../wiring/inc/spark_wiring_random.h
.... ../wiring/inc/spark_wiring_system.h
..... ../wiring/inc/spark_wiring_ticks.h
...... ../hal/inc/timer_hal.h
...... ../hal/inc/delay_hal.h
..... ../wiring/inc/spark_wiring_version.h
...... ../communication/src/spark_protocol_functions.h
....... ../communication/src/spark_descriptor.h
........ ../services/inc/appender.h
........ ../communication/src/events.h
....... ../communication/src/dsakeygen.h
....... ../communication/src/eckeygen.h
....... ../communication/src/file_transfer.h
....... ../communication/src/protocol_selector.h
........ ../hal/inc/hal_platform.h
....... ../communication/src/protocol_defs.h
........ ../services/inc/system_error.h
....... ../services/inc/completion_handler.h
........ ../services/inc/system_error.h
........ ../wiring/inc/spark_wiring_vector.h
..... ../system/inc/system_mode.h
..... ../system/inc/system_update.h
..... ../system/inc/system_sleep.h
...... ../hal/inc/interrupts_hal.h
....... ../hal/inc/hal_irq_flag.h
..... ../system/inc/system_cloud.h
...... ../wiring/inc/spark_wiring_string.h
..... ../system/inc/system_event.h
..... ../hal/inc/core_hal.h
...... ../hal/inc/watchdog_hal.h
...... ../hal/inc/core_subsys_hal.h
...... ../hal/inc/interrupts_hal.h
..... ../system/inc/system_user.h
..... ../wiring/inc/spark_wiring_flags.h
.... ../wiring/inc/spark_wiring_cloud.h
..... ../communication/src/events.h
..... ../wiring/inc/spark_wiring_watchdog.h
...... ../wiring/inc/spark_wiring_thread.h
..... ../wiring/inc/spark_wiring_async.h
...... ../wiring/inc/spark_wiring_error.h
...... ../system/inc/system_task.h
....... ../hal/inc/socket_hal.h
..... ../wiring/inc/spark_wiring_global.h
.... ../wiring/inc/spark_wiring_rgb.h
..... ../services/inc/rgbled.h
... ../wiring/inc/spark_wiring_interrupts.h
... ../wiring/inc/spark_wiring_power.h
.... ../wiring/inc/spark_wiring.h
.... ../wiring/inc/spark_wiring_i2c.h
..... ../hal/inc/i2c_hal.h
... ../wiring/inc/spark_wiring_fuel.h
... ../wiring/inc/spark_wiring_print.h
... ../wiring/inc/spark_wiring_usartserial.h
.... ../hal/inc/usart_hal.h
... ../wiring/inc/spark_wiring_can.h
.... ../hal/inc/can_hal.h
... ../wiring/inc/spark_wiring_usbserial.h
.... ../hal/inc/usb_hal.h
..... ../hal/inc/usb_config_hal.h
.... ../wiring/inc/spark_wiring_startup.h
... ../wiring/inc/spark_wiring_usbmouse.h
.... ../hal/inc/usb_config_hal.h
... ../wiring/inc/spark_wiring_usbkeyboard.h
... ../wiring/inc/spark_wiring_spi.h
.... ../hal/inc/spi_hal.h
... ../wiring/inc/spark_wiring_i2c.h
... ../wiring/inc/spark_wiring_servo.h
... ../wiring/inc/spark_wiring_wifi.h
... ../wiring/inc/spark_wiring_network.h
... ../wiring/inc/spark_wiring_client.h
... ../wiring/inc/spark_wiring_timer.h
... ../wiring/inc/spark_wiring_tcpclient.h
.... ../wiring/inc/spark_wiring_client.h
... ../wiring/inc/spark_wiring_tcpserver.h
... ../wiring/inc/spark_wiring_udp.h
... ../wiring/inc/spark_wiring_time.h
... ../wiring/inc/spark_wiring_tone.h
... ../wiring/inc/spark_wiring_eeprom.h
.... ../hal/inc/eeprom_hal.h
... ../wiring/inc/spark_wiring_version.h
... ../wiring/inc/spark_wiring_thread.h
... ../wiring/inc/spark_wiring_logging.h
.... ../services/inc/logging.h
.... ../wiring/inc/spark_wiring_json.h
..... ../services/inc/jsmn.h
.... ../system/inc/system_control.h
... ../wiring/inc/spark_wiring_json.h
... ../wiring/inc/spark_wiring_async.h
... ../wiring/inc/spark_wiring_error.h
... ../wiring/inc/spark_wiring_led.h
.... ../system/inc/system_led_signal.h
..... ../services/inc/led_service.h
...... ../services/inc/rgbled.h
... ../wiring/inc/spark_wiring_diagnostics.h
.... ../wiring/inc/spark_wiring_interrupts.h
.... ../services/inc/diagnostics.h
.... ../services/inc/combine_hash.h
.... ../services/inc/underlying_type.h
.... ../services/inc/debug.h
... ../wiring/inc/fast_pin.h
... ../wiring/inc/string_convert.h
... ../wiring/inc/debug_output_handler.h
.... ../wiring/inc/spark_wiring_usartserial.h
.... ../wiring/inc/spark_wiring_usbserial.h
.... ../wiring/inc/spark_wiring_logging.h
... ../wiring/inc/spark_wiring_arduino.h
.. /home/elco/repos/firmware/platform/spark/modules/mdns/src/Buffer.h
.. /home/elco/repos/firmware/platform/spark/modules/mdns/src/Record.h
... /home/elco/repos/firmware/platform/spark/modules/mdns/src/Buffer.h
Multiple include guards may be useful for:
../services/inc/panic_codes.h
../wiring/inc/spark_wiring_fuel.h
../wiring/inc/spark_wiring_power.h
/home/elco/repos/firmware/platform/spark/modules/mdns/src/Label.h
/home/elco/repos/firmware/platform/spark/modules/mdns/src/Record.h
. /home/elco/repos/firmware/platform/spark/modules/mdns/src/Buffer.h
.. ./inc/application.h
... ../system/inc/system_version.h
... ../wiring/inc/spark_wiring.h
.... ../hal/inc/pinmap_hal.h
.... ../hal/inc/gpio_hal.h
..... ../hal/inc/pinmap_hal.h
.... ../hal/inc/adc_hal.h
.... ../hal/inc/dac_hal.h
.... ../hal/inc/pwm_hal.h
.... ../hal/inc/rng_hal.h
.... ../services/inc/config.h
.... ../services/inc/spark_macros.h
.... ../services/inc/debug.h
..... ../services/inc/service_debug.h
...... ../services/inc/logging.h
....... ../services/inc/panic.h
........ ../services/inc/panic_codes.h
....... ../services/inc/config.h
....... ../services/inc/preprocessor.h
.... ../wiring/inc/spark_wiring_constants.h
.... ../wiring/inc/spark_wiring_stream.h
..... ../wiring/inc/spark_wiring_string.h
...... ../wiring/inc/spark_wiring_print.h
....... ../hal/shared/system_tick_hal.h
....... ../wiring/inc/spark_wiring_string.h
....... ../wiring/inc/spark_wiring_printable.h
.... ../wiring/inc/spark_wiring_ipaddress.h
..... ../hal/inc/inet_hal.h
...... ../services/inc/static_assert.h
.... ../wiring/inc/spark_wiring_cellular_printable.h
..... ../wiring/inc/spark_wiring_platform.h
...... ../platform/shared/inc/platforms.h
..... ../wiring/inc/spark_wiring_signal.h
...... ../hal/inc/net_hal.h
.... ../wiring/inc/spark_wiring_wifi.h
..... ../wiring/inc/spark_wiring_network.h
..... ../hal/inc/wlan_hal.h
...... ../services/inc/debug.h
...... ../hal/inc/inet_hal.h
...... ../hal/inc/socket_hal.h
....... ../services/inc/debug.h
...... ../hal/inc/timer_hal.h
..... ../system/inc/system_network.h
..... ../wiring/inc/spark_wiring_wifi_credentials.h
...... ../wiring/inc/spark_wiring_vector.h
.... ../wiring/inc/spark_wiring_cellular.h
.... ../wiring/inc/spark_wiring_character.h
.... ../wiring/inc/spark_wiring_random.h
.... ../wiring/inc/spark_wiring_system.h
..... ../wiring/inc/spark_wiring_ticks.h
...... ../hal/inc/timer_hal.h
...... ../hal/inc/delay_hal.h
..... ../wiring/inc/spark_wiring_version.h
...... ../communication/src/spark_protocol_functions.h
....... ../communication/src/spark_descriptor.h
........ ../services/inc/appender.h
........ ../communication/src/events.h
....... ../communication/src/dsakeygen.h
....... ../communication/src/eckeygen.h
....... ../communication/src/file_transfer.h
....... ../communication/src/protocol_selector.h
........ ../hal/inc/hal_platform.h
....... ../communication/src/protocol_defs.h
........ ../services/inc/system_error.h
....... ../services/inc/completion_handler.h
........ ../services/inc/system_error.h
........ ../wiring/inc/spark_wiring_vector.h
..... ../system/inc/system_mode.h
..... ../system/inc/system_update.h
..... ../system/inc/system_sleep.h
...... ../hal/inc/interrupts_hal.h
....... ../hal/inc/hal_irq_flag.h
..... ../system/inc/system_cloud.h
...... ../wiring/inc/spark_wiring_string.h
..... ../system/inc/system_event.h
..... ../hal/inc/core_hal.h
...... ../hal/inc/watchdog_hal.h
...... ../hal/inc/core_subsys_hal.h
...... ../hal/inc/interrupts_hal.h
..... ../system/inc/system_user.h
..... ../wiring/inc/spark_wiring_flags.h
.... ../wiring/inc/spark_wiring_cloud.h
..... ../communication/src/events.h
..... ../wiring/inc/spark_wiring_watchdog.h
...... ../wiring/inc/spark_wiring_thread.h
..... ../wiring/inc/spark_wiring_async.h
...... ../wiring/inc/spark_wiring_error.h
...... ../system/inc/system_task.h
....... ../hal/inc/socket_hal.h
..... ../wiring/inc/spark_wiring_global.h
.... ../wiring/inc/spark_wiring_rgb.h
..... ../services/inc/rgbled.h
... ../wiring/inc/spark_wiring_interrupts.h
... ../wiring/inc/spark_wiring_power.h
.... ../wiring/inc/spark_wiring.h
.... ../wiring/inc/spark_wiring_i2c.h
..... ../hal/inc/i2c_hal.h
... ../wiring/inc/spark_wiring_fuel.h
... ../wiring/inc/spark_wiring_print.h
... ../wiring/inc/spark_wiring_usartserial.h
.... ../hal/inc/usart_hal.h
... ../wiring/inc/spark_wiring_can.h
.... ../hal/inc/can_hal.h
... ../wiring/inc/spark_wiring_usbserial.h
.... ../hal/inc/usb_hal.h
..... ../hal/inc/usb_config_hal.h
.... ../wiring/inc/spark_wiring_startup.h
... ../wiring/inc/spark_wiring_usbmouse.h
.... ../hal/inc/usb_config_hal.h
... ../wiring/inc/spark_wiring_usbkeyboard.h
... ../wiring/inc/spark_wiring_spi.h
.... ../hal/inc/spi_hal.h
... ../wiring/inc/spark_wiring_i2c.h
... ../wiring/inc/spark_wiring_servo.h
... ../wiring/inc/spark_wiring_wifi.h
... ../wiring/inc/spark_wiring_network.h
... ../wiring/inc/spark_wiring_client.h
... ../wiring/inc/spark_wiring_timer.h
... ../wiring/inc/spark_wiring_tcpclient.h
.... ../wiring/inc/spark_wiring_client.h
... ../wiring/inc/spark_wiring_tcpserver.h
... ../wiring/inc/spark_wiring_udp.h
... ../wiring/inc/spark_wiring_time.h
... ../wiring/inc/spark_wiring_tone.h
... ../wiring/inc/spark_wiring_eeprom.h
.... ../hal/inc/eeprom_hal.h
... ../wiring/inc/spark_wiring_version.h
... ../wiring/inc/spark_wiring_thread.h
... ../wiring/inc/spark_wiring_logging.h
.... ../services/inc/logging.h
.... ../wiring/inc/spark_wiring_json.h
..... ../services/inc/jsmn.h
.... ../system/inc/system_control.h
... ../wiring/inc/spark_wiring_json.h
... ../wiring/inc/spark_wiring_async.h
... ../wiring/inc/spark_wiring_error.h
... ../wiring/inc/spark_wiring_led.h
.... ../system/inc/system_led_signal.h
..... ../services/inc/led_service.h
...... ../services/inc/rgbled.h
... ../wiring/inc/spark_wiring_diagnostics.h
.... ../wiring/inc/spark_wiring_interrupts.h
.... ../services/inc/diagnostics.h
.... ../services/inc/combine_hash.h
.... ../services/inc/underlying_type.h
.... ../services/inc/debug.h
... ../wiring/inc/fast_pin.h
... ../wiring/inc/string_convert.h
... ../wiring/inc/debug_output_handler.h
.... ../wiring/inc/spark_wiring_usartserial.h
.... ../wiring/inc/spark_wiring_usbserial.h
.... ../wiring/inc/spark_wiring_logging.h
... ../wiring/inc/spark_wiring_arduino.h
Multiple include guards may be useful for:
../services/inc/panic_codes.h
../wiring/inc/spark_wiring_fuel.h
../wiring/inc/spark_wiring_power.h
/home/elco/repos/firmware/platform/spark/modules/mdns/src/Buffer.h
src/spark_wiring_time.cpp: In static member function ‘static String TimeClass::timeFormatImpl(tm*, const char*, int)’:
src/spark_wiring_time.cpp:340:8: warning: ‘__builtin___snprintf_chk’ output may be truncated before the last format character [-Wformat-truncation=]
 String TimeClass::timeFormatImpl(tm* calendar_time, const char* format, int time_zone)
        ^~~~~~~~~
                 from ./inc/spark_wiring_string.h:238,
                 from ./inc/spark_wiring_time.h:29,
                 from src/spark_wiring_time.cpp:26:
        __bos (__s), __fmt, __va_arg_pack ());
                                            ^
src/spark_wiring_stream.cpp: In member function ‘bool Stream::find(char*)’:
src/spark_wiring_stream.cpp:98:19: warning: argument 1 null where non-null expected [-Wnonnull]
   return findUntil(target, strlen(target), terminator, strlen(terminator));
          ~~~~~~~~~^~~~~~~~~~~~~~~~~~~~~~~~~~~~~~~~~~~~~~~~~~~~~~~~~~~~~~~~
In file included from ./inc/spark_wiring_print.h:31:0,
                 from ./inc/spark_wiring_string.h:34,
                 from ./inc/spark_wiring_stream.h:30,
                 from src/spark_wiring_stream.cpp:27:
 extern size_t strlen (const char *__s)
               ^~~~~~
src/gcc/socket_hal.cpp: In function ‘sock_result_t socket_sendto(sock_handle_t, const void*, socklen_t, uint32_t, sockaddr_t*, socklen_t)’:
src/gcc/socket_hal.cpp:368:5: warning: this ‘if’ clause does not guard... [-Wmisleading-indentation]
     if (result == boost::asio::error::would_block)
     ^~
src/gcc/socket_hal.cpp:371:2: note: ...this statement, but the latter is misleadingly indented as if it were guarded by the ‘if’
  return result ? result : count;
  ^~~~~~
In file included from /home/elco/source/boost_1_65_0/boost/detail/workaround.hpp:8:0,
                 from /home/elco/source/boost_1_65_0/boost/static_assert.hpp:18,
                 from /home/elco/source/boost_1_65_0/boost/type_index/stl_type_index.hpp:32,
                 from /home/elco/source/boost_1_65_0/boost/type_index.hpp:29,
                 from /home/elco/source/boost_1_65_0/boost/any.hpp:20,
                 from /home/elco/source/boost_1_65_0/boost/program_options/value_semantic.hpp:12,
                 from /home/elco/source/boost_1_65_0/boost/program_options/options_description.hpp:13,
                 from /home/elco/source/boost_1_65_0/boost/program_options.hpp:15,
                 from src/gcc/boost_program_options_wrap.h:2,
                 from src/gcc/device_config.cpp:27:
/home/elco/source/boost_1_65_0/boost/type_traits/is_nothrow_move_assignable.hpp:36:96: warning: "BOOST_GCC_VERSION_WORKAROUND_GUARD" is not defined, evaluates to 0 [-Wundef]
 #elif !defined(BOOST_NO_CXX11_NOEXCEPT) && !defined(BOOST_NO_SFINAE_EXPR) && !BOOST_WORKAROUND(BOOST_GCC_VERSION, < 40700)
                                                                                                ^
/home/elco/source/boost_1_65_0/boost/type_traits/is_nothrow_move_constructible.hpp:30:96: warning: "BOOST_GCC_VERSION_WORKAROUND_GUARD" is not defined, evaluates to 0 [-Wundef]
 #elif !defined(BOOST_NO_CXX11_NOEXCEPT) && !defined(BOOST_NO_SFINAE_EXPR) && !BOOST_WORKAROUND(BOOST_GCC_VERSION, < 40800)
                                                                                                ^
/home/elco/source/boost_1_65_0/boost/optional/detail/optional_config.hpp:99:148: warning: "BOOST_GCC_VERSION_WORKAROUND_GUARD" is not defined, evaluates to 0 [-Wundef]
 #if !defined(BOOST_NO_CXX11_VARIADIC_TEMPLATES) && !defined(BOOST_NO_CXX11_DECLTYPE) && !BOOST_WORKAROUND(BOOST_MSVC, < 1800) && !BOOST_WORKAROUND(BOOST_GCC_VERSION, < 40500) && !defined(__SUNPRO_CC)
                                                                                                                                                    ^
